
> server@0.0.1 build
> nest build

node.exe : [96msrc/application/services/PerpKeeperScheduler.ts[0m:[93m877[0m:[93m20[0m - [91merror[0m[90m 
TS2339: [0mProperty 'checkBalances' does not exist on type 'PerpKeeperScheduler'.
At line:1 char:1
+ & "C:\Program Files\nodejs/node.exe" "C:\Program Files\nodejs/node_mo ...
+ ~~~~~~~~~~~~~~~~~~~~~~~~~~~~~~~~~~~~~~~~~~~~~~~~~~~~~~~~~~~~~~~~~~~~~
    + CategoryInfo          : NotSpecified: ([96msrc/applic...eperScheduler'.:String) [], RemoteException
    + FullyQualifiedErrorId : NativeCommandError
 

[7m877[0m         await this.checkBalances();
[7m   [0m [91m                   ~~~~~~~~~~~~~[0m
[96msrc/application/services/PerpKeeperScheduler.ts[0m:[93m1010[0m:[93m34[0m - [91merror[0m[90m TS2551: 
[0mProperty 'isInProfitTakeCooldown' does not exist on type 'PerpKeeperScheduler'. Did you mean 'profitTakeCooldowns'?

[7m1010[0m       const cooldownCheck = this.isInProfitTakeCooldown(
[7m    [0m [91m                                 ~~~~~~~~~~~~~~~~~~~~~~[0m

  [96msrc/application/services/PerpKeeperScheduler.ts[0m:[93m103[0m:[93m20[0m
    [7m103[0m   private readonly profitTakeCooldowns: Map<
    [7m   [0m [96m                   ~~~~~~~~~~~~~~~~~~~[0m
    'profitTakeCooldowns' is declared here.
[96msrc/application/services/PerpKeeperScheduler.ts[0m:[93m1180[0m:[93m22[0m - [91merror[0m[90m TS2339: 
[0mProperty 'closePositionWithRetry' does not exist on type 'PerpKeeperScheduler'.

[7m1180[0m           await this.closePositionWithRetry(position);
[7m    [0m [91m                     ~~~~~~~~~~~~~~~~~~~~~~[0m
[96msrc/application/services/PerpKeeperScheduler.ts[0m:[93m1210[0m:[93m39[0m - [91merror[0m[90m TS2339: 
[0mProperty 'tryOpenMissingSide' does not exist on type 'PerpKeeperScheduler'.

[7m1210[0m       const retrySuccess = await this.tryOpenMissingSide(position);
[7m    [0m [91m                                      ~~~~~~~~~~~~~~~~~~[0m
[96msrc/application/services/PerpKeeperScheduler.ts[0m:[93m1216[0m:[93m20[0m - [91merror[0m[90m TS2551: 
[0mProperty 'closeSingleLegPosition' does not exist on type 'PerpKeeperScheduler'. Did you mean 
'handleSingleLegPositions'?

[7m1216[0m         await this.closeSingleLegPosition(position);
[7m    [0m [91m                   ~~~~~~~~~~~~~~~~~~~~~~[0m

  [96msrc/application/services/PerpKeeperScheduler.ts[0m:[93m1195[0m:[93m17[0m
    [7m1195[0m   private async handleSingleLegPositions(
    [7m    [0m [96m                ~~~~~~~~~~~~~~~~~~~~~~~~[0m
    'handleSingleLegPositions' is declared here.
[96msrc/application/services/PerpKeeperScheduler.ts[0m:[93m1250[0m:[93m18[0m - [91merror[0m[90m TS2339: 
[0mProperty 'triggerNewOpportunitySearch' does not exist on type 'PerpKeeperScheduler'.

[7m1250[0m       await this.triggerNewOpportunitySearch();
[7m    [0m [91m                 ~~~~~~~~~~~~~~~~~~~~~~~~~~~[0m
[96msrc/application/services/PerpKeeperScheduler.ts[0m:[93m1260[0m:[93m18[0m - [91merror[0m[90m TS2551: 
[0mProperty 'closeSingleLegPosition' does not exist on type 'PerpKeeperScheduler'. Did you mean 
'handleSingleLegPositions'?

[7m1260[0m       await this.closeSingleLegPosition(position);
[7m    [0m [91m                 ~~~~~~~~~~~~~~~~~~~~~~[0m

  [96msrc/application/services/PerpKeeperScheduler.ts[0m:[93m1195[0m:[93m17[0m
    [7m1195[0m   private async handleSingleLegPositions(
    [7m    [0m [96m                ~~~~~~~~~~~~~~~~~~~~~~~~[0m
    'handleSingleLegPositions' is declared here.
[96msrc/application/services/PerpKeeperScheduler.ts[0m:[93m1276[0m:[93m18[0m - [91merror[0m[90m TS2339: 
[0mProperty 'triggerNewOpportunitySearch' does not exist on type 'PerpKeeperScheduler'.

[7m1276[0m       await this.triggerNewOpportunitySearch();
[7m    [0m [91m                 ~~~~~~~~~~~~~~~~~~~~~~~~~~~[0m
[96msrc/application/services/PerpKeeperScheduler.ts[0m:[93m1593[0m:[93m43[0m - [91merror[0m[90m TS2339: 
[0mProperty 'tryOpenMissingSide' does not exist on type 'PerpKeeperScheduler'.

[7m1593[0m           const retrySuccess = await this.tryOpenMissingSide(position);
[7m    [0m [91m                                          ~~~~~~~~~~~~~~~~~~[0m
[96msrc/application/services/PerpKeeperScheduler.ts[0m:[93m1608[0m:[93m24[0m - [91merror[0m[90m TS2551: 
[0mProperty 'closeSingleLegPosition' does not exist on type 'PerpKeeperScheduler'. Did you mean 
'handleSingleLegPositions'?

[7m1608[0m             await this.closeSingleLegPosition(position);
[7m    [0m [91m                       ~~~~~~~~~~~~~~~~~~~~~~[0m

  [96msrc/application/services/PerpKeeperScheduler.ts[0m:[93m1195[0m:[93m17[0m
    [7m1195[0m   private async handleSingleLegPositions(
    [7m    [0m [96m                ~~~~~~~~~~~~~~~~~~~~~~~~[0m
    'handleSingleLegPositions' is declared here.
[96msrc/application/services/PerpKeeperScheduler.ts[0m:[93m1638[0m:[93m24[0m - [91merror[0m[90m TS2339: 
[0mProperty 'triggerNewOpportunitySearch' does not exist on type 'PerpKeeperScheduler'.

[7m1638[0m             await this.triggerNewOpportunitySearch();
[7m    [0m [91m                       ~~~~~~~~~~~~~~~~~~~~~~~~~~~[0m
[96msrc/application/services/PerpKeeperScheduler.ts[0m:[93m1647[0m:[93m5[0m - [91merror[0m[90m TS1472: 
[0m'catch' or 'finally' expected.

[7m1647[0m     } catch (error: any) {
[7m    [0m [91m    ~[0m
[96msrc/application/services/PerpKeeperScheduler.ts[0m:[93m1652[0m:[93m7[0m - [91merror[0m[90m TS1068: 
[0mUnexpected token. A constructor, method, accessor, or property was expected.

[7m1652[0m     } finally {
[7m    [0m [91m      ~~~~~~~[0m
[96msrc/application/services/PerpKeeperScheduler.ts[0m:[93m1654[0m:[93m11[0m - [91merror[0m[90m TS2532: 
[0mObject is possibly 'undefined'.

[7m1654[0m       if (this.executionLockService) {
[7m    [0m [91m          ~~~~[0m
[96msrc/application/services/PerpKeeperScheduler.ts[0m:[93m1655[0m:[93m9[0m - [91merror[0m[90m TS2532: 
[0mObject is possibly 'undefined'.

[7m1655[0m         this.executionLockService.releaseGlobalLock(threadId);
[7m    [0m [91m        ~~~~[0m
[96msrc/application/services/PerpKeeperScheduler.ts[0m:[93m1655[0m:[93m53[0m - [91merror[0m[90m TS2448: 
[0mBlock-scoped variable 'threadId' used before its declaration.

[7m1655[0m         this.executionLockService.releaseGlobalLock(threadId);
[7m    [0m [91m                                                    ~~~~~~~~[0m

  [96msrc/application/services/PerpKeeperScheduler.ts[0m:[93m1870[0m:[93m11[0m
    [7m1870[0m     const threadId =
    [7m    [0m [96m          ~~~~~~~~[0m
    'threadId' is declared here.
[96msrc/application/services/PerpKeeperScheduler.ts[0m:[93m1658[0m:[93m3[0m - [91merror[0m[90m TS1128: 
[0mDeclaration or statement expected.

[7m1658[0m   }
[7m    [0m [91m  ~[0m
[96msrc/application/services/PerpKeeperScheduler.ts[0m:[93m1663[0m:[93m3[0m - [91merror[0m[90m TS1128: 
[0mDeclaration or statement expected.

[7m1663[0m   private async triggerNewOpportunitySearch(): Promise<void> {
[7m    [0m [91m  ~~~~~~~[0m
[96msrc/application/services/PerpKeeperScheduler.ts[0m:[93m1663[0m:[93m11[0m - [91merror[0m[90m TS1434: 
[0mUnexpected keyword or identifier.

[7m1663[0m   private async triggerNewOpportunitySearch(): Promise<void> {
[7m    [0m [91m          ~~~~~[0m
[96msrc/application/services/PerpKeeperScheduler.ts[0m:[93m1663[0m:[93m11[0m - [91merror[0m[90m TS2304: 
[0mCannot find name 'async'.

[7m1663[0m   private async triggerNewOpportunitySearch(): Promise<void> {
[7m    [0m [91m          ~~~~~[0m
[96msrc/application/services/PerpKeeperScheduler.ts[0m:[93m1663[0m:[93m17[0m - [91merror[0m[90m TS2304: 
[0mCannot find name 'triggerNewOpportunitySearch'.

[7m1663[0m   private async triggerNewOpportunitySearch(): Promise<void> {
[7m    [0m [91m                ~~~~~~~~~~~~~~~~~~~~~~~~~~~[0m
[96msrc/application/services/PerpKeeperScheduler.ts[0m:[93m1663[0m:[93m46[0m - [91merror[0m[90m TS1005: 
[0m';' expected.

[7m1663[0m   private async triggerNewOpportunitySearch(): Promise<void> {
[7m    [0m [91m                                             ~[0m
[96msrc/application/services/PerpKeeperScheduler.ts[0m:[93m1663[0m:[93m48[0m - [91merror[0m[90m TS2365: 
[0mOperator '>' cannot be applied to types 'boolean' and '{ try: { const: any; if(symbols: any): any; "": boolean; }; 
}'.

[7m1663[0m   private async triggerNewOpportunitySearch(): Promise<void> {
[7m    [0m [91m                                               ~~~~~~~~~~~~~~~[0m
[7m1664[0m     try {
[7m    [0m [91m~~~~~~~~~[0m
[7m ...[0m 
[7m1666[0m       const symbols = await this.discoverAssetsIfNeeded();
[7m    [0m [91m~~~~~~~~~~~~~~~~~~~~~~~~~~~~~~~~~~~~~~~~~~~~~~~~~~~~~~~~~~[0m
[7m1667[0m       if (symbols.length === 0) {
[7m    [0m [91m~~~~~~~~~~~~~~~~~~~~~~~~~~~~~~~[0m
[96msrc/application/services/PerpKeeperScheduler.ts[0m:[93m1663[0m:[93m56[0m - [91merror[0m[90m TS2532: 
[0mObject is possibly 'undefined'.

[7m1663[0m   private async triggerNewOpportunitySearch(): Promise<void> {
[7m    [0m [91m                                                       ~~~~[0m
[96msrc/application/services/PerpKeeperScheduler.ts[0m:[93m1663[0m:[93m60[0m - [91merror[0m[90m TS1109: 
[0mExpression expected.

[7m1663[0m   private async triggerNewOpportunitySearch(): Promise<void> {
[7m    [0m [91m                                                           ~[0m
[96msrc/application/services/PerpKeeperScheduler.ts[0m:[93m1664[0m:[93m9[0m - [91merror[0m[90m TS1005: 
[0m':' expected.

[7m1664[0m     try {
[7m    [0m [91m        ~[0m
[96msrc/application/services/PerpKeeperScheduler.ts[0m:[93m1666[0m:[93m13[0m - [91merror[0m[90m TS1005: 
[0m':' expected.

[7m1666[0m       const symbols = await this.discoverAssetsIfNeeded();
[7m    [0m [91m            ~~~~~~~[0m
[96msrc/application/services/PerpKeeperScheduler.ts[0m:[93m1666[0m:[93m13[0m - [91merror[0m[90m TS2552: 
[0mCannot find name 'symbols'. Did you mean 'Symbol'?

[7m1666[0m       const symbols = await this.discoverAssetsIfNeeded();
[7m    [0m [91m            ~~~~~~~[0m

  [96mnode_modules/typescript/lib/lib.es2015.symbol.d.ts[0m:[93m46[0m:[93m13[0m
    [7m46[0m declare var Symbol: SymbolConstructor;
    [7m  [0m [96m            ~~~~~~[0m
    'Symbol' is declared here.
[96msrc/application/services/PerpKeeperScheduler.ts[0m:[93m1666[0m:[93m29[0m - [91merror[0m[90m TS2532: 
[0mObject is possibly 'undefined'.

[7m1666[0m       const symbols = await this.discoverAssetsIfNeeded();
[7m    [0m [91m                            ~~~~[0m
[96msrc/application/services/PerpKeeperScheduler.ts[0m:[93m1666[0m:[93m58[0m - [91merror[0m[90m TS1005: 
[0m',' expected.

[7m1666[0m       const symbols = await this.discoverAssetsIfNeeded();
[7m    [0m [91m                                                         ~[0m
[96msrc/application/services/PerpKeeperScheduler.ts[0m:[93m1667[0m:[93m18[0m - [91merror[0m[90m TS1005: 
[0m',' expected.

[7m1667[0m       if (symbols.length === 0) {
[7m    [0m [91m                 ~[0m
[96msrc/application/services/PerpKeeperScheduler.ts[0m:[93m1667[0m:[93m31[0m - [91merror[0m[90m TS1005: 
[0m',' expected.

[7m1667[0m       if (symbols.length === 0) {
[7m    [0m [91m                              ~[0m
[96msrc/application/services/PerpKeeperScheduler.ts[0m:[93m1667[0m:[93m33[0m - [91merror[0m[90m TS1136: 
[0mProperty assignment expected.

[7m1667[0m       if (symbols.length === 0) {
[7m    [0m [91m                                ~[0m
[96msrc/application/services/PerpKeeperScheduler.ts[0m:[93m1668[0m:[93m9[0m - [91merror[0m[90m TS2532: 
[0mObject is possibly 'undefined'.

[7m1668[0m         this.logger.debug('No symbols available for new opportunity search');
[7m    [0m [91m        ~~~~[0m
[96msrc/application/services/PerpKeeperScheduler.ts[0m:[93m1674[0m:[93m31[0m - [91merror[0m[90m TS2552: 
[0mCannot find name 'symbols'. Did you mean 'Symbol'?

[7m1674[0m       const filteredSymbols = symbols.filter((s) => !this.isBlacklisted(s));
[7m    [0m [91m                              ~~~~~~~[0m

  [96mnode_modules/typescript/lib/lib.es2015.symbol.d.ts[0m:[93m46[0m:[93m13[0m
    [7m46[0m declare var Symbol: SymbolConstructor;
    [7m  [0m [96m            ~~~~~~[0m
    'Symbol' is declared here.
[96msrc/application/services/PerpKeeperScheduler.ts[0m:[93m1674[0m:[93m54[0m - [91merror[0m[90m TS2532: 
[0mObject is possibly 'undefined'.

[7m1674[0m       const filteredSymbols = symbols.filter((s) => !this.isBlacklisted(s));
[7m    [0m [91m                                                     ~~~~[0m
[96msrc/application/services/PerpKeeperScheduler.ts[0m:[93m1676[0m:[93m9[0m - [91merror[0m[90m TS2532: 
[0mObject is possibly 'undefined'.

[7m1676[0m         this.logger.debug('No non-blacklisted symbols available');
[7m    [0m [91m        ~~~~[0m
[96msrc/application/services/PerpKeeperScheduler.ts[0m:[93m1680[0m:[93m7[0m - [91merror[0m[90m TS2532: 
[0mObject is possibly 'undefined'.

[7m1680[0m       this.logger.log(
[7m    [0m [91m      ~~~~[0m
[96msrc/application/services/PerpKeeperScheduler.ts[0m:[93m1684[0m:[93m28[0m - [91merror[0m[90m TS2532: 
[0mObject is possibly 'undefined'.

[7m1684[0m       const result = await this.orchestrator.executeArbitrageStrategy(
[7m    [0m [91m                           ~~~~[0m
[96msrc/application/services/PerpKeeperScheduler.ts[0m:[93m1686[0m:[93m9[0m - [91merror[0m[90m TS2532: 
[0mObject is possibly 'undefined'.

[7m1686[0m         this.minSpread,
[7m    [0m [91m        ~~~~[0m
[96msrc/application/services/PerpKeeperScheduler.ts[0m:[93m1687[0m:[93m9[0m - [91merror[0m[90m TS2532: 
[0mObject is possibly 'undefined'.

[7m1687[0m         this.maxPositionSizeUsd,
[7m    [0m [91m        ~~~~[0m
[96msrc/application/services/PerpKeeperScheduler.ts[0m:[93m1691[0m:[93m9[0m - [91merror[0m[90m TS2532: 
[0mObject is possibly 'undefined'.

[7m1691[0m         this.logger.log(
[7m    [0m [91m        ~~~~[0m
[96msrc/application/services/PerpKeeperScheduler.ts[0m:[93m1695[0m:[93m9[0m - [91merror[0m[90m TS2532: 
[0mObject is possibly 'undefined'.

[7m1695[0m         this.logger.debug(
[7m    [0m [91m        ~~~~[0m
[96msrc/application/services/PerpKeeperScheduler.ts[0m:[93m1699[0m:[93m5[0m - [91merror[0m[90m TS1128: 
[0mDeclaration or statement expected.

[7m1699[0m     } catch (error: any) {
[7m    [0m [91m    ~[0m
[96msrc/application/services/PerpKeeperScheduler.ts[0m:[93m1699[0m:[93m7[0m - [91merror[0m[90m TS1005: 
[0m'try' expected.

[7m1699[0m     } catch (error: any) {
[7m    [0m [91m      ~~~~~[0m
[96msrc/application/services/PerpKeeperScheduler.ts[0m:[93m1700[0m:[93m7[0m - [91merror[0m[90m TS2532: 
[0mObject is possibly 'undefined'.

[7m1700[0m       this.logger.warn(
[7m    [0m [91m      ~~~~[0m
[96msrc/application/services/PerpKeeperScheduler.ts[0m:[93m1704[0m:[93m3[0m - [91merror[0m[90m TS1128: 
[0mDeclaration or statement expected.

[7m1704[0m   }
[7m    [0m [91m  ~[0m
[96msrc/application/services/PerpKeeperScheduler.ts[0m:[93m1709[0m:[93m3[0m - [91merror[0m[90m TS1434: 
[0mUnexpected keyword or identifier.

[7m1709[0m   async executeManually(): Promise<void> {
[7m    [0m [91m  ~~~~~[0m
[96msrc/application/services/PerpKeeperScheduler.ts[0m:[93m1709[0m:[93m3[0m - [91merror[0m[90m TS2304: 
[0mCannot find name 'async'.

[7m1709[0m   async executeManually(): Promise<void> {
[7m    [0m [91m  ~~~~~[0m
[96msrc/application/services/PerpKeeperScheduler.ts[0m:[93m1709[0m:[93m9[0m - [91merror[0m[90m TS2304: 
[0mCannot find name 'executeManually'.

[7m1709[0m   async executeManually(): Promise<void> {
[7m    [0m [91m        ~~~~~~~~~~~~~~~[0m
[96msrc/application/services/PerpKeeperScheduler.ts[0m:[93m1709[0m:[93m26[0m - [91merror[0m[90m TS1005: 
[0m';' expected.

[7m1709[0m   async executeManually(): Promise<void> {
[7m    [0m [91m                         ~[0m
[96msrc/application/services/PerpKeeperScheduler.ts[0m:[93m1709[0m:[93m28[0m - [91merror[0m[90m TS2365: 
[0mOperator '>' cannot be applied to types 'boolean' and '{ await: any; this: any; }'.

[7m1709[0m   async executeManually(): Promise<void> {
[7m    [0m [91m                           ~~~~~~~~~~~~~~~[0m
[7m1710[0m     await this.executeHourly();
[7m    [0m [91m~~~~~~~~~~~~~~~~~~~~~~~~~~~~~~~[0m
[7m1711[0m   }
[7m    [0m [91m~~~[0m
[96msrc/application/services/PerpKeeperScheduler.ts[0m:[93m1709[0m:[93m36[0m - [91merror[0m[90m TS2532: 
[0mObject is possibly 'undefined'.

[7m1709[0m   async executeManually(): Promise<void> {
[7m    [0m [91m                                   ~~~~[0m
[96msrc/application/services/PerpKeeperScheduler.ts[0m:[93m1709[0m:[93m40[0m - [91merror[0m[90m TS1109: 
[0mExpression expected.

[7m1709[0m   async executeManually(): Promise<void> {
[7m    [0m [91m                                       ~[0m
[96msrc/application/services/PerpKeeperScheduler.ts[0m:[93m1710[0m:[93m5[0m - [91merror[0m[90m TS18004: 
[0mNo value exists in scope for the shorthand property 'await'. Either declare one or provide an initializer.

[7m1710[0m     await this.executeHourly();
[7m    [0m [91m    ~~~~~[0m
[96msrc/application/services/PerpKeeperScheduler.ts[0m:[93m1710[0m:[93m11[0m - [91merror[0m[90m TS1005: 
[0m',' expected.

[7m1710[0m     await this.executeHourly();
[7m    [0m [91m          ~~~~[0m
[96msrc/application/services/PerpKeeperScheduler.ts[0m:[93m1710[0m:[93m15[0m - [91merror[0m[90m TS1005: 
[0m':' expected.

[7m1710[0m     await this.executeHourly();
[7m    [0m [91m              ~[0m
[96msrc/application/services/PerpKeeperScheduler.ts[0m:[93m1710[0m:[93m31[0m - [91merror[0m[90m TS1005: 
[0m',' expected.

[7m1710[0m     await this.executeHourly();
[7m    [0m [91m                              ~[0m
[96msrc/application/services/PerpKeeperScheduler.ts[0m:[93m1717[0m:[93m3[0m - [91merror[0m[90m TS1128: 
[0mDeclaration or statement expected.

[7m1717[0m   private async checkBalances(): Promise<void> {
[7m    [0m [91m  ~~~~~~~[0m
[96msrc/application/services/PerpKeeperScheduler.ts[0m:[93m1717[0m:[93m11[0m - [91merror[0m[90m TS1434: 
[0mUnexpected keyword or identifier.

[7m1717[0m   private async checkBalances(): Promise<void> {
[7m    [0m [91m          ~~~~~[0m
[96msrc/application/services/PerpKeeperScheduler.ts[0m:[93m1717[0m:[93m11[0m - [91merror[0m[90m TS2304: 
[0mCannot find name 'async'.

[7m1717[0m   private async checkBalances(): Promise<void> {
[7m    [0m [91m          ~~~~~[0m
[96msrc/application/services/PerpKeeperScheduler.ts[0m:[93m1717[0m:[93m17[0m - [91merror[0m[90m TS2304: 
[0mCannot find name 'checkBalances'.

[7m1717[0m   private async checkBalances(): Promise<void> {
[7m    [0m [91m                ~~~~~~~~~~~~~[0m
[96msrc/application/services/PerpKeeperScheduler.ts[0m:[93m1717[0m:[93m32[0m - [91merror[0m[90m TS1005: 
[0m';' expected.

[7m1717[0m   private async checkBalances(): Promise<void> {
[7m    [0m [91m                               ~[0m
[96msrc/application/services/PerpKeeperScheduler.ts[0m:[93m1717[0m:[93m34[0m - [91merror[0m[90m TS2365: 
[0mOperator '>' cannot be applied to types 'boolean' and '{ const: unknown[]; if(exchanges: any): any; "": boolean; 
}'.

[7m1717[0m   private async checkBalances(): Promise<void> {
[7m    [0m [91m                                 ~~~~~~~~~~~~~~~[0m
[7m1718[0m     const minBalanceForTrading = 10; // Minimum $10 needed per exchange to cover fees
[7m    [0m [91m~~~~~~~~~~~~~~~~~~~~~~~~~~~~~~~~~~~~~~~~~~~~~~~~~~~~~~~~~~~~~~~~~~~~~~~~~~~~~~~~~~~~~[0m
[7m ...[0m 
[7m1722[0m 
[7m    [0m [91m[0m
[7m1723[0m     if (exchanges.length === 0) {
[7m    [0m [91m~~~~~~~~~~~~~~~~~~~~~~~~~~~~~~~[0m
[96msrc/application/services/PerpKeeperScheduler.ts[0m:[93m1717[0m:[93m42[0m - [91merror[0m[90m TS2532: 
[0mObject is possibly 'undefined'.

[7m1717[0m   private async checkBalances(): Promise<void> {
[7m    [0m [91m                                         ~~~~[0m
[96msrc/application/services/PerpKeeperScheduler.ts[0m:[93m1717[0m:[93m46[0m - [91merror[0m[90m TS1109: 
[0mExpression expected.

[7m1717[0m   private async checkBalances(): Promise<void> {
[7m    [0m [91m                                             ~[0m
[96msrc/application/services/PerpKeeperScheduler.ts[0m:[93m1718[0m:[93m11[0m - [91merror[0m[90m TS1005: 
[0m':' expected.

[7m1718[0m     const minBalanceForTrading = 10; // Minimum $10 needed per exchange to cover fees
[7m    [0m [91m          ~~~~~~~~~~~~~~~~~~~~[0m
[96msrc/application/services/PerpKeeperScheduler.ts[0m:[93m1718[0m:[93m11[0m - [91merror[0m[90m TS2304: 
[0mCannot find name 'minBalanceForTrading'.

[7m1718[0m     const minBalanceForTrading = 10; // Minimum $10 needed per exchange to cover fees
[7m    [0m [91m          ~~~~~~~~~~~~~~~~~~~~[0m
[96msrc/application/services/PerpKeeperScheduler.ts[0m:[93m1718[0m:[93m36[0m - [91merror[0m[90m TS1005: 
[0m',' expected.

[7m1718[0m     const minBalanceForTrading = 10; // Minimum $10 needed per exchange to cover fees
[7m    [0m [91m                                   ~[0m
[96msrc/application/services/PerpKeeperScheduler.ts[0m:[93m1720[0m:[93m11[0m - [91merror[0m[90m TS1005: 
[0m':' expected.

[7m1720[0m     const adapters = this.keeperService.getExchangeAdapters();
[7m    [0m [91m          ~~~~~~~~[0m
[96msrc/application/services/PerpKeeperScheduler.ts[0m:[93m1720[0m:[93m11[0m - [91merror[0m[90m TS2448: 
[0mBlock-scoped variable 'adapters' used before its declaration.

[7m1720[0m     const adapters = this.keeperService.getExchangeAdapters();
[7m    [0m [91m          ~~~~~~~~[0m

  [96msrc/application/services/PerpKeeperScheduler.ts[0m:[93m2114[0m:[93m11[0m
    [7m2114[0m     const adapters = this.keeperService.getExchangeAdapters();
    [7m    [0m [96m          ~~~~~~~~[0m
    'adapters' is declared here.
[96msrc/application/services/PerpKeeperScheduler.ts[0m:[93m1720[0m:[93m11[0m - [91merror[0m[90m TS2588: 
[0mCannot assign to 'adapters' because it is a constant.

[7m1720[0m     const adapters = this.keeperService.getExchangeAdapters();
[7m    [0m [91m          ~~~~~~~~[0m
[96msrc/application/services/PerpKeeperScheduler.ts[0m:[93m1720[0m:[93m22[0m - [91merror[0m[90m TS2532: 
[0mObject is possibly 'undefined'.

[7m1720[0m     const adapters = this.keeperService.getExchangeAdapters();
[7m    [0m [91m                     ~~~~[0m
[96msrc/application/services/PerpKeeperScheduler.ts[0m:[93m1720[0m:[93m62[0m - [91merror[0m[90m TS1005: 
[0m',' expected.

[7m1720[0m     const adapters = this.keeperService.getExchangeAdapters();
[7m    [0m [91m                                                             ~[0m
[96msrc/application/services/PerpKeeperScheduler.ts[0m:[93m1721[0m:[93m11[0m - [91merror[0m[90m TS1005: 
[0m':' expected.

[7m1721[0m     const exchanges = Array.from(adapters.keys());
[7m    [0m [91m          ~~~~~~~~~[0m
[96msrc/application/services/PerpKeeperScheduler.ts[0m:[93m1721[0m:[93m11[0m - [91merror[0m[90m TS2304: 
[0mCannot find name 'exchanges'.

[7m1721[0m     const exchanges = Array.from(adapters.keys());
[7m    [0m [91m          ~~~~~~~~~[0m
[96msrc/application/services/PerpKeeperScheduler.ts[0m:[93m1721[0m:[93m34[0m - [91merror[0m[90m TS2448: 
[0mBlock-scoped variable 'adapters' used before its declaration.

[7m1721[0m     const exchanges = Array.from(adapters.keys());
[7m    [0m [91m                                 ~~~~~~~~[0m

  [96msrc/application/services/PerpKeeperScheduler.ts[0m:[93m2114[0m:[93m11[0m
    [7m2114[0m     const adapters = this.keeperService.getExchangeAdapters();
    [7m    [0m [96m          ~~~~~~~~[0m
    'adapters' is declared here.
[96msrc/application/services/PerpKeeperScheduler.ts[0m:[93m1721[0m:[93m50[0m - [91merror[0m[90m TS1005: 
[0m',' expected.

[7m1721[0m     const exchanges = Array.from(adapters.keys());
[7m    [0m [91m                                                 ~[0m
[96msrc/application/services/PerpKeeperScheduler.ts[0m:[93m1723[0m:[93m18[0m - [91merror[0m[90m TS1005: 
[0m',' expected.

[7m1723[0m     if (exchanges.length === 0) {
[7m    [0m [91m                 ~[0m
[96msrc/application/services/PerpKeeperScheduler.ts[0m:[93m1723[0m:[93m31[0m - [91merror[0m[90m TS1005: 
[0m',' expected.

[7m1723[0m     if (exchanges.length === 0) {
[7m    [0m [91m                              ~[0m
[96msrc/application/services/PerpKeeperScheduler.ts[0m:[93m1723[0m:[93m33[0m - [91merror[0m[90m TS1136: 
[0mProperty assignment expected.

[7m1723[0m     if (exchanges.length === 0) {
[7m    [0m [91m                                ~[0m
[96msrc/application/services/PerpKeeperScheduler.ts[0m:[93m1724[0m:[93m7[0m - [91merror[0m[90m TS2532: 
[0mObject is possibly 'undefined'.

[7m1724[0m       this.logger.warn(
[7m    [0m [91m      ~~~~[0m
[96msrc/application/services/PerpKeeperScheduler.ts[0m:[93m1734[0m:[93m13[0m - [91merror[0m[90m TS2532: 
[0mObject is possibly 'undefined'.

[7m1734[0m       await this.orchestrator.getAllPositionsWithMetrics();
[7m    [0m [91m            ~~~~[0m
[96msrc/application/services/PerpKeeperScheduler.ts[0m:[93m1738[0m:[93m11[0m - [91merror[0m[90m TS2451: 
[0mCannot redeclare block-scoped variable 'leverage'.

[7m1738[0m     const leverage = parseFloat(
[7m    [0m [91m          ~~~~~~~~[0m
[96msrc/application/services/PerpKeeperScheduler.ts[0m:[93m1739[0m:[93m7[0m - [91merror[0m[90m TS2532: 
[0mObject is possibly 'undefined'.

[7m1739[0m       this.configService.get<string>('KEEPER_LEVERAGE') || '2.0',
[7m    [0m [91m      ~~~~[0m
[96msrc/application/services/PerpKeeperScheduler.ts[0m:[93m1761[0m:[93m28[0m - [91merror[0m[90m TS2304: 
[0mCannot find name 'exchanges'.

[7m1761[0m     for (const exchange of exchanges) {
[7m    [0m [91m                           ~~~~~~~~~[0m
[96msrc/application/services/PerpKeeperScheduler.ts[0m:[93m1763[0m:[93m35[0m - [91merror[0m[90m TS2532: 
[0mObject is possibly 'undefined'.

[7m1763[0m         const freeBalance = await this.keeperService.getBalance(exchange);
[7m    [0m [91m                                  ~~~~[0m
[96msrc/application/services/PerpKeeperScheduler.ts[0m:[93m1767[0m:[93m41[0m - [91merror[0m[90m TS2304: 
[0mCannot find name 'minBalanceForTrading'.

[7m1767[0m         const canTrade = freeBalance >= minBalanceForTrading;
[7m    [0m [91m                                        ~~~~~~~~~~~~~~~~~~~~[0m
[96msrc/application/services/PerpKeeperScheduler.ts[0m:[93m1779[0m:[93m9[0m - [91merror[0m[90m TS2532: 
[0mObject is possibly 'undefined'.

[7m1779[0m         this.logger.log(
[7m    [0m [91m        ~~~~[0m
[96msrc/application/services/PerpKeeperScheduler.ts[0m:[93m1784[0m:[93m99[0m - [91merror[0m[90m TS2304: 
[0mCannot find name 'minBalanceForTrading'.

[7m1784[0m             `      Unallocated: $${unallocated.toFixed(2)} ${canTrade ? '(can trade)' : `(need 
$${minBalanceForTrading}+)`}`,
[7m    [0m [91m                                                                                                  
~~~~~~~~~~~~~~~~~~~~[0m
[96msrc/application/services/PerpKeeperScheduler.ts[0m:[93m1790[0m:[93m34[0m - [91merror[0m[90m TS2532: 
[0mObject is possibly 'undefined'.

[7m1790[0m             const equity = await this.keeperService.getEquity(exchange);
[7m    [0m [91m                                 ~~~~[0m
[96msrc/application/services/PerpKeeperScheduler.ts[0m:[93m1791[0m:[93m13[0m - [91merror[0m[90m TS2532: 
[0mObject is possibly 'undefined'.

[7m1791[0m             this.logger.log(
[7m    [0m [91m            ~~~~[0m
[96msrc/application/services/PerpKeeperScheduler.ts[0m:[93m1799[0m:[93m9[0m - [91merror[0m[90m TS2532: 
[0mObject is possibly 'undefined'.

[7m1799[0m         this.logger.warn(
[7m    [0m [91m        ~~~~[0m
[96msrc/application/services/PerpKeeperScheduler.ts[0m:[93m1830[0m:[93m33[0m - [91merror[0m[90m TS2532: 
[0mObject is possibly 'undefined'.

[7m1830[0m       walletUsdcBalance = await this.getWalletUsdcBalance();
[7m    [0m [91m                                ~~~~[0m
[96msrc/application/services/PerpKeeperScheduler.ts[0m:[93m1833[0m:[93m28[0m - [91merror[0m[90m TS2532: 
[0mObject is possibly 'undefined'.

[7m1833[0m         const privateKey = this.configService.get<string>('PRIVATE_KEY');
[7m    [0m [91m                           ~~~~[0m
[96msrc/application/services/PerpKeeperScheduler.ts[0m:[93m1843[0m:[93m7[0m - [91merror[0m[90m TS2532: 
[0mObject is possibly 'undefined'.

[7m1843[0m       this.logger.debug(
[7m    [0m [91m      ~~~~[0m
[96msrc/application/services/PerpKeeperScheduler.ts[0m:[93m1855[0m:[93m3[0m - [91merror[0m[90m TS1128: 
[0mDeclaration or statement expected.

[7m1855[0m   }
[7m    [0m [91m  ~[0m
[96msrc/application/services/PerpKeeperScheduler.ts[0m:[93m1863[0m:[93m8[0m - [91merror[0m[90m TS1146: 
[0mDeclaration expected.

[7m1863[0m   async checkAndDeployIdleCapital(): Promise<void> {
[7m    [0m [91m       [0m
[96msrc/application/services/PerpKeeperScheduler.ts[0m:[93m1863[0m:[93m9[0m - [91merror[0m[90m TS2304: 
[0mCannot find name 'checkAndDeployIdleCapital'.

[7m1863[0m   async checkAndDeployIdleCapital(): Promise<void> {
[7m    [0m [91m        ~~~~~~~~~~~~~~~~~~~~~~~~~[0m
[96msrc/application/services/PerpKeeperScheduler.ts[0m:[93m1863[0m:[93m36[0m - [91merror[0m[90m TS1005: 
[0m';' expected.

[7m1863[0m   async checkAndDeployIdleCapital(): Promise<void> {
[7m    [0m [91m                                   ~[0m
[96msrc/application/services/PerpKeeperScheduler.ts[0m:[93m1863[0m:[93m38[0m - [91merror[0m[90m TS2365: 
[0mOperator '>' cannot be applied to types 'boolean' and '{ if(this: any): any; "": any; }'.

[7m1863[0m   async checkAndDeployIdleCapital(): Promise<void> {
[7m    [0m [91m                                     ~~~~~~~~~~~~~~~[0m
[7m1864[0m     // Skip if main execution is running
[7m    [0m [91m~~~~~~~~~~~~~~~~~~~~~~~~~~~~~~~~~~~~~~~~[0m
[7m1865[0m     if (this.isRunning) {
[7m    [0m [91m~~~~~~~~~~~~~~~~~~~~~~~[0m
[96msrc/application/services/PerpKeeperScheduler.ts[0m:[93m1863[0m:[93m46[0m - [91merror[0m[90m TS2532: 
[0mObject is possibly 'undefined'.

[7m1863[0m   async checkAndDeployIdleCapital(): Promise<void> {
[7m    [0m [91m                                             ~~~~[0m
[96msrc/application/services/PerpKeeperScheduler.ts[0m:[93m1863[0m:[93m50[0m - [91merror[0m[90m TS1109: 
[0mExpression expected.

[7m1863[0m   async checkAndDeployIdleCapital(): Promise<void> {
[7m    [0m [91m                                                 ~[0m
[96msrc/application/services/PerpKeeperScheduler.ts[0m:[93m1865[0m:[93m13[0m - [91merror[0m[90m TS1005: 
[0m',' expected.

[7m1865[0m     if (this.isRunning) {
[7m    [0m [91m            ~[0m
[96msrc/application/services/PerpKeeperScheduler.ts[0m:[93m1865[0m:[93m23[0m - [91merror[0m[90m TS1005: 
[0m',' expected.

[7m1865[0m     if (this.isRunning) {
[7m    [0m [91m                      ~[0m
[96msrc/application/services/PerpKeeperScheduler.ts[0m:[93m1865[0m:[93m25[0m - [91merror[0m[90m TS1136: 
[0mProperty assignment expected.

[7m1865[0m     if (this.isRunning) {
[7m    [0m [91m                        ~[0m
[96msrc/application/services/PerpKeeperScheduler.ts[0m:[93m1871[0m:[93m7[0m - [91merror[0m[90m TS2532: 
[0mObject is possibly 'undefined'.

[7m1871[0m       this.executionLockService?.generateThreadId() ||
[7m    [0m [91m      ~~~~[0m
[96msrc/application/services/PerpKeeperScheduler.ts[0m:[93m1874[0m:[93m7[0m - [91merror[0m[90m TS2532: 
[0mObject is possibly 'undefined'.

[7m1874[0m       this.executionLockService &&
[7m    [0m [91m      ~~~~[0m
[96msrc/application/services/PerpKeeperScheduler.ts[0m:[93m1875[0m:[93m8[0m - [91merror[0m[90m TS2532: 
[0mObject is possibly 'undefined'.

[7m1875[0m       !this.executionLockService.tryAcquireGlobalLock(
[7m    [0m [91m       ~~~~[0m
[96msrc/application/services/PerpKeeperScheduler.ts[0m:[93m1884[0m:[93m24[0m - [91merror[0m[90m TS2532: 
[0mObject is possibly 'undefined'.

[7m1884[0m       const adapters = this.keeperService.getExchangeAdapters();
[7m    [0m [91m                       ~~~~[0m
[96msrc/application/services/PerpKeeperScheduler.ts[0m:[93m1891[0m:[93m15[0m - [91merror[0m[90m TS2532: 
[0mObject is possibly 'undefined'.

[7m1891[0m         await this.orchestrator.getAllPositionsWithMetrics();
[7m    [0m [91m              ~~~~[0m
[96msrc/application/services/PerpKeeperScheduler.ts[0m:[93m1932[0m:[93m7[0m - [91merror[0m[90m TS2532: 
[0mObject is possibly 'undefined'.

[7m1932[0m       this.logger.log(
[7m    [0m [91m      ~~~~[0m
[96msrc/application/services/PerpKeeperScheduler.ts[0m:[93m1938[0m:[93m32[0m - [91merror[0m[90m TS2532: 
[0mObject is possibly 'undefined'.

[7m1938[0m       const symbolsToExecute = this.symbols.filter(
[7m    [0m [91m                               ~~~~[0m
[96msrc/application/services/PerpKeeperScheduler.ts[0m:[93m1939[0m:[93m17[0m - [91merror[0m[90m TS2532: 
[0mObject is possibly 'undefined'.

[7m1939[0m         (s) => !this.isBlacklisted(s),
[7m    [0m [91m                ~~~~[0m
[96msrc/application/services/PerpKeeperScheduler.ts[0m:[93m1943[0m:[93m9[0m - [91merror[0m[90m TS2532: 
[0mObject is possibly 'undefined'.

[7m1943[0m         this.logger.warn('No symbols available for idle capital deployment');
[7m    [0m [91m        ~~~~[0m
[96msrc/application/services/PerpKeeperScheduler.ts[0m:[93m1947[0m:[93m28[0m - [91merror[0m[90m TS2532: 
[0mObject is possibly 'undefined'.

[7m1947[0m       const result = await this.orchestrator.executeArbitrageStrategy(
[7m    [0m [91m                           ~~~~[0m
[96msrc/application/services/PerpKeeperScheduler.ts[0m:[93m1949[0m:[93m9[0m - [91merror[0m[90m TS2532: 
[0mObject is possibly 'undefined'.

[7m1949[0m         this.minSpread,
[7m    [0m [91m        ~~~~[0m
[96msrc/application/services/PerpKeeperScheduler.ts[0m:[93m1950[0m:[93m9[0m - [91merror[0m[90m TS2532: 
[0mObject is possibly 'undefined'.

[7m1950[0m         this.maxPositionSizeUsd,
[7m    [0m [91m        ~~~~[0m
[96msrc/application/services/PerpKeeperScheduler.ts[0m:[93m1954[0m:[93m9[0m - [91merror[0m[90m TS2532: 
[0mObject is possibly 'undefined'.

[7m1954[0m         this.logger.log(
[7m    [0m [91m        ~~~~[0m
[96msrc/application/services/PerpKeeperScheduler.ts[0m:[93m1959[0m:[93m9[0m - [91merror[0m[90m TS2532: 
[0mObject is possibly 'undefined'.

[7m1959[0m         this.logger.warn(
[7m    [0m [91m        ~~~~[0m
[96msrc/application/services/PerpKeeperScheduler.ts[0m:[93m1964[0m:[93m7[0m - [91merror[0m[90m TS2532: 
[0mObject is possibly 'undefined'.

[7m1964[0m       this.logger.debug(`Error checking idle capital: ${error.message}`);
[7m    [0m [91m      ~~~~[0m
[96msrc/application/services/PerpKeeperScheduler.ts[0m:[93m1966[0m:[93m11[0m - [91merror[0m[90m TS2532: 
[0mObject is possibly 'undefined'.

[7m1966[0m       if (this.executionLockService) {
[7m    [0m [91m          ~~~~[0m
[96msrc/application/services/PerpKeeperScheduler.ts[0m:[93m1967[0m:[93m9[0m - [91merror[0m[90m TS2532: 
[0mObject is possibly 'undefined'.

[7m1967[0m         this.executionLockService.releaseGlobalLock(threadId);
[7m    [0m [91m        ~~~~[0m
[96msrc/application/services/PerpKeeperScheduler.ts[0m:[93m1970[0m:[93m3[0m - [91merror[0m[90m TS1128: 
[0mDeclaration or statement expected.

[7m1970[0m   }
[7m    [0m [91m  ~[0m
[96msrc/application/services/PerpKeeperScheduler.ts[0m:[93m1977[0m:[93m8[0m - [91merror[0m[90m TS1146: 
[0mDeclaration expected.

[7m1977[0m   async cleanupZombieExecutions() {
[7m    [0m [91m       [0m
[96msrc/application/services/PerpKeeperScheduler.ts[0m:[93m1977[0m:[93m9[0m - [91merror[0m[90m TS2304: 
[0mCannot find name 'cleanupZombieExecutions'.

[7m1977[0m   async cleanupZombieExecutions() {
[7m    [0m [91m        ~~~~~~~~~~~~~~~~~~~~~~~[0m
[96msrc/application/services/PerpKeeperScheduler.ts[0m:[93m1977[0m:[93m35[0m - [91merror[0m[90m TS1005: 
[0m';' expected.

[7m1977[0m   async cleanupZombieExecutions() {
[7m    [0m [91m                                  ~[0m
[96msrc/application/services/PerpKeeperScheduler.ts[0m:[93m1978[0m:[93m10[0m - [91merror[0m[90m TS2532: 
[0mObject is possibly 'undefined'.

[7m1978[0m     if (!this.executionLockService) return;
[7m    [0m [91m         ~~~~[0m
[96msrc/application/services/PerpKeeperScheduler.ts[0m:[93m1981[0m:[93m7[0m - [91merror[0m[90m TS2532: 
[0mObject is possibly 'undefined'.

[7m1981[0m       this.logger.log('­ƒº╣ Checking for zombie executions (orphaned legs)...');
[7m    [0m [91m      ~~~~[0m
[96msrc/application/services/PerpKeeperScheduler.ts[0m:[93m1982[0m:[93m28[0m - [91merror[0m[90m TS2532: 
[0mObject is possibly 'undefined'.

[7m1982[0m       const activeOrders = this.executionLockService.getAllActiveOrders();
[7m    [0m [91m                           ~~~~[0m
[96msrc/application/services/PerpKeeperScheduler.ts[0m:[93m2004[0m:[93m11[0m - [91merror[0m[90m TS2532: 
[0mObject is possibly 'undefined'.

[7m2004[0m           this.logger.warn(`ƒÜ¿ Found orphaned leg in thread ${threadId}: ${order.symbol} ${order.side} 
on ${order.exchange}`);
[7m    [0m [91m          ~~~~[0m
[96msrc/application/services/PerpKeeperScheduler.ts[0m:[93m2007[0m:[93m27[0m - [91merror[0m[90m TS2532: 
[0mObject is possibly 'undefined'.

[7m2007[0m           const adapter = this.keeperService.getExchangeAdapters().get(order.exchange as ExchangeType);
[7m    [0m [91m                          ~~~~[0m
[96msrc/application/services/PerpKeeperScheduler.ts[0m:[93m2009[0m:[93m13[0m - [91merror[0m[90m TS2532: 
[0mObject is possibly 'undefined'.

[7m2009[0m             this.logger.log(`­ƒùæ´©Å Rolling back orphaned order ${order.orderId} for ${order.symbol}`);
[7m    [0m [91m            ~~~~[0m
[96msrc/application/services/PerpKeeperScheduler.ts[0m:[93m2012[0m:[93m15[0m - [91merror[0m[90m TS2532: 
[0mObject is possibly 'undefined'.

[7m2012[0m               this.executionLockService.forceClearOrder(order.exchange, order.symbol, order.side);
[7m    [0m [91m              ~~~~[0m
[96msrc/application/services/PerpKeeperScheduler.ts[0m:[93m2013[0m:[93m15[0m - [91merror[0m[90m TS2532: 
[0mObject is possibly 'undefined'.

[7m2013[0m               this.logger.log(`Ô£à Successfully rolled back zombie order ${order.orderId}`);
[7m    [0m [91m              ~~~~[0m
[96msrc/application/services/PerpKeeperScheduler.ts[0m:[93m2015[0m:[93m15[0m - [91merror[0m[90m TS2532: 
[0mObject is possibly 'undefined'.

[7m2015[0m               this.logger.error(`Failed to rollback zombie order: ${err.message}`);
[7m    [0m [91m              ~~~~[0m
[96msrc/application/services/PerpKeeperScheduler.ts[0m:[93m2021[0m:[93m7[0m - [91merror[0m[90m TS2532: 
[0mObject is possibly 'undefined'.

[7m2021[0m       this.logger.error(`Error during zombie cleanup: ${error.message}`);
[7m    [0m [91m      ~~~~[0m
[96msrc/application/services/PerpKeeperScheduler.ts[0m:[93m2040[0m:[93m8[0m - [91merror[0m[90m TS1146: 
[0mDeclaration expected.

[7m2040[0m   async verifyRecentExecutionFills(): Promise<void> {
[7m    [0m [91m       [0m
[96msrc/application/services/PerpKeeperScheduler.ts[0m:[93m2040[0m:[93m9[0m - [91merror[0m[90m TS2304: 
[0mCannot find name 'verifyRecentExecutionFills'.

[7m2040[0m   async verifyRecentExecutionFills(): Promise<void> {
[7m    [0m [91m        ~~~~~~~~~~~~~~~~~~~~~~~~~~[0m
[96msrc/application/services/PerpKeeperScheduler.ts[0m:[93m2040[0m:[93m37[0m - [91merror[0m[90m TS1005: 
[0m';' expected.

[7m2040[0m   async verifyRecentExecutionFills(): Promise<void> {
[7m    [0m [91m                                    ~[0m
[96msrc/application/services/PerpKeeperScheduler.ts[0m:[93m2040[0m:[93m39[0m - [91merror[0m[90m TS2365: 
[0mOperator '>' cannot be applied to types 'boolean' and '{ if(: any, this: any): any; if(this: any): any; if(: any, 
this: any): any; "": any; return: any; }'.

[7m2040[0m   async verifyRecentExecutionFills(): Promise<void> {
[7m    [0m [91m                                      ~~~~~~~~~~~~~~~[0m
[7m2041[0m     if (!this.executionLockService) return;
[7m    [0m [91m~~~~~~~~~~~~~~~~~~~~~~~~~~~~~~~~~~~~~~~~~~~[0m
[7m ...[0m 
[7m2044[0m     // Skip if rate limits are stressed
[7m    [0m [91m~~~~~~~~~~~~~~~~~~~~~~~~~~~~~~~~~~~~~~~[0m
[7m2045[0m     if (!this.isRateLimitHealthy(0.4)) {
[7m    [0m [91m~~~~~~~~~~~~~~~~~~~~~~~~~~~~~~~~~~~~~~[0m
[96msrc/application/services/PerpKeeperScheduler.ts[0m:[93m2040[0m:[93m47[0m - [91merror[0m[90m TS2532: 
[0mObject is possibly 'undefined'.

[7m2040[0m   async verifyRecentExecutionFills(): Promise<void> {
[7m    [0m [91m                                              ~~~~[0m
[96msrc/application/services/PerpKeeperScheduler.ts[0m:[93m2040[0m:[93m51[0m - [91merror[0m[90m TS1109: 
[0mExpression expected.

[7m2040[0m   async verifyRecentExecutionFills(): Promise<void> {
[7m    [0m [91m                                                  ~[0m
[96msrc/application/services/PerpKeeperScheduler.ts[0m:[93m2041[0m:[93m9[0m - [91merror[0m[90m TS1003: 
[0mIdentifier expected.

[7m2041[0m     if (!this.executionLockService) return;
[7m    [0m [91m        ~[0m
[96msrc/application/services/PerpKeeperScheduler.ts[0m:[93m2041[0m:[93m10[0m - [91merror[0m[90m TS2680: [0mA 
'this' parameter must be the first parameter.

[7m2041[0m     if (!this.executionLockService) return;
[7m    [0m [91m         ~~~~[0m
[96msrc/application/services/PerpKeeperScheduler.ts[0m:[93m2041[0m:[93m14[0m - [91merror[0m[90m TS1005: 
[0m',' expected.

[7m2041[0m     if (!this.executionLockService) return;
[7m    [0m [91m             ~[0m
[96msrc/application/services/PerpKeeperScheduler.ts[0m:[93m2041[0m:[93m35[0m - [91merror[0m[90m TS1005: 
[0m',' expected.

[7m2041[0m     if (!this.executionLockService) return;
[7m    [0m [91m                                  ~[0m
[96msrc/application/services/PerpKeeperScheduler.ts[0m:[93m2041[0m:[93m43[0m - [91merror[0m[90m TS1005: 
[0m':' expected.

[7m2041[0m     if (!this.executionLockService) return;
[7m    [0m [91m                                          ~[0m
[96msrc/application/services/PerpKeeperScheduler.ts[0m:[93m2042[0m:[93m13[0m - [91merror[0m[90m TS1005: 
[0m',' expected.

[7m2042[0m     if (this.isRunning) return; // Don't interfere with active execution
[7m    [0m [91m            ~[0m
[96msrc/application/services/PerpKeeperScheduler.ts[0m:[93m2042[0m:[93m23[0m - [91merror[0m[90m TS1005: 
[0m',' expected.

[7m2042[0m     if (this.isRunning) return; // Don't interfere with active execution
[7m    [0m [91m                      ~[0m
[96msrc/application/services/PerpKeeperScheduler.ts[0m:[93m2042[0m:[93m31[0m - [91merror[0m[90m TS1005: 
[0m':' expected.

[7m2042[0m     if (this.isRunning) return; // Don't interfere with active execution
[7m    [0m [91m                              ~[0m
[96msrc/application/services/PerpKeeperScheduler.ts[0m:[93m2045[0m:[93m9[0m - [91merror[0m[90m TS1003: 
[0mIdentifier expected.

[7m2045[0m     if (!this.isRateLimitHealthy(0.4)) {
[7m    [0m [91m        ~[0m
[96msrc/application/services/PerpKeeperScheduler.ts[0m:[93m2045[0m:[93m10[0m - [91merror[0m[90m TS2680: [0mA 
'this' parameter must be the first parameter.

[7m2045[0m     if (!this.isRateLimitHealthy(0.4)) {
[7m    [0m [91m         ~~~~[0m
[96msrc/application/services/PerpKeeperScheduler.ts[0m:[93m2045[0m:[93m14[0m - [91merror[0m[90m TS1005: 
[0m',' expected.

[7m2045[0m     if (!this.isRateLimitHealthy(0.4)) {
[7m    [0m [91m             ~[0m
[96msrc/application/services/PerpKeeperScheduler.ts[0m:[93m2045[0m:[93m38[0m - [91merror[0m[90m TS1005: 
[0m',' expected.

[7m2045[0m     if (!this.isRateLimitHealthy(0.4)) {
[7m    [0m [91m                                     ~[0m
[96msrc/application/services/PerpKeeperScheduler.ts[0m:[93m2045[0m:[93m40[0m - [91merror[0m[90m TS1136: 
[0mProperty assignment expected.

[7m2045[0m     if (!this.isRateLimitHealthy(0.4)) {
[7m    [0m [91m                                       ~[0m
[96msrc/application/services/PerpKeeperScheduler.ts[0m:[93m2055[0m:[93m25[0m - [91merror[0m[90m TS2532: 
[0mObject is possibly 'undefined'.

[7m2055[0m       const allOrders = this.executionLockService.getAllActiveOrders();
[7m    [0m [91m                        ~~~~[0m
[96msrc/application/services/PerpKeeperScheduler.ts[0m:[93m2063[0m:[93m34[0m - [91merror[0m[90m TS2532: 
[0mObject is possibly 'undefined'.

[7m2063[0m         const normalizedSymbol = this.normalizeSymbol(order.symbol);
[7m    [0m [91m                                 ~~~~[0m
[96msrc/application/services/PerpKeeperScheduler.ts[0m:[93m2078[0m:[93m17[0m - [91merror[0m[90m TS2532: 
[0mObject is possibly 'undefined'.

[7m2078[0m           await this.checkAndFixUnfilledLeg(longOrders[0], 'SHORT', symbol, now, MIN_AGE_SECONDS, 
AGGRESSIVE_AGE_SECONDS, MARKET_ORDER_AGE_SECONDS);
[7m    [0m [91m                ~~~~[0m
[96msrc/application/services/PerpKeeperScheduler.ts[0m:[93m2080[0m:[93m17[0m - [91merror[0m[90m TS2532: 
[0mObject is possibly 'undefined'.

[7m2080[0m           await this.checkAndFixUnfilledLeg(shortOrders[0], 'LONG', symbol, now, MIN_AGE_SECONDS, 
AGGRESSIVE_AGE_SECONDS, MARKET_ORDER_AGE_SECONDS);
[7m    [0m [91m                ~~~~[0m
[96msrc/application/services/PerpKeeperScheduler.ts[0m:[93m2083[0m:[93m17[0m - [91merror[0m[90m TS2532: 
[0mObject is possibly 'undefined'.

[7m2083[0m           await this.checkPairedOrderStatus(longOrders[0], shortOrders[0], symbol, now, MIN_AGE_SECONDS, 
AGGRESSIVE_AGE_SECONDS, MARKET_ORDER_AGE_SECONDS);
[7m    [0m [91m                ~~~~[0m
[96msrc/application/services/PerpKeeperScheduler.ts[0m:[93m2087[0m:[93m7[0m - [91merror[0m[90m TS2532: 
[0mObject is possibly 'undefined'.

[7m2087[0m       this.logger.debug(`Error in verifyRecentExecutionFills: ${error.message}`);
[7m    [0m [91m      ~~~~[0m
[96msrc/application/services/PerpKeeperScheduler.ts[0m:[93m2089[0m:[93m3[0m - [91merror[0m[90m TS1128: 
[0mDeclaration or statement expected.

[7m2089[0m   }
[7m    [0m [91m  ~[0m
[96msrc/application/services/PerpKeeperScheduler.ts[0m:[93m2094[0m:[93m3[0m - [91merror[0m[90m TS1128: 
[0mDeclaration or statement expected.

[7m2094[0m   private async checkPairedOrderStatus(
[7m    [0m [91m  ~~~~~~~[0m
[96msrc/application/services/PerpKeeperScheduler.ts[0m:[93m2094[0m:[93m11[0m - [91merror[0m[90m TS1434: 
[0mUnexpected keyword or identifier.

[7m2094[0m   private async checkPairedOrderStatus(
[7m    [0m [91m          ~~~~~[0m
[96msrc/application/services/PerpKeeperScheduler.ts[0m:[93m2094[0m:[93m11[0m - [91merror[0m[90m TS2304: 
[0mCannot find name 'async'.

[7m2094[0m   private async checkPairedOrderStatus(
[7m    [0m [91m          ~~~~~[0m
[96msrc/application/services/PerpKeeperScheduler.ts[0m:[93m2094[0m:[93m17[0m - [91merror[0m[90m TS2304: 
[0mCannot find name 'checkPairedOrderStatus'.

[7m2094[0m   private async checkPairedOrderStatus(
[7m    [0m [91m                ~~~~~~~~~~~~~~~~~~~~~~[0m
[96msrc/application/services/PerpKeeperScheduler.ts[0m:[93m2095[0m:[93m5[0m - [91merror[0m[90m TS2304: 
[0mCannot find name 'longOrder'.

[7m2095[0m     longOrder: any,
[7m    [0m [91m    ~~~~~~~~~[0m
[96msrc/application/services/PerpKeeperScheduler.ts[0m:[93m2095[0m:[93m14[0m - [91merror[0m[90m TS1005: 
[0m',' expected.

[7m2095[0m     longOrder: any,
[7m    [0m [91m             ~[0m
[96msrc/application/services/PerpKeeperScheduler.ts[0m:[93m2095[0m:[93m16[0m - [91merror[0m[90m TS2693: 
[0m'any' only refers to a type, but is being used as a value here.

[7m2095[0m     longOrder: any,
[7m    [0m [91m               ~~~[0m
[96msrc/application/services/PerpKeeperScheduler.ts[0m:[93m2096[0m:[93m5[0m - [91merror[0m[90m TS2304: 
[0mCannot find name 'shortOrder'.

[7m2096[0m     shortOrder: any,
[7m    [0m [91m    ~~~~~~~~~~[0m
[96msrc/application/services/PerpKeeperScheduler.ts[0m:[93m2096[0m:[93m15[0m - [91merror[0m[90m TS1005: 
[0m',' expected.

[7m2096[0m     shortOrder: any,
[7m    [0m [91m              ~[0m
[96msrc/application/services/PerpKeeperScheduler.ts[0m:[93m2096[0m:[93m17[0m - [91merror[0m[90m TS2693: 
[0m'any' only refers to a type, but is being used as a value here.

[7m2096[0m     shortOrder: any,
[7m    [0m [91m                ~~~[0m
[96msrc/application/services/PerpKeeperScheduler.ts[0m:[93m2097[0m:[93m5[0m - [91merror[0m[90m TS2304: 
[0mCannot find name 'symbol'.

[7m2097[0m     symbol: string,
[7m    [0m [91m    ~~~~~~[0m
[96msrc/application/services/PerpKeeperScheduler.ts[0m:[93m2097[0m:[93m11[0m - [91merror[0m[90m TS1005: 
[0m',' expected.

[7m2097[0m     symbol: string,
[7m    [0m [91m          ~[0m
[96msrc/application/services/PerpKeeperScheduler.ts[0m:[93m2097[0m:[93m13[0m - [91merror[0m[90m TS2693: 
[0m'string' only refers to a type, but is being used as a value here.

[7m2097[0m     symbol: string,
[7m    [0m [91m            ~~~~~~[0m
[96msrc/application/services/PerpKeeperScheduler.ts[0m:[93m2098[0m:[93m5[0m - [91merror[0m[90m TS2448: 
[0mBlock-scoped variable 'now' used before its declaration.

[7m2098[0m     now: number,
[7m    [0m [91m    ~~~[0m

  [96msrc/application/services/PerpKeeperScheduler.ts[0m:[93m3085[0m:[93m13[0m
    [7m3085[0m       const now = new Date();
    [7m    [0m [96m            ~~~[0m
    'now' is declared here.
[96msrc/application/services/PerpKeeperScheduler.ts[0m:[93m2098[0m:[93m8[0m - [91merror[0m[90m TS1005: 
[0m',' expected.

[7m2098[0m     now: number,
[7m    [0m [91m       ~[0m
[96msrc/application/services/PerpKeeperScheduler.ts[0m:[93m2098[0m:[93m10[0m - [91merror[0m[90m TS2693: 
[0m'number' only refers to a type, but is being used as a value here.

[7m2098[0m     now: number,
[7m    [0m [91m         ~~~~~~[0m
[96msrc/application/services/PerpKeeperScheduler.ts[0m:[93m2099[0m:[93m5[0m - [91merror[0m[90m TS2304: 
[0mCannot find name 'minAgeSec'.

[7m2099[0m     minAgeSec: number,
[7m    [0m [91m    ~~~~~~~~~[0m
[96msrc/application/services/PerpKeeperScheduler.ts[0m:[93m2099[0m:[93m14[0m - [91merror[0m[90m TS1005: 
[0m',' expected.

[7m2099[0m     minAgeSec: number,
[7m    [0m [91m             ~[0m
[96msrc/application/services/PerpKeeperScheduler.ts[0m:[93m2099[0m:[93m16[0m - [91merror[0m[90m TS2693: 
[0m'number' only refers to a type, but is being used as a value here.

[7m2099[0m     minAgeSec: number,
[7m    [0m [91m               ~~~~~~[0m
[96msrc/application/services/PerpKeeperScheduler.ts[0m:[93m2100[0m:[93m5[0m - [91merror[0m[90m TS2304: 
[0mCannot find name 'aggressiveAgeSec'.

[7m2100[0m     aggressiveAgeSec: number,
[7m    [0m [91m    ~~~~~~~~~~~~~~~~[0m
[96msrc/application/services/PerpKeeperScheduler.ts[0m:[93m2100[0m:[93m21[0m - [91merror[0m[90m TS1005: 
[0m',' expected.

[7m2100[0m     aggressiveAgeSec: number,
[7m    [0m [91m                    ~[0m
[96msrc/application/services/PerpKeeperScheduler.ts[0m:[93m2100[0m:[93m23[0m - [91merror[0m[90m TS2693: 
[0m'number' only refers to a type, but is being used as a value here.

[7m2100[0m     aggressiveAgeSec: number,
[7m    [0m [91m                      ~~~~~~[0m
[96msrc/application/services/PerpKeeperScheduler.ts[0m:[93m2101[0m:[93m5[0m - [91merror[0m[90m TS2304: 
[0mCannot find name 'marketAgeSec'.

[7m2101[0m     marketAgeSec: number,
[7m    [0m [91m    ~~~~~~~~~~~~[0m
[96msrc/application/services/PerpKeeperScheduler.ts[0m:[93m2101[0m:[93m17[0m - [91merror[0m[90m TS1005: 
[0m',' expected.

[7m2101[0m     marketAgeSec: number,
[7m    [0m [91m                ~[0m
[96msrc/application/services/PerpKeeperScheduler.ts[0m:[93m2101[0m:[93m19[0m - [91merror[0m[90m TS2693: 
[0m'number' only refers to a type, but is being used as a value here.

[7m2101[0m     marketAgeSec: number,
[7m    [0m [91m                  ~~~~~~[0m
[96msrc/application/services/PerpKeeperScheduler.ts[0m:[93m2102[0m:[93m4[0m - [91merror[0m[90m TS1005: 
[0m';' expected.

[7m2102[0m   ): Promise<void> {
[7m    [0m [91m   ~[0m
[96msrc/application/services/PerpKeeperScheduler.ts[0m:[93m2102[0m:[93m6[0m - [91merror[0m[90m TS2365: 
[0mOperator '>' cannot be applied to types 'boolean' and '{ const: number; if(longAgeSec: any, : any, minAgeSec: 
any): any; }'.

[7m2102[0m   ): Promise<void> {
[7m    [0m [91m     ~~~~~~~~~~~~~~~[0m
[7m2103[0m     const longAgeMs = now - longOrder.placedAt.getTime();
[7m    [0m [91m~~~~~~~~~~~~~~~~~~~~~~~~~~~~~~~~~~~~~~~~~~~~~~~~~~~~~~~~~[0m
[7m ...[0m 
[7m2108[0m     // Both orders too young - let them cook
[7m    [0m [91m~~~~~~~~~~~~~~~~~~~~~~~~~~~~~~~~~~~~~~~~~~~~[0m
[7m2109[0m     if (longAgeSec < minAgeSec && shortAgeSec < minAgeSec) {
[7m    [0m [91m~~~~~~~~~~~~~~~~~~~~~~~~~~~~~~[0m
[96msrc/application/services/PerpKeeperScheduler.ts[0m:[93m2102[0m:[93m14[0m - [91merror[0m[90m TS2532: 
[0mObject is possibly 'undefined'.

[7m2102[0m   ): Promise<void> {
[7m    [0m [91m             ~~~~[0m
[96msrc/application/services/PerpKeeperScheduler.ts[0m:[93m2102[0m:[93m18[0m - [91merror[0m[90m TS1109: 
[0mExpression expected.

[7m2102[0m   ): Promise<void> {
[7m    [0m [91m                 ~[0m
[96msrc/application/services/PerpKeeperScheduler.ts[0m:[93m2103[0m:[93m11[0m - [91merror[0m[90m TS1005: 
[0m':' expected.

[7m2103[0m     const longAgeMs = now - longOrder.placedAt.getTime();
[7m    [0m [91m          ~~~~~~~~~[0m
[96msrc/application/services/PerpKeeperScheduler.ts[0m:[93m2103[0m:[93m11[0m - [91merror[0m[90m TS2304: 
[0mCannot find name 'longAgeMs'.

[7m2103[0m     const longAgeMs = now - longOrder.placedAt.getTime();
[7m    [0m [91m          ~~~~~~~~~[0m
[96msrc/application/services/PerpKeeperScheduler.ts[0m:[93m2103[0m:[93m23[0m - [91merror[0m[90m TS2362: 
[0mThe left-hand side of an arithmetic operation must be of type 'any', 'number', 'bigint' or an enum type.

[7m2103[0m     const longAgeMs = now - longOrder.placedAt.getTime();
[7m    [0m [91m                      ~~~[0m
[96msrc/application/services/PerpKeeperScheduler.ts[0m:[93m2103[0m:[93m23[0m - [91merror[0m[90m TS2448: 
[0mBlock-scoped variable 'now' used before its declaration.

[7m2103[0m     const longAgeMs = now - longOrder.placedAt.getTime();
[7m    [0m [91m                      ~~~[0m

  [96msrc/application/services/PerpKeeperScheduler.ts[0m:[93m3085[0m:[93m13[0m
    [7m3085[0m       const now = new Date();
    [7m    [0m [96m            ~~~[0m
    'now' is declared here.
[96msrc/application/services/PerpKeeperScheduler.ts[0m:[93m2103[0m:[93m29[0m - [91merror[0m[90m TS2304: 
[0mCannot find name 'longOrder'.

[7m2103[0m     const longAgeMs = now - longOrder.placedAt.getTime();
[7m    [0m [91m                            ~~~~~~~~~[0m
[96msrc/application/services/PerpKeeperScheduler.ts[0m:[93m2103[0m:[93m57[0m - [91merror[0m[90m TS1005: 
[0m',' expected.

[7m2103[0m     const longAgeMs = now - longOrder.placedAt.getTime();
[7m    [0m [91m                                                        ~[0m
[96msrc/application/services/PerpKeeperScheduler.ts[0m:[93m2104[0m:[93m11[0m - [91merror[0m[90m TS1005: 
[0m':' expected.

[7m2104[0m     const shortAgeMs = now - shortOrder.placedAt.getTime();
[7m    [0m [91m          ~~~~~~~~~~[0m
[96msrc/application/services/PerpKeeperScheduler.ts[0m:[93m2104[0m:[93m11[0m - [91merror[0m[90m TS2304: 
[0mCannot find name 'shortAgeMs'.

[7m2104[0m     const shortAgeMs = now - shortOrder.placedAt.getTime();
[7m    [0m [91m          ~~~~~~~~~~[0m
[96msrc/application/services/PerpKeeperScheduler.ts[0m:[93m2104[0m:[93m24[0m - [91merror[0m[90m TS2362: 
[0mThe left-hand side of an arithmetic operation must be of type 'any', 'number', 'bigint' or an enum type.

[7m2104[0m     const shortAgeMs = now - shortOrder.placedAt.getTime();
[7m    [0m [91m                       ~~~[0m
[96msrc/application/services/PerpKeeperScheduler.ts[0m:[93m2104[0m:[93m24[0m - [91merror[0m[90m TS2448: 
[0mBlock-scoped variable 'now' used before its declaration.

[7m2104[0m     const shortAgeMs = now - shortOrder.placedAt.getTime();
[7m    [0m [91m                       ~~~[0m

  [96msrc/application/services/PerpKeeperScheduler.ts[0m:[93m3085[0m:[93m13[0m
    [7m3085[0m       const now = new Date();
    [7m    [0m [96m            ~~~[0m
    'now' is declared here.
[96msrc/application/services/PerpKeeperScheduler.ts[0m:[93m2104[0m:[93m30[0m - [91merror[0m[90m TS2304: 
[0mCannot find name 'shortOrder'.

[7m2104[0m     const shortAgeMs = now - shortOrder.placedAt.getTime();
[7m    [0m [91m                             ~~~~~~~~~~[0m
[96msrc/application/services/PerpKeeperScheduler.ts[0m:[93m2104[0m:[93m59[0m - [91merror[0m[90m TS1005: 
[0m',' expected.

[7m2104[0m     const shortAgeMs = now - shortOrder.placedAt.getTime();
[7m    [0m [91m                                                          ~[0m
[96msrc/application/services/PerpKeeperScheduler.ts[0m:[93m2105[0m:[93m11[0m - [91merror[0m[90m TS1005: 
[0m':' expected.

[7m2105[0m     const longAgeSec = longAgeMs / 1000;
[7m    [0m [91m          ~~~~~~~~~~[0m
[96msrc/application/services/PerpKeeperScheduler.ts[0m:[93m2105[0m:[93m11[0m - [91merror[0m[90m TS2304: 
[0mCannot find name 'longAgeSec'.

[7m2105[0m     const longAgeSec = longAgeMs / 1000;
[7m    [0m [91m          ~~~~~~~~~~[0m
[96msrc/application/services/PerpKeeperScheduler.ts[0m:[93m2105[0m:[93m24[0m - [91merror[0m[90m TS2304: 
[0mCannot find name 'longAgeMs'.

[7m2105[0m     const longAgeSec = longAgeMs / 1000;
[7m    [0m [91m                       ~~~~~~~~~[0m
[96msrc/application/services/PerpKeeperScheduler.ts[0m:[93m2105[0m:[93m40[0m - [91merror[0m[90m TS1005: 
[0m',' expected.

[7m2105[0m     const longAgeSec = longAgeMs / 1000;
[7m    [0m [91m                                       ~[0m
[96msrc/application/services/PerpKeeperScheduler.ts[0m:[93m2106[0m:[93m11[0m - [91merror[0m[90m TS1005: 
[0m':' expected.

[7m2106[0m     const shortAgeSec = shortAgeMs / 1000;
[7m    [0m [91m          ~~~~~~~~~~~[0m
[96msrc/application/services/PerpKeeperScheduler.ts[0m:[93m2106[0m:[93m11[0m - [91merror[0m[90m TS2304: 
[0mCannot find name 'shortAgeSec'.

[7m2106[0m     const shortAgeSec = shortAgeMs / 1000;
[7m    [0m [91m          ~~~~~~~~~~~[0m
[96msrc/application/services/PerpKeeperScheduler.ts[0m:[93m2106[0m:[93m25[0m - [91merror[0m[90m TS2304: 
[0mCannot find name 'shortAgeMs'.

[7m2106[0m     const shortAgeSec = shortAgeMs / 1000;
[7m    [0m [91m                        ~~~~~~~~~~[0m
[96msrc/application/services/PerpKeeperScheduler.ts[0m:[93m2106[0m:[93m42[0m - [91merror[0m[90m TS1005: 
[0m',' expected.

[7m2106[0m     const shortAgeSec = shortAgeMs / 1000;
[7m    [0m [91m                                         ~[0m
[96msrc/application/services/PerpKeeperScheduler.ts[0m:[93m2109[0m:[93m20[0m - [91merror[0m[90m TS1005: 
[0m',' expected.

[7m2109[0m     if (longAgeSec < minAgeSec && shortAgeSec < minAgeSec) {
[7m    [0m [91m                   ~[0m
[96msrc/application/services/PerpKeeperScheduler.ts[0m:[93m2109[0m:[93m32[0m - [91merror[0m[90m TS1005: 
[0m',' expected.

[7m2109[0m     if (longAgeSec < minAgeSec && shortAgeSec < minAgeSec) {
[7m    [0m [91m                               ~~[0m
[96msrc/application/services/PerpKeeperScheduler.ts[0m:[93m2109[0m:[93m35[0m - [91merror[0m[90m TS2304: 
[0mCannot find name 'shortAgeSec'.

[7m2109[0m     if (longAgeSec < minAgeSec && shortAgeSec < minAgeSec) {
[7m    [0m [91m                                  ~~~~~~~~~~~[0m
[96msrc/application/services/PerpKeeperScheduler.ts[0m:[93m2109[0m:[93m49[0m - [91merror[0m[90m TS2304: 
[0mCannot find name 'minAgeSec'.

[7m2109[0m     if (longAgeSec < minAgeSec && shortAgeSec < minAgeSec) {
[7m    [0m [91m                                                ~~~~~~~~~[0m
[96msrc/application/services/PerpKeeperScheduler.ts[0m:[93m2109[0m:[93m58[0m - [91merror[0m[90m TS1005: 
[0m';' expected.

[7m2109[0m     if (longAgeSec < minAgeSec && shortAgeSec < minAgeSec) {
[7m    [0m [91m                                                         ~[0m
[96msrc/application/services/PerpKeeperScheduler.ts[0m:[93m2114[0m:[93m22[0m - [91merror[0m[90m TS2532: 
[0mObject is possibly 'undefined'.

[7m2114[0m     const adapters = this.keeperService.getExchangeAdapters();
[7m    [0m [91m                     ~~~~[0m
[96msrc/application/services/PerpKeeperScheduler.ts[0m:[93m2115[0m:[93m38[0m - [91merror[0m[90m TS2304: 
[0mCannot find name 'longOrder'.

[7m2115[0m     const longAdapter = adapters.get(longOrder.exchange as ExchangeType);
[7m    [0m [91m                                     ~~~~~~~~~[0m
[96msrc/application/services/PerpKeeperScheduler.ts[0m:[93m2116[0m:[93m39[0m - [91merror[0m[90m TS2304: 
[0mCannot find name 'shortOrder'.

[7m2116[0m     const shortAdapter = adapters.get(shortOrder.exchange as ExchangeType);
[7m    [0m [91m                                      ~~~~~~~~~~[0m
[96msrc/application/services/PerpKeeperScheduler.ts[0m:[93m2122[0m:[93m36[0m - [91merror[0m[90m TS2304: 
[0mCannot find name 'longOrder'.

[7m2122[0m         longAdapter.getOrderStatus(longOrder.orderId, longOrder.symbol).catch(() => null),
[7m    [0m [91m                                   ~~~~~~~~~[0m
[96msrc/application/services/PerpKeeperScheduler.ts[0m:[93m2122[0m:[93m55[0m - [91merror[0m[90m TS2304: 
[0mCannot find name 'longOrder'.

[7m2122[0m         longAdapter.getOrderStatus(longOrder.orderId, longOrder.symbol).catch(() => null),
[7m    [0m [91m                                                      ~~~~~~~~~[0m
[96msrc/application/services/PerpKeeperScheduler.ts[0m:[93m2123[0m:[93m37[0m - [91merror[0m[90m TS2304: 
[0mCannot find name 'shortOrder'.

[7m2123[0m         shortAdapter.getOrderStatus(shortOrder.orderId, shortOrder.symbol).catch(() => null),
[7m    [0m [91m                                    ~~~~~~~~~~[0m
[96msrc/application/services/PerpKeeperScheduler.ts[0m:[93m2123[0m:[93m57[0m - [91merror[0m[90m TS2304: 
[0mCannot find name 'shortOrder'.

[7m2123[0m         shortAdapter.getOrderStatus(shortOrder.orderId, shortOrder.symbol).catch(() => null),
[7m    [0m [91m                                                        ~~~~~~~~~~[0m
[96msrc/application/services/PerpKeeperScheduler.ts[0m:[93m2131[0m:[93m9[0m - [91merror[0m[90m TS2532: 
[0mObject is possibly 'undefined'.

[7m2131[0m         this.executionLockService?.forceClearOrder(longOrder.exchange, longOrder.symbol, 'LONG');
[7m    [0m [91m        ~~~~[0m
[96msrc/application/services/PerpKeeperScheduler.ts[0m:[93m2131[0m:[93m52[0m - [91merror[0m[90m TS2304: 
[0mCannot find name 'longOrder'.

[7m2131[0m         this.executionLockService?.forceClearOrder(longOrder.exchange, longOrder.symbol, 'LONG');
[7m    [0m [91m                                                   ~~~~~~~~~[0m
[96msrc/application/services/PerpKeeperScheduler.ts[0m:[93m2131[0m:[93m72[0m - [91merror[0m[90m TS2304: 
[0mCannot find name 'longOrder'.

[7m2131[0m         this.executionLockService?.forceClearOrder(longOrder.exchange, longOrder.symbol, 'LONG');
[7m    [0m [91m                                                                       ~~~~~~~~~[0m
[96msrc/application/services/PerpKeeperScheduler.ts[0m:[93m2132[0m:[93m9[0m - [91merror[0m[90m TS2532: 
[0mObject is possibly 'undefined'.

[7m2132[0m         this.executionLockService?.forceClearOrder(shortOrder.exchange, shortOrder.symbol, 'SHORT');
[7m    [0m [91m        ~~~~[0m
[96msrc/application/services/PerpKeeperScheduler.ts[0m:[93m2132[0m:[93m52[0m - [91merror[0m[90m TS2304: 
[0mCannot find name 'shortOrder'.

[7m2132[0m         this.executionLockService?.forceClearOrder(shortOrder.exchange, shortOrder.symbol, 'SHORT');
[7m    [0m [91m                                                   ~~~~~~~~~~[0m
[96msrc/application/services/PerpKeeperScheduler.ts[0m:[93m2132[0m:[93m73[0m - [91merror[0m[90m TS2304: 
[0mCannot find name 'shortOrder'.

[7m2132[0m         this.executionLockService?.forceClearOrder(shortOrder.exchange, shortOrder.symbol, 'SHORT');
[7m    [0m [91m                                                                        ~~~~~~~~~~[0m
[96msrc/application/services/PerpKeeperScheduler.ts[0m:[93m2138[0m:[93m15[0m - [91merror[0m[90m TS2532: 
[0mObject is possibly 'undefined'.

[7m2138[0m         await this.takeCorrectiveAction(shortOrder, shortAdapter, shortAgeSec, aggressiveAgeSec, 
marketAgeSec, symbol, 'SHORT');
[7m    [0m [91m              ~~~~[0m
[96msrc/application/services/PerpKeeperScheduler.ts[0m:[93m2138[0m:[93m41[0m - [91merror[0m[90m TS2304: 
[0mCannot find name 'shortOrder'.

[7m2138[0m         await this.takeCorrectiveAction(shortOrder, shortAdapter, shortAgeSec, aggressiveAgeSec, 
marketAgeSec, symbol, 'SHORT');
[7m    [0m [91m                                        ~~~~~~~~~~[0m
[96msrc/application/services/PerpKeeperScheduler.ts[0m:[93m2138[0m:[93m67[0m - [91merror[0m[90m TS2304: 
[0mCannot find name 'shortAgeSec'.

[7m2138[0m         await this.takeCorrectiveAction(shortOrder, shortAdapter, shortAgeSec, aggressiveAgeSec, 
marketAgeSec, symbol, 'SHORT');
[7m    [0m [91m                                                                  ~~~~~~~~~~~[0m
[96msrc/application/services/PerpKeeperScheduler.ts[0m:[93m2138[0m:[93m80[0m - [91merror[0m[90m TS2304: 
[0mCannot find name 'aggressiveAgeSec'.

[7m2138[0m         await this.takeCorrectiveAction(shortOrder, shortAdapter, shortAgeSec, aggressiveAgeSec, 
marketAgeSec, symbol, 'SHORT');
[7m    [0m [91m                                                                               ~~~~~~~~~~~~~~~~[0m
[96msrc/application/services/PerpKeeperScheduler.ts[0m:[93m2138[0m:[93m98[0m - [91merror[0m[90m TS2304: 
[0mCannot find name 'marketAgeSec'.

[7m2138[0m         await this.takeCorrectiveAction(shortOrder, shortAdapter, shortAgeSec, aggressiveAgeSec, 
marketAgeSec, symbol, 'SHORT');
[7m    [0m [91m                                                                                                 
~~~~~~~~~~~~[0m
[96msrc/application/services/PerpKeeperScheduler.ts[0m:[93m2138[0m:[93m112[0m - [91merror[0m[90m TS2304: 
[0mCannot find name 'symbol'.

[7m2138[0m         await this.takeCorrectiveAction(shortOrder, shortAdapter, shortAgeSec, aggressiveAgeSec, 
marketAgeSec, symbol, 'SHORT');
[7m    [0m [91m                                                                                                     
          ~~~~~~[0m
[96msrc/application/services/PerpKeeperScheduler.ts[0m:[93m2140[0m:[93m15[0m - [91merror[0m[90m TS2532: 
[0mObject is possibly 'undefined'.

[7m2140[0m         await this.takeCorrectiveAction(longOrder, longAdapter, longAgeSec, aggressiveAgeSec, 
marketAgeSec, symbol, 'LONG');
[7m    [0m [91m              ~~~~[0m
[96msrc/application/services/PerpKeeperScheduler.ts[0m:[93m2140[0m:[93m41[0m - [91merror[0m[90m TS2304: 
[0mCannot find name 'longOrder'.

[7m2140[0m         await this.takeCorrectiveAction(longOrder, longAdapter, longAgeSec, aggressiveAgeSec, 
marketAgeSec, symbol, 'LONG');
[7m    [0m [91m                                        ~~~~~~~~~[0m
[96msrc/application/services/PerpKeeperScheduler.ts[0m:[93m2140[0m:[93m65[0m - [91merror[0m[90m TS2304: 
[0mCannot find name 'longAgeSec'.

[7m2140[0m         await this.takeCorrectiveAction(longOrder, longAdapter, longAgeSec, aggressiveAgeSec, 
marketAgeSec, symbol, 'LONG');
[7m    [0m [91m                                                                ~~~~~~~~~~[0m
[96msrc/application/services/PerpKeeperScheduler.ts[0m:[93m2140[0m:[93m77[0m - [91merror[0m[90m TS2304: 
[0mCannot find name 'aggressiveAgeSec'.

[7m2140[0m         await this.takeCorrectiveAction(longOrder, longAdapter, longAgeSec, aggressiveAgeSec, 
marketAgeSec, symbol, 'LONG');
[7m    [0m [91m                                                                            ~~~~~~~~~~~~~~~~[0m
[96msrc/application/services/PerpKeeperScheduler.ts[0m:[93m2140[0m:[93m95[0m - [91merror[0m[90m TS2304: 
[0mCannot find name 'marketAgeSec'.

[7m2140[0m         await this.takeCorrectiveAction(longOrder, longAdapter, longAgeSec, aggressiveAgeSec, 
marketAgeSec, symbol, 'LONG');
[7m    [0m [91m                                                                                              
~~~~~~~~~~~~[0m
[96msrc/application/services/PerpKeeperScheduler.ts[0m:[93m2140[0m:[93m109[0m - [91merror[0m[90m TS2304: 
[0mCannot find name 'symbol'.

[7m2140[0m         await this.takeCorrectiveAction(longOrder, longAdapter, longAgeSec, aggressiveAgeSec, 
marketAgeSec, symbol, 'LONG');
[7m    [0m [91m                                                                                                     
       ~~~~~~[0m
[96msrc/application/services/PerpKeeperScheduler.ts[0m:[93m2143[0m:[93m7[0m - [91merror[0m[90m TS2532: 
[0mObject is possibly 'undefined'.

[7m2143[0m       this.logger.debug(`Error checking paired order status for ${symbol}: ${error.message}`);
[7m    [0m [91m      ~~~~[0m
[96msrc/application/services/PerpKeeperScheduler.ts[0m:[93m2143[0m:[93m67[0m - [91merror[0m[90m TS2304: 
[0mCannot find name 'symbol'.

[7m2143[0m       this.logger.debug(`Error checking paired order status for ${symbol}: ${error.message}`);
[7m    [0m [91m                                                                  ~~~~~~[0m
[96msrc/application/services/PerpKeeperScheduler.ts[0m:[93m2145[0m:[93m3[0m - [91merror[0m[90m TS1128: 
[0mDeclaration or statement expected.

[7m2145[0m   }
[7m    [0m [91m  ~[0m
[96msrc/application/services/PerpKeeperScheduler.ts[0m:[93m2150[0m:[93m3[0m - [91merror[0m[90m TS1128: 
[0mDeclaration or statement expected.

[7m2150[0m   private async checkAndFixUnfilledLeg(
[7m    [0m [91m  ~~~~~~~[0m
[96msrc/application/services/PerpKeeperScheduler.ts[0m:[93m2150[0m:[93m11[0m - [91merror[0m[90m TS1434: 
[0mUnexpected keyword or identifier.

[7m2150[0m   private async checkAndFixUnfilledLeg(
[7m    [0m [91m          ~~~~~[0m
[96msrc/application/services/PerpKeeperScheduler.ts[0m:[93m2150[0m:[93m11[0m - [91merror[0m[90m TS2304: 
[0mCannot find name 'async'.

[7m2150[0m   private async checkAndFixUnfilledLeg(
[7m    [0m [91m          ~~~~~[0m
[96msrc/application/services/PerpKeeperScheduler.ts[0m:[93m2150[0m:[93m17[0m - [91merror[0m[90m TS2304: 
[0mCannot find name 'checkAndFixUnfilledLeg'.

[7m2150[0m   private async checkAndFixUnfilledLeg(
[7m    [0m [91m                ~~~~~~~~~~~~~~~~~~~~~~[0m
[96msrc/application/services/PerpKeeperScheduler.ts[0m:[93m2151[0m:[93m5[0m - [91merror[0m[90m TS2304: 
[0mCannot find name 'existingOrder'.

[7m2151[0m     existingOrder: any,
[7m    [0m [91m    ~~~~~~~~~~~~~[0m
[96msrc/application/services/PerpKeeperScheduler.ts[0m:[93m2151[0m:[93m18[0m - [91merror[0m[90m TS1005: 
[0m',' expected.

[7m2151[0m     existingOrder: any,
[7m    [0m [91m                 ~[0m
[96msrc/application/services/PerpKeeperScheduler.ts[0m:[93m2151[0m:[93m20[0m - [91merror[0m[90m TS2693: 
[0m'any' only refers to a type, but is being used as a value here.

[7m2151[0m     existingOrder: any,
[7m    [0m [91m                   ~~~[0m
[96msrc/application/services/PerpKeeperScheduler.ts[0m:[93m2152[0m:[93m5[0m - [91merror[0m[90m TS2448: 
[0mBlock-scoped variable 'missingSide' used before its declaration.

[7m2152[0m     missingSide: 'LONG' | 'SHORT',
[7m    [0m [91m    ~~~~~~~~~~~[0m

  [96msrc/application/services/PerpKeeperScheduler.ts[0m:[93m4657[0m:[93m13[0m
    [7m4657[0m       const missingSide =
    [7m    [0m [96m            ~~~~~~~~~~~[0m
    'missingSide' is declared here.
[96msrc/application/services/PerpKeeperScheduler.ts[0m:[93m2152[0m:[93m16[0m - [91merror[0m[90m TS1005: 
[0m',' expected.

[7m2152[0m     missingSide: 'LONG' | 'SHORT',
[7m    [0m [91m               ~[0m
[96msrc/application/services/PerpKeeperScheduler.ts[0m:[93m2152[0m:[93m18[0m - [91merror[0m[90m TS2362: 
[0mThe left-hand side of an arithmetic operation must be of type 'any', 'number', 'bigint' or an enum type.

[7m2152[0m     missingSide: 'LONG' | 'SHORT',
[7m    [0m [91m                 ~~~~~~[0m
[96msrc/application/services/PerpKeeperScheduler.ts[0m:[93m2152[0m:[93m27[0m - [91merror[0m[90m TS2363: 
[0mThe right-hand side of an arithmetic operation must be of type 'any', 'number', 'bigint' or an enum type.

[7m2152[0m     missingSide: 'LONG' | 'SHORT',
[7m    [0m [91m                          ~~~~~~~[0m
[96msrc/application/services/PerpKeeperScheduler.ts[0m:[93m2153[0m:[93m5[0m - [91merror[0m[90m TS2304: 
[0mCannot find name 'symbol'.

[7m2153[0m     symbol: string,
[7m    [0m [91m    ~~~~~~[0m
[96msrc/application/services/PerpKeeperScheduler.ts[0m:[93m2153[0m:[93m11[0m - [91merror[0m[90m TS1005: 
[0m',' expected.

[7m2153[0m     symbol: string,
[7m    [0m [91m          ~[0m
[96msrc/application/services/PerpKeeperScheduler.ts[0m:[93m2153[0m:[93m13[0m - [91merror[0m[90m TS2693: 
[0m'string' only refers to a type, but is being used as a value here.

[7m2153[0m     symbol: string,
[7m    [0m [91m            ~~~~~~[0m
[96msrc/application/services/PerpKeeperScheduler.ts[0m:[93m2154[0m:[93m5[0m - [91merror[0m[90m TS2448: 
[0mBlock-scoped variable 'now' used before its declaration.

[7m2154[0m     now: number,
[7m    [0m [91m    ~~~[0m

  [96msrc/application/services/PerpKeeperScheduler.ts[0m:[93m3085[0m:[93m13[0m
    [7m3085[0m       const now = new Date();
    [7m    [0m [96m            ~~~[0m
    'now' is declared here.
[96msrc/application/services/PerpKeeperScheduler.ts[0m:[93m2154[0m:[93m8[0m - [91merror[0m[90m TS1005: 
[0m',' expected.

[7m2154[0m     now: number,
[7m    [0m [91m       ~[0m
[96msrc/application/services/PerpKeeperScheduler.ts[0m:[93m2154[0m:[93m10[0m - [91merror[0m[90m TS2693: 
[0m'number' only refers to a type, but is being used as a value here.

[7m2154[0m     now: number,
[7m    [0m [91m         ~~~~~~[0m
[96msrc/application/services/PerpKeeperScheduler.ts[0m:[93m2155[0m:[93m5[0m - [91merror[0m[90m TS2304: 
[0mCannot find name 'minAgeSec'.

[7m2155[0m     minAgeSec: number,
[7m    [0m [91m    ~~~~~~~~~[0m
[96msrc/application/services/PerpKeeperScheduler.ts[0m:[93m2155[0m:[93m14[0m - [91merror[0m[90m TS1005: 
[0m',' expected.

[7m2155[0m     minAgeSec: number,
[7m    [0m [91m             ~[0m
[96msrc/application/services/PerpKeeperScheduler.ts[0m:[93m2155[0m:[93m16[0m - [91merror[0m[90m TS2693: 
[0m'number' only refers to a type, but is being used as a value here.

[7m2155[0m     minAgeSec: number,
[7m    [0m [91m               ~~~~~~[0m
[96msrc/application/services/PerpKeeperScheduler.ts[0m:[93m2156[0m:[93m5[0m - [91merror[0m[90m TS2304: 
[0mCannot find name 'aggressiveAgeSec'.

[7m2156[0m     aggressiveAgeSec: number,
[7m    [0m [91m    ~~~~~~~~~~~~~~~~[0m
[96msrc/application/services/PerpKeeperScheduler.ts[0m:[93m2156[0m:[93m21[0m - [91merror[0m[90m TS1005: 
[0m',' expected.

[7m2156[0m     aggressiveAgeSec: number,
[7m    [0m [91m                    ~[0m
[96msrc/application/services/PerpKeeperScheduler.ts[0m:[93m2156[0m:[93m23[0m - [91merror[0m[90m TS2693: 
[0m'number' only refers to a type, but is being used as a value here.

[7m2156[0m     aggressiveAgeSec: number,
[7m    [0m [91m                      ~~~~~~[0m
[96msrc/application/services/PerpKeeperScheduler.ts[0m:[93m2157[0m:[93m5[0m - [91merror[0m[90m TS2304: 
[0mCannot find name 'marketAgeSec'.

[7m2157[0m     marketAgeSec: number,
[7m    [0m [91m    ~~~~~~~~~~~~[0m
[96msrc/application/services/PerpKeeperScheduler.ts[0m:[93m2157[0m:[93m17[0m - [91merror[0m[90m TS1005: 
[0m',' expected.

[7m2157[0m     marketAgeSec: number,
[7m    [0m [91m                ~[0m
[96msrc/application/services/PerpKeeperScheduler.ts[0m:[93m2157[0m:[93m19[0m - [91merror[0m[90m TS2693: 
[0m'number' only refers to a type, but is being used as a value here.

[7m2157[0m     marketAgeSec: number,
[7m    [0m [91m                  ~~~~~~[0m
[96msrc/application/services/PerpKeeperScheduler.ts[0m:[93m2158[0m:[93m4[0m - [91merror[0m[90m TS1005: 
[0m';' expected.

[7m2158[0m   ): Promise<void> {
[7m    [0m [91m   ~[0m
[96msrc/application/services/PerpKeeperScheduler.ts[0m:[93m2158[0m:[93m6[0m - [91merror[0m[90m TS2365: 
[0mOperator '>' cannot be applied to types 'boolean' and '{ const: any; if(orderAgeSec: any, : any, minAgeSec: any): 
void; if(existingPosition: any): any; }'.

[7m2158[0m   ): Promise<void> {
[7m    [0m [91m     ~~~~~~~~~~~~~~~[0m
[7m2159[0m     const orderAgeMs = now - existingOrder.placedAt.getTime();
[7m    [0m [91m~~~~~~~~~~~~~~~~~~~~~~~~~~~~~~~~~~~~~~~~~~~~~~~~~~~~~~~~~~~~~~[0m
[7m ...[0m 
[7m2173[0m 
[7m    [0m [91m[0m
[7m2174[0m     if (existingPosition && Math.abs(existingPosition.size) > 0.0001) {
[7m    [0m [91m~~~~~~~~~~~~~~~~~~~~~~~~[0m
[96msrc/application/services/PerpKeeperScheduler.ts[0m:[93m2158[0m:[93m14[0m - [91merror[0m[90m TS2532: 
[0mObject is possibly 'undefined'.

[7m2158[0m   ): Promise<void> {
[7m    [0m [91m             ~~~~[0m
[96msrc/application/services/PerpKeeperScheduler.ts[0m:[93m2158[0m:[93m18[0m - [91merror[0m[90m TS1109: 
[0mExpression expected.

[7m2158[0m   ): Promise<void> {
[7m    [0m [91m                 ~[0m
[96msrc/application/services/PerpKeeperScheduler.ts[0m:[93m2159[0m:[93m11[0m - [91merror[0m[90m TS1005: 
[0m':' expected.

[7m2159[0m     const orderAgeMs = now - existingOrder.placedAt.getTime();
[7m    [0m [91m          ~~~~~~~~~~[0m
[96msrc/application/services/PerpKeeperScheduler.ts[0m:[93m2159[0m:[93m11[0m - [91merror[0m[90m TS2304: 
[0mCannot find name 'orderAgeMs'.

[7m2159[0m     const orderAgeMs = now - existingOrder.placedAt.getTime();
[7m    [0m [91m          ~~~~~~~~~~[0m
[96msrc/application/services/PerpKeeperScheduler.ts[0m:[93m2159[0m:[93m24[0m - [91merror[0m[90m TS2362: 
[0mThe left-hand side of an arithmetic operation must be of type 'any', 'number', 'bigint' or an enum type.

[7m2159[0m     const orderAgeMs = now - existingOrder.placedAt.getTime();
[7m    [0m [91m                       ~~~[0m
[96msrc/application/services/PerpKeeperScheduler.ts[0m:[93m2159[0m:[93m24[0m - [91merror[0m[90m TS2448: 
[0mBlock-scoped variable 'now' used before its declaration.

[7m2159[0m     const orderAgeMs = now - existingOrder.placedAt.getTime();
[7m    [0m [91m                       ~~~[0m

  [96msrc/application/services/PerpKeeperScheduler.ts[0m:[93m3085[0m:[93m13[0m
    [7m3085[0m       const now = new Date();
    [7m    [0m [96m            ~~~[0m
    'now' is declared here.
[96msrc/application/services/PerpKeeperScheduler.ts[0m:[93m2159[0m:[93m30[0m - [91merror[0m[90m TS2304: 
[0mCannot find name 'existingOrder'.

[7m2159[0m     const orderAgeMs = now - existingOrder.placedAt.getTime();
[7m    [0m [91m                             ~~~~~~~~~~~~~[0m
[96msrc/application/services/PerpKeeperScheduler.ts[0m:[93m2159[0m:[93m62[0m - [91merror[0m[90m TS1005: 
[0m',' expected.

[7m2159[0m     const orderAgeMs = now - existingOrder.placedAt.getTime();
[7m    [0m [91m                                                             ~[0m
[96msrc/application/services/PerpKeeperScheduler.ts[0m:[93m2160[0m:[93m11[0m - [91merror[0m[90m TS1005: 
[0m':' expected.

[7m2160[0m     const orderAgeSec = orderAgeMs / 1000;
[7m    [0m [91m          ~~~~~~~~~~~[0m
[96msrc/application/services/PerpKeeperScheduler.ts[0m:[93m2160[0m:[93m11[0m - [91merror[0m[90m TS2304: 
[0mCannot find name 'orderAgeSec'.

[7m2160[0m     const orderAgeSec = orderAgeMs / 1000;
[7m    [0m [91m          ~~~~~~~~~~~[0m
[96msrc/application/services/PerpKeeperScheduler.ts[0m:[93m2160[0m:[93m25[0m - [91merror[0m[90m TS2304: 
[0mCannot find name 'orderAgeMs'.

[7m2160[0m     const orderAgeSec = orderAgeMs / 1000;
[7m    [0m [91m                        ~~~~~~~~~~[0m
[96msrc/application/services/PerpKeeperScheduler.ts[0m:[93m2160[0m:[93m42[0m - [91merror[0m[90m TS1005: 
[0m',' expected.

[7m2160[0m     const orderAgeSec = orderAgeMs / 1000;
[7m    [0m [91m                                         ~[0m
[96msrc/application/services/PerpKeeperScheduler.ts[0m:[93m2163[0m:[93m21[0m - [91merror[0m[90m TS1005: 
[0m',' expected.

[7m2163[0m     if (orderAgeSec < minAgeSec) {
[7m    [0m [91m                    ~[0m
[96msrc/application/services/PerpKeeperScheduler.ts[0m:[93m2168[0m:[93m5[0m - [91merror[0m[90m TS1005: 
[0m',' expected.

[7m2168[0m     const positions = this.marketStateService?.getAllPositions() || [];
[7m    [0m [91m    ~~~~~[0m
[96msrc/application/services/PerpKeeperScheduler.ts[0m:[93m2168[0m:[93m11[0m - [91merror[0m[90m TS1005: 
[0m':' expected.

[7m2168[0m     const positions = this.marketStateService?.getAllPositions() || [];
[7m    [0m [91m          ~~~~~~~~~[0m
[96msrc/application/services/PerpKeeperScheduler.ts[0m:[93m2168[0m:[93m11[0m - [91merror[0m[90m TS2304: 
[0mCannot find name 'positions'.

[7m2168[0m     const positions = this.marketStateService?.getAllPositions() || [];
[7m    [0m [91m          ~~~~~~~~~[0m
[96msrc/application/services/PerpKeeperScheduler.ts[0m:[93m2168[0m:[93m23[0m - [91merror[0m[90m TS2532: 
[0mObject is possibly 'undefined'.

[7m2168[0m     const positions = this.marketStateService?.getAllPositions() || [];
[7m    [0m [91m                      ~~~~[0m
[96msrc/application/services/PerpKeeperScheduler.ts[0m:[93m2168[0m:[93m71[0m - [91merror[0m[90m TS1005: 
[0m',' expected.

[7m2168[0m     const positions = this.marketStateService?.getAllPositions() || [];
[7m    [0m [91m                                                                      ~[0m
[96msrc/application/services/PerpKeeperScheduler.ts[0m:[93m2169[0m:[93m11[0m - [91merror[0m[90m TS1005: 
[0m':' expected.

[7m2169[0m     const existingPosition = positions.find(p =>
[7m    [0m [91m          ~~~~~~~~~~~~~~~~[0m
[96msrc/application/services/PerpKeeperScheduler.ts[0m:[93m2169[0m:[93m11[0m - [91merror[0m[90m TS2304: 
[0mCannot find name 'existingPosition'.

[7m2169[0m     const existingPosition = positions.find(p =>
[7m    [0m [91m          ~~~~~~~~~~~~~~~~[0m
[96msrc/application/services/PerpKeeperScheduler.ts[0m:[93m2169[0m:[93m30[0m - [91merror[0m[90m TS2304: 
[0mCannot find name 'positions'.

[7m2169[0m     const existingPosition = positions.find(p =>
[7m    [0m [91m                             ~~~~~~~~~[0m
[96msrc/application/services/PerpKeeperScheduler.ts[0m:[93m2170[0m:[93m7[0m - [91merror[0m[90m TS2532: 
[0mObject is possibly 'undefined'.

[7m2170[0m       this.normalizeSymbol(p.symbol) === symbol &&
[7m    [0m [91m      ~~~~[0m
[96msrc/application/services/PerpKeeperScheduler.ts[0m:[93m2170[0m:[93m42[0m - [91merror[0m[90m TS2304: 
[0mCannot find name 'symbol'.

[7m2170[0m       this.normalizeSymbol(p.symbol) === symbol &&
[7m    [0m [91m                                         ~~~~~~[0m
[96msrc/application/services/PerpKeeperScheduler.ts[0m:[93m2171[0m:[93m26[0m - [91merror[0m[90m TS2304: 
[0mCannot find name 'existingOrder'.

[7m2171[0m       p.exchangeType === existingOrder.exchange
[7m    [0m [91m                         ~~~~~~~~~~~~~[0m
[96msrc/application/services/PerpKeeperScheduler.ts[0m:[93m2172[0m:[93m6[0m - [91merror[0m[90m TS1005: 
[0m',' expected.

[7m2172[0m     );
[7m    [0m [91m     ~[0m
[96msrc/application/services/PerpKeeperScheduler.ts[0m:[93m2174[0m:[93m26[0m - [91merror[0m[90m TS1005: 
[0m',' expected.

[7m2174[0m     if (existingPosition && Math.abs(existingPosition.size) > 0.0001) {
[7m    [0m [91m                         ~~[0m
[96msrc/application/services/PerpKeeperScheduler.ts[0m:[93m2174[0m:[93m38[0m - [91merror[0m[90m TS2304: 
[0mCannot find name 'existingPosition'.

[7m2174[0m     if (existingPosition && Math.abs(existingPosition.size) > 0.0001) {
[7m    [0m [91m                                     ~~~~~~~~~~~~~~~~[0m
[96msrc/application/services/PerpKeeperScheduler.ts[0m:[93m2174[0m:[93m69[0m - [91merror[0m[90m TS1005: 
[0m';' expected.

[7m2174[0m     if (existingPosition && Math.abs(existingPosition.size) > 0.0001) {
[7m    [0m [91m                                                                    ~[0m
[96msrc/application/services/PerpKeeperScheduler.ts[0m:[93m2177[0m:[93m7[0m - [91merror[0m[90m TS2532: 
[0mObject is possibly 'undefined'.

[7m2177[0m       this.logger.warn(
[7m    [0m [91m      ~~~~[0m
[96msrc/application/services/PerpKeeperScheduler.ts[0m:[93m2178[0m:[93m44[0m - [91merror[0m[90m TS2304: 
[0mCannot find name 'symbol'.

[7m2178[0m         `ÔÜá´©Å Detected asymmetric fill for ${symbol}: ` +
[7m    [0m [91m                                           ~~~~~~[0m
[96msrc/application/services/PerpKeeperScheduler.ts[0m:[93m2179[0m:[93m12[0m - [91merror[0m[90m TS2304: 
[0mCannot find name 'existingOrder'.

[7m2179[0m         `${existingOrder.side} filled on ${existingOrder.exchange}, but missing ${missingSide} 
order/position. ` +
[7m    [0m [91m           ~~~~~~~~~~~~~[0m
[96msrc/application/services/PerpKeeperScheduler.ts[0m:[93m2179[0m:[93m44[0m - [91merror[0m[90m TS2304: 
[0mCannot find name 'existingOrder'.

[7m2179[0m         `${existingOrder.side} filled on ${existingOrder.exchange}, but missing ${missingSide} 
order/position. ` +
[7m    [0m [91m                                           ~~~~~~~~~~~~~[0m
[96msrc/application/services/PerpKeeperScheduler.ts[0m:[93m2179[0m:[93m83[0m - [91merror[0m[90m TS2448: 
[0mBlock-scoped variable 'missingSide' used before its declaration.

[7m2179[0m         `${existingOrder.side} filled on ${existingOrder.exchange}, but missing ${missingSide} 
order/position. ` +
[7m    [0m [91m                                                                                  ~~~~~~~~~~~[0m

  [96msrc/application/services/PerpKeeperScheduler.ts[0m:[93m4657[0m:[93m13[0m
    [7m4657[0m       const missingSide =
    [7m    [0m [96m            ~~~~~~~~~~~[0m
    'missingSide' is declared here.
[96msrc/application/services/PerpKeeperScheduler.ts[0m:[93m2180[0m:[93m17[0m - [91merror[0m[90m TS2304: 
[0mCannot find name 'orderAgeSec'.

[7m2180[0m         `Age: ${orderAgeSec.toFixed(0)}s`
[7m    [0m [91m                ~~~~~~~~~~~[0m
[96msrc/application/services/PerpKeeperScheduler.ts[0m:[93m2184[0m:[93m7[0m - [91merror[0m[90m TS2532: 
[0mObject is possibly 'undefined'.

[7m2184[0m       this.diagnosticsService?.recordSingleLegFailure({
[7m    [0m [91m      ~~~~[0m
[96msrc/application/services/PerpKeeperScheduler.ts[0m:[93m2185[0m:[93m27[0m - [91merror[0m[90m TS2304: 
[0mCannot find name 'symbol'.

[7m2185[0m         id: `async-fill-${symbol}-${Date.now()}`,
[7m    [0m [91m                          ~~~~~~[0m
[96msrc/application/services/PerpKeeperScheduler.ts[0m:[93m2186[0m:[93m9[0m - [91merror[0m[90m TS18004: 
[0mNo value exists in scope for the shorthand property 'symbol'. Either declare one or provide an initializer.

[7m2186[0m         symbol,
[7m    [0m [91m        ~~~~~~[0m
[96msrc/application/services/PerpKeeperScheduler.ts[0m:[93m2188[0m:[93m20[0m - [91merror[0m[90m TS2448: 
[0mBlock-scoped variable 'missingSide' used before its declaration.

[7m2188[0m         failedLeg: missingSide.toLowerCase() as 'long' | 'short',
[7m    [0m [91m                   ~~~~~~~~~~~[0m

  [96msrc/application/services/PerpKeeperScheduler.ts[0m:[93m4657[0m:[93m13[0m
    [7m4657[0m       const missingSide =
    [7m    [0m [96m            ~~~~~~~~~~~[0m
    'missingSide' is declared here.
[96msrc/application/services/PerpKeeperScheduler.ts[0m:[93m2189[0m:[93m25[0m - [91merror[0m[90m TS2304: 
[0mCannot find name 'existingOrder'.

[7m2189[0m         failedExchange: existingOrder.exchange === ExchangeType.HYPERLIQUID
[7m    [0m [91m                        ~~~~~~~~~~~~~[0m
[96msrc/application/services/PerpKeeperScheduler.ts[0m:[93m2192[0m:[93m29[0m - [91merror[0m[90m TS2304: 
[0mCannot find name 'existingOrder'.

[7m2192[0m         successfulExchange: existingOrder.exchange,
[7m    [0m [91m                            ~~~~~~~~~~~~~[0m
[96msrc/application/services/PerpKeeperScheduler.ts[0m:[93m2194[0m:[93m28[0m - [91merror[0m[90m TS2448: 
[0mBlock-scoped variable 'missingSide' used before its declaration.

[7m2194[0m         failureMessage: `${missingSide} order missing after ${orderAgeSec.toFixed(0)}s`,
[7m    [0m [91m                           ~~~~~~~~~~~[0m

  [96msrc/application/services/PerpKeeperScheduler.ts[0m:[93m4657[0m:[93m13[0m
    [7m4657[0m       const missingSide =
    [7m    [0m [96m            ~~~~~~~~~~~[0m
    'missingSide' is declared here.
[96msrc/application/services/PerpKeeperScheduler.ts[0m:[93m2194[0m:[93m63[0m - [91merror[0m[90m TS2304: 
[0mCannot find name 'orderAgeSec'.

[7m2194[0m         failureMessage: `${missingSide} order missing after ${orderAgeSec.toFixed(0)}s`,
[7m    [0m [91m                                                              ~~~~~~~~~~~[0m
[96msrc/application/services/PerpKeeperScheduler.ts[0m:[93m2195[0m:[93m28[0m - [91merror[0m[90m TS2304: 
[0mCannot find name 'orderAgeMs'.

[7m2195[0m         timeBetweenLegsMs: orderAgeMs,
[7m    [0m [91m                           ~~~~~~~~~~[0m
[96msrc/application/services/PerpKeeperScheduler.ts[0m:[93m2198[0m:[93m3[0m - [91merror[0m[90m TS1128: 
[0mDeclaration or statement expected.

[7m2198[0m   }
[7m    [0m [91m  ~[0m
[96msrc/application/services/PerpKeeperScheduler.ts[0m:[93m2203[0m:[93m3[0m - [91merror[0m[90m TS1128: 
[0mDeclaration or statement expected.

[7m2203[0m   private async takeCorrectiveAction(
[7m    [0m [91m  ~~~~~~~[0m
[96msrc/application/services/PerpKeeperScheduler.ts[0m:[93m2203[0m:[93m11[0m - [91merror[0m[90m TS1434: 
[0mUnexpected keyword or identifier.

[7m2203[0m   private async takeCorrectiveAction(
[7m    [0m [91m          ~~~~~[0m
[96msrc/application/services/PerpKeeperScheduler.ts[0m:[93m2203[0m:[93m11[0m - [91merror[0m[90m TS2304: 
[0mCannot find name 'async'.

[7m2203[0m   private async takeCorrectiveAction(
[7m    [0m [91m          ~~~~~[0m
[96msrc/application/services/PerpKeeperScheduler.ts[0m:[93m2203[0m:[93m17[0m - [91merror[0m[90m TS2304: 
[0mCannot find name 'takeCorrectiveAction'.

[7m2203[0m   private async takeCorrectiveAction(
[7m    [0m [91m                ~~~~~~~~~~~~~~~~~~~~[0m
[96msrc/application/services/PerpKeeperScheduler.ts[0m:[93m2204[0m:[93m5[0m - [91merror[0m[90m TS2304: 
[0mCannot find name 'unfilledOrder'.

[7m2204[0m     unfilledOrder: any,
[7m    [0m [91m    ~~~~~~~~~~~~~[0m
[96msrc/application/services/PerpKeeperScheduler.ts[0m:[93m2204[0m:[93m18[0m - [91merror[0m[90m TS1005: 
[0m',' expected.

[7m2204[0m     unfilledOrder: any,
[7m    [0m [91m                 ~[0m
[96msrc/application/services/PerpKeeperScheduler.ts[0m:[93m2204[0m:[93m20[0m - [91merror[0m[90m TS2693: 
[0m'any' only refers to a type, but is being used as a value here.

[7m2204[0m     unfilledOrder: any,
[7m    [0m [91m                   ~~~[0m
[96msrc/application/services/PerpKeeperScheduler.ts[0m:[93m2205[0m:[93m5[0m - [91merror[0m[90m TS2448: 
[0mBlock-scoped variable 'adapter' used before its declaration.

[7m2205[0m     adapter: IPerpExchangeAdapter,
[7m    [0m [91m    ~~~~~~~[0m

  [96msrc/application/services/PerpKeeperScheduler.ts[0m:[93m4681[0m:[93m13[0m
    [7m4681[0m       const adapter = this.keeperService.getExchangeAdapter(missingExchange);
    [7m    [0m [96m            ~~~~~~~[0m
    'adapter' is declared here.
[96msrc/application/services/PerpKeeperScheduler.ts[0m:[93m2205[0m:[93m12[0m - [91merror[0m[90m TS1005: 
[0m',' expected.

[7m2205[0m     adapter: IPerpExchangeAdapter,
[7m    [0m [91m           ~[0m
[96msrc/application/services/PerpKeeperScheduler.ts[0m:[93m2205[0m:[93m14[0m - [91merror[0m[90m TS2693: 
[0m'IPerpExchangeAdapter' only refers to a type, but is being used as a value here.

[7m2205[0m     adapter: IPerpExchangeAdapter,
[7m    [0m [91m             ~~~~~~~~~~~~~~~~~~~~[0m
[96msrc/application/services/PerpKeeperScheduler.ts[0m:[93m2206[0m:[93m5[0m - [91merror[0m[90m TS2304: 
[0mCannot find name 'orderAgeSec'.

[7m2206[0m     orderAgeSec: number,
[7m    [0m [91m    ~~~~~~~~~~~[0m
[96msrc/application/services/PerpKeeperScheduler.ts[0m:[93m2206[0m:[93m16[0m - [91merror[0m[90m TS1005: 
[0m',' expected.

[7m2206[0m     orderAgeSec: number,
[7m    [0m [91m               ~[0m
[96msrc/application/services/PerpKeeperScheduler.ts[0m:[93m2206[0m:[93m18[0m - [91merror[0m[90m TS2693: 
[0m'number' only refers to a type, but is being used as a value here.

[7m2206[0m     orderAgeSec: number,
[7m    [0m [91m                 ~~~~~~[0m
[96msrc/application/services/PerpKeeperScheduler.ts[0m:[93m2207[0m:[93m5[0m - [91merror[0m[90m TS2304: 
[0mCannot find name 'aggressiveAgeSec'.

[7m2207[0m     aggressiveAgeSec: number,
[7m    [0m [91m    ~~~~~~~~~~~~~~~~[0m
[96msrc/application/services/PerpKeeperScheduler.ts[0m:[93m2207[0m:[93m21[0m - [91merror[0m[90m TS1005: 
[0m',' expected.

[7m2207[0m     aggressiveAgeSec: number,
[7m    [0m [91m                    ~[0m
[96msrc/application/services/PerpKeeperScheduler.ts[0m:[93m2207[0m:[93m23[0m - [91merror[0m[90m TS2693: 
[0m'number' only refers to a type, but is being used as a value here.

[7m2207[0m     aggressiveAgeSec: number,
[7m    [0m [91m                      ~~~~~~[0m
[96msrc/application/services/PerpKeeperScheduler.ts[0m:[93m2208[0m:[93m5[0m - [91merror[0m[90m TS2304: 
[0mCannot find name 'marketAgeSec'.

[7m2208[0m     marketAgeSec: number,
[7m    [0m [91m    ~~~~~~~~~~~~[0m
[96msrc/application/services/PerpKeeperScheduler.ts[0m:[93m2208[0m:[93m17[0m - [91merror[0m[90m TS1005: 
[0m',' expected.

[7m2208[0m     marketAgeSec: number,
[7m    [0m [91m                ~[0m
[96msrc/application/services/PerpKeeperScheduler.ts[0m:[93m2208[0m:[93m19[0m - [91merror[0m[90m TS2693: 
[0m'number' only refers to a type, but is being used as a value here.

[7m2208[0m     marketAgeSec: number,
[7m    [0m [91m                  ~~~~~~[0m
[96msrc/application/services/PerpKeeperScheduler.ts[0m:[93m2209[0m:[93m5[0m - [91merror[0m[90m TS2304: 
[0mCannot find name 'symbol'.

[7m2209[0m     symbol: string,
[7m    [0m [91m    ~~~~~~[0m
[96msrc/application/services/PerpKeeperScheduler.ts[0m:[93m2209[0m:[93m11[0m - [91merror[0m[90m TS1005: 
[0m',' expected.

[7m2209[0m     symbol: string,
[7m    [0m [91m          ~[0m
[96msrc/application/services/PerpKeeperScheduler.ts[0m:[93m2209[0m:[93m13[0m - [91merror[0m[90m TS2693: 
[0m'string' only refers to a type, but is being used as a value here.

[7m2209[0m     symbol: string,
[7m    [0m [91m            ~~~~~~[0m
[96msrc/application/services/PerpKeeperScheduler.ts[0m:[93m2210[0m:[93m5[0m - [91merror[0m[90m TS2304: 
[0mCannot find name 'side'.

[7m2210[0m     side: 'LONG' | 'SHORT',
[7m    [0m [91m    ~~~~[0m
[96msrc/application/services/PerpKeeperScheduler.ts[0m:[93m2210[0m:[93m9[0m - [91merror[0m[90m TS1005: 
[0m',' expected.

[7m2210[0m     side: 'LONG' | 'SHORT',
[7m    [0m [91m        ~[0m
[96msrc/application/services/PerpKeeperScheduler.ts[0m:[93m2210[0m:[93m11[0m - [91merror[0m[90m TS2362: 
[0mThe left-hand side of an arithmetic operation must be of type 'any', 'number', 'bigint' or an enum type.

[7m2210[0m     side: 'LONG' | 'SHORT',
[7m    [0m [91m          ~~~~~~[0m
[96msrc/application/services/PerpKeeperScheduler.ts[0m:[93m2210[0m:[93m20[0m - [91merror[0m[90m TS2363: 
[0mThe right-hand side of an arithmetic operation must be of type 'any', 'number', 'bigint' or an enum type.

[7m2210[0m     side: 'LONG' | 'SHORT',
[7m    [0m [91m                   ~~~~~~~[0m
[96msrc/application/services/PerpKeeperScheduler.ts[0m:[93m2211[0m:[93m4[0m - [91merror[0m[90m TS1005: 
[0m';' expected.

[7m2211[0m   ): Promise<void> {
[7m    [0m [91m   ~[0m
[96msrc/application/services/PerpKeeperScheduler.ts[0m:[93m2211[0m:[93m6[0m - [91merror[0m[90m TS2365: 
[0mOperator '>' cannot be applied to types 'boolean' and '{ try: boolean; }'.

[7m2211[0m   ): Promise<void> {
[7m    [0m [91m     ~~~~~~~~~~~~~~~[0m
[7m2212[0m     try {
[7m    [0m [91m~~~~~~~~~[0m
[7m2213[0m       if (orderAgeSec >= marketAgeSec) {
[7m    [0m [91m~~~~~~~~~~~~~~~~~~~~~~~~~~~~~~~~~~~~~~[0m
[96msrc/application/services/PerpKeeperScheduler.ts[0m:[93m2211[0m:[93m14[0m - [91merror[0m[90m TS2532: 
[0mObject is possibly 'undefined'.

[7m2211[0m   ): Promise<void> {
[7m    [0m [91m             ~~~~[0m
[96msrc/application/services/PerpKeeperScheduler.ts[0m:[93m2211[0m:[93m18[0m - [91merror[0m[90m TS1109: 
[0mExpression expected.

[7m2211[0m   ): Promise<void> {
[7m    [0m [91m                 ~[0m
[96msrc/application/services/PerpKeeperScheduler.ts[0m:[93m2212[0m:[93m9[0m - [91merror[0m[90m TS1005: 
[0m':' expected.

[7m2212[0m     try {
[7m    [0m [91m        ~[0m
[96msrc/application/services/PerpKeeperScheduler.ts[0m:[93m2213[0m:[93m23[0m - [91merror[0m[90m TS1005: 
[0m',' expected.

[7m2213[0m       if (orderAgeSec >= marketAgeSec) {
[7m    [0m [91m                      ~[0m
[96msrc/application/services/PerpKeeperScheduler.ts[0m:[93m2213[0m:[93m26[0m - [91merror[0m[90m TS2304: 
[0mCannot find name 'marketAgeSec'.

[7m2213[0m       if (orderAgeSec >= marketAgeSec) {
[7m    [0m [91m                         ~~~~~~~~~~~~[0m
[96msrc/application/services/PerpKeeperScheduler.ts[0m:[93m2213[0m:[93m38[0m - [91merror[0m[90m TS1005: 
[0m',' expected.

[7m2213[0m       if (orderAgeSec >= marketAgeSec) {
[7m    [0m [91m                                     ~[0m
[96msrc/application/services/PerpKeeperScheduler.ts[0m:[93m2213[0m:[93m40[0m - [91merror[0m[90m TS1136: 
[0mProperty assignment expected.

[7m2213[0m       if (orderAgeSec >= marketAgeSec) {
[7m    [0m [91m                                       ~[0m
[96msrc/application/services/PerpKeeperScheduler.ts[0m:[93m2215[0m:[93m9[0m - [91merror[0m[90m TS2532: 
[0mObject is possibly 'undefined'.

[7m2215[0m         this.logger.warn(
[7m    [0m [91m        ~~~~[0m
[96msrc/application/services/PerpKeeperScheduler.ts[0m:[93m2216[0m:[93m42[0m - [91merror[0m[90m TS2304: 
[0mCannot find name 'symbol'.

[7m2216[0m           `­ƒÜ¿ Forcing MARKET order for ${symbol} ${side} after ${orderAgeSec.toFixed(0)}s unfilled. ` +
[7m    [0m [91m                                         ~~~~~~[0m
[96msrc/application/services/PerpKeeperScheduler.ts[0m:[93m2216[0m:[93m52[0m - [91merror[0m[90m TS2304: 
[0mCannot find name 'side'.

[7m2216[0m           `­ƒÜ¿ Forcing MARKET order for ${symbol} ${side} after ${orderAgeSec.toFixed(0)}s unfilled. ` +
[7m    [0m [91m                                                   ~~~~[0m
[96msrc/application/services/PerpKeeperScheduler.ts[0m:[93m2216[0m:[93m66[0m - [91merror[0m[90m TS2304: 
[0mCannot find name 'orderAgeSec'.

[7m2216[0m           `­ƒÜ¿ Forcing MARKET order for ${symbol} ${side} after ${orderAgeSec.toFixed(0)}s unfilled. ` +
[7m    [0m [91m                                                                 ~~~~~~~~~~~[0m
[96msrc/application/services/PerpKeeperScheduler.ts[0m:[93m2217[0m:[93m40[0m - [91merror[0m[90m TS2304: 
[0mCannot find name 'unfilledOrder'.

[7m2217[0m           `Cancelling existing order ${unfilledOrder.orderId} and placing market order.`
[7m    [0m [91m                                       ~~~~~~~~~~~~~[0m
[96msrc/application/services/PerpKeeperScheduler.ts[0m:[93m2222[0m:[93m17[0m - [91merror[0m[90m TS2448: 
[0mBlock-scoped variable 'adapter' used before its declaration.

[7m2222[0m           await adapter.cancelOrder(unfilledOrder.orderId, unfilledOrder.symbol);
[7m    [0m [91m                ~~~~~~~[0m

  [96msrc/application/services/PerpKeeperScheduler.ts[0m:[93m4681[0m:[93m13[0m
    [7m4681[0m       const adapter = this.keeperService.getExchangeAdapter(missingExchange);
    [7m    [0m [96m            ~~~~~~~[0m
    'adapter' is declared here.
[96msrc/application/services/PerpKeeperScheduler.ts[0m:[93m2222[0m:[93m37[0m - [91merror[0m[90m TS2304: 
[0mCannot find name 'unfilledOrder'.

[7m2222[0m           await adapter.cancelOrder(unfilledOrder.orderId, unfilledOrder.symbol);
[7m    [0m [91m                                    ~~~~~~~~~~~~~[0m
[96msrc/application/services/PerpKeeperScheduler.ts[0m:[93m2222[0m:[93m60[0m - [91merror[0m[90m TS2304: 
[0mCannot find name 'unfilledOrder'.

[7m2222[0m           await adapter.cancelOrder(unfilledOrder.orderId, unfilledOrder.symbol);
[7m    [0m [91m                                                           ~~~~~~~~~~~~~[0m
[96msrc/application/services/PerpKeeperScheduler.ts[0m:[93m2224[0m:[93m11[0m - [91merror[0m[90m TS2532: 
[0mObject is possibly 'undefined'.

[7m2224[0m           this.logger.debug(`Could not cancel order (may already be filled): ${cancelErr.message}`);
[7m    [0m [91m          ~~~~[0m
[96msrc/application/services/PerpKeeperScheduler.ts[0m:[93m2228[0m:[93m33[0m - [91merror[0m[90m TS2448: 
[0mBlock-scoped variable 'adapter' used before its declaration.

[7m2228[0m         const markPrice = await adapter.getMarkPrice(unfilledOrder.symbol);
[7m    [0m [91m                                ~~~~~~~[0m

  [96msrc/application/services/PerpKeeperScheduler.ts[0m:[93m4681[0m:[93m13[0m
    [7m4681[0m       const adapter = this.keeperService.getExchangeAdapter(missingExchange);
    [7m    [0m [96m            ~~~~~~~[0m
    'adapter' is declared here.
[96msrc/application/services/PerpKeeperScheduler.ts[0m:[93m2228[0m:[93m54[0m - [91merror[0m[90m TS2304: 
[0mCannot find name 'unfilledOrder'.

[7m2228[0m         const markPrice = await adapter.getMarkPrice(unfilledOrder.symbol);
[7m    [0m [91m                                                     ~~~~~~~~~~~~~[0m
[96msrc/application/services/PerpKeeperScheduler.ts[0m:[93m2230[0m:[93m11[0m - [91merror[0m[90m TS2304: 
[0mCannot find name 'unfilledOrder'.

[7m2230[0m           unfilledOrder.symbol,
[7m    [0m [91m          ~~~~~~~~~~~~~[0m
[96msrc/application/services/PerpKeeperScheduler.ts[0m:[93m2231[0m:[93m11[0m - [91merror[0m[90m TS2304: 
[0mCannot find name 'side'.

[7m2231[0m           side === 'LONG' ? OrderSide.LONG : OrderSide.SHORT,
[7m    [0m [91m          ~~~~[0m
[96msrc/application/services/PerpKeeperScheduler.ts[0m:[93m2233[0m:[93m11[0m - [91merror[0m[90m TS2304: 
[0mCannot find name 'unfilledOrder'.

[7m2233[0m           unfilledOrder.size,
[7m    [0m [91m          ~~~~~~~~~~~~~[0m
[96msrc/application/services/PerpKeeperScheduler.ts[0m:[93m2239[0m:[93m32[0m - [91merror[0m[90m TS2448: 
[0mBlock-scoped variable 'adapter' used before its declaration.

[7m2239[0m         const response = await adapter.placeOrder(marketOrder);
[7m    [0m [91m                               ~~~~~~~[0m

  [96msrc/application/services/PerpKeeperScheduler.ts[0m:[93m4681[0m:[93m13[0m
    [7m4681[0m       const adapter = this.keeperService.getExchangeAdapter(missingExchange);
    [7m    [0m [96m            ~~~~~~~[0m
    'adapter' is declared here.
[96msrc/application/services/PerpKeeperScheduler.ts[0m:[93m2241[0m:[93m11[0m - [91merror[0m[90m TS2532: 
[0mObject is possibly 'undefined'.

[7m2241[0m           this.logger.log(`Ô£à MARKET order placed to complete ${symbol} ${side}: ${response.orderId}`);
[7m    [0m [91m          ~~~~[0m
[96msrc/application/services/PerpKeeperScheduler.ts[0m:[93m2241[0m:[93m64[0m - [91merror[0m[90m TS2304: 
[0mCannot find name 'symbol'.

[7m2241[0m           this.logger.log(`Ô£à MARKET order placed to complete ${symbol} ${side}: ${response.orderId}`);
[7m    [0m [91m                                                               ~~~~~~[0m
[96msrc/application/services/PerpKeeperScheduler.ts[0m:[93m2241[0m:[93m74[0m - [91merror[0m[90m TS2304: 
[0mCannot find name 'side'.

[7m2241[0m           this.logger.log(`Ô£à MARKET order placed to complete ${symbol} ${side}: ${response.orderId}`);
[7m    [0m [91m                                                                         ~~~~[0m
[96msrc/application/services/PerpKeeperScheduler.ts[0m:[93m2242[0m:[93m11[0m - [91merror[0m[90m TS2532: 
[0mObject is possibly 'undefined'.

[7m2242[0m           this.executionLockService?.forceClearOrder(unfilledOrder.exchange, unfilledOrder.symbol, side);
[7m    [0m [91m          ~~~~[0m
[96msrc/application/services/PerpKeeperScheduler.ts[0m:[93m2242[0m:[93m54[0m - [91merror[0m[90m TS2304: 
[0mCannot find name 'unfilledOrder'.

[7m2242[0m           this.executionLockService?.forceClearOrder(unfilledOrder.exchange, unfilledOrder.symbol, side);
[7m    [0m [91m                                                     ~~~~~~~~~~~~~[0m
[96msrc/application/services/PerpKeeperScheduler.ts[0m:[93m2242[0m:[93m78[0m - [91merror[0m[90m TS2304: 
[0mCannot find name 'unfilledOrder'.

[7m2242[0m           this.executionLockService?.forceClearOrder(unfilledOrder.exchange, unfilledOrder.symbol, side);
[7m    [0m [91m                                                                             ~~~~~~~~~~~~~[0m
[96msrc/application/services/PerpKeeperScheduler.ts[0m:[93m2242[0m:[93m100[0m - [91merror[0m[90m TS2304: 
[0mCannot find name 'side'.

[7m2242[0m           this.executionLockService?.forceClearOrder(unfilledOrder.exchange, unfilledOrder.symbol, side);
[7m    [0m [91m                                                                                                   
~~~~[0m
[96msrc/application/services/PerpKeeperScheduler.ts[0m:[93m2244[0m:[93m11[0m - [91merror[0m[90m TS2532: 
[0mObject is possibly 'undefined'.

[7m2244[0m           this.logger.error(`ÔØî Failed to place corrective MARKET order: ${response.error}`);
[7m    [0m [91m          ~~~~[0m
[96msrc/application/services/PerpKeeperScheduler.ts[0m:[93m2247[0m:[93m9[0m - [91merror[0m[90m TS1128: 
[0mDeclaration or statement expected.

[7m2247[0m       } else if (orderAgeSec >= aggressiveAgeSec) {
[7m    [0m [91m        ~~~~[0m
[96msrc/application/services/PerpKeeperScheduler.ts[0m:[93m2247[0m:[93m18[0m - [91merror[0m[90m TS2304: 
[0mCannot find name 'orderAgeSec'.

[7m2247[0m       } else if (orderAgeSec >= aggressiveAgeSec) {
[7m    [0m [91m                 ~~~~~~~~~~~[0m
[96msrc/application/services/PerpKeeperScheduler.ts[0m:[93m2247[0m:[93m33[0m - [91merror[0m[90m TS2304: 
[0mCannot find name 'aggressiveAgeSec'.

[7m2247[0m       } else if (orderAgeSec >= aggressiveAgeSec) {
[7m    [0m [91m                                ~~~~~~~~~~~~~~~~[0m
[96msrc/application/services/PerpKeeperScheduler.ts[0m:[93m2249[0m:[93m9[0m - [91merror[0m[90m TS2532: 
[0mObject is possibly 'undefined'.

[7m2249[0m         this.logger.warn(
[7m    [0m [91m        ~~~~[0m
[96msrc/application/services/PerpKeeperScheduler.ts[0m:[93m2250[0m:[93m61[0m - [91merror[0m[90m TS2304: 
[0mCannot find name 'symbol'.

[7m2250[0m           `ÔÜá´©Å Attempting aggressive price improvement for ${symbol} ${side} after 
${orderAgeSec.toFixed(0)}s unfilled`
[7m    [0m [91m                                                            ~~~~~~[0m
[96msrc/application/services/PerpKeeperScheduler.ts[0m:[93m2250[0m:[93m71[0m - [91merror[0m[90m TS2304: 
[0mCannot find name 'side'.

[7m2250[0m           `ÔÜá´©Å Attempting aggressive price improvement for ${symbol} ${side} after 
${orderAgeSec.toFixed(0)}s unfilled`
[7m    [0m [91m                                                                      ~~~~[0m
[96msrc/application/services/PerpKeeperScheduler.ts[0m:[93m2250[0m:[93m85[0m - [91merror[0m[90m TS2304: 
[0mCannot find name 'orderAgeSec'.

[7m2250[0m           `ÔÜá´©Å Attempting aggressive price improvement for ${symbol} ${side} after 
${orderAgeSec.toFixed(0)}s unfilled`
[7m    [0m [91m                                                                                    ~~~~~~~~~~~[0m
[96msrc/application/services/PerpKeeperScheduler.ts[0m:[93m2255[0m:[93m10[0m - [91merror[0m[90m TS2304: 
[0mCannot find name 'unfilledOrder'.

[7m2255[0m         (unfilledOrder as any).isForceFilling = true;
[7m    [0m [91m         ~~~~~~~~~~~~~[0m
[96msrc/application/services/PerpKeeperScheduler.ts[0m:[93m2256[0m:[93m9[0m - [91merror[0m[90m TS2532: 
[0mObject is possibly 'undefined'.

[7m2256[0m         this.executionLockService?.updateActiveOrder(unfilledOrder);
[7m    [0m [91m        ~~~~[0m
[96msrc/application/services/PerpKeeperScheduler.ts[0m:[93m2256[0m:[93m54[0m - [91merror[0m[90m TS2304: 
[0mCannot find name 'unfilledOrder'.

[7m2256[0m         this.executionLockService?.updateActiveOrder(unfilledOrder);
[7m    [0m [91m                                                     ~~~~~~~~~~~~~[0m
[96msrc/application/services/PerpKeeperScheduler.ts[0m:[93m2258[0m:[93m33[0m - [91merror[0m[90m TS2448: 
[0mBlock-scoped variable 'adapter' used before its declaration.

[7m2258[0m         const markPrice = await adapter.getMarkPrice(unfilledOrder.symbol);
[7m    [0m [91m                                ~~~~~~~[0m

  [96msrc/application/services/PerpKeeperScheduler.ts[0m:[93m4681[0m:[93m13[0m
    [7m4681[0m       const adapter = this.keeperService.getExchangeAdapter(missingExchange);
    [7m    [0m [96m            ~~~~~~~[0m
    'adapter' is declared here.
[96msrc/application/services/PerpKeeperScheduler.ts[0m:[93m2258[0m:[93m54[0m - [91merror[0m[90m TS2304: 
[0mCannot find name 'unfilledOrder'.

[7m2258[0m         const markPrice = await adapter.getMarkPrice(unfilledOrder.symbol);
[7m    [0m [91m                                                     ~~~~~~~~~~~~~[0m
[96msrc/application/services/PerpKeeperScheduler.ts[0m:[93m2260[0m:[93m31[0m - [91merror[0m[90m TS2304: 
[0mCannot find name 'side'.

[7m2260[0m         const improvedPrice = side === 'LONG'
[7m    [0m [91m                              ~~~~[0m
[96msrc/application/services/PerpKeeperScheduler.ts[0m:[93m2265[0m:[93m30[0m - [91merror[0m[90m TS2448: 
[0mBlock-scoped variable 'adapter' used before its declaration.

[7m2265[0m         if ('modifyOrder' in adapter && typeof adapter.modifyOrder === 'function') {
[7m    [0m [91m                             ~~~~~~~[0m

  [96msrc/application/services/PerpKeeperScheduler.ts[0m:[93m4681[0m:[93m13[0m
    [7m4681[0m       const adapter = this.keeperService.getExchangeAdapter(missingExchange);
    [7m    [0m [96m            ~~~~~~~[0m
    'adapter' is declared here.
[96msrc/application/services/PerpKeeperScheduler.ts[0m:[93m2265[0m:[93m48[0m - [91merror[0m[90m TS2448: 
[0mBlock-scoped variable 'adapter' used before its declaration.

[7m2265[0m         if ('modifyOrder' in adapter && typeof adapter.modifyOrder === 'function') {
[7m    [0m [91m                                               ~~~~~~~[0m

  [96msrc/application/services/PerpKeeperScheduler.ts[0m:[93m4681[0m:[93m13[0m
    [7m4681[0m       const adapter = this.keeperService.getExchangeAdapter(missingExchange);
    [7m    [0m [96m            ~~~~~~~[0m
    'adapter' is declared here.
[96msrc/application/services/PerpKeeperScheduler.ts[0m:[93m2267[0m:[93m20[0m - [91merror[0m[90m TS2448: 
[0mBlock-scoped variable 'adapter' used before its declaration.

[7m2267[0m             await (adapter as any).modifyOrder(unfilledOrder.orderId, new PerpOrderRequest(
[7m    [0m [91m                   ~~~~~~~[0m

  [96msrc/application/services/PerpKeeperScheduler.ts[0m:[93m4681[0m:[93m13[0m
    [7m4681[0m       const adapter = this.keeperService.getExchangeAdapter(missingExchange);
    [7m    [0m [96m            ~~~~~~~[0m
    'adapter' is declared here.
[96msrc/application/services/PerpKeeperScheduler.ts[0m:[93m2267[0m:[93m48[0m - [91merror[0m[90m TS2304: 
[0mCannot find name 'unfilledOrder'.

[7m2267[0m             await (adapter as any).modifyOrder(unfilledOrder.orderId, new PerpOrderRequest(
[7m    [0m [91m                                               ~~~~~~~~~~~~~[0m
[96msrc/application/services/PerpKeeperScheduler.ts[0m:[93m2268[0m:[93m15[0m - [91merror[0m[90m TS2304: 
[0mCannot find name 'unfilledOrder'.

[7m2268[0m               unfilledOrder.symbol,
[7m    [0m [91m              ~~~~~~~~~~~~~[0m
[96msrc/application/services/PerpKeeperScheduler.ts[0m:[93m2269[0m:[93m15[0m - [91merror[0m[90m TS2304: 
[0mCannot find name 'side'.

[7m2269[0m               side === 'LONG' ? OrderSide.LONG : OrderSide.SHORT,
[7m    [0m [91m              ~~~~[0m
[96msrc/application/services/PerpKeeperScheduler.ts[0m:[93m2271[0m:[93m15[0m - [91merror[0m[90m TS2304: 
[0mCannot find name 'unfilledOrder'.

[7m2271[0m               unfilledOrder.size,
[7m    [0m [91m              ~~~~~~~~~~~~~[0m
[96msrc/application/services/PerpKeeperScheduler.ts[0m:[93m2276[0m:[93m13[0m - [91merror[0m[90m TS2532: 
[0mObject is possibly 'undefined'.

[7m2276[0m             this.logger.log(`ƒôê Improved price on ${symbol} ${side} order to 
${improvedPrice.toFixed(6)}`);
[7m    [0m [91m            ~~~~[0m
[96msrc/application/services/PerpKeeperScheduler.ts[0m:[93m2276[0m:[93m53[0m - [91merror[0m[90m TS2304: 
[0mCannot find name 'symbol'.

[7m2276[0m             this.logger.log(`ƒôê Improved price on ${symbol} ${side} order to 
${improvedPrice.toFixed(6)}`);
[7m    [0m [91m                                                    ~~~~~~[0m
[96msrc/application/services/PerpKeeperScheduler.ts[0m:[93m2276[0m:[93m63[0m - [91merror[0m[90m TS2304: 
[0mCannot find name 'side'.

[7m2276[0m             this.logger.log(`ƒôê Improved price on ${symbol} ${side} order to 
${improvedPrice.toFixed(6)}`);
[7m    [0m [91m                                                              ~~~~[0m
[96msrc/application/services/PerpKeeperScheduler.ts[0m:[93m2278[0m:[93m13[0m - [91merror[0m[90m TS2532: 
[0mObject is possibly 'undefined'.

[7m2278[0m             this.logger.debug(`Could not modify order (may be filled): ${modifyErr.message}`);
[7m    [0m [91m            ~~~~[0m
[96msrc/application/services/PerpKeeperScheduler.ts[0m:[93m2283[0m:[93m19[0m - [91merror[0m[90m TS2448: 
[0mBlock-scoped variable 'adapter' used before its declaration.

[7m2283[0m             await adapter.cancelOrder(unfilledOrder.orderId, unfilledOrder.symbol);
[7m    [0m [91m                  ~~~~~~~[0m

  [96msrc/application/services/PerpKeeperScheduler.ts[0m:[93m4681[0m:[93m13[0m
    [7m4681[0m       const adapter = this.keeperService.getExchangeAdapter(missingExchange);
    [7m    [0m [96m            ~~~~~~~[0m
    'adapter' is declared here.
[96msrc/application/services/PerpKeeperScheduler.ts[0m:[93m2283[0m:[93m39[0m - [91merror[0m[90m TS2304: 
[0mCannot find name 'unfilledOrder'.

[7m2283[0m             await adapter.cancelOrder(unfilledOrder.orderId, unfilledOrder.symbol);
[7m    [0m [91m                                      ~~~~~~~~~~~~~[0m
[96msrc/application/services/PerpKeeperScheduler.ts[0m:[93m2283[0m:[93m62[0m - [91merror[0m[90m TS2304: 
[0mCannot find name 'unfilledOrder'.

[7m2283[0m             await adapter.cancelOrder(unfilledOrder.orderId, unfilledOrder.symbol);
[7m    [0m [91m                                                             ~~~~~~~~~~~~~[0m
[96msrc/application/services/PerpKeeperScheduler.ts[0m:[93m2285[0m:[93m15[0m - [91merror[0m[90m TS2304: 
[0mCannot find name 'unfilledOrder'.

[7m2285[0m               unfilledOrder.symbol,
[7m    [0m [91m              ~~~~~~~~~~~~~[0m
[96msrc/application/services/PerpKeeperScheduler.ts[0m:[93m2286[0m:[93m15[0m - [91merror[0m[90m TS2304: 
[0mCannot find name 'side'.

[7m2286[0m               side === 'LONG' ? OrderSide.LONG : OrderSide.SHORT,
[7m    [0m [91m              ~~~~[0m
[96msrc/application/services/PerpKeeperScheduler.ts[0m:[93m2288[0m:[93m15[0m - [91merror[0m[90m TS2304: 
[0mCannot find name 'unfilledOrder'.

[7m2288[0m               unfilledOrder.size,
[7m    [0m [91m              ~~~~~~~~~~~~~[0m
[96msrc/application/services/PerpKeeperScheduler.ts[0m:[93m2293[0m:[93m36[0m - [91merror[0m[90m TS2448: 
[0mBlock-scoped variable 'adapter' used before its declaration.

[7m2293[0m             const response = await adapter.placeOrder(replaceOrder);
[7m    [0m [91m                                   ~~~~~~~[0m

  [96msrc/application/services/PerpKeeperScheduler.ts[0m:[93m4681[0m:[93m13[0m
    [7m4681[0m       const adapter = this.keeperService.getExchangeAdapter(missingExchange);
    [7m    [0m [96m            ~~~~~~~[0m
    'adapter' is declared here.
[96msrc/application/services/PerpKeeperScheduler.ts[0m:[93m2295[0m:[93m15[0m - [91merror[0m[90m TS2532: 
[0mObject is possibly 'undefined'.

[7m2295[0m               this.logger.log(`ƒôê Replaced order for ${symbol} ${side} at improved price 
${improvedPrice.toFixed(6)}`);
[7m    [0m [91m              ~~~~[0m
[96msrc/application/services/PerpKeeperScheduler.ts[0m:[93m2295[0m:[93m56[0m - [91merror[0m[90m TS2304: 
[0mCannot find name 'symbol'.

[7m2295[0m               this.logger.log(`ƒôê Replaced order for ${symbol} ${side} at improved price 
${improvedPrice.toFixed(6)}`);
[7m    [0m [91m                                                       ~~~~~~[0m
[96msrc/application/services/PerpKeeperScheduler.ts[0m:[93m2295[0m:[93m66[0m - [91merror[0m[90m TS2304: 
[0mCannot find name 'side'.

[7m2295[0m               this.logger.log(`ƒôê Replaced order for ${symbol} ${side} at improved price 
${improvedPrice.toFixed(6)}`);
[7m    [0m [91m                                                                 ~~~~[0m
[96msrc/application/services/PerpKeeperScheduler.ts[0m:[93m2298[0m:[93m13[0m - [91merror[0m[90m TS2532: 
[0mObject is possibly 'undefined'.

[7m2298[0m             this.logger.debug(`Could not replace order: ${replaceErr.message}`);
[7m    [0m [91m            ~~~~[0m
[96msrc/application/services/PerpKeeperScheduler.ts[0m:[93m2302[0m:[93m5[0m - [91merror[0m[90m TS1109: 
[0mExpression expected.

[7m2302[0m     } catch (error: any) {
[7m    [0m [91m    ~[0m
[96msrc/application/services/PerpKeeperScheduler.ts[0m:[93m2302[0m:[93m7[0m - [91merror[0m[90m TS1005: 
[0m'try' expected.

[7m2302[0m     } catch (error: any) {
[7m    [0m [91m      ~~~~~[0m
[96msrc/application/services/PerpKeeperScheduler.ts[0m:[93m2303[0m:[93m7[0m - [91merror[0m[90m TS2532: 
[0mObject is possibly 'undefined'.

[7m2303[0m       this.logger.error(`Error taking corrective action for ${symbol} ${side}: ${error.message}`);
[7m    [0m [91m      ~~~~[0m
[96msrc/application/services/PerpKeeperScheduler.ts[0m:[93m2303[0m:[93m63[0m - [91merror[0m[90m TS2304: 
[0mCannot find name 'symbol'.

[7m2303[0m       this.logger.error(`Error taking corrective action for ${symbol} ${side}: ${error.message}`);
[7m    [0m [91m                                                              ~~~~~~[0m
[96msrc/application/services/PerpKeeperScheduler.ts[0m:[93m2303[0m:[93m73[0m - [91merror[0m[90m TS2304: 
[0mCannot find name 'side'.

[7m2303[0m       this.logger.error(`Error taking corrective action for ${symbol} ${side}: ${error.message}`);
[7m    [0m [91m                                                                        ~~~~[0m
[96msrc/application/services/PerpKeeperScheduler.ts[0m:[93m2305[0m:[93m3[0m - [91merror[0m[90m TS1109: 
[0mExpression expected.

[7m2305[0m   }
[7m    [0m [91m  ~[0m
[96msrc/application/services/PerpKeeperScheduler.ts[0m:[93m2323[0m:[93m8[0m - [91merror[0m[90m TS1146: 
[0mDeclaration expected.

[7m2323[0m   async verifyTrackedOrders(): Promise<void> {
[7m    [0m [91m       [0m
[96msrc/application/services/PerpKeeperScheduler.ts[0m:[93m2323[0m:[93m9[0m - [91merror[0m[90m TS2304: 
[0mCannot find name 'verifyTrackedOrders'.

[7m2323[0m   async verifyTrackedOrders(): Promise<void> {
[7m    [0m [91m        ~~~~~~~~~~~~~~~~~~~[0m
[96msrc/application/services/PerpKeeperScheduler.ts[0m:[93m2323[0m:[93m30[0m - [91merror[0m[90m TS1005: 
[0m';' expected.

[7m2323[0m   async verifyTrackedOrders(): Promise<void> {
[7m    [0m [91m                             ~[0m
[96msrc/application/services/PerpKeeperScheduler.ts[0m:[93m2323[0m:[93m32[0m - [91merror[0m[90m TS2365: 
[0mOperator '>' cannot be applied to types 'boolean' and '{ if(: any, this: any): any; if(this: any): any; if(: any, 
this: any): any; "": any; return: any; }'.

[7m2323[0m   async verifyTrackedOrders(): Promise<void> {
[7m    [0m [91m                               ~~~~~~~~~~~~~~~[0m
[7m2324[0m     if (!this.executionLockService) return;
[7m    [0m [91m~~~~~~~~~~~~~~~~~~~~~~~~~~~~~~~~~~~~~~~~~~~[0m
[7m ...[0m 
[7m2329[0m       return;
[7m    [0m [91m~~~~~~~~~~~~~[0m
[7m2330[0m     }
[7m    [0m [91m~~~~~[0m
[96msrc/application/services/PerpKeeperScheduler.ts[0m:[93m2323[0m:[93m40[0m - [91merror[0m[90m TS2532: 
[0mObject is possibly 'undefined'.

[7m2323[0m   async verifyTrackedOrders(): Promise<void> {
[7m    [0m [91m                                       ~~~~[0m
[96msrc/application/services/PerpKeeperScheduler.ts[0m:[93m2323[0m:[93m44[0m - [91merror[0m[90m TS1109: 
[0mExpression expected.

[7m2323[0m   async verifyTrackedOrders(): Promise<void> {
[7m    [0m [91m                                           ~[0m
[96msrc/application/services/PerpKeeperScheduler.ts[0m:[93m2324[0m:[93m9[0m - [91merror[0m[90m TS1003: 
[0mIdentifier expected.

[7m2324[0m     if (!this.executionLockService) return;
[7m    [0m [91m        ~[0m
[96msrc/application/services/PerpKeeperScheduler.ts[0m:[93m2324[0m:[93m10[0m - [91merror[0m[90m TS2680: [0mA 
'this' parameter must be the first parameter.

[7m2324[0m     if (!this.executionLockService) return;
[7m    [0m [91m         ~~~~[0m
[96msrc/application/services/PerpKeeperScheduler.ts[0m:[93m2324[0m:[93m14[0m - [91merror[0m[90m TS1005: 
[0m',' expected.

[7m2324[0m     if (!this.executionLockService) return;
[7m    [0m [91m             ~[0m
[96msrc/application/services/PerpKeeperScheduler.ts[0m:[93m2324[0m:[93m35[0m - [91merror[0m[90m TS1005: 
[0m',' expected.

[7m2324[0m     if (!this.executionLockService) return;
[7m    [0m [91m                                  ~[0m
[96msrc/application/services/PerpKeeperScheduler.ts[0m:[93m2324[0m:[93m43[0m - [91merror[0m[90m TS1005: 
[0m':' expected.

[7m2324[0m     if (!this.executionLockService) return;
[7m    [0m [91m                                          ~[0m
[96msrc/application/services/PerpKeeperScheduler.ts[0m:[93m2325[0m:[93m13[0m - [91merror[0m[90m TS1005: 
[0m',' expected.

[7m2325[0m     if (this.isRunning) return; // Don't interfere with active execution
[7m    [0m [91m            ~[0m
[96msrc/application/services/PerpKeeperScheduler.ts[0m:[93m2325[0m:[93m23[0m - [91merror[0m[90m TS1005: 
[0m',' expected.

[7m2325[0m     if (this.isRunning) return; // Don't interfere with active execution
[7m    [0m [91m                      ~[0m
[96msrc/application/services/PerpKeeperScheduler.ts[0m:[93m2325[0m:[93m31[0m - [91merror[0m[90m TS1005: 
[0m':' expected.

[7m2325[0m     if (this.isRunning) return; // Don't interfere with active execution
[7m    [0m [91m                              ~[0m
[96msrc/application/services/PerpKeeperScheduler.ts[0m:[93m2328[0m:[93m9[0m - [91merror[0m[90m TS1003: 
[0mIdentifier expected.

[7m2328[0m     if (!this.isRateLimitHealthy(0.4)) {
[7m    [0m [91m        ~[0m
[96msrc/application/services/PerpKeeperScheduler.ts[0m:[93m2328[0m:[93m10[0m - [91merror[0m[90m TS2680: [0mA 
'this' parameter must be the first parameter.

[7m2328[0m     if (!this.isRateLimitHealthy(0.4)) {
[7m    [0m [91m         ~~~~[0m
[96msrc/application/services/PerpKeeperScheduler.ts[0m:[93m2328[0m:[93m14[0m - [91merror[0m[90m TS1005: 
[0m',' expected.

[7m2328[0m     if (!this.isRateLimitHealthy(0.4)) {
[7m    [0m [91m             ~[0m
[96msrc/application/services/PerpKeeperScheduler.ts[0m:[93m2328[0m:[93m38[0m - [91merror[0m[90m TS1005: 
[0m',' expected.

[7m2328[0m     if (!this.isRateLimitHealthy(0.4)) {
[7m    [0m [91m                                     ~[0m
[96msrc/application/services/PerpKeeperScheduler.ts[0m:[93m2328[0m:[93m40[0m - [91merror[0m[90m TS1136: 
[0mProperty assignment expected.

[7m2328[0m     if (!this.isRateLimitHealthy(0.4)) {
[7m    [0m [91m                                       ~[0m
[96msrc/application/services/PerpKeeperScheduler.ts[0m:[93m2329[0m:[93m13[0m - [91merror[0m[90m TS1005: 
[0m':' expected.

[7m2329[0m       return;
[7m    [0m [91m            ~[0m
[96msrc/application/services/PerpKeeperScheduler.ts[0m:[93m2338[0m:[93m27[0m - [91merror[0m[90m TS2532: 
[0mObject is possibly 'undefined'.

[7m2338[0m       const staleOrders = this.executionLockService.getOrdersOlderThan(staleAgeMs);
[7m    [0m [91m                          ~~~~[0m
[96msrc/application/services/PerpKeeperScheduler.ts[0m:[93m2344[0m:[93m7[0m - [91merror[0m[90m TS2532: 
[0mObject is possibly 'undefined'.

[7m2344[0m       this.logger.log(
[7m    [0m [91m      ~~~~[0m
[96msrc/application/services/PerpKeeperScheduler.ts[0m:[93m2350[0m:[93m27[0m - [91merror[0m[90m TS2532: 
[0mObject is possibly 'undefined'.

[7m2350[0m           const adapter = this.keeperService.getExchangeAdapters().get(order.exchange as ExchangeType);
[7m    [0m [91m                          ~~~~[0m
[96msrc/application/services/PerpKeeperScheduler.ts[0m:[93m2352[0m:[93m13[0m - [91merror[0m[90m TS2532: 
[0mObject is possibly 'undefined'.

[7m2352[0m             this.logger.warn(`No adapter found for ${order.exchange}, clearing tracked order 
${order.orderId}`);
[7m    [0m [91m            ~~~~[0m
[96msrc/application/services/PerpKeeperScheduler.ts[0m:[93m2353[0m:[93m13[0m - [91merror[0m[90m TS2532: 
[0mObject is possibly 'undefined'.

[7m2353[0m             this.executionLockService.forceClearOrder(order.exchange, order.symbol, order.side);
[7m    [0m [91m            ~~~~[0m
[96msrc/application/services/PerpKeeperScheduler.ts[0m:[93m2362[0m:[93m13[0m - [91merror[0m[90m TS2532: 
[0mObject is possibly 'undefined'.

[7m2362[0m             this.logger.warn(
[7m    [0m [91m            ~~~~[0m
[96msrc/application/services/PerpKeeperScheduler.ts[0m:[93m2365[0m:[93m13[0m - [91merror[0m[90m TS2532: 
[0mObject is possibly 'undefined'.

[7m2365[0m             this.executionLockService.forceClearOrder(order.exchange, order.symbol, order.side);
[7m    [0m [91m            ~~~~[0m
[96msrc/application/services/PerpKeeperScheduler.ts[0m:[93m2376[0m:[93m13[0m - [91merror[0m[90m TS2532: 
[0mObject is possibly 'undefined'.

[7m2376[0m             this.logger.log(
[7m    [0m [91m            ~~~~[0m
[96msrc/application/services/PerpKeeperScheduler.ts[0m:[93m2379[0m:[93m13[0m - [91merror[0m[90m TS2532: 
[0mObject is possibly 'undefined'.

[7m2379[0m             this.executionLockService.forceClearOrder(order.exchange, order.symbol, order.side);
[7m    [0m [91m            ~~~~[0m
[96msrc/application/services/PerpKeeperScheduler.ts[0m:[93m2384[0m:[93m15[0m - [91merror[0m[90m TS2532: 
[0mObject is possibly 'undefined'.

[7m2384[0m               this.logger.error(
[7m    [0m [91m              ~~~~[0m
[96msrc/application/services/PerpKeeperScheduler.ts[0m:[93m2399[0m:[93m13[0m - [91merror[0m[90m TS2532: 
[0mObject is possibly 'undefined'.

[7m2399[0m             this.logger.warn(
[7m    [0m [91m            ~~~~[0m
[96msrc/application/services/PerpKeeperScheduler.ts[0m:[93m2402[0m:[93m13[0m - [91merror[0m[90m TS2532: 
[0mObject is possibly 'undefined'.

[7m2402[0m             this.executionLockService.forceClearOrder(order.exchange, order.symbol, order.side);
[7m    [0m [91m            ~~~~[0m
[96msrc/application/services/PerpKeeperScheduler.ts[0m:[93m2404[0m:[93m13[0m - [91merror[0m[90m TS2532: 
[0mObject is possibly 'undefined'.

[7m2404[0m             this.logger.debug(
[7m    [0m [91m            ~~~~[0m
[96msrc/application/services/PerpKeeperScheduler.ts[0m:[93m2411[0m:[93m7[0m - [91merror[0m[90m TS2532: 
[0mObject is possibly 'undefined'.

[7m2411[0m       this.logger.error(`Error during tracked order verification: ${error.message}`);
[7m    [0m [91m      ~~~~[0m
[96msrc/application/services/PerpKeeperScheduler.ts[0m:[93m2413[0m:[93m3[0m - [91merror[0m[90m TS1109: 
[0mExpression expected.

[7m2413[0m   }
[7m    [0m [91m  ~[0m
[96msrc/application/services/PerpKeeperScheduler.ts[0m:[93m2419[0m:[93m3[0m - [91merror[0m[90m TS1434: 
[0mUnexpected keyword or identifier.

[7m2419[0m   private async checkAndDepositWalletFunds(): Promise<void> {
[7m    [0m [91m  ~~~~~~~[0m
[96msrc/application/services/PerpKeeperScheduler.ts[0m:[93m2419[0m:[93m3[0m - [91merror[0m[90m TS2304: 
[0mCannot find name 'private'.

[7m2419[0m   private async checkAndDepositWalletFunds(): Promise<void> {
[7m    [0m [91m  ~~~~~~~[0m
[96msrc/application/services/PerpKeeperScheduler.ts[0m:[93m2419[0m:[93m11[0m - [91merror[0m[90m TS1434: 
[0mUnexpected keyword or identifier.

[7m2419[0m   private async checkAndDepositWalletFunds(): Promise<void> {
[7m    [0m [91m          ~~~~~[0m
[96msrc/application/services/PerpKeeperScheduler.ts[0m:[93m2419[0m:[93m11[0m - [91merror[0m[90m TS2304: 
[0mCannot find name 'async'.

[7m2419[0m   private async checkAndDepositWalletFunds(): Promise<void> {
[7m    [0m [91m          ~~~~~[0m
[96msrc/application/services/PerpKeeperScheduler.ts[0m:[93m2419[0m:[93m17[0m - [91merror[0m[90m TS2304: 
[0mCannot find name 'checkAndDepositWalletFunds'.

[7m2419[0m   private async checkAndDepositWalletFunds(): Promise<void> {
[7m    [0m [91m                ~~~~~~~~~~~~~~~~~~~~~~~~~~[0m
[96msrc/application/services/PerpKeeperScheduler.ts[0m:[93m2419[0m:[93m45[0m - [91merror[0m[90m TS1005: 
[0m';' expected.

[7m2419[0m   private async checkAndDepositWalletFunds(): Promise<void> {
[7m    [0m [91m                                            ~[0m
[96msrc/application/services/PerpKeeperScheduler.ts[0m:[93m2419[0m:[93m47[0m - [91merror[0m[90m TS2365: 
[0mOperator '>' cannot be applied to types 'boolean' and '{ if(: any, this: any): any; "": any; }'.

[7m2419[0m   private async checkAndDepositWalletFunds(): Promise<void> {
[7m    [0m [91m                                              ~~~~~~~~~~~~~~~[0m
[7m2420[0m     if (!this.balanceManager) {
[7m    [0m [91m~~~~~~~~~~~~~~~~~~~~~~~~~~~~~[0m
[96msrc/application/services/PerpKeeperScheduler.ts[0m:[93m2419[0m:[93m55[0m - [91merror[0m[90m TS2532: 
[0mObject is possibly 'undefined'.

[7m2419[0m   private async checkAndDepositWalletFunds(): Promise<void> {
[7m    [0m [91m                                                      ~~~~[0m
[96msrc/application/services/PerpKeeperScheduler.ts[0m:[93m2419[0m:[93m59[0m - [91merror[0m[90m TS1109: 
[0mExpression expected.

[7m2419[0m   private async checkAndDepositWalletFunds(): Promise<void> {
[7m    [0m [91m                                                          ~[0m
[96msrc/application/services/PerpKeeperScheduler.ts[0m:[93m2420[0m:[93m9[0m - [91merror[0m[90m TS1003: 
[0mIdentifier expected.

[7m2420[0m     if (!this.balanceManager) {
[7m    [0m [91m        ~[0m
[96msrc/application/services/PerpKeeperScheduler.ts[0m:[93m2420[0m:[93m10[0m - [91merror[0m[90m TS2680: [0mA 
'this' parameter must be the first parameter.

[7m2420[0m     if (!this.balanceManager) {
[7m    [0m [91m         ~~~~[0m
[96msrc/application/services/PerpKeeperScheduler.ts[0m:[93m2420[0m:[93m14[0m - [91merror[0m[90m TS1005: 
[0m',' expected.

[7m2420[0m     if (!this.balanceManager) {
[7m    [0m [91m             ~[0m
[96msrc/application/services/PerpKeeperScheduler.ts[0m:[93m2420[0m:[93m29[0m - [91merror[0m[90m TS1005: 
[0m',' expected.

[7m2420[0m     if (!this.balanceManager) {
[7m    [0m [91m                            ~[0m
[96msrc/application/services/PerpKeeperScheduler.ts[0m:[93m2420[0m:[93m31[0m - [91merror[0m[90m TS1136: 
[0mProperty assignment expected.

[7m2420[0m     if (!this.balanceManager) {
[7m    [0m [91m                              ~[0m
[96msrc/application/services/PerpKeeperScheduler.ts[0m:[93m2425[0m:[93m24[0m - [91merror[0m[90m TS2532: 
[0mObject is possibly 'undefined'.

[7m2425[0m       const adapters = this.keeperService.getExchangeAdapters();
[7m    [0m [91m                       ~~~~[0m
[96msrc/application/services/PerpKeeperScheduler.ts[0m:[93m2427[0m:[93m13[0m - [91merror[0m[90m TS2532: 
[0mObject is possibly 'undefined'.

[7m2427[0m       await this.balanceManager.checkAndDepositWalletFunds(
[7m    [0m [91m            ~~~~[0m
[96msrc/application/services/PerpKeeperScheduler.ts[0m:[93m2432[0m:[93m7[0m - [91merror[0m[90m TS2532: 
[0mObject is possibly 'undefined'.

[7m2432[0m       this.logger.warn(`Failed to check/deposit wallet funds: ${error.message}`);
[7m    [0m [91m      ~~~~[0m
[96msrc/application/services/PerpKeeperScheduler.ts[0m:[93m2434[0m:[93m3[0m - [91merror[0m[90m TS1128: 
[0mDeclaration or statement expected.

[7m2434[0m   }
[7m    [0m [91m  ~[0m
[96msrc/application/services/PerpKeeperScheduler.ts[0m:[93m2440[0m:[93m3[0m - [91merror[0m[90m TS1128: 
[0mDeclaration or statement expected.

[7m2440[0m   private async getWalletUsdcBalance(): Promise<number> {
[7m    [0m [91m  ~~~~~~~[0m
[96msrc/application/services/PerpKeeperScheduler.ts[0m:[93m2440[0m:[93m11[0m - [91merror[0m[90m TS1434: 
[0mUnexpected keyword or identifier.

[7m2440[0m   private async getWalletUsdcBalance(): Promise<number> {
[7m    [0m [91m          ~~~~~[0m
[96msrc/application/services/PerpKeeperScheduler.ts[0m:[93m2440[0m:[93m11[0m - [91merror[0m[90m TS2304: 
[0mCannot find name 'async'.

[7m2440[0m   private async getWalletUsdcBalance(): Promise<number> {
[7m    [0m [91m          ~~~~~[0m
[96msrc/application/services/PerpKeeperScheduler.ts[0m:[93m2440[0m:[93m17[0m - [91merror[0m[90m TS2304: 
[0mCannot find name 'getWalletUsdcBalance'.

[7m2440[0m   private async getWalletUsdcBalance(): Promise<number> {
[7m    [0m [91m                ~~~~~~~~~~~~~~~~~~~~[0m
[96msrc/application/services/PerpKeeperScheduler.ts[0m:[93m2440[0m:[93m39[0m - [91merror[0m[90m TS1005: 
[0m';' expected.

[7m2440[0m   private async getWalletUsdcBalance(): Promise<number> {
[7m    [0m [91m                                      ~[0m
[96msrc/application/services/PerpKeeperScheduler.ts[0m:[93m2440[0m:[93m41[0m - [91merror[0m[90m TS2365: 
[0mOperator '>' cannot be applied to types 'boolean' and '{ try: boolean; }'.

[7m2440[0m   private async getWalletUsdcBalance(): Promise<number> {
[7m    [0m [91m                                        ~~~~~~~~~~~~~~~~~[0m
[7m2441[0m     try {
[7m    [0m [91m~~~~~~~~~[0m
[7m ...[0m 
[7m2451[0m 
[7m    [0m [91m[0m
[7m2452[0m       if (!privateKey && !walletAddress) {
[7m    [0m [91m~~~~~~~~~~~~~~~~~~~~~~~~~~~~~~~~~~~~~~~~[0m
[96msrc/application/services/PerpKeeperScheduler.ts[0m:[93m2440[0m:[93m49[0m - [91merror[0m[90m TS2693: 
[0m'number' only refers to a type, but is being used as a value here.

[7m2440[0m   private async getWalletUsdcBalance(): Promise<number> {
[7m    [0m [91m                                                ~~~~~~[0m
[96msrc/application/services/PerpKeeperScheduler.ts[0m:[93m2441[0m:[93m9[0m - [91merror[0m[90m TS1005: 
[0m':' expected.

[7m2441[0m     try {
[7m    [0m [91m        ~[0m
[96msrc/application/services/PerpKeeperScheduler.ts[0m:[93m2441[0m:[93m9[0m - [91merror[0m[90m TS2872: 
[0mThis kind of expression is always truthy.

[7m2441[0m     try {
[7m    [0m [91m        ~[0m
[7m2442[0m       // Get Arbitrum RPC URL (USDC deposits go through Arbitrum)
[7m    [0m [91m~~~~~~~~~~~~~~~~~~~~~~~~~~~~~~~~~~~~~~~~~~~~~~~~~~~~~~~~~~~~~~~~~[0m
[7m ...[0m 
[7m2451[0m 
[7m    [0m [91m[0m
[7m2452[0m       if (!privateKey && !walletAddress) {
[7m    [0m [91m~~~~~~~~~~~~~~~~~~~~~[0m
[96msrc/application/services/PerpKeeperScheduler.ts[0m:[93m2443[0m:[93m13[0m - [91merror[0m[90m TS1005: 
[0m':' expected.

[7m2443[0m       const rpcUrl =
[7m    [0m [91m            ~~~~~~[0m
[96msrc/application/services/PerpKeeperScheduler.ts[0m:[93m2443[0m:[93m13[0m - [91merror[0m[90m TS2304: 
[0mCannot find name 'rpcUrl'.

[7m2443[0m       const rpcUrl =
[7m    [0m [91m            ~~~~~~[0m
[96msrc/application/services/PerpKeeperScheduler.ts[0m:[93m2444[0m:[93m9[0m - [91merror[0m[90m TS2532: 
[0mObject is possibly 'undefined'.

[7m2444[0m         this.configService.get<string>('ARBITRUM_RPC_URL') ||
[7m    [0m [91m        ~~~~[0m
[96msrc/application/services/PerpKeeperScheduler.ts[0m:[93m2445[0m:[93m9[0m - [91merror[0m[90m TS2532: 
[0mObject is possibly 'undefined'.

[7m2445[0m         this.configService.get<string>('ARB_RPC_URL') ||
[7m    [0m [91m        ~~~~[0m
[96msrc/application/services/PerpKeeperScheduler.ts[0m:[93m2446[0m:[93m39[0m - [91merror[0m[90m TS1005: 
[0m',' expected.

[7m2446[0m         'https://arb1.arbitrum.io/rpc'; // Public Arbitrum RPC fallback
[7m    [0m [91m                                      ~[0m
[96msrc/application/services/PerpKeeperScheduler.ts[0m:[93m2447[0m:[93m13[0m - [91merror[0m[90m TS1005: 
[0m':' expected.

[7m2447[0m       const privateKey = this.configService.get<string>('PRIVATE_KEY');
[7m    [0m [91m            ~~~~~~~~~~[0m
[96msrc/application/services/PerpKeeperScheduler.ts[0m:[93m2447[0m:[93m13[0m - [91merror[0m[90m TS2304: 
[0mCannot find name 'privateKey'.

[7m2447[0m       const privateKey = this.configService.get<string>('PRIVATE_KEY');
[7m    [0m [91m            ~~~~~~~~~~[0m
[96msrc/application/services/PerpKeeperScheduler.ts[0m:[93m2447[0m:[93m26[0m - [91merror[0m[90m TS2532: 
[0mObject is possibly 'undefined'.

[7m2447[0m       const privateKey = this.configService.get<string>('PRIVATE_KEY');
[7m    [0m [91m                         ~~~~[0m
[96msrc/application/services/PerpKeeperScheduler.ts[0m:[93m2447[0m:[93m71[0m - [91merror[0m[90m TS1005: 
[0m',' expected.

[7m2447[0m       const privateKey = this.configService.get<string>('PRIVATE_KEY');
[7m    [0m [91m                                                                      ~[0m
[96msrc/application/services/PerpKeeperScheduler.ts[0m:[93m2448[0m:[93m13[0m - [91merror[0m[90m TS1005: 
[0m':' expected.

[7m2448[0m       const walletAddress =
[7m    [0m [91m            ~~~~~~~~~~~~~[0m
[96msrc/application/services/PerpKeeperScheduler.ts[0m:[93m2449[0m:[93m9[0m - [91merror[0m[90m TS2532: 
[0mObject is possibly 'undefined'.

[7m2449[0m         this.configService.get<string>('WALLET_ADDRESS') ||
[7m    [0m [91m        ~~~~[0m
[96msrc/application/services/PerpKeeperScheduler.ts[0m:[93m2450[0m:[93m9[0m - [91merror[0m[90m TS2532: 
[0mObject is possibly 'undefined'.

[7m2450[0m         this.configService.get<string>('CENTRAL_WALLET_ADDRESS');
[7m    [0m [91m        ~~~~[0m
[96msrc/application/services/PerpKeeperScheduler.ts[0m:[93m2450[0m:[93m65[0m - [91merror[0m[90m TS1005: 
[0m',' expected.

[7m2450[0m         this.configService.get<string>('CENTRAL_WALLET_ADDRESS');
[7m    [0m [91m                                                                ~[0m
[96msrc/application/services/PerpKeeperScheduler.ts[0m:[93m2452[0m:[93m11[0m - [91merror[0m[90m TS1003: 
[0mIdentifier expected.

[7m2452[0m       if (!privateKey && !walletAddress) {
[7m    [0m [91m          ~[0m
[96msrc/application/services/PerpKeeperScheduler.ts[0m:[93m2452[0m:[93m23[0m - [91merror[0m[90m TS1005: 
[0m',' expected.

[7m2452[0m       if (!privateKey && !walletAddress) {
[7m    [0m [91m                      ~~[0m
[96msrc/application/services/PerpKeeperScheduler.ts[0m:[93m2452[0m:[93m40[0m - [91merror[0m[90m TS1005: 
[0m',' expected.

[7m2452[0m       if (!privateKey && !walletAddress) {
[7m    [0m [91m                                       ~[0m
[96msrc/application/services/PerpKeeperScheduler.ts[0m:[93m2452[0m:[93m42[0m - [91merror[0m[90m TS1136: 
[0mProperty assignment expected.

[7m2452[0m       if (!privateKey && !walletAddress) {
[7m    [0m [91m                                         ~[0m
[96msrc/application/services/PerpKeeperScheduler.ts[0m:[93m2466[0m:[93m44[0m - [91merror[0m[90m TS2304: 
[0mCannot find name 'rpcUrl'.

[7m2466[0m       const provider = new JsonRpcProvider(rpcUrl);
[7m    [0m [91m                                           ~~~~~~[0m
[96msrc/application/services/PerpKeeperScheduler.ts[0m:[93m2471[0m:[93m9[0m - [91merror[0m[90m TS2322: 
[0mType 'string | null' is not assignable to type 'string'.
  Type 'null' is not assignable to type 'string'.

[7m2471[0m         address = walletAddress;
[7m    [0m [91m        ~~~~~~~[0m
[96msrc/application/services/PerpKeeperScheduler.ts[0m:[93m2472[0m:[93m18[0m - [91merror[0m[90m TS2304: 
[0mCannot find name 'privateKey'.

[7m2472[0m       } else if (privateKey) {
[7m    [0m [91m                 ~~~~~~~~~~[0m
[96msrc/application/services/PerpKeeperScheduler.ts[0m:[93m2473[0m:[93m31[0m - [91merror[0m[90m TS2304: 
[0mCannot find name 'privateKey'.

[7m2473[0m         const normalizedKey = privateKey.startsWith('0x')
[7m    [0m [91m                              ~~~~~~~~~~[0m
[96msrc/application/services/PerpKeeperScheduler.ts[0m:[93m2474[0m:[93m13[0m - [91merror[0m[90m TS2304: 
[0mCannot find name 'privateKey'.

[7m2474[0m           ? privateKey
[7m    [0m [91m            ~~~~~~~~~~[0m
[96msrc/application/services/PerpKeeperScheduler.ts[0m:[93m2475[0m:[93m18[0m - [91merror[0m[90m TS2304: 
[0mCannot find name 'privateKey'.

[7m2475[0m           : `0x${privateKey}`;
[7m    [0m [91m                 ~~~~~~~~~~[0m
[96msrc/application/services/PerpKeeperScheduler.ts[0m:[93m2489[0m:[93m9[0m - [91merror[0m[90m TS2532: 
[0mObject is possibly 'undefined'.

[7m2489[0m         this.logger.log(
[7m    [0m [91m        ~~~~[0m
[96msrc/application/services/PerpKeeperScheduler.ts[0m:[93m2495[0m:[93m5[0m - [91merror[0m[90m TS1128: 
[0mDeclaration or statement expected.

[7m2495[0m     } catch (error: any) {
[7m    [0m [91m    ~[0m
[96msrc/application/services/PerpKeeperScheduler.ts[0m:[93m2495[0m:[93m7[0m - [91merror[0m[90m TS1005: 
[0m'try' expected.

[7m2495[0m     } catch (error: any) {
[7m    [0m [91m      ~~~~~[0m
[96msrc/application/services/PerpKeeperScheduler.ts[0m:[93m2498[0m:[93m3[0m - [91merror[0m[90m TS1128: 
[0mDeclaration or statement expected.

[7m2498[0m   }
[7m    [0m [91m  ~[0m
[96msrc/application/services/PerpKeeperScheduler.ts[0m:[93m2505[0m:[93m8[0m - [91merror[0m[90m TS1146: 
[0mDeclaration expected.

[7m2505[0m   async checkLeverageHealth() {
[7m    [0m [91m       [0m
[96msrc/application/services/PerpKeeperScheduler.ts[0m:[93m2505[0m:[93m9[0m - [91merror[0m[90m TS2304: 
[0mCannot find name 'checkLeverageHealth'.

[7m2505[0m   async checkLeverageHealth() {
[7m    [0m [91m        ~~~~~~~~~~~~~~~~~~~[0m
[96msrc/application/services/PerpKeeperScheduler.ts[0m:[93m2505[0m:[93m31[0m - [91merror[0m[90m TS1005: 
[0m';' expected.

[7m2505[0m   async checkLeverageHealth() {
[7m    [0m [91m                              ~[0m
[96msrc/application/services/PerpKeeperScheduler.ts[0m:[93m2506[0m:[93m10[0m - [91merror[0m[90m TS2532: 
[0mObject is possibly 'undefined'.

[7m2506[0m     if (!this.optimalLeverageService) {
[7m    [0m [91m         ~~~~[0m
[96msrc/application/services/PerpKeeperScheduler.ts[0m:[93m2513[0m:[93m15[0m - [91merror[0m[90m TS2532: 
[0mObject is possibly 'undefined'.

[7m2513[0m         await this.orchestrator.getAllPositionsWithMetrics();
[7m    [0m [91m              ~~~~[0m
[96msrc/application/services/PerpKeeperScheduler.ts[0m:[93m2538[0m:[93m32[0m - [91merror[0m[90m TS2532: 
[0mObject is possibly 'undefined'.

[7m2538[0m           const result = await this.optimalLeverageService.shouldAdjustLeverage(
[7m    [0m [91m                               ~~~~[0m
[96msrc/application/services/PerpKeeperScheduler.ts[0m:[93m2575[0m:[93m9[0m - [91merror[0m[90m TS2532: 
[0mObject is possibly 'undefined'.

[7m2575[0m         this.logger.warn('');
[7m    [0m [91m        ~~~~[0m
[96msrc/application/services/PerpKeeperScheduler.ts[0m:[93m2576[0m:[93m9[0m - [91merror[0m[90m TS2532: 
[0mObject is possibly 'undefined'.

[7m2576[0m         this.logger.warn('ÔÜá´©Å LEVERAGE ADJUSTMENT RECOMMENDED');
[7m    [0m [91m        ~~~~[0m
[96msrc/application/services/PerpKeeperScheduler.ts[0m:[93m2577[0m:[93m9[0m - [91merror[0m[90m TS2532: 
[0mObject is possibly 'undefined'.

[7m2577[0m         this.logger.warn('ÔòÉ'.repeat(60));
[7m    [0m [91m        ~~~~[0m
[96msrc/application/services/PerpKeeperScheduler.ts[0m:[93m2586[0m:[93m11[0m - [91merror[0m[90m TS2532: 
[0mObject is possibly 'undefined'.

[7m2586[0m           this.logger.warn(
[7m    [0m [91m          ~~~~[0m
[96msrc/application/services/PerpKeeperScheduler.ts[0m:[93m2590[0m:[93m11[0m - [91merror[0m[90m TS2532: 
[0mObject is possibly 'undefined'.

[7m2590[0m           this.logger.warn(`   Reason: ${alert.reason}`);
[7m    [0m [91m          ~~~~[0m
[96msrc/application/services/PerpKeeperScheduler.ts[0m:[93m2593[0m:[93m9[0m - [91merror[0m[90m TS2532: 
[0mObject is possibly 'undefined'.

[7m2593[0m         this.logger.warn('ÔòÉ'.repeat(60));
[7m    [0m [91m        ~~~~[0m
[96msrc/application/services/PerpKeeperScheduler.ts[0m:[93m2594[0m:[93m9[0m - [91merror[0m[90m TS2532: 
[0mObject is possibly 'undefined'.

[7m2594[0m         this.logger.warn('');
[7m    [0m [91m        ~~~~[0m
[96msrc/application/services/PerpKeeperScheduler.ts[0m:[93m2597[0m:[93m7[0m - [91merror[0m[90m TS2532: 
[0mObject is possibly 'undefined'.

[7m2597[0m       this.logger.debug(`Error in leverage health check: ${error.message}`);
[7m    [0m [91m      ~~~~[0m
[96msrc/application/services/PerpKeeperScheduler.ts[0m:[93m2606[0m:[93m8[0m - [91merror[0m[90m TS1146: 
[0mDeclaration expected.

[7m2606[0m   async cleanupStaleOrders() {
[7m    [0m [91m       [0m
[96msrc/application/services/PerpKeeperScheduler.ts[0m:[93m2606[0m:[93m9[0m - [91merror[0m[90m TS2304: 
[0mCannot find name 'cleanupStaleOrders'.

[7m2606[0m   async cleanupStaleOrders() {
[7m    [0m [91m        ~~~~~~~~~~~~~~~~~~[0m
[96msrc/application/services/PerpKeeperScheduler.ts[0m:[93m2608[0m:[93m10[0m - [91merror[0m[90m TS2532: 
[0mObject is possibly 'undefined'.

[7m2608[0m     if (!this.isRateLimitHealthy(0.5)) {
[7m    [0m [91m         ~~~~[0m
[96msrc/application/services/PerpKeeperScheduler.ts[0m:[93m2615[0m:[93m24[0m - [91merror[0m[90m TS2532: 
[0mObject is possibly 'undefined'.

[7m2615[0m       const adapters = this.keeperService.getExchangeAdapters();
[7m    [0m [91m                       ~~~~[0m
[96msrc/application/services/PerpKeeperScheduler.ts[0m:[93m2633[0m:[93m15[0m - [91merror[0m[90m TS2532: 
[0mObject is possibly 'undefined'.

[7m2633[0m               this.logger.warn(
[7m    [0m [91m              ~~~~[0m
[96msrc/application/services/PerpKeeperScheduler.ts[0m:[93m2642[0m:[93m17[0m - [91merror[0m[90m TS2532: 
[0mObject is possibly 'undefined'.

[7m2642[0m                 this.logger.debug(
[7m    [0m [91m                ~~~~[0m
[96msrc/application/services/PerpKeeperScheduler.ts[0m:[93m2649[0m:[93m11[0m - [91merror[0m[90m TS2532: 
[0mObject is possibly 'undefined'.

[7m2649[0m           this.logger.debug(
[7m    [0m [91m          ~~~~[0m
[96msrc/application/services/PerpKeeperScheduler.ts[0m:[93m2656[0m:[93m9[0m - [91merror[0m[90m TS2532: 
[0mObject is possibly 'undefined'.

[7m2656[0m         this.logger.log(`Ô£à Cleaned up ${totalCancelled} stale order(s)`);
[7m    [0m [91m        ~~~~[0m
[96msrc/application/services/PerpKeeperScheduler.ts[0m:[93m2659[0m:[93m7[0m - [91merror[0m[90m TS2532: 
[0mObject is possibly 'undefined'.

[7m2659[0m       this.logger.debug(`Error in stale order cleanup: ${error.message}`);
[7m    [0m [91m      ~~~~[0m
[96msrc/application/services/PerpKeeperScheduler.ts[0m:[93m2676[0m:[93m8[0m - [91merror[0m[90m TS1146: 
[0mDeclaration expected.

[7m2676[0m   async cancelOrdersForPairedPositions() {
[7m    [0m [91m       [0m
[96msrc/application/services/PerpKeeperScheduler.ts[0m:[93m2676[0m:[93m9[0m - [91merror[0m[90m TS2304: 
[0mCannot find name 'cancelOrdersForPairedPositions'.

[7m2676[0m   async cancelOrdersForPairedPositions() {
[7m    [0m [91m        ~~~~~~~~~~~~~~~~~~~~~~~~~~~~~~[0m
[96msrc/application/services/PerpKeeperScheduler.ts[0m:[93m2682[0m:[93m11[0m - [91merror[0m[90m TS2532: 
[0mObject is possibly 'undefined'.

[7m2682[0m       if (this.executionLockService) {
[7m    [0m [91m          ~~~~[0m
[96msrc/application/services/PerpKeeperScheduler.ts[0m:[93m2683[0m:[93m30[0m - [91merror[0m[90m TS2532: 
[0mObject is possibly 'undefined'.

[7m2683[0m         const activeOrders = this.executionLockService.getAllActiveOrders();
[7m    [0m [91m                             ~~~~[0m
[96msrc/application/services/PerpKeeperScheduler.ts[0m:[93m2692[0m:[93m39[0m - [91merror[0m[90m TS2532: 
[0mObject is possibly 'undefined'.

[7m2692[0m             activeExecutions.map(o => this.normalizeSymbol(o.symbol))
[7m    [0m [91m                                      ~~~~[0m
[96msrc/application/services/PerpKeeperScheduler.ts[0m:[93m2694[0m:[93m11[0m - [91merror[0m[90m TS2532: 
[0mObject is possibly 'undefined'.

[7m2694[0m           this.logger.debug(
[7m    [0m [91m          ~~~~[0m
[96msrc/application/services/PerpKeeperScheduler.ts[0m:[93m2703[0m:[93m11[0m - [91merror[0m[90m TS2532: 
[0mObject is possibly 'undefined'.

[7m2703[0m       if (this.executionLockService?.isGlobalLockHeld()) {
[7m    [0m [91m          ~~~~[0m
[96msrc/application/services/PerpKeeperScheduler.ts[0m:[93m2704[0m:[93m9[0m - [91merror[0m[90m TS2532: 
[0mObject is possibly 'undefined'.

[7m2704[0m         this.logger.debug(
[7m    [0m [91m        ~~~~[0m
[96msrc/application/services/PerpKeeperScheduler.ts[0m:[93m2711[0m:[93m25[0m - [91merror[0m[90m TS2532: 
[0mObject is possibly 'undefined'.

[7m2711[0m       const positions = this.marketStateService?.getAllPositions() || [];
[7m    [0m [91m                        ~~~~[0m
[96msrc/application/services/PerpKeeperScheduler.ts[0m:[93m2717[0m:[93m34[0m - [91merror[0m[90m TS2532: 
[0mObject is possibly 'undefined'.

[7m2717[0m         const normalizedSymbol = this.normalizeSymbol(position.symbol);
[7m    [0m [91m                                 ~~~~[0m
[96msrc/application/services/PerpKeeperScheduler.ts[0m:[93m2761[0m:[93m24[0m - [91merror[0m[90m TS2532: 
[0mObject is possibly 'undefined'.

[7m2761[0m       const adapters = this.keeperService.getExchangeAdapters();
[7m    [0m [91m                       ~~~~[0m
[96msrc/application/services/PerpKeeperScheduler.ts[0m:[93m2772[0m:[93m43[0m - [91merror[0m[90m TS2532: 
[0mObject is possibly 'undefined'.

[7m2772[0m             const normalizedOrderSymbol = this.normalizeSymbol(order.symbol);
[7m    [0m [91m                                          ~~~~[0m
[96msrc/application/services/PerpKeeperScheduler.ts[0m:[93m2777[0m:[93m19[0m - [91merror[0m[90m TS2532: 
[0mObject is possibly 'undefined'.

[7m2777[0m               if (this.executionLockService) {
[7m    [0m [91m                  ~~~~[0m
[96msrc/application/services/PerpKeeperScheduler.ts[0m:[93m2778[0m:[93m39[0m - [91merror[0m[90m TS2532: 
[0mObject is possibly 'undefined'.

[7m2778[0m                 const isActiveOrder = this.executionLockService.hasActiveOrder(
[7m    [0m [91m                                      ~~~~[0m
[96msrc/application/services/PerpKeeperScheduler.ts[0m:[93m2784[0m:[93m19[0m - [91merror[0m[90m TS2532: 
[0mObject is possibly 'undefined'.

[7m2784[0m                   this.logger.debug(
[7m    [0m [91m                  ~~~~[0m
[96msrc/application/services/PerpKeeperScheduler.ts[0m:[93m2793[0m:[93m15[0m - [91merror[0m[90m TS2532: 
[0mObject is possibly 'undefined'.

[7m2793[0m               this.logger.warn(
[7m    [0m [91m              ~~~~[0m
[96msrc/application/services/PerpKeeperScheduler.ts[0m:[93m2801[0m:[93m17[0m - [91merror[0m[90m TS2532: 
[0mObject is possibly 'undefined'.

[7m2801[0m                 this.logger.log(`Ô£à Cancelled orphan order ${order.orderId}`);
[7m    [0m [91m                ~~~~[0m
[96msrc/application/services/PerpKeeperScheduler.ts[0m:[93m2803[0m:[93m17[0m - [91merror[0m[90m TS2532: 
[0mObject is possibly 'undefined'.

[7m2803[0m                 this.logger.debug(`Failed to cancel order ${order.orderId}: ${cancelError.message}`);
[7m    [0m [91m                ~~~~[0m
[96msrc/application/services/PerpKeeperScheduler.ts[0m:[93m2808[0m:[93m11[0m - [91merror[0m[90m TS2532: 
[0mObject is possibly 'undefined'.

[7m2808[0m           this.logger.debug(`Error checking orders on ${exchangeType}: ${error.message}`);
[7m    [0m [91m          ~~~~[0m
[96msrc/application/services/PerpKeeperScheduler.ts[0m:[93m2813[0m:[93m9[0m - [91merror[0m[90m TS2532: 
[0mObject is possibly 'undefined'.

[7m2813[0m         this.logger.log(`Ô£à Cancelled ${totalCancelled} orphan order(s) for paired positions`);
[7m    [0m [91m        ~~~~[0m
[96msrc/application/services/PerpKeeperScheduler.ts[0m:[93m2816[0m:[93m7[0m - [91merror[0m[90m TS2532: 
[0mObject is possibly 'undefined'.

[7m2816[0m       this.logger.debug(`Error in paired position order cleanup: ${error.message}`);
[7m    [0m [91m      ~~~~[0m
[96msrc/application/services/PerpKeeperScheduler.ts[0m:[93m2831[0m:[93m8[0m - [91merror[0m[90m TS1146: 
[0mDeclaration expected.

[7m2831[0m   async checkPositionSizeBalance() {
[7m    [0m [91m       [0m
[96msrc/application/services/PerpKeeperScheduler.ts[0m:[93m2831[0m:[93m9[0m - [91merror[0m[90m TS2304: 
[0mCannot find name 'checkPositionSizeBalance'.

[7m2831[0m   async checkPositionSizeBalance() {
[7m    [0m [91m        ~~~~~~~~~~~~~~~~~~~~~~~~[0m
[96msrc/application/services/PerpKeeperScheduler.ts[0m:[93m2831[0m:[93m36[0m - [91merror[0m[90m TS1005: 
[0m';' expected.

[7m2831[0m   async checkPositionSizeBalance() {
[7m    [0m [91m                                   ~[0m
[96msrc/application/services/PerpKeeperScheduler.ts[0m:[93m2833[0m:[93m10[0m - [91merror[0m[90m TS2532: 
[0mObject is possibly 'undefined'.

[7m2833[0m     if (!this.isRateLimitHealthy(0.4)) {
[7m    [0m [91m         ~~~~[0m
[96msrc/application/services/PerpKeeperScheduler.ts[0m:[93m2839[0m:[93m11[0m - [91merror[0m[90m TS2532: 
[0mObject is possibly 'undefined'.

[7m2839[0m       if (this.executionLockService) {
[7m    [0m [91m          ~~~~[0m
[96msrc/application/services/PerpKeeperScheduler.ts[0m:[93m2840[0m:[93m30[0m - [91merror[0m[90m TS2532: 
[0mObject is possibly 'undefined'.

[7m2840[0m         const activeOrders = this.executionLockService.getAllActiveOrders();
[7m    [0m [91m                             ~~~~[0m
[96msrc/application/services/PerpKeeperScheduler.ts[0m:[93m2845[0m:[93m11[0m - [91merror[0m[90m TS2532: 
[0mObject is possibly 'undefined'.

[7m2845[0m           this.logger.debug(
[7m    [0m [91m          ~~~~[0m
[96msrc/application/services/PerpKeeperScheduler.ts[0m:[93m2852[0m:[93m11[0m - [91merror[0m[90m TS2532: 
[0mObject is possibly 'undefined'.

[7m2852[0m       if (this.executionLockService?.isGlobalLockHeld()) {
[7m    [0m [91m          ~~~~[0m
[96msrc/application/services/PerpKeeperScheduler.ts[0m:[93m2858[0m:[93m24[0m - [91merror[0m[90m TS2532: 
[0mObject is possibly 'undefined'.

[7m2858[0m       const adapters = this.keeperService.getExchangeAdapters();
[7m    [0m [91m                       ~~~~[0m
[96msrc/application/services/PerpKeeperScheduler.ts[0m:[93m2866[0m:[93m11[0m - [91merror[0m[90m TS2532: 
[0mObject is possibly 'undefined'.

[7m2866[0m           this.logger.debug(`Could not fetch positions from ${exchangeType}: ${error.message}`);
[7m    [0m [91m          ~~~~[0m
[96msrc/application/services/PerpKeeperScheduler.ts[0m:[93m2871[0m:[93m11[0m - [91merror[0m[90m TS2532: 
[0mObject is possibly 'undefined'.

[7m2871[0m       if (this.marketStateService) {
[7m    [0m [91m          ~~~~[0m
[96msrc/application/services/PerpKeeperScheduler.ts[0m:[93m2873[0m:[93m11[0m - [91merror[0m[90m TS2532: 
[0mObject is possibly 'undefined'.

[7m2873[0m           this.marketStateService.updatePosition(pos);
[7m    [0m [91m          ~~~~[0m
[96msrc/application/services/PerpKeeperScheduler.ts[0m:[93m2883[0m:[93m34[0m - [91merror[0m[90m TS2532: 
[0mObject is possibly 'undefined'.

[7m2883[0m         const normalizedSymbol = this.normalizeSymbol(position.symbol);
[7m    [0m [91m                                 ~~~~[0m
[96msrc/application/services/PerpKeeperScheduler.ts[0m:[93m2915[0m:[93m35[0m - [91merror[0m[90m TS18048: 
[0m'longPos' is possibly 'undefined'.

[7m2915[0m         const longSize = Math.abs(longPos.size);
[7m    [0m [91m                                  ~~~~~~~[0m
[96msrc/application/services/PerpKeeperScheduler.ts[0m:[93m2916[0m:[93m36[0m - [91merror[0m[90m TS18048: 
[0m'shortPos' is possibly 'undefined'.

[7m2916[0m         const shortSize = Math.abs(shortPos.size);
[7m    [0m [91m                                   ~~~~~~~~[0m
[96msrc/application/services/PerpKeeperScheduler.ts[0m:[93m2925[0m:[93m37[0m - [91merror[0m[90m TS2532: 
[0mObject is possibly 'undefined'.

[7m2925[0m         if (imbalancePercent > 3 && this.diagnosticsService) {
[7m    [0m [91m                                    ~~~~[0m
[96msrc/application/services/PerpKeeperScheduler.ts[0m:[93m2926[0m:[93m29[0m - [91merror[0m[90m TS18048: 
[0m'longPos' is possibly 'undefined'.

[7m2926[0m           const markPrice = longPos.markPrice || shortPos.markPrice || 0;
[7m    [0m [91m                            ~~~~~~~[0m
[96msrc/application/services/PerpKeeperScheduler.ts[0m:[93m2926[0m:[93m50[0m - [91merror[0m[90m TS18048: 
[0m'shortPos' is possibly 'undefined'.

[7m2926[0m           const markPrice = longPos.markPrice || shortPos.markPrice || 0;
[7m    [0m [91m                                                 ~~~~~~~~[0m
[96msrc/application/services/PerpKeeperScheduler.ts[0m:[93m2927[0m:[93m11[0m - [91merror[0m[90m TS2532: 
[0mObject is possibly 'undefined'.

[7m2927[0m           this.diagnosticsService.recordPositionDrift(
[7m    [0m [91m          ~~~~[0m
[96msrc/application/services/PerpKeeperScheduler.ts[0m:[93m2929[0m:[93m13[0m - [91merror[0m[90m TS18048: 
[0m'longPos' is possibly 'undefined'.

[7m2929[0m             longPos.exchangeType,
[7m    [0m [91m            ~~~~~~~[0m
[96msrc/application/services/PerpKeeperScheduler.ts[0m:[93m2930[0m:[93m13[0m - [91merror[0m[90m TS18048: 
[0m'shortPos' is possibly 'undefined'.

[7m2930[0m             shortPos.exchangeType,
[7m    [0m [91m            ~~~~~~~~[0m
[96msrc/application/services/PerpKeeperScheduler.ts[0m:[93m2941[0m:[93m11[0m - [91merror[0m[90m TS2532: 
[0mObject is possibly 'undefined'.

[7m2941[0m           this.logger.warn(
[7m    [0m [91m          ~~~~[0m
[96msrc/application/services/PerpKeeperScheduler.ts[0m:[93m2943[0m:[93m47[0m - [91merror[0m[90m TS18048: 
[0m'longPos' is possibly 'undefined'.

[7m2943[0m             `LONG=${longSize.toFixed(4)} on ${longPos.exchangeType}, ` +
[7m    [0m [91m                                              ~~~~~~~[0m
[96msrc/application/services/PerpKeeperScheduler.ts[0m:[93m2944[0m:[93m49[0m - [91merror[0m[90m TS18048: 
[0m'shortPos' is possibly 'undefined'.

[7m2944[0m             `SHORT=${shortSize.toFixed(4)} on ${shortPos.exchangeType} ` +
[7m    [0m [91m                                                ~~~~~~~~[0m
[96msrc/application/services/PerpKeeperScheduler.ts[0m:[93m2951[0m:[93m39[0m - [91merror[0m[90m TS18048: 
[0m'largerPos' is possibly 'undefined'.

[7m2951[0m           const excessSize = Math.abs(largerPos.size) - smallerSize;
[7m    [0m [91m                                      ~~~~~~~~~[0m
[96msrc/application/services/PerpKeeperScheduler.ts[0m:[93m2954[0m:[93m37[0m - [91merror[0m[90m TS18048: 
[0m'largerPos' is possibly 'undefined'.

[7m2954[0m           if (excessSize / Math.abs(largerPos.size) < 0.01) {
[7m    [0m [91m                                    ~~~~~~~~~[0m
[96msrc/application/services/PerpKeeperScheduler.ts[0m:[93m2955[0m:[93m13[0m - [91merror[0m[90m TS2532: 
[0mObject is possibly 'undefined'.

[7m2955[0m             this.logger.debug(`Imbalance too small to fix (${excessSize.toFixed(4)})`);
[7m    [0m [91m            ~~~~[0m
[96msrc/application/services/PerpKeeperScheduler.ts[0m:[93m2960[0m:[93m27[0m - [91merror[0m[90m TS2532: 
[0mObject is possibly 'undefined'.

[7m2960[0m           const adapter = this.keeperService.getExchangeAdapter(largerPos.exchangeType);
[7m    [0m [91m                          ~~~~[0m
[96msrc/application/services/PerpKeeperScheduler.ts[0m:[93m2960[0m:[93m65[0m - [91merror[0m[90m TS18048: 
[0m'largerPos' is possibly 'undefined'.

[7m2960[0m           const adapter = this.keeperService.getExchangeAdapter(largerPos.exchangeType);
[7m    [0m [91m                                                                ~~~~~~~~~[0m
[96msrc/application/services/PerpKeeperScheduler.ts[0m:[93m2964[0m:[93m31[0m - [91merror[0m[90m TS18048: 
[0m'largerPos' is possibly 'undefined'.

[7m2964[0m             const closeSide = largerPos.side === OrderSide.LONG ? OrderSide.SHORT : OrderSide.LONG;
[7m    [0m [91m                              ~~~~~~~~~[0m
[96msrc/application/services/PerpKeeperScheduler.ts[0m:[93m2965[0m:[93m58[0m - [91merror[0m[90m TS18048: 
[0m'largerPos' is possibly 'undefined'.

[7m2965[0m             const markPrice = await adapter.getMarkPrice(largerPos.symbol);
[7m    [0m [91m                                                         ~~~~~~~~~[0m
[96msrc/application/services/PerpKeeperScheduler.ts[0m:[93m2975[0m:[93m13[0m - [91merror[0m[90m TS2532: 
[0mObject is possibly 'undefined'.

[7m2975[0m             this.logger.warn(
[7m    [0m [91m            ~~~~[0m
[96msrc/application/services/PerpKeeperScheduler.ts[0m:[93m2976[0m:[93m48[0m - [91merror[0m[90m TS18048: 
[0m'largerPos' is possibly 'undefined'.

[7m2976[0m               `­ƒöº FIXING IMBALANCE: Reducing ${largerPos.side} on ${largerPos.exchangeType} ` +
[7m    [0m [91m                                               ~~~~~~~~~[0m
[96msrc/application/services/PerpKeeperScheduler.ts[0m:[93m2976[0m:[93m69[0m - [91merror[0m[90m TS18048: 
[0m'largerPos' is possibly 'undefined'.

[7m2976[0m               `­ƒöº FIXING IMBALANCE: Reducing ${largerPos.side} on ${largerPos.exchangeType} ` +
[7m    [0m [91m                                                                    ~~~~~~~~~[0m
[96msrc/application/services/PerpKeeperScheduler.ts[0m:[93m2981[0m:[93m15[0m - [91merror[0m[90m TS18048: 
[0m'largerPos' is possibly 'undefined'.

[7m2981[0m               largerPos.symbol,
[7m    [0m [91m              ~~~~~~~~~[0m
[96msrc/application/services/PerpKeeperScheduler.ts[0m:[93m2993[0m:[93m15[0m - [91merror[0m[90m TS2532: 
[0mObject is possibly 'undefined'.

[7m2993[0m               this.logger.log(
[7m    [0m [91m              ~~~~[0m
[96msrc/application/services/PerpKeeperScheduler.ts[0m:[93m2995[0m:[93m79[0m - [91merror[0m[90m TS18048: 
[0m'largerPos' is possibly 'undefined'.

[7m2995[0m                 `${response.orderId} (${closeSide} ${excessSize.toFixed(4)} ${largerPos.symbol})`
[7m    [0m [91m                                                                              ~~~~~~~~~[0m
[96msrc/application/services/PerpKeeperScheduler.ts[0m:[93m2998[0m:[93m15[0m - [91merror[0m[90m TS2532: 
[0mObject is possibly 'undefined'.

[7m2998[0m               this.diagnosticsService?.resolvePositionDrift(symbol, 'reduced');
[7m    [0m [91m              ~~~~[0m
[96msrc/application/services/PerpKeeperScheduler.ts[0m:[93m3001[0m:[93m21[0m - [91merror[0m[90m TS2532: 
[0mObject is possibly 'undefined'.

[7m3001[0m               await this.marketStateService?.refreshAll();
[7m    [0m [91m                    ~~~~[0m
[96msrc/application/services/PerpKeeperScheduler.ts[0m:[93m3003[0m:[93m15[0m - [91merror[0m[90m TS2532: 
[0mObject is possibly 'undefined'.

[7m3003[0m               this.logger.error(
[7m    [0m [91m              ~~~~[0m
[96msrc/application/services/PerpKeeperScheduler.ts[0m:[93m3008[0m:[93m13[0m - [91merror[0m[90m TS2532: 
[0mObject is possibly 'undefined'.

[7m3008[0m             this.logger.error(
[7m    [0m [91m            ~~~~[0m
[96msrc/application/services/PerpKeeperScheduler.ts[0m:[93m3015[0m:[93m7[0m - [91merror[0m[90m TS2532: 
[0mObject is possibly 'undefined'.

[7m3015[0m       this.logger.debug(`Error in position size balance check: ${error.message}`);
[7m    [0m [91m      ~~~~[0m
[96msrc/application/services/PerpKeeperScheduler.ts[0m:[93m3024[0m:[93m3[0m - [91merror[0m[90m TS1128: 
[0mDeclaration or statement expected.

[7m3024[0m   private readonly persistentImbalances: Map<string, {
[7m    [0m [91m  ~~~~~~~[0m
[96msrc/application/services/PerpKeeperScheduler.ts[0m:[93m3024[0m:[93m11[0m - [91merror[0m[90m TS1128: 
[0mDeclaration or statement expected.

[7m3024[0m   private readonly persistentImbalances: Map<string, {
[7m    [0m [91m          ~~~~~~~~[0m
[96msrc/application/services/PerpKeeperScheduler.ts[0m:[93m3024[0m:[93m42[0m - [91merror[0m[90m TS2364: 
[0mThe left-hand side of an assignment expression must be a variable or a property access.

[7m3024[0m   private readonly persistentImbalances: Map<string, {
[7m    [0m [91m                                         ~~~~~~~~~~~~~[0m
[7m3025[0m     firstDetectedAt: Date;
[7m    [0m [91m~~~~~~~~~~~~~~~~~~~~~~~~~~[0m
[7m ...[0m 
[7m3029[0m     shortExchange: ExchangeType;
[7m    [0m [91m~~~~~~~~~~~~~~~~~~~~~~~~~~~~~~~~[0m
[7m3030[0m   }> = new Map();
[7m    [0m [91m~~~~[0m
[96msrc/application/services/PerpKeeperScheduler.ts[0m:[93m3046[0m:[93m8[0m - [91merror[0m[90m TS1146: 
[0mDeclaration expected.

[7m3046[0m   async checkPersistentImbalancesNuclearOption(): Promise<void> {
[7m    [0m [91m       [0m
[96msrc/application/services/PerpKeeperScheduler.ts[0m:[93m3046[0m:[93m9[0m - [91merror[0m[90m TS2304: 
[0mCannot find name 'checkPersistentImbalancesNuclearOption'.

[7m3046[0m   async checkPersistentImbalancesNuclearOption(): Promise<void> {
[7m    [0m [91m        ~~~~~~~~~~~~~~~~~~~~~~~~~~~~~~~~~~~~~~[0m
[96msrc/application/services/PerpKeeperScheduler.ts[0m:[93m3046[0m:[93m49[0m - [91merror[0m[90m TS1005: 
[0m';' expected.

[7m3046[0m   async checkPersistentImbalancesNuclearOption(): Promise<void> {
[7m    [0m [91m                                                ~[0m
[96msrc/application/services/PerpKeeperScheduler.ts[0m:[93m3046[0m:[93m51[0m - [91merror[0m[90m TS2365: 
[0mOperator '>' cannot be applied to types 'boolean' and '{ if(this: any): any; if(this: any): any; "": any; return: 
any; const: number; try: { [x: number]: never[]; const: any; PerpPosition: typeof PerpPosition; for(: any, 
[exchangeType, adapter]: [any, any], of: any, adapters: any): void; if(positions: any): any; "": boolean; }; }'.

[7m3046[0m   async checkPersistentImbalancesNuclearOption(): Promise<void> {
[7m    [0m [91m                                                  ~~~~~~~~~~~~~~~[0m
[7m3047[0m     if (this.isRunning) return;
[7m    [0m [91m~~~~~~~~~~~~~~~~~~~~~~~~~~~~~~~[0m
[7m ...[0m 
[7m3068[0m       const positions = freshPositions;
[7m    [0m [91m~~~~~~~~~~~~~~~~~~~~~~~~~~~~~~~~~~~~~~~[0m
[7m3069[0m       if (positions.length < 1) {
[7m    [0m [91m~~~~~~~~~~~~~~~~~~~~~~~~~~~~~~~[0m
[96msrc/application/services/PerpKeeperScheduler.ts[0m:[93m3046[0m:[93m59[0m - [91merror[0m[90m TS2532: 
[0mObject is possibly 'undefined'.

[7m3046[0m   async checkPersistentImbalancesNuclearOption(): Promise<void> {
[7m    [0m [91m                                                          ~~~~[0m
[96msrc/application/services/PerpKeeperScheduler.ts[0m:[93m3046[0m:[93m63[0m - [91merror[0m[90m TS1109: 
[0mExpression expected.

[7m3046[0m   async checkPersistentImbalancesNuclearOption(): Promise<void> {
[7m    [0m [91m                                                              ~[0m
[96msrc/application/services/PerpKeeperScheduler.ts[0m:[93m3047[0m:[93m13[0m - [91merror[0m[90m TS1005: 
[0m',' expected.

[7m3047[0m     if (this.isRunning) return;
[7m    [0m [91m            ~[0m
[96msrc/application/services/PerpKeeperScheduler.ts[0m:[93m3047[0m:[93m23[0m - [91merror[0m[90m TS1005: 
[0m',' expected.

[7m3047[0m     if (this.isRunning) return;
[7m    [0m [91m                      ~[0m
[96msrc/application/services/PerpKeeperScheduler.ts[0m:[93m3047[0m:[93m31[0m - [91merror[0m[90m TS1005: 
[0m':' expected.

[7m3047[0m     if (this.isRunning) return;
[7m    [0m [91m                              ~[0m
[96msrc/application/services/PerpKeeperScheduler.ts[0m:[93m3048[0m:[93m13[0m - [91merror[0m[90m TS1005: 
[0m',' expected.

[7m3048[0m     if (this.executionLockService?.isGlobalLockHeld()) return;
[7m    [0m [91m            ~[0m
[96msrc/application/services/PerpKeeperScheduler.ts[0m:[93m3048[0m:[93m54[0m - [91merror[0m[90m TS1005: 
[0m',' expected.

[7m3048[0m     if (this.executionLockService?.isGlobalLockHeld()) return;
[7m    [0m [91m                                                     ~[0m
[96msrc/application/services/PerpKeeperScheduler.ts[0m:[93m3048[0m:[93m62[0m - [91merror[0m[90m TS1005: 
[0m':' expected.

[7m3048[0m     if (this.executionLockService?.isGlobalLockHeld()) return;
[7m    [0m [91m                                                             ~[0m
[96msrc/application/services/PerpKeeperScheduler.ts[0m:[93m3051[0m:[93m11[0m - [91merror[0m[90m TS1005: 
[0m':' expected.

[7m3051[0m     const NUCLEAR_THRESHOLD_PERCENT = parseFloat(process.env.NUCLEAR_IMBALANCE_PERCENT || '20');
[7m    [0m [91m          ~~~~~~~~~~~~~~~~~~~~~~~~~[0m
[96msrc/application/services/PerpKeeperScheduler.ts[0m:[93m3051[0m:[93m11[0m - [91merror[0m[90m TS2304: 
[0mCannot find name 'NUCLEAR_THRESHOLD_PERCENT'.

[7m3051[0m     const NUCLEAR_THRESHOLD_PERCENT = parseFloat(process.env.NUCLEAR_IMBALANCE_PERCENT || '20');
[7m    [0m [91m          ~~~~~~~~~~~~~~~~~~~~~~~~~[0m
[96msrc/application/services/PerpKeeperScheduler.ts[0m:[93m3051[0m:[93m96[0m - [91merror[0m[90m TS1005: 
[0m',' expected.

[7m3051[0m     const NUCLEAR_THRESHOLD_PERCENT = parseFloat(process.env.NUCLEAR_IMBALANCE_PERCENT || '20');
[7m    [0m [91m                                                                                               ~[0m
[96msrc/application/services/PerpKeeperScheduler.ts[0m:[93m3052[0m:[93m11[0m - [91merror[0m[90m TS1005: 
[0m':' expected.

[7m3052[0m     const NUCLEAR_TIMEOUT_MINUTES = parseFloat(process.env.NUCLEAR_TIMEOUT_MINUTES || '3');
[7m    [0m [91m          ~~~~~~~~~~~~~~~~~~~~~~~[0m
[96msrc/application/services/PerpKeeperScheduler.ts[0m:[93m3052[0m:[93m11[0m - [91merror[0m[90m TS2304: 
[0mCannot find name 'NUCLEAR_TIMEOUT_MINUTES'.

[7m3052[0m     const NUCLEAR_TIMEOUT_MINUTES = parseFloat(process.env.NUCLEAR_TIMEOUT_MINUTES || '3');
[7m    [0m [91m          ~~~~~~~~~~~~~~~~~~~~~~~[0m
[96msrc/application/services/PerpKeeperScheduler.ts[0m:[93m3052[0m:[93m91[0m - [91merror[0m[90m TS1005: 
[0m',' expected.

[7m3052[0m     const NUCLEAR_TIMEOUT_MINUTES = parseFloat(process.env.NUCLEAR_TIMEOUT_MINUTES || '3');
[7m    [0m [91m                                                                                          ~[0m
[96msrc/application/services/PerpKeeperScheduler.ts[0m:[93m3053[0m:[93m11[0m - [91merror[0m[90m TS1005: 
[0m':' expected.

[7m3053[0m     const MAX_ATTEMPTS_BEFORE_CLOSE = parseInt(process.env.NUCLEAR_MAX_ATTEMPTS || '3');
[7m    [0m [91m          ~~~~~~~~~~~~~~~~~~~~~~~~~[0m
[96msrc/application/services/PerpKeeperScheduler.ts[0m:[93m3053[0m:[93m11[0m - [91merror[0m[90m TS2304: 
[0mCannot find name 'MAX_ATTEMPTS_BEFORE_CLOSE'.

[7m3053[0m     const MAX_ATTEMPTS_BEFORE_CLOSE = parseInt(process.env.NUCLEAR_MAX_ATTEMPTS || '3');
[7m    [0m [91m          ~~~~~~~~~~~~~~~~~~~~~~~~~[0m
[96msrc/application/services/PerpKeeperScheduler.ts[0m:[93m3053[0m:[93m88[0m - [91merror[0m[90m TS1005: 
[0m',' expected.

[7m3053[0m     const MAX_ATTEMPTS_BEFORE_CLOSE = parseInt(process.env.NUCLEAR_MAX_ATTEMPTS || '3');
[7m    [0m [91m                                                                                       ~[0m
[96msrc/application/services/PerpKeeperScheduler.ts[0m:[93m3055[0m:[93m9[0m - [91merror[0m[90m TS1005: 
[0m':' expected.

[7m3055[0m     try {
[7m    [0m [91m        ~[0m
[96msrc/application/services/PerpKeeperScheduler.ts[0m:[93m3056[0m:[93m13[0m - [91merror[0m[90m TS1005: 
[0m':' expected.

[7m3056[0m       const adapters = this.keeperService.getExchangeAdapters();
[7m    [0m [91m            ~~~~~~~~[0m
[96msrc/application/services/PerpKeeperScheduler.ts[0m:[93m3056[0m:[93m13[0m - [91merror[0m[90m TS2588: 
[0mCannot assign to 'adapters' because it is a constant.

[7m3056[0m       const adapters = this.keeperService.getExchangeAdapters();
[7m    [0m [91m            ~~~~~~~~[0m
[96msrc/application/services/PerpKeeperScheduler.ts[0m:[93m3056[0m:[93m24[0m - [91merror[0m[90m TS2532: 
[0mObject is possibly 'undefined'.

[7m3056[0m       const adapters = this.keeperService.getExchangeAdapters();
[7m    [0m [91m                       ~~~~[0m
[96msrc/application/services/PerpKeeperScheduler.ts[0m:[93m3056[0m:[93m64[0m - [91merror[0m[90m TS1005: 
[0m',' expected.

[7m3056[0m       const adapters = this.keeperService.getExchangeAdapters();
[7m    [0m [91m                                                               ~[0m
[96msrc/application/services/PerpKeeperScheduler.ts[0m:[93m3057[0m:[93m13[0m - [91merror[0m[90m TS1005: 
[0m':' expected.

[7m3057[0m       const freshPositions: PerpPosition[] = [];
[7m    [0m [91m            ~~~~~~~~~~~~~~[0m
[96msrc/application/services/PerpKeeperScheduler.ts[0m:[93m3057[0m:[93m13[0m - [91merror[0m[90m TS2304: 
[0mCannot find name 'freshPositions'.

[7m3057[0m       const freshPositions: PerpPosition[] = [];
[7m    [0m [91m            ~~~~~~~~~~~~~~[0m
[96msrc/application/services/PerpKeeperScheduler.ts[0m:[93m3057[0m:[93m27[0m - [91merror[0m[90m TS1005: 
[0m',' expected.

[7m3057[0m       const freshPositions: PerpPosition[] = [];
[7m    [0m [91m                          ~[0m
[96msrc/application/services/PerpKeeperScheduler.ts[0m:[93m3057[0m:[93m41[0m - [91merror[0m[90m TS1005: 
[0m',' expected.

[7m3057[0m       const freshPositions: PerpPosition[] = [];
[7m    [0m [91m                                        ~[0m
[96msrc/application/services/PerpKeeperScheduler.ts[0m:[93m3057[0m:[93m42[0m - [91merror[0m[90m TS1109: 
[0mExpression expected.

[7m3057[0m       const freshPositions: PerpPosition[] = [];
[7m    [0m [91m                                         ~[0m
[96msrc/application/services/PerpKeeperScheduler.ts[0m:[93m3057[0m:[93m44[0m - [91merror[0m[90m TS1005: 
[0m':' expected.

[7m3057[0m       const freshPositions: PerpPosition[] = [];
[7m    [0m [91m                                           ~[0m
[96msrc/application/services/PerpKeeperScheduler.ts[0m:[93m3057[0m:[93m48[0m - [91merror[0m[90m TS1005: 
[0m',' expected.

[7m3057[0m       const freshPositions: PerpPosition[] = [];
[7m    [0m [91m                                               ~[0m
[96msrc/application/services/PerpKeeperScheduler.ts[0m:[93m3059[0m:[93m12[0m - [91merror[0m[90m TS1359: 
[0mIdentifier expected. 'const' is a reserved word that cannot be used here.

[7m3059[0m       for (const [exchangeType, adapter] of adapters) {
[7m    [0m [91m           ~~~~~[0m
[96msrc/application/services/PerpKeeperScheduler.ts[0m:[93m3059[0m:[93m18[0m - [91merror[0m[90m TS1005: 
[0m',' expected.

[7m3059[0m       for (const [exchangeType, adapter] of adapters) {
[7m    [0m [91m                 ~[0m
[96msrc/application/services/PerpKeeperScheduler.ts[0m:[93m3059[0m:[93m42[0m - [91merror[0m[90m TS1005: 
[0m',' expected.

[7m3059[0m       for (const [exchangeType, adapter] of adapters) {
[7m    [0m [91m                                         ~~[0m
[96msrc/application/services/PerpKeeperScheduler.ts[0m:[93m3059[0m:[93m45[0m - [91merror[0m[90m TS1005: 
[0m',' expected.

[7m3059[0m       for (const [exchangeType, adapter] of adapters) {
[7m    [0m [91m                                            ~~~~~~~~[0m
[96msrc/application/services/PerpKeeperScheduler.ts[0m:[93m3062[0m:[93m11[0m - [91merror[0m[90m TS2304: 
[0mCannot find name 'freshPositions'.

[7m3062[0m           freshPositions.push(...exchangePositions);
[7m    [0m [91m          ~~~~~~~~~~~~~~[0m
[96msrc/application/services/PerpKeeperScheduler.ts[0m:[93m3068[0m:[93m7[0m - [91merror[0m[90m TS1005: 
[0m',' expected.

[7m3068[0m       const positions = freshPositions;
[7m    [0m [91m      ~~~~~[0m
[96msrc/application/services/PerpKeeperScheduler.ts[0m:[93m3068[0m:[93m13[0m - [91merror[0m[90m TS1005: 
[0m':' expected.

[7m3068[0m       const positions = freshPositions;
[7m    [0m [91m            ~~~~~~~~~[0m
[96msrc/application/services/PerpKeeperScheduler.ts[0m:[93m3068[0m:[93m13[0m - [91merror[0m[90m TS2304: 
[0mCannot find name 'positions'.

[7m3068[0m       const positions = freshPositions;
[7m    [0m [91m            ~~~~~~~~~[0m
[96msrc/application/services/PerpKeeperScheduler.ts[0m:[93m3068[0m:[93m25[0m - [91merror[0m[90m TS2304: 
[0mCannot find name 'freshPositions'.

[7m3068[0m       const positions = freshPositions;
[7m    [0m [91m                        ~~~~~~~~~~~~~~[0m
[96msrc/application/services/PerpKeeperScheduler.ts[0m:[93m3068[0m:[93m39[0m - [91merror[0m[90m TS1005: 
[0m',' expected.

[7m3068[0m       const positions = freshPositions;
[7m    [0m [91m                                      ~[0m
[96msrc/application/services/PerpKeeperScheduler.ts[0m:[93m3069[0m:[93m20[0m - [91merror[0m[90m TS1005: 
[0m',' expected.

[7m3069[0m       if (positions.length < 1) {
[7m    [0m [91m                   ~[0m
[96msrc/application/services/PerpKeeperScheduler.ts[0m:[93m3069[0m:[93m31[0m - [91merror[0m[90m TS1005: 
[0m',' expected.

[7m3069[0m       if (positions.length < 1) {
[7m    [0m [91m                              ~[0m
[96msrc/application/services/PerpKeeperScheduler.ts[0m:[93m3069[0m:[93m33[0m - [91merror[0m[90m TS1136: 
[0mProperty assignment expected.

[7m3069[0m       if (positions.length < 1) {
[7m    [0m [91m                                ~[0m
[96msrc/application/services/PerpKeeperScheduler.ts[0m:[93m3071[0m:[93m9[0m - [91merror[0m[90m TS2532: 
[0mObject is possibly 'undefined'.

[7m3071[0m         this.persistentImbalances.clear();
[7m    [0m [91m        ~~~~[0m
[96msrc/application/services/PerpKeeperScheduler.ts[0m:[93m3077[0m:[93m30[0m - [91merror[0m[90m TS2304: 
[0mCannot find name 'positions'.

[7m3077[0m       for (const position of positions) {
[7m    [0m [91m                             ~~~~~~~~~[0m
[96msrc/application/services/PerpKeeperScheduler.ts[0m:[93m3078[0m:[93m34[0m - [91merror[0m[90m TS2532: 
[0mObject is possibly 'undefined'.

[7m3078[0m         const normalizedSymbol = this.normalizeSymbol(position.symbol);
[7m    [0m [91m                                 ~~~~[0m
[96msrc/application/services/PerpKeeperScheduler.ts[0m:[93m3096[0m:[93m28[0m - [91merror[0m[90m TS2532: 
[0mObject is possibly 'undefined'.

[7m3096[0m           const tracking = this.persistentImbalances.get(symbol);
[7m    [0m [91m                           ~~~~[0m
[96msrc/application/services/PerpKeeperScheduler.ts[0m:[93m3100[0m:[93m13[0m - [91merror[0m[90m TS2532: 
[0mObject is possibly 'undefined'.

[7m3100[0m             this.persistentImbalances.set(symbol, {
[7m    [0m [91m            ~~~~[0m
[96msrc/application/services/PerpKeeperScheduler.ts[0m:[93m3114[0m:[93m37[0m - [91merror[0m[90m TS2304: 
[0mCannot find name 'NUCLEAR_TIMEOUT_MINUTES'.

[7m3114[0m           if (persistenceMinutes >= NUCLEAR_TIMEOUT_MINUTES || tracking.attemptCount >= 
MAX_ATTEMPTS_BEFORE_CLOSE) {
[7m    [0m [91m                                    ~~~~~~~~~~~~~~~~~~~~~~~[0m
[96msrc/application/services/PerpKeeperScheduler.ts[0m:[93m3114[0m:[93m89[0m - [91merror[0m[90m TS2304: 
[0mCannot find name 'MAX_ATTEMPTS_BEFORE_CLOSE'.

[7m3114[0m           if (persistenceMinutes >= NUCLEAR_TIMEOUT_MINUTES || tracking.attemptCount >= 
MAX_ATTEMPTS_BEFORE_CLOSE) {
[7m    [0m [91m                                                                                        
~~~~~~~~~~~~~~~~~~~~~~~~~[0m
[96msrc/application/services/PerpKeeperScheduler.ts[0m:[93m3115[0m:[93m13[0m - [91merror[0m[90m TS2532: 
[0mObject is possibly 'undefined'.

[7m3115[0m             this.logger.error(
[7m    [0m [91m            ~~~~[0m
[96msrc/application/services/PerpKeeperScheduler.ts[0m:[93m3120[0m:[93m19[0m - [91merror[0m[90m TS2532: 
[0mObject is possibly 'undefined'.

[7m3120[0m             await this.executeNuclearClose(symbol, [singleLegPos], adapters);
[7m    [0m [91m                  ~~~~[0m
[96msrc/application/services/PerpKeeperScheduler.ts[0m:[93m3121[0m:[93m13[0m - [91merror[0m[90m TS2532: 
[0mObject is possibly 'undefined'.

[7m3121[0m             this.persistentImbalances.delete(symbol);
[7m    [0m [91m            ~~~~[0m
[96msrc/application/services/PerpKeeperScheduler.ts[0m:[93m3143[0m:[93m35[0m - [91merror[0m[90m TS18048: 
[0m'longPos' is possibly 'undefined'.

[7m3143[0m         const longSize = Math.abs(longPos.size);
[7m    [0m [91m                                  ~~~~~~~[0m
[96msrc/application/services/PerpKeeperScheduler.ts[0m:[93m3144[0m:[93m36[0m - [91merror[0m[90m TS18048: 
[0m'shortPos' is possibly 'undefined'.

[7m3144[0m         const shortSize = Math.abs(shortPos.size);
[7m    [0m [91m                                   ~~~~~~~~[0m
[96msrc/application/services/PerpKeeperScheduler.ts[0m:[93m3149[0m:[93m32[0m - [91merror[0m[90m TS2304: 
[0mCannot find name 'NUCLEAR_THRESHOLD_PERCENT'.

[7m3149[0m         if (imbalancePercent < NUCLEAR_THRESHOLD_PERCENT) {
[7m    [0m [91m                               ~~~~~~~~~~~~~~~~~~~~~~~~~[0m
[96msrc/application/services/PerpKeeperScheduler.ts[0m:[93m3151[0m:[93m11[0m - [91merror[0m[90m TS2532: 
[0mObject is possibly 'undefined'.

[7m3151[0m           this.persistentImbalances.delete(symbol);
[7m    [0m [91m          ~~~~[0m
[96msrc/application/services/PerpKeeperScheduler.ts[0m:[93m3155[0m:[93m26[0m - [91merror[0m[90m TS2532: 
[0mObject is possibly 'undefined'.

[7m3155[0m         const tracking = this.persistentImbalances.get(symbol);
[7m    [0m [91m                         ~~~~[0m
[96msrc/application/services/PerpKeeperScheduler.ts[0m:[93m3159[0m:[93m11[0m - [91merror[0m[90m TS2532: 
[0mObject is possibly 'undefined'.

[7m3159[0m           this.persistentImbalances.set(symbol, {
[7m    [0m [91m          ~~~~[0m
[96msrc/application/services/PerpKeeperScheduler.ts[0m:[93m3163[0m:[93m27[0m - [91merror[0m[90m TS18048: 
[0m'longPos' is possibly 'undefined'.

[7m3163[0m             longExchange: longPos.exchangeType,
[7m    [0m [91m                          ~~~~~~~[0m
[96msrc/application/services/PerpKeeperScheduler.ts[0m:[93m3164[0m:[93m28[0m - [91merror[0m[90m TS18048: 
[0m'shortPos' is possibly 'undefined'.

[7m3164[0m             shortExchange: shortPos.exchangeType,
[7m    [0m [91m                           ~~~~~~~~[0m
[96msrc/application/services/PerpKeeperScheduler.ts[0m:[93m3173[0m:[93m35[0m - [91merror[0m[90m TS2304: 
[0mCannot find name 'NUCLEAR_TIMEOUT_MINUTES'.

[7m3173[0m         if (persistenceMinutes >= NUCLEAR_TIMEOUT_MINUTES && imbalancePercent >= 
NUCLEAR_THRESHOLD_PERCENT) {
[7m    [0m [91m                                  ~~~~~~~~~~~~~~~~~~~~~~~[0m
[96msrc/application/services/PerpKeeperScheduler.ts[0m:[93m3173[0m:[93m82[0m - [91merror[0m[90m TS2304: 
[0mCannot find name 'NUCLEAR_THRESHOLD_PERCENT'.

[7m3173[0m         if (persistenceMinutes >= NUCLEAR_TIMEOUT_MINUTES && imbalancePercent >= 
NUCLEAR_THRESHOLD_PERCENT) {
[7m    [0m [91m                                                                                 
~~~~~~~~~~~~~~~~~~~~~~~~~[0m
[96msrc/application/services/PerpKeeperScheduler.ts[0m:[93m3174[0m:[93m11[0m - [91merror[0m[90m TS2532: 
[0mObject is possibly 'undefined'.

[7m3174[0m           this.logger.error(
[7m    [0m [91m          ~~~~[0m
[96msrc/application/services/PerpKeeperScheduler.ts[0m:[93m3179[0m:[93m17[0m - [91merror[0m[90m TS2532: 
[0mObject is possibly 'undefined'.

[7m3179[0m           await this.executeNuclearClose(symbol, [longPos, shortPos], adapters);
[7m    [0m [91m                ~~~~[0m
[96msrc/application/services/PerpKeeperScheduler.ts[0m:[93m3180[0m:[93m11[0m - [91merror[0m[90m TS2532: 
[0mObject is possibly 'undefined'.

[7m3180[0m           this.persistentImbalances.delete(symbol);
[7m    [0m [91m          ~~~~[0m
[96msrc/application/services/PerpKeeperScheduler.ts[0m:[93m3182[0m:[93m11[0m - [91merror[0m[90m TS2532: 
[0mObject is possibly 'undefined'.

[7m3182[0m           this.logger.warn(
[7m    [0m [91m          ~~~~[0m
[96msrc/application/services/PerpKeeperScheduler.ts[0m:[93m3184[0m:[93m29[0m - [91merror[0m[90m TS2304: 
[0mCannot find name 'NUCLEAR_TIMEOUT_MINUTES'.

[7m3184[0m             `(Nuclear in ${(NUCLEAR_TIMEOUT_MINUTES - persistenceMinutes).toFixed(1)} min)`
[7m    [0m [91m                            ~~~~~~~~~~~~~~~~~~~~~~~[0m
[96msrc/application/services/PerpKeeperScheduler.ts[0m:[93m3190[0m:[93m35[0m - [91merror[0m[90m TS2532: 
[0mObject is possibly 'undefined'.

[7m3190[0m       for (const trackedSymbol of this.persistentImbalances.keys()) {
[7m    [0m [91m                                  ~~~~[0m
[96msrc/application/services/PerpKeeperScheduler.ts[0m:[93m3192[0m:[93m11[0m - [91merror[0m[90m TS2532: 
[0mObject is possibly 'undefined'.

[7m3192[0m           this.persistentImbalances.delete(trackedSymbol);
[7m    [0m [91m          ~~~~[0m
[96msrc/application/services/PerpKeeperScheduler.ts[0m:[93m3196[0m:[93m5[0m - [91merror[0m[90m TS1128: 
[0mDeclaration or statement expected.

[7m3196[0m     } catch (error: any) {
[7m    [0m [91m    ~[0m
[96msrc/application/services/PerpKeeperScheduler.ts[0m:[93m3196[0m:[93m7[0m - [91merror[0m[90m TS1005: 
[0m'try' expected.

[7m3196[0m     } catch (error: any) {
[7m    [0m [91m      ~~~~~[0m
[96msrc/application/services/PerpKeeperScheduler.ts[0m:[93m3197[0m:[93m7[0m - [91merror[0m[90m TS2532: 
[0mObject is possibly 'undefined'.

[7m3197[0m       this.logger.error(`Error in nuclear option check: ${error.message}`);
[7m    [0m [91m      ~~~~[0m
[96msrc/application/services/PerpKeeperScheduler.ts[0m:[93m3199[0m:[93m3[0m - [91merror[0m[90m TS1128: 
[0mDeclaration or statement expected.

[7m3199[0m   }
[7m    [0m [91m  ~[0m
[96msrc/application/services/PerpKeeperScheduler.ts[0m:[93m3204[0m:[93m3[0m - [91merror[0m[90m TS1128: 
[0mDeclaration or statement expected.

[7m3204[0m   private async executeNuclearClose(
[7m    [0m [91m  ~~~~~~~[0m
[96msrc/application/services/PerpKeeperScheduler.ts[0m:[93m3204[0m:[93m11[0m - [91merror[0m[90m TS1434: 
[0mUnexpected keyword or identifier.

[7m3204[0m   private async executeNuclearClose(
[7m    [0m [91m          ~~~~~[0m
[96msrc/application/services/PerpKeeperScheduler.ts[0m:[93m3204[0m:[93m11[0m - [91merror[0m[90m TS2304: 
[0mCannot find name 'async'.

[7m3204[0m   private async executeNuclearClose(
[7m    [0m [91m          ~~~~~[0m
[96msrc/application/services/PerpKeeperScheduler.ts[0m:[93m3204[0m:[93m17[0m - [91merror[0m[90m TS2304: 
[0mCannot find name 'executeNuclearClose'.

[7m3204[0m   private async executeNuclearClose(
[7m    [0m [91m                ~~~~~~~~~~~~~~~~~~~[0m
[96msrc/application/services/PerpKeeperScheduler.ts[0m:[93m3205[0m:[93m5[0m - [91merror[0m[90m TS2304: 
[0mCannot find name 'symbol'.

[7m3205[0m     symbol: string,
[7m    [0m [91m    ~~~~~~[0m
[96msrc/application/services/PerpKeeperScheduler.ts[0m:[93m3205[0m:[93m11[0m - [91merror[0m[90m TS1005: 
[0m',' expected.

[7m3205[0m     symbol: string,
[7m    [0m [91m          ~[0m
[96msrc/application/services/PerpKeeperScheduler.ts[0m:[93m3205[0m:[93m13[0m - [91merror[0m[90m TS2693: 
[0m'string' only refers to a type, but is being used as a value here.

[7m3205[0m     symbol: string,
[7m    [0m [91m            ~~~~~~[0m
[96msrc/application/services/PerpKeeperScheduler.ts[0m:[93m3206[0m:[93m5[0m - [91merror[0m[90m TS2304: 
[0mCannot find name 'positions'.

[7m3206[0m     positions: PerpPosition[],
[7m    [0m [91m    ~~~~~~~~~[0m
[96msrc/application/services/PerpKeeperScheduler.ts[0m:[93m3206[0m:[93m14[0m - [91merror[0m[90m TS1005: 
[0m',' expected.

[7m3206[0m     positions: PerpPosition[],
[7m    [0m [91m             ~[0m
[96msrc/application/services/PerpKeeperScheduler.ts[0m:[93m3206[0m:[93m29[0m - [91merror[0m[90m TS1011: 
[0mAn element access expression should take an argument.

[7m3206[0m     positions: PerpPosition[],
[7m    [0m [91m                            [0m
[96msrc/application/services/PerpKeeperScheduler.ts[0m:[93m3207[0m:[93m13[0m - [91merror[0m[90m TS1005: 
[0m',' expected.

[7m3207[0m     adapters: Map<ExchangeType, IPerpExchangeAdapter>,
[7m    [0m [91m            ~[0m
[96msrc/application/services/PerpKeeperScheduler.ts[0m:[93m3208[0m:[93m4[0m - [91merror[0m[90m TS1005: 
[0m';' expected.

[7m3208[0m   ): Promise<void> {
[7m    [0m [91m   ~[0m
[96msrc/application/services/PerpKeeperScheduler.ts[0m:[93m3208[0m:[93m6[0m - [91merror[0m[90m TS2365: 
[0mOperator '>' cannot be applied to types 'boolean' and '{ this: any; for(: any, position: any, of: any, positions: 
any): void; await: any; }'.

[7m3208[0m   ): Promise<void> {
[7m    [0m [91m     ~~~~~~~~~~~~~~~[0m
[7m3209[0m     this.logger.error(`Ôÿó´©Å EXECUTING NUCLEAR CLOSE for ${symbol} - closing ${positions.length} 
position(s)`);
[7m    [0m 
[91m~~~~~~~~~~~~~~~~~~~~~~~~~~~~~~~~~~~~~~~~~~~~~~~~~~~~~~~~~~~~~~~~~~~~~~~~~~~~~~~~~~~~~~~~~~~~~~~~~~~~~~~~~~~~[0m
[7m ...[0m 
[7m3257[0m     await this.marketStateService?.refreshAll();
[7m    [0m [91m~~~~~~~~~~~~~~~~~~~~~~~~~~~~~~~~~~~~~~~~~~~~~~~~[0m
[7m3258[0m   }
[7m    [0m [91m~~~[0m
[96msrc/application/services/PerpKeeperScheduler.ts[0m:[93m3208[0m:[93m14[0m - [91merror[0m[90m TS2532: 
[0mObject is possibly 'undefined'.

[7m3208[0m   ): Promise<void> {
[7m    [0m [91m             ~~~~[0m
[96msrc/application/services/PerpKeeperScheduler.ts[0m:[93m3208[0m:[93m18[0m - [91merror[0m[90m TS1109: 
[0mExpression expected.

[7m3208[0m   ): Promise<void> {
[7m    [0m [91m                 ~[0m
[96msrc/application/services/PerpKeeperScheduler.ts[0m:[93m3209[0m:[93m9[0m - [91merror[0m[90m TS1005: 
[0m':' expected.

[7m3209[0m     this.logger.error(`Ôÿó´©Å EXECUTING NUCLEAR CLOSE for ${symbol} - closing ${positions.length} 
position(s)`);
[7m    [0m [91m        ~[0m
[96msrc/application/services/PerpKeeperScheduler.ts[0m:[93m3209[0m:[93m57[0m - [91merror[0m[90m TS2304: 
[0mCannot find name 'symbol'.

[7m3209[0m     this.logger.error(`Ôÿó´©Å EXECUTING NUCLEAR CLOSE for ${symbol} - closing ${positions.length} 
position(s)`);
[7m    [0m [91m                                                        ~~~~~~[0m
[96msrc/application/services/PerpKeeperScheduler.ts[0m:[93m3209[0m:[93m77[0m - [91merror[0m[90m TS2304: 
[0mCannot find name 'positions'.

[7m3209[0m     this.logger.error(`Ôÿó´©Å EXECUTING NUCLEAR CLOSE for ${symbol} - closing ${positions.length} 
position(s)`);
[7m    [0m [91m                                                                            ~~~~~~~~~[0m
[96msrc/application/services/PerpKeeperScheduler.ts[0m:[93m3209[0m:[93m108[0m - [91merror[0m[90m TS1005: 
[0m',' expected.

[7m3209[0m     this.logger.error(`Ôÿó´©Å EXECUTING NUCLEAR CLOSE for ${symbol} - closing ${positions.length} 
position(s)`);
[7m    [0m [91m                                                                                                     
      ~[0m
[96msrc/application/services/PerpKeeperScheduler.ts[0m:[93m3211[0m:[93m10[0m - [91merror[0m[90m TS1359: 
[0mIdentifier expected. 'const' is a reserved word that cannot be used here.

[7m3211[0m     for (const position of positions) {
[7m    [0m [91m         ~~~~~[0m
[96msrc/application/services/PerpKeeperScheduler.ts[0m:[93m3211[0m:[93m16[0m - [91merror[0m[90m TS1005: 
[0m',' expected.

[7m3211[0m     for (const position of positions) {
[7m    [0m [91m               ~~~~~~~~[0m
[96msrc/application/services/PerpKeeperScheduler.ts[0m:[93m3211[0m:[93m25[0m - [91merror[0m[90m TS1005: 
[0m',' expected.

[7m3211[0m     for (const position of positions) {
[7m    [0m [91m                        ~~[0m
[96msrc/application/services/PerpKeeperScheduler.ts[0m:[93m3211[0m:[93m28[0m - [91merror[0m[90m TS1005: 
[0m',' expected.

[7m3211[0m     for (const position of positions) {
[7m    [0m [91m                           ~~~~~~~~~[0m
[96msrc/application/services/PerpKeeperScheduler.ts[0m:[93m3257[0m:[93m5[0m - [91merror[0m[90m TS1005: 
[0m',' expected.

[7m3257[0m     await this.marketStateService?.refreshAll();
[7m    [0m [91m    ~~~~~[0m
[96msrc/application/services/PerpKeeperScheduler.ts[0m:[93m3257[0m:[93m5[0m - [91merror[0m[90m TS18004: 
[0mNo value exists in scope for the shorthand property 'await'. Either declare one or provide an initializer.

[7m3257[0m     await this.marketStateService?.refreshAll();
[7m    [0m [91m    ~~~~~[0m
[96msrc/application/services/PerpKeeperScheduler.ts[0m:[93m3257[0m:[93m11[0m - [91merror[0m[90m TS1005: 
[0m',' expected.

[7m3257[0m     await this.marketStateService?.refreshAll();
[7m    [0m [91m          ~~~~[0m
[96msrc/application/services/PerpKeeperScheduler.ts[0m:[93m3257[0m:[93m15[0m - [91merror[0m[90m TS1005: 
[0m':' expected.

[7m3257[0m     await this.marketStateService?.refreshAll();
[7m    [0m [91m              ~[0m
[96msrc/application/services/PerpKeeperScheduler.ts[0m:[93m3257[0m:[93m48[0m - [91merror[0m[90m TS1005: 
[0m',' expected.

[7m3257[0m     await this.marketStateService?.refreshAll();
[7m    [0m [91m                                               ~[0m
[96msrc/application/services/PerpKeeperScheduler.ts[0m:[93m3278[0m:[93m8[0m - [91merror[0m[90m TS1146: 
[0mDeclaration expected.

[7m3278[0m   async verifyPositionStateWithExchanges(): Promise<void> {
[7m    [0m [91m       [0m
[96msrc/application/services/PerpKeeperScheduler.ts[0m:[93m3278[0m:[93m9[0m - [91merror[0m[90m TS2304: 
[0mCannot find name 'verifyPositionStateWithExchanges'.

[7m3278[0m   async verifyPositionStateWithExchanges(): Promise<void> {
[7m    [0m [91m        ~~~~~~~~~~~~~~~~~~~~~~~~~~~~~~~~[0m
[96msrc/application/services/PerpKeeperScheduler.ts[0m:[93m3278[0m:[93m43[0m - [91merror[0m[90m TS1005: 
[0m';' expected.

[7m3278[0m   async verifyPositionStateWithExchanges(): Promise<void> {
[7m    [0m [91m                                          ~[0m
[96msrc/application/services/PerpKeeperScheduler.ts[0m:[93m3278[0m:[93m45[0m - [91merror[0m[90m TS2365: 
[0mOperator '>' cannot be applied to types 'boolean' and '{ if(this: any): any; if(this: any): any; if(: any, this: 
any): any; "": any; return: any; }'.

[7m3278[0m   async verifyPositionStateWithExchanges(): Promise<void> {
[7m    [0m [91m                                            ~~~~~~~~~~~~~~~[0m
[7m3279[0m     if (this.isRunning) return;
[7m    [0m [91m~~~~~~~~~~~~~~~~~~~~~~~~~~~~~~~[0m
[7m ...[0m 
[7m3282[0m     // Skip if rate limits are stressed
[7m    [0m [91m~~~~~~~~~~~~~~~~~~~~~~~~~~~~~~~~~~~~~~~[0m
[7m3283[0m     if (!this.isRateLimitHealthy(0.5)) {
[7m    [0m [91m~~~~~~~~~~~~~~~~~~~~~~~~~~~~~~~~~~~~~~[0m
[96msrc/application/services/PerpKeeperScheduler.ts[0m:[93m3278[0m:[93m53[0m - [91merror[0m[90m TS2532: 
[0mObject is possibly 'undefined'.

[7m3278[0m   async verifyPositionStateWithExchanges(): Promise<void> {
[7m    [0m [91m                                                    ~~~~[0m
[96msrc/application/services/PerpKeeperScheduler.ts[0m:[93m3278[0m:[93m57[0m - [91merror[0m[90m TS1109: 
[0mExpression expected.

[7m3278[0m   async verifyPositionStateWithExchanges(): Promise<void> {
[7m    [0m [91m                                                        ~[0m
[96msrc/application/services/PerpKeeperScheduler.ts[0m:[93m3279[0m:[93m13[0m - [91merror[0m[90m TS1005: 
[0m',' expected.

[7m3279[0m     if (this.isRunning) return;
[7m    [0m [91m            ~[0m
[96msrc/application/services/PerpKeeperScheduler.ts[0m:[93m3279[0m:[93m23[0m - [91merror[0m[90m TS1005: 
[0m',' expected.

[7m3279[0m     if (this.isRunning) return;
[7m    [0m [91m                      ~[0m
[96msrc/application/services/PerpKeeperScheduler.ts[0m:[93m3279[0m:[93m31[0m - [91merror[0m[90m TS1005: 
[0m':' expected.

[7m3279[0m     if (this.isRunning) return;
[7m    [0m [91m                              ~[0m
[96msrc/application/services/PerpKeeperScheduler.ts[0m:[93m3280[0m:[93m13[0m - [91merror[0m[90m TS1005: 
[0m',' expected.

[7m3280[0m     if (this.executionLockService?.isGlobalLockHeld()) return;
[7m    [0m [91m            ~[0m
[96msrc/application/services/PerpKeeperScheduler.ts[0m:[93m3280[0m:[93m54[0m - [91merror[0m[90m TS1005: 
[0m',' expected.

[7m3280[0m     if (this.executionLockService?.isGlobalLockHeld()) return;
[7m    [0m [91m                                                     ~[0m
[96msrc/application/services/PerpKeeperScheduler.ts[0m:[93m3280[0m:[93m62[0m - [91merror[0m[90m TS1005: 
[0m':' expected.

[7m3280[0m     if (this.executionLockService?.isGlobalLockHeld()) return;
[7m    [0m [91m                                                             ~[0m
[96msrc/application/services/PerpKeeperScheduler.ts[0m:[93m3283[0m:[93m9[0m - [91merror[0m[90m TS1003: 
[0mIdentifier expected.

[7m3283[0m     if (!this.isRateLimitHealthy(0.5)) {
[7m    [0m [91m        ~[0m
[96msrc/application/services/PerpKeeperScheduler.ts[0m:[93m3283[0m:[93m10[0m - [91merror[0m[90m TS2680: [0mA 
'this' parameter must be the first parameter.

[7m3283[0m     if (!this.isRateLimitHealthy(0.5)) {
[7m    [0m [91m         ~~~~[0m
[96msrc/application/services/PerpKeeperScheduler.ts[0m:[93m3283[0m:[93m14[0m - [91merror[0m[90m TS1005: 
[0m',' expected.

[7m3283[0m     if (!this.isRateLimitHealthy(0.5)) {
[7m    [0m [91m             ~[0m
[96msrc/application/services/PerpKeeperScheduler.ts[0m:[93m3283[0m:[93m38[0m - [91merror[0m[90m TS1005: 
[0m',' expected.

[7m3283[0m     if (!this.isRateLimitHealthy(0.5)) {
[7m    [0m [91m                                     ~[0m
[96msrc/application/services/PerpKeeperScheduler.ts[0m:[93m3283[0m:[93m40[0m - [91merror[0m[90m TS1136: 
[0mProperty assignment expected.

[7m3283[0m     if (!this.isRateLimitHealthy(0.5)) {
[7m    [0m [91m                                       ~[0m
[96msrc/application/services/PerpKeeperScheduler.ts[0m:[93m3288[0m:[93m24[0m - [91merror[0m[90m TS2532: 
[0mObject is possibly 'undefined'.

[7m3288[0m       const adapters = this.keeperService.getExchangeAdapters();
[7m    [0m [91m                       ~~~~[0m
[96msrc/application/services/PerpKeeperScheduler.ts[0m:[93m3289[0m:[93m32[0m - [91merror[0m[90m TS2532: 
[0mObject is possibly 'undefined'.

[7m3289[0m       const trackedPositions = this.marketStateService?.getAllPositions() || [];
[7m    [0m [91m                               ~~~~[0m
[96msrc/application/services/PerpKeeperScheduler.ts[0m:[93m3312[0m:[93m40[0m - [91merror[0m[90m TS2532: 
[0mObject is possibly 'undefined'.

[7m3312[0m               const normalizedSymbol = this.normalizeSymbol(pos.symbol);
[7m    [0m [91m                                       ~~~~[0m
[96msrc/application/services/PerpKeeperScheduler.ts[0m:[93m3320[0m:[93m40[0m - [91merror[0m[90m TS2532: 
[0mObject is possibly 'undefined'.

[7m3320[0m               const normalizedSymbol = this.normalizeSymbol(pos.symbol);
[7m    [0m [91m                                       ~~~~[0m
[96msrc/application/services/PerpKeeperScheduler.ts[0m:[93m3330[0m:[93m15[0m - [91merror[0m[90m TS2532: 
[0mObject is possibly 'undefined'.

[7m3330[0m               this.logger.error(
[7m    [0m [91m              ~~~~[0m
[96msrc/application/services/PerpKeeperScheduler.ts[0m:[93m3336[0m:[93m15[0m - [91merror[0m[90m TS2532: 
[0mObject is possibly 'undefined'.

[7m3336[0m               this.marketStateService?.removePosition(exchangeType, symbol);
[7m    [0m [91m              ~~~~[0m
[96msrc/application/services/PerpKeeperScheduler.ts[0m:[93m3345[0m:[93m15[0m - [91merror[0m[90m TS2532: 
[0mObject is possibly 'undefined'.

[7m3345[0m               this.logger.error(
[7m    [0m [91m              ~~~~[0m
[96msrc/application/services/PerpKeeperScheduler.ts[0m:[93m3351[0m:[93m15[0m - [91merror[0m[90m TS2532: 
[0mObject is possibly 'undefined'.

[7m3351[0m               this.marketStateService?.updatePosition(actualPos);
[7m    [0m [91m              ~~~~[0m
[96msrc/application/services/PerpKeeperScheduler.ts[0m:[93m3360[0m:[93m43[0m - [91merror[0m[90m TS18048: 
[0m'actualPos' is possibly 'undefined'.

[7m3360[0m               const actualSize = Math.abs(actualPos.size);
[7m    [0m [91m                                          ~~~~~~~~~[0m
[96msrc/application/services/PerpKeeperScheduler.ts[0m:[93m3367[0m:[93m17[0m - [91merror[0m[90m TS2532: 
[0mObject is possibly 'undefined'.

[7m3367[0m                 this.logger.warn(
[7m    [0m [91m                ~~~~[0m
[96msrc/application/services/PerpKeeperScheduler.ts[0m:[93m3373[0m:[93m17[0m - [91merror[0m[90m TS2532: 
[0mObject is possibly 'undefined'.

[7m3373[0m                 this.marketStateService?.updatePosition(actualPos);
[7m    [0m [91m                ~~~~[0m
[96msrc/application/services/PerpKeeperScheduler.ts[0m:[93m3378[0m:[93m11[0m - [91merror[0m[90m TS2532: 
[0mObject is possibly 'undefined'.

[7m3378[0m           this.logger.debug(
[7m    [0m [91m          ~~~~[0m
[96msrc/application/services/PerpKeeperScheduler.ts[0m:[93m3385[0m:[93m9[0m - [91merror[0m[90m TS2532: 
[0mObject is possibly 'undefined'.

[7m3385[0m         this.logger.warn(
[7m    [0m [91m        ~~~~[0m
[96msrc/application/services/PerpKeeperScheduler.ts[0m:[93m3390[0m:[93m7[0m - [91merror[0m[90m TS2532: 
[0mObject is possibly 'undefined'.

[7m3390[0m       this.logger.debug(`Error in position reconciliation: ${error.message}`);
[7m    [0m [91m      ~~~~[0m
[96msrc/application/services/PerpKeeperScheduler.ts[0m:[93m3392[0m:[93m3[0m - [91merror[0m[90m TS1128: 
[0mDeclaration or statement expected.

[7m3392[0m   }
[7m    [0m [91m  ~[0m
[96msrc/application/services/PerpKeeperScheduler.ts[0m:[93m3419[0m:[93m8[0m - [91merror[0m[90m TS1146: 
[0mDeclaration expected.

[7m3419[0m   async checkProfitTaking(): Promise<void> {
[7m    [0m [91m       [0m
[96msrc/application/services/PerpKeeperScheduler.ts[0m:[93m3419[0m:[93m9[0m - [91merror[0m[90m TS2304: 
[0mCannot find name 'checkProfitTaking'.

[7m3419[0m   async checkProfitTaking(): Promise<void> {
[7m    [0m [91m        ~~~~~~~~~~~~~~~~~[0m
[96msrc/application/services/PerpKeeperScheduler.ts[0m:[93m3419[0m:[93m28[0m - [91merror[0m[90m TS1005: 
[0m';' expected.

[7m3419[0m   async checkProfitTaking(): Promise<void> {
[7m    [0m [91m                           ~[0m
[96msrc/application/services/PerpKeeperScheduler.ts[0m:[93m3419[0m:[93m30[0m - [91merror[0m[90m TS2365: 
[0mOperator '>' cannot be applied to types 'boolean' and '{ if(this: any): any; if(this: any): any; if(: any, this: 
any): any; "": any; return: any; }'.

[7m3419[0m   async checkProfitTaking(): Promise<void> {
[7m    [0m [91m                             ~~~~~~~~~~~~~~~[0m
[7m3420[0m     // Skip if main execution is running or global lock held
[7m    [0m [91m~~~~~~~~~~~~~~~~~~~~~~~~~~~~~~~~~~~~~~~~~~~~~~~~~~~~~~~~~~~~[0m
[7m ...[0m 
[7m3424[0m     // Skip if rate limits are stressed
[7m    [0m [91m~~~~~~~~~~~~~~~~~~~~~~~~~~~~~~~~~~~~~~~[0m
[7m3425[0m     if (!this.isRateLimitHealthy(0.4)) {
[7m    [0m [91m~~~~~~~~~~~~~~~~~~~~~~~~~~~~~~~~~~~~~~[0m
[96msrc/application/services/PerpKeeperScheduler.ts[0m:[93m3419[0m:[93m38[0m - [91merror[0m[90m TS2532: 
[0mObject is possibly 'undefined'.

[7m3419[0m   async checkProfitTaking(): Promise<void> {
[7m    [0m [91m                                     ~~~~[0m
[96msrc/application/services/PerpKeeperScheduler.ts[0m:[93m3419[0m:[93m42[0m - [91merror[0m[90m TS1109: 
[0mExpression expected.

[7m3419[0m   async checkProfitTaking(): Promise<void> {
[7m    [0m [91m                                         ~[0m
[96msrc/application/services/PerpKeeperScheduler.ts[0m:[93m3421[0m:[93m13[0m - [91merror[0m[90m TS1005: 
[0m',' expected.

[7m3421[0m     if (this.isRunning) return;
[7m    [0m [91m            ~[0m
[96msrc/application/services/PerpKeeperScheduler.ts[0m:[93m3421[0m:[93m23[0m - [91merror[0m[90m TS1005: 
[0m',' expected.

[7m3421[0m     if (this.isRunning) return;
[7m    [0m [91m                      ~[0m
[96msrc/application/services/PerpKeeperScheduler.ts[0m:[93m3421[0m:[93m31[0m - [91merror[0m[90m TS1005: 
[0m':' expected.

[7m3421[0m     if (this.isRunning) return;
[7m    [0m [91m                              ~[0m
[96msrc/application/services/PerpKeeperScheduler.ts[0m:[93m3422[0m:[93m13[0m - [91merror[0m[90m TS1005: 
[0m',' expected.

[7m3422[0m     if (this.executionLockService?.isGlobalLockHeld()) return;
[7m    [0m [91m            ~[0m
[96msrc/application/services/PerpKeeperScheduler.ts[0m:[93m3422[0m:[93m54[0m - [91merror[0m[90m TS1005: 
[0m',' expected.

[7m3422[0m     if (this.executionLockService?.isGlobalLockHeld()) return;
[7m    [0m [91m                                                     ~[0m
[96msrc/application/services/PerpKeeperScheduler.ts[0m:[93m3422[0m:[93m62[0m - [91merror[0m[90m TS1005: 
[0m':' expected.

[7m3422[0m     if (this.executionLockService?.isGlobalLockHeld()) return;
[7m    [0m [91m                                                             ~[0m
[96msrc/application/services/PerpKeeperScheduler.ts[0m:[93m3425[0m:[93m9[0m - [91merror[0m[90m TS1003: 
[0mIdentifier expected.

[7m3425[0m     if (!this.isRateLimitHealthy(0.4)) {
[7m    [0m [91m        ~[0m
[96msrc/application/services/PerpKeeperScheduler.ts[0m:[93m3425[0m:[93m10[0m - [91merror[0m[90m TS2680: [0mA 
'this' parameter must be the first parameter.

[7m3425[0m     if (!this.isRateLimitHealthy(0.4)) {
[7m    [0m [91m         ~~~~[0m
[96msrc/application/services/PerpKeeperScheduler.ts[0m:[93m3425[0m:[93m14[0m - [91merror[0m[90m TS1005: 
[0m',' expected.

[7m3425[0m     if (!this.isRateLimitHealthy(0.4)) {
[7m    [0m [91m             ~[0m
[96msrc/application/services/PerpKeeperScheduler.ts[0m:[93m3425[0m:[93m38[0m - [91merror[0m[90m TS1005: 
[0m',' expected.

[7m3425[0m     if (!this.isRateLimitHealthy(0.4)) {
[7m    [0m [91m                                     ~[0m
[96msrc/application/services/PerpKeeperScheduler.ts[0m:[93m3425[0m:[93m40[0m - [91merror[0m[90m TS1136: 
[0mProperty assignment expected.

[7m3425[0m     if (!this.isRateLimitHealthy(0.4)) {
[7m    [0m [91m                                       ~[0m
[96msrc/application/services/PerpKeeperScheduler.ts[0m:[93m3430[0m:[93m25[0m - [91merror[0m[90m TS2532: 
[0mObject is possibly 'undefined'.

[7m3430[0m       const positions = this.marketStateService?.getAllPositions() || [];
[7m    [0m [91m                        ~~~~[0m
[96msrc/application/services/PerpKeeperScheduler.ts[0m:[93m3452[0m:[93m34[0m - [91merror[0m[90m TS2532: 
[0mObject is possibly 'undefined'.

[7m3452[0m         const normalizedSymbol = this.normalizeSymbol(position.symbol);
[7m    [0m [91m                                 ~~~~[0m
[96msrc/application/services/PerpKeeperScheduler.ts[0m:[93m3470[0m:[93m30[0m - [91merror[0m[90m TS18048: 
[0m'longPos' is possibly 'undefined'.

[7m3470[0m         const longPricePnl = longPos.unrealizedPnl;
[7m    [0m [91m                             ~~~~~~~[0m
[96msrc/application/services/PerpKeeperScheduler.ts[0m:[93m3471[0m:[93m31[0m - [91merror[0m[90m TS18048: 
[0m'shortPos' is possibly 'undefined'.

[7m3471[0m         const shortPricePnl = shortPos.unrealizedPnl;
[7m    [0m [91m                              ~~~~~~~~[0m
[96msrc/application/services/PerpKeeperScheduler.ts[0m:[93m3478[0m:[93m36[0m - [91merror[0m[90m TS18048: 
[0m'longPos' is possibly 'undefined'.

[7m3478[0m         const longValue = Math.abs(longPos.size * (longPos.markPrice || 0));
[7m    [0m [91m                                   ~~~~~~~[0m
[96msrc/application/services/PerpKeeperScheduler.ts[0m:[93m3478[0m:[93m52[0m - [91merror[0m[90m TS18048: 
[0m'longPos' is possibly 'undefined'.

[7m3478[0m         const longValue = Math.abs(longPos.size * (longPos.markPrice || 0));
[7m    [0m [91m                                                   ~~~~~~~[0m
[96msrc/application/services/PerpKeeperScheduler.ts[0m:[93m3479[0m:[93m37[0m - [91merror[0m[90m TS18048: 
[0m'shortPos' is possibly 'undefined'.

[7m3479[0m         const shortValue = Math.abs(shortPos.size * (shortPos.markPrice || 0));
[7m    [0m [91m                                    ~~~~~~~~[0m
[96msrc/application/services/PerpKeeperScheduler.ts[0m:[93m3479[0m:[93m54[0m - [91merror[0m[90m TS18048: 
[0m'shortPos' is possibly 'undefined'.

[7m3479[0m         const shortValue = Math.abs(shortPos.size * (shortPos.markPrice || 0));
[7m    [0m [91m                                                     ~~~~~~~~[0m
[96msrc/application/services/PerpKeeperScheduler.ts[0m:[93m3491[0m:[93m13[0m - [91merror[0m[90m TS2532: 
[0mObject is possibly 'undefined'.

[7m3491[0m         if (this.predictionService) {
[7m    [0m [91m            ~~~~[0m
[96msrc/application/services/PerpKeeperScheduler.ts[0m:[93m3493[0m:[93m44[0m - [91merror[0m[90m TS2532: 
[0mObject is possibly 'undefined'.

[7m3493[0m             const spreadPrediction = await this.predictionService.getSpreadPrediction(
[7m    [0m [91m                                           ~~~~[0m
[96msrc/application/services/PerpKeeperScheduler.ts[0m:[93m3495[0m:[93m15[0m - [91merror[0m[90m TS18048: 
[0m'longPos' is possibly 'undefined'.

[7m3495[0m               longPos.exchangeType,
[7m    [0m [91m              ~~~~~~~[0m
[96msrc/application/services/PerpKeeperScheduler.ts[0m:[93m3496[0m:[93m15[0m - [91merror[0m[90m TS18048: 
[0m'shortPos' is possibly 'undefined'.

[7m3496[0m               shortPos.exchangeType,
[7m    [0m [91m              ~~~~~~~~[0m
[96msrc/application/services/PerpKeeperScheduler.ts[0m:[93m3502[0m:[93m13[0m - [91merror[0m[90m TS2532: 
[0mObject is possibly 'undefined'.

[7m3502[0m             this.logger.debug(
[7m    [0m [91m            ~~~~[0m
[96msrc/application/services/PerpKeeperScheduler.ts[0m:[93m3515[0m:[93m13[0m - [91merror[0m[90m TS18047: 
[0m'expectedReversionHours' is possibly 'null'.

[7m3515[0m         if (expectedReversionHours > MAX_REVERSION_HOURS) {
[7m    [0m [91m            ~~~~~~~~~~~~~~~~~~~~~~[0m
[96msrc/application/services/PerpKeeperScheduler.ts[0m:[93m3516[0m:[93m11[0m - [91merror[0m[90m TS2532: 
[0mObject is possibly 'undefined'.

[7m3516[0m           this.logger.debug(
[7m    [0m [91m          ~~~~[0m
[96msrc/application/services/PerpKeeperScheduler.ts[0m:[93m3517[0m:[93m71[0m - [91merror[0m[90m TS18047: 
[0m'expectedReversionHours' is possibly 'null'.

[7m3517[0m             `${symbol}: Skipping profit-take, reversion expected in ${expectedReversionHours.toFixed(0)}h 
(> ${MAX_REVERSION_HOURS}h max)`
[7m    [0m [91m                                                                      ~~~~~~~~~~~~~~~~~~~~~~[0m
[96msrc/application/services/PerpKeeperScheduler.ts[0m:[93m3526[0m:[93m64[0m - [91merror[0m[90m TS18047: 
[0m'expectedReversionHours' is possibly 'null'.

[7m3526[0m         const expectedFundingPercent = effectiveSpreadHourly * expectedReversionHours * 100;
[7m    [0m [91m                                                               ~~~~~~~~~~~~~~~~~~~~~~[0m
[96msrc/application/services/PerpKeeperScheduler.ts[0m:[93m3537[0m:[93m11[0m - [91merror[0m[90m TS2532: 
[0mObject is possibly 'undefined'.

[7m3537[0m           this.logger.debug(
[7m    [0m [91m          ~~~~[0m
[96msrc/application/services/PerpKeeperScheduler.ts[0m:[93m3544[0m:[93m9[0m - [91merror[0m[90m TS2532: 
[0mObject is possibly 'undefined'.

[7m3544[0m         this.logger.warn(
[7m    [0m [91m        ~~~~[0m
[96msrc/application/services/PerpKeeperScheduler.ts[0m:[93m3547[0m:[93m40[0m - [91merror[0m[90m TS18047: 
[0m'expectedReversionHours' is possibly 'null'.

[7m3547[0m           `   Expected reversion in: ${expectedReversionHours.toFixed(1)} hours\n` +
[7m    [0m [91m                                       ~~~~~~~~~~~~~~~~~~~~~~[0m
[96msrc/application/services/PerpKeeperScheduler.ts[0m:[93m3550[0m:[93m58[0m - [91merror[0m[90m TS18048: 
[0m'longPos' is possibly 'undefined'.

[7m3550[0m           `   LONG PnL: $${longPricePnl.toFixed(2)} on ${longPos.exchangeType}\n` +
[7m    [0m [91m                                                         ~~~~~~~[0m
[96msrc/application/services/PerpKeeperScheduler.ts[0m:[93m3551[0m:[93m60[0m - [91merror[0m[90m TS18048: 
[0m'shortPos' is possibly 'undefined'.

[7m3551[0m           `   SHORT PnL: $${shortPricePnl.toFixed(2)} on ${shortPos.exchangeType}`
[7m    [0m [91m                                                           ~~~~~~~~[0m
[96msrc/application/services/PerpKeeperScheduler.ts[0m:[93m3556[0m:[93m17[0m - [91merror[0m[90m TS2532: 
[0mObject is possibly 'undefined'.

[7m3556[0m           await this.orchestrator.executeHedgedPartialClose(
[7m    [0m [91m                ~~~~[0m
[96msrc/application/services/PerpKeeperScheduler.ts[0m:[93m3561[0m:[93m29[0m - [91merror[0m[90m TS18047: 
[0m'expectedReversionHours' is possibly 'null'.

[7m3561[0m             `reversion in ${expectedReversionHours.toFixed(0)}h)`
[7m    [0m [91m                            ~~~~~~~~~~~~~~~~~~~~~~[0m
[96msrc/application/services/PerpKeeperScheduler.ts[0m:[93m3566[0m:[93m13[0m - [91merror[0m[90m TS2532: 
[0mObject is possibly 'undefined'.

[7m3566[0m             this.profitTakeCooldowns.set(symbol, {
[7m    [0m [91m            ~~~~[0m
[96msrc/application/services/PerpKeeperScheduler.ts[0m:[93m3568[0m:[93m30[0m - [91merror[0m[90m TS18048: 
[0m'longPos' is possibly 'undefined'.

[7m3568[0m               exitPriceLong: longPos.markPrice || 0,
[7m    [0m [91m                             ~~~~~~~[0m
[96msrc/application/services/PerpKeeperScheduler.ts[0m:[93m3569[0m:[93m31[0m - [91merror[0m[90m TS18048: 
[0m'shortPos' is possibly 'undefined'.

[7m3569[0m               exitPriceShort: shortPos.markPrice || 0,
[7m    [0m [91m                              ~~~~~~~~[0m
[96msrc/application/services/PerpKeeperScheduler.ts[0m:[93m3571[0m:[93m29[0m - [91merror[0m[90m TS18048: 
[0m'longPos' is possibly 'undefined'.

[7m3571[0m               longExchange: longPos.exchangeType,
[7m    [0m [91m                            ~~~~~~~[0m
[96msrc/application/services/PerpKeeperScheduler.ts[0m:[93m3572[0m:[93m30[0m - [91merror[0m[90m TS18048: 
[0m'shortPos' is possibly 'undefined'.

[7m3572[0m               shortExchange: shortPos.exchangeType,
[7m    [0m [91m                             ~~~~~~~~[0m
[96msrc/application/services/PerpKeeperScheduler.ts[0m:[93m3576[0m:[93m11[0m - [91merror[0m[90m TS2532: 
[0mObject is possibly 'undefined'.

[7m3576[0m           this.logger.log(
[7m    [0m [91m          ~~~~[0m
[96msrc/application/services/PerpKeeperScheduler.ts[0m:[93m3579[0m:[93m39[0m - [91merror[0m[90m TS18047: 
[0m'expectedReversionHours' is possibly 'null'.

[7m3579[0m             `   Expected reversion: ${expectedReversionHours.toFixed(1)}h | ` +
[7m    [0m [91m                                      ~~~~~~~~~~~~~~~~~~~~~~[0m
[96msrc/application/services/PerpKeeperScheduler.ts[0m:[93m3584[0m:[93m11[0m - [91merror[0m[90m TS2532: 
[0mObject is possibly 'undefined'.

[7m3584[0m           this.logger.error(
[7m    [0m [91m          ~~~~[0m
[96msrc/application/services/PerpKeeperScheduler.ts[0m:[93m3590[0m:[93m7[0m - [91merror[0m[90m TS2532: 
[0mObject is possibly 'undefined'.

[7m3590[0m       this.logger.debug(`Error in profit taking check: ${error.message}`);
[7m    [0m [91m      ~~~~[0m
[96msrc/application/services/PerpKeeperScheduler.ts[0m:[93m3592[0m:[93m3[0m - [91merror[0m[90m TS1128: 
[0mDeclaration or statement expected.

[7m3592[0m   }
[7m    [0m [91m  ~[0m
[96msrc/application/services/PerpKeeperScheduler.ts[0m:[93m3606[0m:[93m3[0m - [91merror[0m[90m TS2304: 
[0mCannot find name 'isInProfitTakeCooldown'.

[7m3606[0m   isInProfitTakeCooldown(
[7m    [0m [91m  ~~~~~~~~~~~~~~~~~~~~~~[0m
[96msrc/application/services/PerpKeeperScheduler.ts[0m:[93m3607[0m:[93m5[0m - [91merror[0m[90m TS2304: 
[0mCannot find name 'symbol'.

[7m3607[0m     symbol: string,
[7m    [0m [91m    ~~~~~~[0m
[96msrc/application/services/PerpKeeperScheduler.ts[0m:[93m3607[0m:[93m11[0m - [91merror[0m[90m TS1005: 
[0m',' expected.

[7m3607[0m     symbol: string,
[7m    [0m [91m          ~[0m
[96msrc/application/services/PerpKeeperScheduler.ts[0m:[93m3607[0m:[93m13[0m - [91merror[0m[90m TS2693: 
[0m'string' only refers to a type, but is being used as a value here.

[7m3607[0m     symbol: string,
[7m    [0m [91m            ~~~~~~[0m
[96msrc/application/services/PerpKeeperScheduler.ts[0m:[93m3608[0m:[93m5[0m - [91merror[0m[90m TS2304: 
[0mCannot find name 'currentPriceLong'.

[7m3608[0m     currentPriceLong: number,
[7m    [0m [91m    ~~~~~~~~~~~~~~~~[0m
[96msrc/application/services/PerpKeeperScheduler.ts[0m:[93m3608[0m:[93m21[0m - [91merror[0m[90m TS1005: 
[0m',' expected.

[7m3608[0m     currentPriceLong: number,
[7m    [0m [91m                    ~[0m
[96msrc/application/services/PerpKeeperScheduler.ts[0m:[93m3608[0m:[93m23[0m - [91merror[0m[90m TS2693: 
[0m'number' only refers to a type, but is being used as a value here.

[7m3608[0m     currentPriceLong: number,
[7m    [0m [91m                      ~~~~~~[0m
[96msrc/application/services/PerpKeeperScheduler.ts[0m:[93m3609[0m:[93m5[0m - [91merror[0m[90m TS2304: 
[0mCannot find name 'currentPriceShort'.

[7m3609[0m     currentPriceShort: number,
[7m    [0m [91m    ~~~~~~~~~~~~~~~~~[0m
[96msrc/application/services/PerpKeeperScheduler.ts[0m:[93m3609[0m:[93m22[0m - [91merror[0m[90m TS1005: 
[0m',' expected.

[7m3609[0m     currentPriceShort: number,
[7m    [0m [91m                     ~[0m
[96msrc/application/services/PerpKeeperScheduler.ts[0m:[93m3609[0m:[93m24[0m - [91merror[0m[90m TS2693: 
[0m'number' only refers to a type, but is being used as a value here.

[7m3609[0m     currentPriceShort: number,
[7m    [0m [91m                       ~~~~~~[0m
[96msrc/application/services/PerpKeeperScheduler.ts[0m:[93m3610[0m:[93m4[0m - [91merror[0m[90m TS1005: 
[0m';' expected.

[7m3610[0m   ): { inCooldown: boolean; reason?: string } {
[7m    [0m [91m   ~[0m
[96msrc/application/services/PerpKeeperScheduler.ts[0m:[93m3610[0m:[93m20[0m - [91merror[0m[90m TS2693: 
[0m'boolean' only refers to a type, but is being used as a value here.

[7m3610[0m   ): { inCooldown: boolean; reason?: string } {
[7m    [0m [91m                   ~~~~~~~[0m
[96msrc/application/services/PerpKeeperScheduler.ts[0m:[93m3610[0m:[93m29[0m - [91merror[0m[90m TS2448: 
[0mBlock-scoped variable 'reason' used before its declaration.

[7m3610[0m   ): { inCooldown: boolean; reason?: string } {
[7m    [0m [91m                            ~~~~~~[0m

  [96msrc/application/services/PerpKeeperScheduler.ts[0m:[93m4155[0m:[93m32[0m
    [7m4155[0m       const { shouldRebalance, reason, currentBreakEvenHours, newBreakEvenHours } = 
rebalanceResult.value;
    [7m    [0m [96m                               ~~~~~~[0m
    'reason' is declared here.
[96msrc/application/services/PerpKeeperScheduler.ts[0m:[93m3610[0m:[93m36[0m - [91merror[0m[90m TS1109: 
[0mExpression expected.

[7m3610[0m   ): { inCooldown: boolean; reason?: string } {
[7m    [0m [91m                                   ~[0m
[96msrc/application/services/PerpKeeperScheduler.ts[0m:[93m3610[0m:[93m38[0m - [91merror[0m[90m TS2693: 
[0m'string' only refers to a type, but is being used as a value here.

[7m3610[0m   ): { inCooldown: boolean; reason?: string } {
[7m    [0m [91m                                     ~~~~~~[0m
[96msrc/application/services/PerpKeeperScheduler.ts[0m:[93m3611[0m:[93m22[0m - [91merror[0m[90m TS2532: 
[0mObject is possibly 'undefined'.

[7m3611[0m     const cooldown = this.profitTakeCooldowns.get(symbol);
[7m    [0m [91m                     ~~~~[0m
[96msrc/application/services/PerpKeeperScheduler.ts[0m:[93m3611[0m:[93m51[0m - [91merror[0m[90m TS2304: 
[0mCannot find name 'symbol'.

[7m3611[0m     const cooldown = this.profitTakeCooldowns.get(symbol);
[7m    [0m [91m                                                  ~~~~~~[0m
[96msrc/application/services/PerpKeeperScheduler.ts[0m:[93m3622[0m:[93m7[0m - [91merror[0m[90m TS2532: 
[0mObject is possibly 'undefined'.

[7m3622[0m       this.profitTakeCooldowns.delete(symbol);
[7m    [0m [91m      ~~~~[0m
[96msrc/application/services/PerpKeeperScheduler.ts[0m:[93m3622[0m:[93m39[0m - [91merror[0m[90m TS2304: 
[0mCannot find name 'symbol'.

[7m3622[0m       this.profitTakeCooldowns.delete(symbol);
[7m    [0m [91m                                      ~~~~~~[0m
[96msrc/application/services/PerpKeeperScheduler.ts[0m:[93m3623[0m:[93m7[0m - [91merror[0m[90m TS2532: 
[0mObject is possibly 'undefined'.

[7m3623[0m       this.logger.debug(`Profit-take cooldown expired for ${symbol} (${hoursSinceExit.toFixed(1)}h)`);
[7m    [0m [91m      ~~~~[0m
[96msrc/application/services/PerpKeeperScheduler.ts[0m:[93m3623[0m:[93m61[0m - [91merror[0m[90m TS2304: 
[0mCannot find name 'symbol'.

[7m3623[0m       this.logger.debug(`Profit-take cooldown expired for ${symbol} (${hoursSinceExit.toFixed(1)}h)`);
[7m    [0m [91m                                                            ~~~~~~[0m
[96msrc/application/services/PerpKeeperScheduler.ts[0m:[93m3635[0m:[93m26[0m - [91merror[0m[90m TS2304: 
[0mCannot find name 'currentPriceShort'.

[7m3635[0m     const currentBasis = currentPriceShort - currentPriceLong;
[7m    [0m [91m                         ~~~~~~~~~~~~~~~~~[0m
[96msrc/application/services/PerpKeeperScheduler.ts[0m:[93m3635[0m:[93m46[0m - [91merror[0m[90m TS2304: 
[0mCannot find name 'currentPriceLong'.

[7m3635[0m     const currentBasis = currentPriceShort - currentPriceLong;
[7m    [0m [91m                                             ~~~~~~~~~~~~~~~~[0m
[96msrc/application/services/PerpKeeperScheduler.ts[0m:[93m3636[0m:[93m23[0m - [91merror[0m[90m TS2304: 
[0mCannot find name 'currentPriceLong'.

[7m3636[0m     const avgPrice = (currentPriceLong + currentPriceShort) / 2;
[7m    [0m [91m                      ~~~~~~~~~~~~~~~~[0m
[96msrc/application/services/PerpKeeperScheduler.ts[0m:[93m3636[0m:[93m42[0m - [91merror[0m[90m TS2304: 
[0mCannot find name 'currentPriceShort'.

[7m3636[0m     const avgPrice = (currentPriceLong + currentPriceShort) / 2;
[7m    [0m [91m                                         ~~~~~~~~~~~~~~~~~[0m
[96msrc/application/services/PerpKeeperScheduler.ts[0m:[93m3643[0m:[93m7[0m - [91merror[0m[90m TS2532: 
[0mObject is possibly 'undefined'.

[7m3643[0m       this.profitTakeCooldowns.delete(symbol);
[7m    [0m [91m      ~~~~[0m
[96msrc/application/services/PerpKeeperScheduler.ts[0m:[93m3643[0m:[93m39[0m - [91merror[0m[90m TS2304: 
[0mCannot find name 'symbol'.

[7m3643[0m       this.profitTakeCooldowns.delete(symbol);
[7m    [0m [91m                                      ~~~~~~[0m
[96msrc/application/services/PerpKeeperScheduler.ts[0m:[93m3644[0m:[93m7[0m - [91merror[0m[90m TS2532: 
[0mObject is possibly 'undefined'.

[7m3644[0m       this.logger.log(
[7m    [0m [91m      ~~~~[0m
[96msrc/application/services/PerpKeeperScheduler.ts[0m:[93m3645[0m:[93m46[0m - [91merror[0m[90m TS2304: 
[0mCannot find name 'symbol'.

[7m3645[0m         `Ô£à Profit-take cooldown lifted for ${symbol}: ` +
[7m    [0m [91m                                             ~~~~~~[0m
[96msrc/application/services/PerpKeeperScheduler.ts[0m:[93m3674[0m:[93m8[0m - [91merror[0m[90m TS1146: 
[0mDeclaration expected.

[7m3674[0m   async checkSpreadFlips(): Promise<void> {
[7m    [0m [91m       [0m
[96msrc/application/services/PerpKeeperScheduler.ts[0m:[93m3674[0m:[93m9[0m - [91merror[0m[90m TS2304: 
[0mCannot find name 'checkSpreadFlips'.

[7m3674[0m   async checkSpreadFlips(): Promise<void> {
[7m    [0m [91m        ~~~~~~~~~~~~~~~~[0m
[96msrc/application/services/PerpKeeperScheduler.ts[0m:[93m3674[0m:[93m27[0m - [91merror[0m[90m TS1005: 
[0m';' expected.

[7m3674[0m   async checkSpreadFlips(): Promise<void> {
[7m    [0m [91m                          ~[0m
[96msrc/application/services/PerpKeeperScheduler.ts[0m:[93m3674[0m:[93m29[0m - [91merror[0m[90m TS2365: 
[0mOperator '>' cannot be applied to types 'boolean' and '{ if(this: any): any; "": any; }'.

[7m3674[0m   async checkSpreadFlips(): Promise<void> {
[7m    [0m [91m                            ~~~~~~~~~~~~~~~[0m
[7m3675[0m     // Skip if main execution is running
[7m    [0m [91m~~~~~~~~~~~~~~~~~~~~~~~~~~~~~~~~~~~~~~~~[0m
[7m3676[0m     if (this.isRunning) {
[7m    [0m [91m~~~~~~~~~~~~~~~~~~~~~~~[0m
[96msrc/application/services/PerpKeeperScheduler.ts[0m:[93m3674[0m:[93m37[0m - [91merror[0m[90m TS2532: 
[0mObject is possibly 'undefined'.

[7m3674[0m   async checkSpreadFlips(): Promise<void> {
[7m    [0m [91m                                    ~~~~[0m
[96msrc/application/services/PerpKeeperScheduler.ts[0m:[93m3674[0m:[93m41[0m - [91merror[0m[90m TS1109: 
[0mExpression expected.

[7m3674[0m   async checkSpreadFlips(): Promise<void> {
[7m    [0m [91m                                        ~[0m
[96msrc/application/services/PerpKeeperScheduler.ts[0m:[93m3676[0m:[93m13[0m - [91merror[0m[90m TS1005: 
[0m',' expected.

[7m3676[0m     if (this.isRunning) {
[7m    [0m [91m            ~[0m
[96msrc/application/services/PerpKeeperScheduler.ts[0m:[93m3676[0m:[93m23[0m - [91merror[0m[90m TS1005: 
[0m',' expected.

[7m3676[0m     if (this.isRunning) {
[7m    [0m [91m                      ~[0m
[96msrc/application/services/PerpKeeperScheduler.ts[0m:[93m3676[0m:[93m25[0m - [91merror[0m[90m TS1136: 
[0mProperty assignment expected.

[7m3676[0m     if (this.isRunning) {
[7m    [0m [91m                        ~[0m
[96msrc/application/services/PerpKeeperScheduler.ts[0m:[93m3681[0m:[93m34[0m - [91merror[0m[90m TS2532: 
[0mObject is possibly 'undefined'.

[7m3681[0m       const allPositions = await this.keeperService.getAllPositions();
[7m    [0m [91m                                 ~~~~[0m
[96msrc/application/services/PerpKeeperScheduler.ts[0m:[93m3691[0m:[93m34[0m - [91merror[0m[90m TS2532: 
[0mObject is possibly 'undefined'.

[7m3691[0m         const normalizedSymbol = this.normalizeSymbol(position.symbol);
[7m    [0m [91m                                 ~~~~[0m
[96msrc/application/services/PerpKeeperScheduler.ts[0m:[93m3713[0m:[93m13[0m - [91merror[0m[90m TS18048: 
[0m'longPosition' is possibly 'undefined'.

[7m3713[0m         if (longPosition.exchangeType === shortPosition.exchangeType) {
[7m    [0m [91m            ~~~~~~~~~~~~[0m
[96msrc/application/services/PerpKeeperScheduler.ts[0m:[93m3713[0m:[93m43[0m - [91merror[0m[90m TS18048: 
[0m'shortPosition' is possibly 'undefined'.

[7m3713[0m         if (longPosition.exchangeType === shortPosition.exchangeType) {
[7m    [0m [91m                                          ~~~~~~~~~~~~~[0m
[96msrc/application/services/PerpKeeperScheduler.ts[0m:[93m3719[0m:[93m36[0m - [91merror[0m[90m TS2532: 
[0mObject is possibly 'undefined'.

[7m3719[0m           const comparison = await this.orchestrator.compareFundingRates(symbol);
[7m    [0m [91m                                   ~~~~[0m
[96msrc/application/services/PerpKeeperScheduler.ts[0m:[93m3725[0m:[93m35[0m - [91merror[0m[90m TS18048: 
[0m'longPosition' is possibly 'undefined'.

[7m3725[0m             (r) => r.exchange === longPosition.exchangeType
[7m    [0m [91m                                  ~~~~~~~~~~~~[0m
[96msrc/application/services/PerpKeeperScheduler.ts[0m:[93m3728[0m:[93m35[0m - [91merror[0m[90m TS18048: 
[0m'shortPosition' is possibly 'undefined'.

[7m3728[0m             (r) => r.exchange === shortPosition.exchangeType
[7m    [0m [91m                                  ~~~~~~~~~~~~~[0m
[96msrc/application/services/PerpKeeperScheduler.ts[0m:[93m3750[0m:[93m17[0m - [91merror[0m[90m TS2532: 
[0mObject is possibly 'undefined'.

[7m3750[0m             if (this.predictionService) {
[7m    [0m [91m                ~~~~[0m
[96msrc/application/services/PerpKeeperScheduler.ts[0m:[93m3752[0m:[93m48[0m - [91merror[0m[90m TS2532: 
[0mObject is possibly 'undefined'.

[7m3752[0m                 const spreadPrediction = await this.predictionService.getSpreadPrediction(
[7m    [0m [91m                                               ~~~~[0m
[96msrc/application/services/PerpKeeperScheduler.ts[0m:[93m3754[0m:[93m19[0m - [91merror[0m[90m TS18048: 
[0m'longPosition' is possibly 'undefined'.

[7m3754[0m                   longPosition.exchangeType,
[7m    [0m [91m                  ~~~~~~~~~~~~[0m
[96msrc/application/services/PerpKeeperScheduler.ts[0m:[93m3755[0m:[93m19[0m - [91merror[0m[90m TS18048: 
[0m'shortPosition' is possibly 'undefined'.

[7m3755[0m                   shortPosition.exchangeType
[7m    [0m [91m                  ~~~~~~~~~~~~~[0m
[96msrc/application/services/PerpKeeperScheduler.ts[0m:[93m3762[0m:[93m33[0m - [91merror[0m[90m TS2532: 
[0mObject is possibly 'undefined'.

[7m3762[0m                 const longFee = this.strategyConfig.getExchangeFeeRate(longPosition.exchangeType);
[7m    [0m [91m                                ~~~~[0m
[96msrc/application/services/PerpKeeperScheduler.ts[0m:[93m3762[0m:[93m72[0m - [91merror[0m[90m TS18048: 
[0m'longPosition' is possibly 'undefined'.

[7m3762[0m                 const longFee = this.strategyConfig.getExchangeFeeRate(longPosition.exchangeType);
[7m    [0m [91m                                                                       ~~~~~~~~~~~~[0m
[96msrc/application/services/PerpKeeperScheduler.ts[0m:[93m3763[0m:[93m34[0m - [91merror[0m[90m TS2532: 
[0mObject is possibly 'undefined'.

[7m3763[0m                 const shortFee = this.strategyConfig.getExchangeFeeRate(shortPosition.exchangeType);
[7m    [0m [91m                                 ~~~~[0m
[96msrc/application/services/PerpKeeperScheduler.ts[0m:[93m3763[0m:[93m73[0m - [91merror[0m[90m TS18048: 
[0m'shortPosition' is possibly 'undefined'.

[7m3763[0m                 const shortFee = this.strategyConfig.getExchangeFeeRate(shortPosition.exchangeType);
[7m    [0m [91m                                                                        ~~~~~~~~~~~~~[0m
[96msrc/application/services/PerpKeeperScheduler.ts[0m:[93m3788[0m:[93m17[0m - [91merror[0m[90m TS2532: 
[0mObject is possibly 'undefined'.

[7m3788[0m                 this.logger.debug(`Prediction failed for ${symbol} spread flip check: ${error.message}`);
[7m    [0m [91m                ~~~~[0m
[96msrc/application/services/PerpKeeperScheduler.ts[0m:[93m3793[0m:[93m15[0m - [91merror[0m[90m TS2532: 
[0mObject is possibly 'undefined'.

[7m3793[0m               this.logger.error(
[7m    [0m [91m              ~~~~[0m
[96msrc/application/services/PerpKeeperScheduler.ts[0m:[93m3796[0m:[93m29[0m - [91merror[0m[90m TS18048: 
[0m'longPosition' is possibly 'undefined'.

[7m3796[0m                 `(LONG on ${longPosition.exchangeType} @ ${(longExchangeRate.currentRate * 
100).toFixed(4)}%, ` +
[7m    [0m [91m                            ~~~~~~~~~~~~[0m
[96msrc/application/services/PerpKeeperScheduler.ts[0m:[93m3797[0m:[93m29[0m - [91merror[0m[90m TS18048: 
[0m'shortPosition' is possibly 'undefined'.

[7m3797[0m                 `SHORT on ${shortPosition.exchangeType} @ ${(shortExchangeRate.currentRate * 
100).toFixed(4)}%) ` +
[7m    [0m [91m                            ~~~~~~~~~~~~~[0m
[96msrc/application/services/PerpKeeperScheduler.ts[0m:[93m3802[0m:[93m19[0m - [91merror[0m[90m TS2532: 
[0mObject is possibly 'undefined'.

[7m3802[0m               if (this.diagnosticsService) {
[7m    [0m [91m                  ~~~~[0m
[96msrc/application/services/PerpKeeperScheduler.ts[0m:[93m3803[0m:[93m17[0m - [91merror[0m[90m TS2532: 
[0mObject is possibly 'undefined'.

[7m3803[0m                 this.diagnosticsService.recordError({
[7m    [0m [91m                ~~~~[0m
[96msrc/application/services/PerpKeeperScheduler.ts[0m:[93m3805[0m:[93m29[0m - [91merror[0m[90m TS18048: 
[0m'longPosition' is possibly 'undefined'.

[7m3805[0m                   exchange: longPosition.exchangeType,
[7m    [0m [91m                            ~~~~~~~~~~~~[0m
[96msrc/application/services/PerpKeeperScheduler.ts[0m:[93m3812[0m:[93m21[0m - [91merror[0m[90m TS2532: 
[0mObject is possibly 'undefined'.

[7m3812[0m               await this.closeSpreadFlipPosition(symbol, longPosition, shortPosition);
[7m    [0m [91m                    ~~~~[0m
[96msrc/application/services/PerpKeeperScheduler.ts[0m:[93m3814[0m:[93m15[0m - [91merror[0m[90m TS2532: 
[0mObject is possibly 'undefined'.

[7m3814[0m               this.logger.log(
[7m    [0m [91m              ~~~~[0m
[96msrc/application/services/PerpKeeperScheduler.ts[0m:[93m3821[0m:[93m13[0m - [91merror[0m[90m TS2532: 
[0mObject is possibly 'undefined'.

[7m3821[0m             this.logger.warn(
[7m    [0m [91m            ~~~~[0m
[96msrc/application/services/PerpKeeperScheduler.ts[0m:[93m3830[0m:[93m11[0m - [91merror[0m[90m TS2532: 
[0mObject is possibly 'undefined'.

[7m3830[0m           this.logger.debug(
[7m    [0m [91m          ~~~~[0m
[96msrc/application/services/PerpKeeperScheduler.ts[0m:[93m3836[0m:[93m7[0m - [91merror[0m[90m TS2532: 
[0mObject is possibly 'undefined'.

[7m3836[0m       this.logger.error(`Spread flip check failed: ${error.message}`);
[7m    [0m [91m      ~~~~[0m
[96msrc/application/services/PerpKeeperScheduler.ts[0m:[93m3838[0m:[93m3[0m - [91merror[0m[90m TS1128: 
[0mDeclaration or statement expected.

[7m3838[0m   }
[7m    [0m [91m  ~[0m
[96msrc/application/services/PerpKeeperScheduler.ts[0m:[93m3843[0m:[93m3[0m - [91merror[0m[90m TS1128: 
[0mDeclaration or statement expected.

[7m3843[0m   private async closeSpreadFlipPosition(
[7m    [0m [91m  ~~~~~~~[0m
[96msrc/application/services/PerpKeeperScheduler.ts[0m:[93m3843[0m:[93m11[0m - [91merror[0m[90m TS1434: 
[0mUnexpected keyword or identifier.

[7m3843[0m   private async closeSpreadFlipPosition(
[7m    [0m [91m          ~~~~~[0m
[96msrc/application/services/PerpKeeperScheduler.ts[0m:[93m3843[0m:[93m11[0m - [91merror[0m[90m TS2304: 
[0mCannot find name 'async'.

[7m3843[0m   private async closeSpreadFlipPosition(
[7m    [0m [91m          ~~~~~[0m
[96msrc/application/services/PerpKeeperScheduler.ts[0m:[93m3843[0m:[93m17[0m - [91merror[0m[90m TS2304: 
[0mCannot find name 'closeSpreadFlipPosition'.

[7m3843[0m   private async closeSpreadFlipPosition(
[7m    [0m [91m                ~~~~~~~~~~~~~~~~~~~~~~~[0m
[96msrc/application/services/PerpKeeperScheduler.ts[0m:[93m3844[0m:[93m5[0m - [91merror[0m[90m TS2304: 
[0mCannot find name 'symbol'.

[7m3844[0m     symbol: string,
[7m    [0m [91m    ~~~~~~[0m
[96msrc/application/services/PerpKeeperScheduler.ts[0m:[93m3844[0m:[93m11[0m - [91merror[0m[90m TS1005: 
[0m',' expected.

[7m3844[0m     symbol: string,
[7m    [0m [91m          ~[0m
[96msrc/application/services/PerpKeeperScheduler.ts[0m:[93m3844[0m:[93m13[0m - [91merror[0m[90m TS2693: 
[0m'string' only refers to a type, but is being used as a value here.

[7m3844[0m     symbol: string,
[7m    [0m [91m            ~~~~~~[0m
[96msrc/application/services/PerpKeeperScheduler.ts[0m:[93m3845[0m:[93m5[0m - [91merror[0m[90m TS2304: 
[0mCannot find name 'longPosition'.

[7m3845[0m     longPosition: PerpPosition,
[7m    [0m [91m    ~~~~~~~~~~~~[0m
[96msrc/application/services/PerpKeeperScheduler.ts[0m:[93m3845[0m:[93m17[0m - [91merror[0m[90m TS1005: 
[0m',' expected.

[7m3845[0m     longPosition: PerpPosition,
[7m    [0m [91m                ~[0m
[96msrc/application/services/PerpKeeperScheduler.ts[0m:[93m3846[0m:[93m5[0m - [91merror[0m[90m TS2304: 
[0mCannot find name 'shortPosition'.

[7m3846[0m     shortPosition: PerpPosition,
[7m    [0m [91m    ~~~~~~~~~~~~~[0m
[96msrc/application/services/PerpKeeperScheduler.ts[0m:[93m3846[0m:[93m18[0m - [91merror[0m[90m TS1005: 
[0m',' expected.

[7m3846[0m     shortPosition: PerpPosition,
[7m    [0m [91m                 ~[0m
[96msrc/application/services/PerpKeeperScheduler.ts[0m:[93m3847[0m:[93m4[0m - [91merror[0m[90m TS1005: 
[0m';' expected.

[7m3847[0m   ): Promise<void> {
[7m    [0m [91m   ~[0m
[96msrc/application/services/PerpKeeperScheduler.ts[0m:[93m3847[0m:[93m6[0m - [91merror[0m[90m TS2365: 
[0mOperator '>' cannot be applied to types 'boolean' and '{ const: any; if(this: any): any; "": any; }'.

[7m3847[0m   ): Promise<void> {
[7m    [0m [91m     ~~~~~~~~~~~~~~~[0m
[7m3848[0m     const threadId = this.executionLockService?.generateThreadId() || `spread-flip-${Date.now()}`;
[7m    [0m 
[91m~~~~~~~~~~~~~~~~~~~~~~~~~~~~~~~~~~~~~~~~~~~~~~~~~~~~~~~~~~~~~~~~~~~~~~~~~~~~~~~~~~~~~~~~~~~~~~~~~~[0m
[7m ...[0m 
[7m3850[0m     // Acquire symbol lock
[7m    [0m [91m~~~~~~~~~~~~~~~~~~~~~~~~~~[0m
[7m3851[0m     if (this.executionLockService) {
[7m    [0m [91m~~~~~~~~~~~~~~~~~~~~~~~~~~~~~~~~~~[0m
[96msrc/application/services/PerpKeeperScheduler.ts[0m:[93m3847[0m:[93m14[0m - [91merror[0m[90m TS2532: 
[0mObject is possibly 'undefined'.

[7m3847[0m   ): Promise<void> {
[7m    [0m [91m             ~~~~[0m
[96msrc/application/services/PerpKeeperScheduler.ts[0m:[93m3847[0m:[93m18[0m - [91merror[0m[90m TS1109: 
[0mExpression expected.

[7m3847[0m   ): Promise<void> {
[7m    [0m [91m                 ~[0m
[96msrc/application/services/PerpKeeperScheduler.ts[0m:[93m3848[0m:[93m11[0m - [91merror[0m[90m TS1005: 
[0m':' expected.

[7m3848[0m     const threadId = this.executionLockService?.generateThreadId() || `spread-flip-${Date.now()}`;
[7m    [0m [91m          ~~~~~~~~[0m
[96msrc/application/services/PerpKeeperScheduler.ts[0m:[93m3848[0m:[93m11[0m - [91merror[0m[90m TS2588: 
[0mCannot assign to 'threadId' because it is a constant.

[7m3848[0m     const threadId = this.executionLockService?.generateThreadId() || `spread-flip-${Date.now()}`;
[7m    [0m [91m          ~~~~~~~~[0m
[96msrc/application/services/PerpKeeperScheduler.ts[0m:[93m3848[0m:[93m22[0m - [91merror[0m[90m TS2532: 
[0mObject is possibly 'undefined'.

[7m3848[0m     const threadId = this.executionLockService?.generateThreadId() || `spread-flip-${Date.now()}`;
[7m    [0m [91m                     ~~~~[0m
[96msrc/application/services/PerpKeeperScheduler.ts[0m:[93m3848[0m:[93m98[0m - [91merror[0m[90m TS1005: 
[0m',' expected.

[7m3848[0m     const threadId = this.executionLockService?.generateThreadId() || `spread-flip-${Date.now()}`;
[7m    [0m [91m                                                                                                 
~[0m
[96msrc/application/services/PerpKeeperScheduler.ts[0m:[93m3851[0m:[93m13[0m - [91merror[0m[90m TS1005: 
[0m',' expected.

[7m3851[0m     if (this.executionLockService) {
[7m    [0m [91m            ~[0m
[96msrc/application/services/PerpKeeperScheduler.ts[0m:[93m3851[0m:[93m34[0m - [91merror[0m[90m TS1005: 
[0m',' expected.

[7m3851[0m     if (this.executionLockService) {
[7m    [0m [91m                                 ~[0m
[96msrc/application/services/PerpKeeperScheduler.ts[0m:[93m3851[0m:[93m36[0m - [91merror[0m[90m TS1136: 
[0mProperty assignment expected.

[7m3851[0m     if (this.executionLockService) {
[7m    [0m [91m                                   ~[0m
[96msrc/application/services/PerpKeeperScheduler.ts[0m:[93m3852[0m:[93m28[0m - [91merror[0m[90m TS2532: 
[0mObject is possibly 'undefined'.

[7m3852[0m       const lockAcquired = this.executionLockService.tryAcquireSymbolLock(
[7m    [0m [91m                           ~~~~[0m
[96msrc/application/services/PerpKeeperScheduler.ts[0m:[93m3853[0m:[93m9[0m - [91merror[0m[90m TS2304: 
[0mCannot find name 'symbol'.

[7m3853[0m         symbol,
[7m    [0m [91m        ~~~~~~[0m
[96msrc/application/services/PerpKeeperScheduler.ts[0m:[93m3858[0m:[93m9[0m - [91merror[0m[90m TS2532: 
[0mObject is possibly 'undefined'.

[7m3858[0m         this.logger.warn(`Could not acquire lock for spread flip close of ${symbol}`);
[7m    [0m [91m        ~~~~[0m
[96msrc/application/services/PerpKeeperScheduler.ts[0m:[93m3858[0m:[93m77[0m - [91merror[0m[90m TS2304: 
[0mCannot find name 'symbol'.

[7m3858[0m         this.logger.warn(`Could not acquire lock for spread flip close of ${symbol}`);
[7m    [0m [91m                                                                            ~~~~~~[0m
[96msrc/application/services/PerpKeeperScheduler.ts[0m:[93m3864[0m:[93m27[0m - [91merror[0m[90m TS2532: 
[0mObject is possibly 'undefined'.

[7m3864[0m       const longAdapter = this.keeperService.getExchangeAdapters().get(longPosition.exchangeType);
[7m    [0m [91m                          ~~~~[0m
[96msrc/application/services/PerpKeeperScheduler.ts[0m:[93m3864[0m:[93m72[0m - [91merror[0m[90m TS2304: 
[0mCannot find name 'longPosition'.

[7m3864[0m       const longAdapter = this.keeperService.getExchangeAdapters().get(longPosition.exchangeType);
[7m    [0m [91m                                                                       ~~~~~~~~~~~~[0m
[96msrc/application/services/PerpKeeperScheduler.ts[0m:[93m3865[0m:[93m28[0m - [91merror[0m[90m TS2532: 
[0mObject is possibly 'undefined'.

[7m3865[0m       const shortAdapter = this.keeperService.getExchangeAdapters().get(shortPosition.exchangeType);
[7m    [0m [91m                           ~~~~[0m
[96msrc/application/services/PerpKeeperScheduler.ts[0m:[93m3865[0m:[93m73[0m - [91merror[0m[90m TS2304: 
[0mCannot find name 'shortPosition'.

[7m3865[0m       const shortAdapter = this.keeperService.getExchangeAdapters().get(shortPosition.exchangeType);
[7m    [0m [91m                                                                        ~~~~~~~~~~~~~[0m
[96msrc/application/services/PerpKeeperScheduler.ts[0m:[93m3868[0m:[93m9[0m - [91merror[0m[90m TS2532: 
[0mObject is possibly 'undefined'.

[7m3868[0m         this.logger.error(`Missing adapter for spread flip close of ${symbol}`);
[7m    [0m [91m        ~~~~[0m
[96msrc/application/services/PerpKeeperScheduler.ts[0m:[93m3868[0m:[93m71[0m - [91merror[0m[90m TS2304: 
[0mCannot find name 'symbol'.

[7m3868[0m         this.logger.error(`Missing adapter for spread flip close of ${symbol}`);
[7m    [0m [91m                                                                      ~~~~~~[0m
[96msrc/application/services/PerpKeeperScheduler.ts[0m:[93m3873[0m:[93m60[0m - [91merror[0m[90m TS2304: 
[0mCannot find name 'longPosition'.

[7m3873[0m       const longMarkPrice = await longAdapter.getMarkPrice(longPosition.symbol).catch(() => 
longPosition.entryPrice);
[7m    [0m [91m                                                           ~~~~~~~~~~~~[0m
[96msrc/application/services/PerpKeeperScheduler.ts[0m:[93m3873[0m:[93m93[0m - [91merror[0m[90m TS2304: 
[0mCannot find name 'longPosition'.

[7m3873[0m       const longMarkPrice = await longAdapter.getMarkPrice(longPosition.symbol).catch(() => 
longPosition.entryPrice);
[7m    [0m [91m                                                                                            
~~~~~~~~~~~~[0m
[96msrc/application/services/PerpKeeperScheduler.ts[0m:[93m3874[0m:[93m62[0m - [91merror[0m[90m TS2304: 
[0mCannot find name 'shortPosition'.

[7m3874[0m       const shortMarkPrice = await shortAdapter.getMarkPrice(shortPosition.symbol).catch(() => 
shortPosition.entryPrice);
[7m    [0m [91m                                                             ~~~~~~~~~~~~~[0m
[96msrc/application/services/PerpKeeperScheduler.ts[0m:[93m3874[0m:[93m96[0m - [91merror[0m[90m TS2304: 
[0mCannot find name 'shortPosition'.

[7m3874[0m       const shortMarkPrice = await shortAdapter.getMarkPrice(shortPosition.symbol).catch(() => 
shortPosition.entryPrice);
[7m    [0m [91m                                                                                               
~~~~~~~~~~~~~[0m
[96msrc/application/services/PerpKeeperScheduler.ts[0m:[93m3878[0m:[93m9[0m - [91merror[0m[90m TS2304: 
[0mCannot find name 'longPosition'.

[7m3878[0m         longPosition.symbol,
[7m    [0m [91m        ~~~~~~~~~~~~[0m
[96msrc/application/services/PerpKeeperScheduler.ts[0m:[93m3881[0m:[93m9[0m - [91merror[0m[90m TS2304: 
[0mCannot find name 'longPosition'.

[7m3881[0m         longPosition.size,
[7m    [0m [91m        ~~~~~~~~~~~~[0m
[96msrc/application/services/PerpKeeperScheduler.ts[0m:[93m3888[0m:[93m9[0m - [91merror[0m[90m TS2304: 
[0mCannot find name 'shortPosition'.

[7m3888[0m         shortPosition.symbol,
[7m    [0m [91m        ~~~~~~~~~~~~~[0m
[96msrc/application/services/PerpKeeperScheduler.ts[0m:[93m3891[0m:[93m9[0m - [91merror[0m[90m TS2304: 
[0mCannot find name 'shortPosition'.

[7m3891[0m         shortPosition.size,
[7m    [0m [91m        ~~~~~~~~~~~~~[0m
[96msrc/application/services/PerpKeeperScheduler.ts[0m:[93m3898[0m:[93m7[0m - [91merror[0m[90m TS2532: 
[0mObject is possibly 'undefined'.

[7m3898[0m       this.logger.log(
[7m    [0m [91m      ~~~~[0m
[96msrc/application/services/PerpKeeperScheduler.ts[0m:[93m3899[0m:[93m49[0m - [91merror[0m[90m TS2304: 
[0mCannot find name 'symbol'.

[7m3899[0m         `­ƒôñ Closing spread flip positions for ${symbol}: ` +
[7m    [0m [91m                                                ~~~~~~[0m
[96msrc/application/services/PerpKeeperScheduler.ts[0m:[93m3900[0m:[93m17[0m - [91merror[0m[90m TS2304: 
[0mCannot find name 'longPosition'.

[7m3900[0m         `LONG ${longPosition.size} on ${longPosition.exchangeType}, ` +
[7m    [0m [91m                ~~~~~~~~~~~~[0m
[96msrc/application/services/PerpKeeperScheduler.ts[0m:[93m3900[0m:[93m41[0m - [91merror[0m[90m TS2304: 
[0mCannot find name 'longPosition'.

[7m3900[0m         `LONG ${longPosition.size} on ${longPosition.exchangeType}, ` +
[7m    [0m [91m                                        ~~~~~~~~~~~~[0m
[96msrc/application/services/PerpKeeperScheduler.ts[0m:[93m3901[0m:[93m18[0m - [91merror[0m[90m TS2304: 
[0mCannot find name 'shortPosition'.

[7m3901[0m         `SHORT ${shortPosition.size} on ${shortPosition.exchangeType}`
[7m    [0m [91m                 ~~~~~~~~~~~~~[0m
[96msrc/application/services/PerpKeeperScheduler.ts[0m:[93m3901[0m:[93m43[0m - [91merror[0m[90m TS2304: 
[0mCannot find name 'shortPosition'.

[7m3901[0m         `SHORT ${shortPosition.size} on ${shortPosition.exchangeType}`
[7m    [0m [91m                                          ~~~~~~~~~~~~~[0m
[96msrc/application/services/PerpKeeperScheduler.ts[0m:[93m3910[0m:[93m75[0m - [91merror[0m[90m TS2339: 
[0mProperty 'value' does not exist on type 'PromiseSettledResult<any>'.
  Property 'value' does not exist on type 'PromiseRejectedResult'.

[7m3910[0m       const longSuccess = longResult.status === 'fulfilled' && longResult.value.isSuccess();
[7m    [0m [91m                                                                          ~~~~~[0m
[96msrc/application/services/PerpKeeperScheduler.ts[0m:[93m3911[0m:[93m78[0m - [91merror[0m[90m TS2339: 
[0mProperty 'value' does not exist on type 'PromiseSettledResult<any>'.
  Property 'value' does not exist on type 'PromiseRejectedResult'.

[7m3911[0m       const shortSuccess = shortResult.status === 'fulfilled' && shortResult.value.isSuccess();
[7m    [0m [91m                                                                             ~~~~~[0m
[96msrc/application/services/PerpKeeperScheduler.ts[0m:[93m3914[0m:[93m9[0m - [91merror[0m[90m TS2532: 
[0mObject is possibly 'undefined'.

[7m3914[0m         this.logger.log(
[7m    [0m [91m        ~~~~[0m
[96msrc/application/services/PerpKeeperScheduler.ts[0m:[93m3915[0m:[93m62[0m - [91merror[0m[90m TS2304: 
[0mCannot find name 'symbol'.

[7m3915[0m           `Ô£à Successfully closed spread flip positions for ${symbol}`
[7m    [0m [91m                                                             ~~~~~~[0m
[96msrc/application/services/PerpKeeperScheduler.ts[0m:[93m3919[0m:[93m13[0m - [91merror[0m[90m TS2532: 
[0mObject is possibly 'undefined'.

[7m3919[0m         if (this.performanceLogger) {
[7m    [0m [91m            ~~~~[0m
[96msrc/application/services/PerpKeeperScheduler.ts[0m:[93m3926[0m:[93m44[0m - [91merror[0m[90m TS2304: 
[0mCannot find name 'longPosition'.

[7m3926[0m           const longPnl = (longExitPrice - longPosition.entryPrice) * longPosition.size * 1; // LONG
[7m    [0m [91m                                           ~~~~~~~~~~~~[0m
[96msrc/application/services/PerpKeeperScheduler.ts[0m:[93m3926[0m:[93m71[0m - [91merror[0m[90m TS2304: 
[0mCannot find name 'longPosition'.

[7m3926[0m           const longPnl = (longExitPrice - longPosition.entryPrice) * longPosition.size * 1; // LONG
[7m    [0m [91m                                                                      ~~~~~~~~~~~~[0m
[96msrc/application/services/PerpKeeperScheduler.ts[0m:[93m3927[0m:[93m46[0m - [91merror[0m[90m TS2304: 
[0mCannot find name 'shortPosition'.

[7m3927[0m           const shortPnl = (shortExitPrice - shortPosition.entryPrice) * shortPosition.size * -1; // SHORT
[7m    [0m [91m                                             ~~~~~~~~~~~~~[0m
[96msrc/application/services/PerpKeeperScheduler.ts[0m:[93m3927[0m:[93m74[0m - [91merror[0m[90m TS2304: 
[0mCannot find name 'shortPosition'.

[7m3927[0m           const shortPnl = (shortExitPrice - shortPosition.entryPrice) * shortPosition.size * -1; // SHORT
[7m    [0m [91m                                                                         ~~~~~~~~~~~~~[0m
[96msrc/application/services/PerpKeeperScheduler.ts[0m:[93m3929[0m:[93m11[0m - [91merror[0m[90m TS2532: 
[0mObject is possibly 'undefined'.

[7m3929[0m           this.performanceLogger.recordRealizedPnl(longPnl + shortPnl);
[7m    [0m [91m          ~~~~[0m
[96msrc/application/services/PerpKeeperScheduler.ts[0m:[93m3930[0m:[93m11[0m - [91merror[0m[90m TS2532: 
[0mObject is possibly 'undefined'.

[7m3930[0m           this.logger.log(`ƒôê Recorded realized PnL from spread flip close: $${(longPnl + 
shortPnl).toFixed(4)} (Long: $${longPnl.toFixed(4)}, Short: $${shortPnl.toFixed(4)})`);
[7m    [0m [91m          ~~~~[0m
[96msrc/application/services/PerpKeeperScheduler.ts[0m:[93m3933[0m:[93m9[0m - [91merror[0m[90m TS2532: 
[0mObject is possibly 'undefined'.

[7m3933[0m         this.logger.error(
[7m    [0m [91m        ~~~~[0m
[96msrc/application/services/PerpKeeperScheduler.ts[0m:[93m3934[0m:[93m35[0m - [91merror[0m[90m TS2304: 
[0mCannot find name 'symbol'.

[7m3934[0m           `ÔÜá´©Å Partial close for ${symbol}: ` +
[7m    [0m [91m                                  ~~~~~~[0m
[96msrc/application/services/PerpKeeperScheduler.ts[0m:[93m3941[0m:[93m11[0m - [91merror[0m[90m TS2532: 
[0mObject is possibly 'undefined'.

[7m3941[0m       if (this.executionLockService) {
[7m    [0m [91m          ~~~~[0m
[96msrc/application/services/PerpKeeperScheduler.ts[0m:[93m3942[0m:[93m9[0m - [91merror[0m[90m TS2532: 
[0mObject is possibly 'undefined'.

[7m3942[0m         this.executionLockService.releaseSymbolLock(symbol, threadId);
[7m    [0m [91m        ~~~~[0m
[96msrc/application/services/PerpKeeperScheduler.ts[0m:[93m3942[0m:[93m53[0m - [91merror[0m[90m TS2304: 
[0mCannot find name 'symbol'.

[7m3942[0m         this.executionLockService.releaseSymbolLock(symbol, threadId);
[7m    [0m [91m                                                    ~~~~~~[0m
[96msrc/application/services/PerpKeeperScheduler.ts[0m:[93m3945[0m:[93m3[0m - [91merror[0m[90m TS1128: 
[0mDeclaration or statement expected.

[7m3945[0m   }
[7m    [0m [91m  ~[0m
[96msrc/application/services/PerpKeeperScheduler.ts[0m:[93m3964[0m:[93m8[0m - [91merror[0m[90m TS1146: 
[0mDeclaration expected.

[7m3964[0m   async checkSpreadRotation(): Promise<void> {
[7m    [0m [91m       [0m
[96msrc/application/services/PerpKeeperScheduler.ts[0m:[93m3964[0m:[93m9[0m - [91merror[0m[90m TS2304: 
[0mCannot find name 'checkSpreadRotation'.

[7m3964[0m   async checkSpreadRotation(): Promise<void> {
[7m    [0m [91m        ~~~~~~~~~~~~~~~~~~~[0m
[96msrc/application/services/PerpKeeperScheduler.ts[0m:[93m3964[0m:[93m30[0m - [91merror[0m[90m TS1005: 
[0m';' expected.

[7m3964[0m   async checkSpreadRotation(): Promise<void> {
[7m    [0m [91m                             ~[0m
[96msrc/application/services/PerpKeeperScheduler.ts[0m:[93m3964[0m:[93m32[0m - [91merror[0m[90m TS2365: 
[0mOperator '>' cannot be applied to types 'boolean' and '{ if(: any, this: any): any; "": any; }'.

[7m3964[0m   async checkSpreadRotation(): Promise<void> {
[7m    [0m [91m                               ~~~~~~~~~~~~~~~[0m
[7m3965[0m     // Skip if rate limits are stressed
[7m    [0m [91m~~~~~~~~~~~~~~~~~~~~~~~~~~~~~~~~~~~~~~~[0m
[7m3966[0m     if (!this.isRateLimitHealthy(0.5)) {
[7m    [0m [91m~~~~~~~~~~~~~~~~~~~~~~~~~~~~~~~~~~~~~~[0m
[96msrc/application/services/PerpKeeperScheduler.ts[0m:[93m3964[0m:[93m40[0m - [91merror[0m[90m TS2532: 
[0mObject is possibly 'undefined'.

[7m3964[0m   async checkSpreadRotation(): Promise<void> {
[7m    [0m [91m                                       ~~~~[0m
[96msrc/application/services/PerpKeeperScheduler.ts[0m:[93m3964[0m:[93m44[0m - [91merror[0m[90m TS1109: 
[0mExpression expected.

[7m3964[0m   async checkSpreadRotation(): Promise<void> {
[7m    [0m [91m                                           ~[0m
[96msrc/application/services/PerpKeeperScheduler.ts[0m:[93m3966[0m:[93m9[0m - [91merror[0m[90m TS1003: 
[0mIdentifier expected.

[7m3966[0m     if (!this.isRateLimitHealthy(0.5)) {
[7m    [0m [91m        ~[0m
[96msrc/application/services/PerpKeeperScheduler.ts[0m:[93m3966[0m:[93m10[0m - [91merror[0m[90m TS2680: [0mA 
'this' parameter must be the first parameter.

[7m3966[0m     if (!this.isRateLimitHealthy(0.5)) {
[7m    [0m [91m         ~~~~[0m
[96msrc/application/services/PerpKeeperScheduler.ts[0m:[93m3966[0m:[93m14[0m - [91merror[0m[90m TS1005: 
[0m',' expected.

[7m3966[0m     if (!this.isRateLimitHealthy(0.5)) {
[7m    [0m [91m             ~[0m
[96msrc/application/services/PerpKeeperScheduler.ts[0m:[93m3966[0m:[93m38[0m - [91merror[0m[90m TS1005: 
[0m',' expected.

[7m3966[0m     if (!this.isRateLimitHealthy(0.5)) {
[7m    [0m [91m                                     ~[0m
[96msrc/application/services/PerpKeeperScheduler.ts[0m:[93m3966[0m:[93m40[0m - [91merror[0m[90m TS1136: 
[0mProperty assignment expected.

[7m3966[0m     if (!this.isRateLimitHealthy(0.5)) {
[7m    [0m [91m                                       ~[0m
[96msrc/application/services/PerpKeeperScheduler.ts[0m:[93m3971[0m:[93m9[0m - [91merror[0m[90m TS2532: 
[0mObject is possibly 'undefined'.

[7m3971[0m     if (this.isRunning) return;
[7m    [0m [91m        ~~~~[0m
[96msrc/application/services/PerpKeeperScheduler.ts[0m:[93m3972[0m:[93m10[0m - [91merror[0m[90m TS2532: 
[0mObject is possibly 'undefined'.

[7m3972[0m     if (!this.opportunityEvaluator || !this.executionPlanBuilder) {
[7m    [0m [91m         ~~~~[0m
[96msrc/application/services/PerpKeeperScheduler.ts[0m:[93m3972[0m:[93m40[0m - [91merror[0m[90m TS2532: 
[0mObject is possibly 'undefined'.

[7m3972[0m     if (!this.opportunityEvaluator || !this.executionPlanBuilder) {
[7m    [0m [91m                                       ~~~~[0m
[96msrc/application/services/PerpKeeperScheduler.ts[0m:[93m3973[0m:[93m7[0m - [91merror[0m[90m TS2532: 
[0mObject is possibly 'undefined'.

[7m3973[0m       this.logger.debug('Spread rotation check skipped: missing OpportunityEvaluator or 
ExecutionPlanBuilder');
[7m    [0m [91m      ~~~~[0m
[96msrc/application/services/PerpKeeperScheduler.ts[0m:[93m3978[0m:[93m34[0m - [91merror[0m[90m TS2532: 
[0mObject is possibly 'undefined'.

[7m3978[0m       const allPositions = await this.keeperService.getAllPositions();
[7m    [0m [91m                                 ~~~~[0m
[96msrc/application/services/PerpKeeperScheduler.ts[0m:[93m3986[0m:[93m34[0m - [91merror[0m[90m TS2532: 
[0mObject is possibly 'undefined'.

[7m3986[0m         const normalizedSymbol = this.normalizeSymbol(position.symbol);
[7m    [0m [91m                                 ~~~~[0m
[96msrc/application/services/PerpKeeperScheduler.ts[0m:[93m3994[0m:[93m35[0m - [91merror[0m[90m TS2532: 
[0mObject is possibly 'undefined'.

[7m3994[0m       const opportunities = await this.orchestrator.findArbitrageOpportunities(
[7m    [0m [91m                                  ~~~~[0m
[96msrc/application/services/PerpKeeperScheduler.ts[0m:[93m3995[0m:[93m9[0m - [91merror[0m[90m TS2532: 
[0mObject is possibly 'undefined'.

[7m3995[0m         this.symbols.length > 0 ? this.symbols : Array.from(positionsBySymbol.keys()),
[7m    [0m [91m        ~~~~[0m
[96msrc/application/services/PerpKeeperScheduler.ts[0m:[93m3995[0m:[93m35[0m - [91merror[0m[90m TS2532: 
[0mObject is possibly 'undefined'.

[7m3995[0m         this.symbols.length > 0 ? this.symbols : Array.from(positionsBySymbol.keys()),
[7m    [0m [91m                                  ~~~~[0m
[96msrc/application/services/PerpKeeperScheduler.ts[0m:[93m3996[0m:[93m9[0m - [91merror[0m[90m TS2532: 
[0mObject is possibly 'undefined'.

[7m3996[0m         this.minSpread * 0.5, // Look at opportunities with at least half the min spread
[7m    [0m [91m        ~~~~[0m
[96msrc/application/services/PerpKeeperScheduler.ts[0m:[93m4001[0m:[93m9[0m - [91merror[0m[90m TS2532: 
[0mObject is possibly 'undefined'.

[7m4001[0m         this.logger.debug('No alternative opportunities found for spread rotation');
[7m    [0m [91m        ~~~~[0m
[96msrc/application/services/PerpKeeperScheduler.ts[0m:[93m4006[0m:[93m24[0m - [91merror[0m[90m TS2532: 
[0mObject is possibly 'undefined'.

[7m4006[0m       const adapters = this.keeperService.getExchangeAdapters();
[7m    [0m [91m                       ~~~~[0m
[96msrc/application/services/PerpKeeperScheduler.ts[0m:[93m4026[0m:[93m31[0m - [91merror[0m[90m TS18048: 
[0m'longPos' is possibly 'undefined'.

[7m4026[0m         const longMarkPrice = longPos.markPrice || longPos.entryPrice;
[7m    [0m [91m                              ~~~~~~~[0m
[96msrc/application/services/PerpKeeperScheduler.ts[0m:[93m4026[0m:[93m52[0m - [91merror[0m[90m TS18048: 
[0m'longPos' is possibly 'undefined'.

[7m4026[0m         const longMarkPrice = longPos.markPrice || longPos.entryPrice;
[7m    [0m [91m                                                   ~~~~~~~[0m
[96msrc/application/services/PerpKeeperScheduler.ts[0m:[93m4027[0m:[93m32[0m - [91merror[0m[90m TS18048: 
[0m'shortPos' is possibly 'undefined'.

[7m4027[0m         const shortMarkPrice = shortPos.markPrice || shortPos.entryPrice;
[7m    [0m [91m                               ~~~~~~~~[0m
[96msrc/application/services/PerpKeeperScheduler.ts[0m:[93m4027[0m:[93m54[0m - [91merror[0m[90m TS18048: 
[0m'shortPos' is possibly 'undefined'.

[7m4027[0m         const shortMarkPrice = shortPos.markPrice || shortPos.entryPrice;
[7m    [0m [91m                                                     ~~~~~~~~[0m
[96msrc/application/services/PerpKeeperScheduler.ts[0m:[93m4028[0m:[93m31[0m - [91merror[0m[90m TS2532: 
[0mObject is possibly 'undefined'.

[7m4028[0m         const cooldownCheck = this.isInProfitTakeCooldown(currentSymbol, longMarkPrice, shortMarkPrice);
[7m    [0m [91m                              ~~~~[0m
[96msrc/application/services/PerpKeeperScheduler.ts[0m:[93m4033[0m:[93m29[0m - [91merror[0m[90m TS2532: 
[0mObject is possibly 'undefined'.

[7m4033[0m           const oppSymbol = this.normalizeSymbol(opp.symbol);
[7m    [0m [91m                            ~~~~[0m
[96msrc/application/services/PerpKeeperScheduler.ts[0m:[93m4048[0m:[93m42[0m - [91merror[0m[90m TS2532: 
[0mObject is possibly 'undefined'.

[7m4048[0m           const rotationDecision = await this.evaluateSpreadRotation(
[7m    [0m [91m                                         ~~~~[0m
[96msrc/application/services/PerpKeeperScheduler.ts[0m:[93m4057[0m:[93m13[0m - [91merror[0m[90m TS2532: 
[0mObject is possibly 'undefined'.

[7m4057[0m             this.logger.warn(
[7m    [0m [91m            ~~~~[0m
[96msrc/application/services/PerpKeeperScheduler.ts[0m:[93m4066[0m:[93m19[0m - [91merror[0m[90m TS2532: 
[0mObject is possibly 'undefined'.

[7m4066[0m             await this.executeSpreadRotation(
[7m    [0m [91m                  ~~~~[0m
[96msrc/application/services/PerpKeeperScheduler.ts[0m:[93m4079[0m:[93m7[0m - [91merror[0m[90m TS2532: 
[0mObject is possibly 'undefined'.

[7m4079[0m       this.logger.debug('No profitable spread rotation opportunities found');
[7m    [0m [91m      ~~~~[0m
[96msrc/application/services/PerpKeeperScheduler.ts[0m:[93m4081[0m:[93m7[0m - [91merror[0m[90m TS2532: 
[0mObject is possibly 'undefined'.

[7m4081[0m       this.logger.warn(`Error during spread rotation check: ${error.message}`);
[7m    [0m [91m      ~~~~[0m
[96msrc/application/services/PerpKeeperScheduler.ts[0m:[93m4083[0m:[93m3[0m - [91merror[0m[90m TS1128: 
[0mDeclaration or statement expected.

[7m4083[0m   }
[7m    [0m [91m  ~[0m
[96msrc/application/services/PerpKeeperScheduler.ts[0m:[93m4088[0m:[93m3[0m - [91merror[0m[90m TS1128: 
[0mDeclaration or statement expected.

[7m4088[0m   private async evaluateSpreadRotation(
[7m    [0m [91m  ~~~~~~~[0m
[96msrc/application/services/PerpKeeperScheduler.ts[0m:[93m4088[0m:[93m11[0m - [91merror[0m[90m TS1434: 
[0mUnexpected keyword or identifier.

[7m4088[0m   private async evaluateSpreadRotation(
[7m    [0m [91m          ~~~~~[0m
[96msrc/application/services/PerpKeeperScheduler.ts[0m:[93m4088[0m:[93m11[0m - [91merror[0m[90m TS2304: 
[0mCannot find name 'async'.

[7m4088[0m   private async evaluateSpreadRotation(
[7m    [0m [91m          ~~~~~[0m
[96msrc/application/services/PerpKeeperScheduler.ts[0m:[93m4088[0m:[93m17[0m - [91merror[0m[90m TS2304: 
[0mCannot find name 'evaluateSpreadRotation'.

[7m4088[0m   private async evaluateSpreadRotation(
[7m    [0m [91m                ~~~~~~~~~~~~~~~~~~~~~~[0m
[96msrc/application/services/PerpKeeperScheduler.ts[0m:[93m4089[0m:[93m5[0m - [91merror[0m[90m TS2304: 
[0mCannot find name 'currentLongPos'.

[7m4089[0m     currentLongPos: PerpPosition,
[7m    [0m [91m    ~~~~~~~~~~~~~~[0m
[96msrc/application/services/PerpKeeperScheduler.ts[0m:[93m4089[0m:[93m19[0m - [91merror[0m[90m TS1005: 
[0m',' expected.

[7m4089[0m     currentLongPos: PerpPosition,
[7m    [0m [91m                  ~[0m
[96msrc/application/services/PerpKeeperScheduler.ts[0m:[93m4090[0m:[93m5[0m - [91merror[0m[90m TS2304: 
[0mCannot find name 'currentShortPos'.

[7m4090[0m     currentShortPos: PerpPosition,
[7m    [0m [91m    ~~~~~~~~~~~~~~~[0m
[96msrc/application/services/PerpKeeperScheduler.ts[0m:[93m4090[0m:[93m20[0m - [91merror[0m[90m TS1005: 
[0m',' expected.

[7m4090[0m     currentShortPos: PerpPosition,
[7m    [0m [91m                   ~[0m
[96msrc/application/services/PerpKeeperScheduler.ts[0m:[93m4091[0m:[93m5[0m - [91merror[0m[90m TS2304: 
[0mCannot find name 'newOpportunity'.

[7m4091[0m     newOpportunity: ArbitrageOpportunity,
[7m    [0m [91m    ~~~~~~~~~~~~~~[0m
[96msrc/application/services/PerpKeeperScheduler.ts[0m:[93m4091[0m:[93m19[0m - [91merror[0m[90m TS1005: 
[0m',' expected.

[7m4091[0m     newOpportunity: ArbitrageOpportunity,
[7m    [0m [91m                  ~[0m
[96msrc/application/services/PerpKeeperScheduler.ts[0m:[93m4091[0m:[93m21[0m - [91merror[0m[90m TS2693: 
[0m'ArbitrageOpportunity' only refers to a type, but is being used as a value here.

[7m4091[0m     newOpportunity: ArbitrageOpportunity,
[7m    [0m [91m                    ~~~~~~~~~~~~~~~~~~~~[0m
[96msrc/application/services/PerpKeeperScheduler.ts[0m:[93m4092[0m:[93m13[0m - [91merror[0m[90m TS1005: 
[0m',' expected.

[7m4092[0m     adapters: Map<ExchangeType, IPerpExchangeAdapter>,
[7m    [0m [91m            ~[0m
[96msrc/application/services/PerpKeeperScheduler.ts[0m:[93m4093[0m:[93m5[0m - [91merror[0m[90m TS2304: 
[0mCannot find name 'exchangeBalances'.

[7m4093[0m     exchangeBalances: Map<ExchangeType, number>,
[7m    [0m [91m    ~~~~~~~~~~~~~~~~[0m
[96msrc/application/services/PerpKeeperScheduler.ts[0m:[93m4093[0m:[93m21[0m - [91merror[0m[90m TS1005: 
[0m',' expected.

[7m4093[0m     exchangeBalances: Map<ExchangeType, number>,
[7m    [0m [91m                    ~[0m
[96msrc/application/services/PerpKeeperScheduler.ts[0m:[93m4094[0m:[93m4[0m - [91merror[0m[90m TS1005: 
[0m';' expected.

[7m4094[0m   ): Promise<{
[7m    [0m [91m   ~[0m
[96msrc/application/services/PerpKeeperScheduler.ts[0m:[93m4094[0m:[93m6[0m - [91merror[0m[90m TS2365: 
[0mOperator '<' cannot be applied to types 'PromiseConstructor' and '{ shouldRotate: any; reason: any; 
currentBreakEvenHours: number; newBreakEvenHours: number; hoursSaved: number; }'.

[7m4094[0m   ): Promise<{
[7m    [0m [91m     ~~~~~~~~~[0m
[7m4095[0m     shouldRotate: boolean;
[7m    [0m [91m~~~~~~~~~~~~~~~~~~~~~~~~~~[0m
[7m ...[0m 
[7m4099[0m     hoursSaved: number | null;
[7m    [0m [91m~~~~~~~~~~~~~~~~~~~~~~~~~~~~~~[0m
[7m4100[0m   }> {
[7m    [0m [91m~~~[0m
[96msrc/application/services/PerpKeeperScheduler.ts[0m:[93m4094[0m:[93m6[0m - [91merror[0m[90m TS2365: 
[0mOperator '>' cannot be applied to types 'boolean' and '{ try: { if(: any, this: any): any; "": any; }; }'.

[7m4094[0m   ): Promise<{
[7m    [0m [91m     ~~~~~~~~~[0m
[7m4095[0m     shouldRotate: boolean;
[7m    [0m [91m~~~~~~~~~~~~~~~~~~~~~~~~~~[0m
[7m ...[0m 
[7m4101[0m     try {
[7m    [0m [91m~~~~~~~~~[0m
[7m4102[0m       if (!this.opportunityEvaluator || !this.executionPlanBuilder) {
[7m    [0m [91m~~~~~~~~~~~~~~~~~~~~~~~~~~~~~~~~~~~~~~~~~~~~~~~~~~~~~~~~~~~~~~~~~~~[0m
[96msrc/application/services/PerpKeeperScheduler.ts[0m:[93m4095[0m:[93m19[0m - [91merror[0m[90m TS2693: 
[0m'boolean' only refers to a type, but is being used as a value here.

[7m4095[0m     shouldRotate: boolean;
[7m    [0m [91m                  ~~~~~~~[0m
[96msrc/application/services/PerpKeeperScheduler.ts[0m:[93m4095[0m:[93m26[0m - [91merror[0m[90m TS1005: 
[0m',' expected.

[7m4095[0m     shouldRotate: boolean;
[7m    [0m [91m                         ~[0m
[96msrc/application/services/PerpKeeperScheduler.ts[0m:[93m4096[0m:[93m13[0m - [91merror[0m[90m TS2693: 
[0m'string' only refers to a type, but is being used as a value here.

[7m4096[0m     reason: string;
[7m    [0m [91m            ~~~~~~[0m
[96msrc/application/services/PerpKeeperScheduler.ts[0m:[93m4096[0m:[93m19[0m - [91merror[0m[90m TS1005: 
[0m',' expected.

[7m4096[0m     reason: string;
[7m    [0m [91m                  ~[0m
[96msrc/application/services/PerpKeeperScheduler.ts[0m:[93m4097[0m:[93m28[0m - [91merror[0m[90m TS2693: 
[0m'number' only refers to a type, but is being used as a value here.

[7m4097[0m     currentBreakEvenHours: number | null;
[7m    [0m [91m                           ~~~~~~[0m
[96msrc/application/services/PerpKeeperScheduler.ts[0m:[93m4097[0m:[93m37[0m - [91merror[0m[90m TS18050: 
[0mThe value 'null' cannot be used here.

[7m4097[0m     currentBreakEvenHours: number | null;
[7m    [0m [91m                                    ~~~~[0m
[96msrc/application/services/PerpKeeperScheduler.ts[0m:[93m4097[0m:[93m41[0m - [91merror[0m[90m TS1005: 
[0m',' expected.

[7m4097[0m     currentBreakEvenHours: number | null;
[7m    [0m [91m                                        ~[0m
[96msrc/application/services/PerpKeeperScheduler.ts[0m:[93m4098[0m:[93m24[0m - [91merror[0m[90m TS2693: 
[0m'number' only refers to a type, but is being used as a value here.

[7m4098[0m     newBreakEvenHours: number | null;
[7m    [0m [91m                       ~~~~~~[0m
[96msrc/application/services/PerpKeeperScheduler.ts[0m:[93m4098[0m:[93m33[0m - [91merror[0m[90m TS18050: 
[0mThe value 'null' cannot be used here.

[7m4098[0m     newBreakEvenHours: number | null;
[7m    [0m [91m                                ~~~~[0m
[96msrc/application/services/PerpKeeperScheduler.ts[0m:[93m4098[0m:[93m37[0m - [91merror[0m[90m TS1005: 
[0m',' expected.

[7m4098[0m     newBreakEvenHours: number | null;
[7m    [0m [91m                                    ~[0m
[96msrc/application/services/PerpKeeperScheduler.ts[0m:[93m4099[0m:[93m17[0m - [91merror[0m[90m TS2693: 
[0m'number' only refers to a type, but is being used as a value here.

[7m4099[0m     hoursSaved: number | null;
[7m    [0m [91m                ~~~~~~[0m
[96msrc/application/services/PerpKeeperScheduler.ts[0m:[93m4099[0m:[93m26[0m - [91merror[0m[90m TS18050: 
[0mThe value 'null' cannot be used here.

[7m4099[0m     hoursSaved: number | null;
[7m    [0m [91m                         ~~~~[0m
[96msrc/application/services/PerpKeeperScheduler.ts[0m:[93m4099[0m:[93m30[0m - [91merror[0m[90m TS1005: 
[0m',' expected.

[7m4099[0m     hoursSaved: number | null;
[7m    [0m [91m                             ~[0m
[96msrc/application/services/PerpKeeperScheduler.ts[0m:[93m4101[0m:[93m9[0m - [91merror[0m[90m TS1005: 
[0m':' expected.

[7m4101[0m     try {
[7m    [0m [91m        ~[0m
[96msrc/application/services/PerpKeeperScheduler.ts[0m:[93m4102[0m:[93m11[0m - [91merror[0m[90m TS1003: 
[0mIdentifier expected.

[7m4102[0m       if (!this.opportunityEvaluator || !this.executionPlanBuilder) {
[7m    [0m [91m          ~[0m
[96msrc/application/services/PerpKeeperScheduler.ts[0m:[93m4102[0m:[93m12[0m - [91merror[0m[90m TS2680: [0mA 
'this' parameter must be the first parameter.

[7m4102[0m       if (!this.opportunityEvaluator || !this.executionPlanBuilder) {
[7m    [0m [91m           ~~~~[0m
[96msrc/application/services/PerpKeeperScheduler.ts[0m:[93m4102[0m:[93m16[0m - [91merror[0m[90m TS1005: 
[0m',' expected.

[7m4102[0m       if (!this.opportunityEvaluator || !this.executionPlanBuilder) {
[7m    [0m [91m               ~[0m
[96msrc/application/services/PerpKeeperScheduler.ts[0m:[93m4102[0m:[93m42[0m - [91merror[0m[90m TS2532: 
[0mObject is possibly 'undefined'.

[7m4102[0m       if (!this.opportunityEvaluator || !this.executionPlanBuilder) {
[7m    [0m [91m                                         ~~~~[0m
[96msrc/application/services/PerpKeeperScheduler.ts[0m:[93m4102[0m:[93m67[0m - [91merror[0m[90m TS1005: 
[0m',' expected.

[7m4102[0m       if (!this.opportunityEvaluator || !this.executionPlanBuilder) {
[7m    [0m [91m                                                                  ~[0m
[96msrc/application/services/PerpKeeperScheduler.ts[0m:[93m4102[0m:[93m69[0m - [91merror[0m[90m TS1136: 
[0mProperty assignment expected.

[7m4102[0m       if (!this.opportunityEvaluator || !this.executionPlanBuilder) {
[7m    [0m [91m                                                                    ~[0m
[96msrc/application/services/PerpKeeperScheduler.ts[0m:[93m4107[0m:[93m11[0m - [91merror[0m[90m TS2451: 
[0mCannot redeclare block-scoped variable 'leverage'.

[7m4107[0m       let leverage = 1;
[7m    [0m [91m          ~~~~~~~~[0m
[96msrc/application/services/PerpKeeperScheduler.ts[0m:[93m4108[0m:[93m11[0m - [91merror[0m[90m TS2532: 
[0mObject is possibly 'undefined'.

[7m4108[0m       if (this.optimalLeverageService) {
[7m    [0m [91m          ~~~~[0m
[96msrc/application/services/PerpKeeperScheduler.ts[0m:[93m4110[0m:[93m37[0m - [91merror[0m[90m TS2532: 
[0mObject is possibly 'undefined'.

[7m4110[0m           const leverageRec = await this.optimalLeverageService.calculateOptimalLeverage(
[7m    [0m [91m                                    ~~~~[0m
[96msrc/application/services/PerpKeeperScheduler.ts[0m:[93m4111[0m:[93m13[0m - [91merror[0m[90m TS2304: 
[0mCannot find name 'newOpportunity'.

[7m4111[0m             newOpportunity.symbol,
[7m    [0m [91m            ~~~~~~~~~~~~~~[0m
[96msrc/application/services/PerpKeeperScheduler.ts[0m:[93m4112[0m:[93m13[0m - [91merror[0m[90m TS2304: 
[0mCannot find name 'newOpportunity'.

[7m4112[0m             newOpportunity.longExchange,
[7m    [0m [91m            ~~~~~~~~~~~~~~[0m
[96msrc/application/services/PerpKeeperScheduler.ts[0m:[93m4114[0m:[93m11[0m - [91merror[0m[90m TS2588: 
[0mCannot assign to 'leverage' because it is a constant.

[7m4114[0m           leverage = leverageRec.optimalLeverage || 1;
[7m    [0m [91m          ~~~~~~~~[0m
[96msrc/application/services/PerpKeeperScheduler.ts[0m:[93m4116[0m:[93m11[0m - [91merror[0m[90m TS2588: 
[0mCannot assign to 'leverage' because it is a constant.

[7m4116[0m           leverage = 1;
[7m    [0m [91m          ~~~~~~~~[0m
[96msrc/application/services/PerpKeeperScheduler.ts[0m:[93m4121[0m:[93m27[0m - [91merror[0m[90m TS2304: 
[0mCannot find name 'exchangeBalances'.

[7m4121[0m       const longBalance = exchangeBalances.get(newOpportunity.longExchange) || 0;
[7m    [0m [91m                          ~~~~~~~~~~~~~~~~[0m
[96msrc/application/services/PerpKeeperScheduler.ts[0m:[93m4121[0m:[93m48[0m - [91merror[0m[90m TS2304: 
[0mCannot find name 'newOpportunity'.

[7m4121[0m       const longBalance = exchangeBalances.get(newOpportunity.longExchange) || 0;
[7m    [0m [91m                                               ~~~~~~~~~~~~~~[0m
[96msrc/application/services/PerpKeeperScheduler.ts[0m:[93m4122[0m:[93m28[0m - [91merror[0m[90m TS2304: 
[0mCannot find name 'exchangeBalances'.

[7m4122[0m       const shortBalance = exchangeBalances.get(newOpportunity.shortExchange!) || 0;
[7m    [0m [91m                           ~~~~~~~~~~~~~~~~[0m
[96msrc/application/services/PerpKeeperScheduler.ts[0m:[93m4122[0m:[93m49[0m - [91merror[0m[90m TS2304: 
[0mCannot find name 'newOpportunity'.

[7m4122[0m       const shortBalance = exchangeBalances.get(newOpportunity.shortExchange!) || 0;
[7m    [0m [91m                                                ~~~~~~~~~~~~~~[0m
[96msrc/application/services/PerpKeeperScheduler.ts[0m:[93m4125[0m:[93m32[0m - [91merror[0m[90m TS2532: 
[0mObject is possibly 'undefined'.

[7m4125[0m       const planResult = await this.executionPlanBuilder.buildPlan(
[7m    [0m [91m                               ~~~~[0m
[96msrc/application/services/PerpKeeperScheduler.ts[0m:[93m4126[0m:[93m9[0m - [91merror[0m[90m TS2304: 
[0mCannot find name 'newOpportunity'.

[7m4126[0m         newOpportunity,
[7m    [0m [91m        ~~~~~~~~~~~~~~[0m
[96msrc/application/services/PerpKeeperScheduler.ts[0m:[93m4129[0m:[93m9[0m - [91merror[0m[90m TS2532: 
[0mObject is possibly 'undefined'.

[7m4129[0m         this.strategyConfig,
[7m    [0m [91m        ~~~~[0m
[96msrc/application/services/PerpKeeperScheduler.ts[0m:[93m4130[0m:[93m9[0m - [91merror[0m[90m TS2304: 
[0mCannot find name 'newOpportunity'.

[7m4130[0m         newOpportunity.longMarkPrice,
[7m    [0m [91m        ~~~~~~~~~~~~~~[0m
[96msrc/application/services/PerpKeeperScheduler.ts[0m:[93m4131[0m:[93m9[0m - [91merror[0m[90m TS2304: 
[0mCannot find name 'newOpportunity'.

[7m4131[0m         newOpportunity.shortMarkPrice,
[7m    [0m [91m        ~~~~~~~~~~~~~~[0m
[96msrc/application/services/PerpKeeperScheduler.ts[0m:[93m4132[0m:[93m9[0m - [91merror[0m[90m TS2532: 
[0mObject is possibly 'undefined'.

[7m4132[0m         this.maxPositionSizeUsd,
[7m    [0m [91m        ~~~~[0m
[96msrc/application/services/PerpKeeperScheduler.ts[0m:[93m4143[0m:[93m37[0m - [91merror[0m[90m TS2532: 
[0mObject is possibly 'undefined'.

[7m4143[0m       const rebalanceResult = await this.opportunityEvaluator.shouldRebalance(
[7m    [0m [91m                                    ~~~~[0m
[96msrc/application/services/PerpKeeperScheduler.ts[0m:[93m4144[0m:[93m9[0m - [91merror[0m[90m TS2304: 
[0mCannot find name 'currentLongPos'.

[7m4144[0m         currentLongPos, // Use long position as the "current position" for evaluation
[7m    [0m [91m        ~~~~~~~~~~~~~~[0m
[96msrc/application/services/PerpKeeperScheduler.ts[0m:[93m4145[0m:[93m9[0m - [91merror[0m[90m TS2304: 
[0mCannot find name 'newOpportunity'.

[7m4145[0m         newOpportunity,
[7m    [0m [91m        ~~~~~~~~~~~~~~[0m
[96msrc/application/services/PerpKeeperScheduler.ts[0m:[93m4165[0m:[93m9[0m - [91merror[0m[90m TS2532: 
[0mObject is possibly 'undefined'.

[7m4165[0m         this.configService.get<string>('ROTATION_MIN_HOURS_SAVED') || '2'
[7m    [0m [91m        ~~~~[0m
[96msrc/application/services/PerpKeeperScheduler.ts[0m:[93m4168[0m:[93m54[0m - [91merror[0m[90m TS18047: 
[0m'hoursSaved' is possibly 'null'.

[7m4168[0m       if (shouldRebalance && (hoursSaved === null || hoursSaved < MIN_HOURS_SAVED)) {
[7m    [0m [91m                                                     ~~~~~~~~~~[0m
[96msrc/application/services/PerpKeeperScheduler.ts[0m:[93m4185[0m:[93m5[0m - [91merror[0m[90m TS1128: 
[0mDeclaration or statement expected.

[7m4185[0m     } catch (error: any) {
[7m    [0m [91m    ~[0m
[96msrc/application/services/PerpKeeperScheduler.ts[0m:[93m4185[0m:[93m7[0m - [91merror[0m[90m TS1005: 
[0m'try' expected.

[7m4185[0m     } catch (error: any) {
[7m    [0m [91m      ~~~~~[0m
[96msrc/application/services/PerpKeeperScheduler.ts[0m:[93m4194[0m:[93m3[0m - [91merror[0m[90m TS1128: 
[0mDeclaration or statement expected.

[7m4194[0m   }
[7m    [0m [91m  ~[0m
[96msrc/application/services/PerpKeeperScheduler.ts[0m:[93m4199[0m:[93m3[0m - [91merror[0m[90m TS1128: 
[0mDeclaration or statement expected.

[7m4199[0m   private async executeSpreadRotation(
[7m    [0m [91m  ~~~~~~~[0m
[96msrc/application/services/PerpKeeperScheduler.ts[0m:[93m4199[0m:[93m11[0m - [91merror[0m[90m TS1434: 
[0mUnexpected keyword or identifier.

[7m4199[0m   private async executeSpreadRotation(
[7m    [0m [91m          ~~~~~[0m
[96msrc/application/services/PerpKeeperScheduler.ts[0m:[93m4199[0m:[93m11[0m - [91merror[0m[90m TS2304: 
[0mCannot find name 'async'.

[7m4199[0m   private async executeSpreadRotation(
[7m    [0m [91m          ~~~~~[0m
[96msrc/application/services/PerpKeeperScheduler.ts[0m:[93m4199[0m:[93m17[0m - [91merror[0m[90m TS2304: 
[0mCannot find name 'executeSpreadRotation'.

[7m4199[0m   private async executeSpreadRotation(
[7m    [0m [91m                ~~~~~~~~~~~~~~~~~~~~~[0m
[96msrc/application/services/PerpKeeperScheduler.ts[0m:[93m4200[0m:[93m5[0m - [91merror[0m[90m TS2304: 
[0mCannot find name 'currentLongPos'.

[7m4200[0m     currentLongPos: PerpPosition,
[7m    [0m [91m    ~~~~~~~~~~~~~~[0m
[96msrc/application/services/PerpKeeperScheduler.ts[0m:[93m4200[0m:[93m19[0m - [91merror[0m[90m TS1005: 
[0m',' expected.

[7m4200[0m     currentLongPos: PerpPosition,
[7m    [0m [91m                  ~[0m
[96msrc/application/services/PerpKeeperScheduler.ts[0m:[93m4201[0m:[93m5[0m - [91merror[0m[90m TS2304: 
[0mCannot find name 'currentShortPos'.

[7m4201[0m     currentShortPos: PerpPosition,
[7m    [0m [91m    ~~~~~~~~~~~~~~~[0m
[96msrc/application/services/PerpKeeperScheduler.ts[0m:[93m4201[0m:[93m20[0m - [91merror[0m[90m TS1005: 
[0m',' expected.

[7m4201[0m     currentShortPos: PerpPosition,
[7m    [0m [91m                   ~[0m
[96msrc/application/services/PerpKeeperScheduler.ts[0m:[93m4202[0m:[93m5[0m - [91merror[0m[90m TS2304: 
[0mCannot find name 'newOpportunity'.

[7m4202[0m     newOpportunity: ArbitrageOpportunity,
[7m    [0m [91m    ~~~~~~~~~~~~~~[0m
[96msrc/application/services/PerpKeeperScheduler.ts[0m:[93m4202[0m:[93m19[0m - [91merror[0m[90m TS1005: 
[0m',' expected.

[7m4202[0m     newOpportunity: ArbitrageOpportunity,
[7m    [0m [91m                  ~[0m
[96msrc/application/services/PerpKeeperScheduler.ts[0m:[93m4202[0m:[93m21[0m - [91merror[0m[90m TS2693: 
[0m'ArbitrageOpportunity' only refers to a type, but is being used as a value here.

[7m4202[0m     newOpportunity: ArbitrageOpportunity,
[7m    [0m [91m                    ~~~~~~~~~~~~~~~~~~~~[0m
[96msrc/application/services/PerpKeeperScheduler.ts[0m:[93m4203[0m:[93m11[0m - [91merror[0m[90m TS1005: 
[0m',' expected.

[7m4203[0m     reason: string,
[7m    [0m [91m          ~[0m
[96msrc/application/services/PerpKeeperScheduler.ts[0m:[93m4203[0m:[93m13[0m - [91merror[0m[90m TS2693: 
[0m'string' only refers to a type, but is being used as a value here.

[7m4203[0m     reason: string,
[7m    [0m [91m            ~~~~~~[0m
[96msrc/application/services/PerpKeeperScheduler.ts[0m:[93m4204[0m:[93m4[0m - [91merror[0m[90m TS1005: 
[0m';' expected.

[7m4204[0m   ): Promise<void> {
[7m    [0m [91m   ~[0m
[96msrc/application/services/PerpKeeperScheduler.ts[0m:[93m4204[0m:[93m6[0m - [91merror[0m[90m TS2365: 
[0mOperator '>' cannot be applied to types 'boolean' and '{ const: any; if(this: any): any; "": any; }'.

[7m4204[0m   ): Promise<void> {
[7m    [0m [91m     ~~~~~~~~~~~~~~~[0m
[7m4205[0m     const currentSymbol = this.normalizeSymbol(currentLongPos.symbol);
[7m    [0m [91m~~~~~~~~~~~~~~~~~~~~~~~~~~~~~~~~~~~~~~~~~~~~~~~~~~~~~~~~~~~~~~~~~~~~~~[0m
[7m ...[0m 
[7m4210[0m 
[7m    [0m [91m[0m
[7m4211[0m     if (this.executionLockService) {
[7m    [0m [91m~~~~~~~~~~~~~~~~~~~~~~~~~~~~~~~~~~[0m
[96msrc/application/services/PerpKeeperScheduler.ts[0m:[93m4204[0m:[93m14[0m - [91merror[0m[90m TS2532: 
[0mObject is possibly 'undefined'.

[7m4204[0m   ): Promise<void> {
[7m    [0m [91m             ~~~~[0m
[96msrc/application/services/PerpKeeperScheduler.ts[0m:[93m4204[0m:[93m18[0m - [91merror[0m[90m TS1109: 
[0mExpression expected.

[7m4204[0m   ): Promise<void> {
[7m    [0m [91m                 ~[0m
[96msrc/application/services/PerpKeeperScheduler.ts[0m:[93m4205[0m:[93m11[0m - [91merror[0m[90m TS1005: 
[0m':' expected.

[7m4205[0m     const currentSymbol = this.normalizeSymbol(currentLongPos.symbol);
[7m    [0m [91m          ~~~~~~~~~~~~~[0m
[96msrc/application/services/PerpKeeperScheduler.ts[0m:[93m4205[0m:[93m11[0m - [91merror[0m[90m TS2304: 
[0mCannot find name 'currentSymbol'.

[7m4205[0m     const currentSymbol = this.normalizeSymbol(currentLongPos.symbol);
[7m    [0m [91m          ~~~~~~~~~~~~~[0m
[96msrc/application/services/PerpKeeperScheduler.ts[0m:[93m4205[0m:[93m27[0m - [91merror[0m[90m TS2532: 
[0mObject is possibly 'undefined'.

[7m4205[0m     const currentSymbol = this.normalizeSymbol(currentLongPos.symbol);
[7m    [0m [91m                          ~~~~[0m
[96msrc/application/services/PerpKeeperScheduler.ts[0m:[93m4205[0m:[93m48[0m - [91merror[0m[90m TS2304: 
[0mCannot find name 'currentLongPos'.

[7m4205[0m     const currentSymbol = this.normalizeSymbol(currentLongPos.symbol);
[7m    [0m [91m                                               ~~~~~~~~~~~~~~[0m
[96msrc/application/services/PerpKeeperScheduler.ts[0m:[93m4205[0m:[93m70[0m - [91merror[0m[90m TS1005: 
[0m',' expected.

[7m4205[0m     const currentSymbol = this.normalizeSymbol(currentLongPos.symbol);
[7m    [0m [91m                                                                     ~[0m
[96msrc/application/services/PerpKeeperScheduler.ts[0m:[93m4206[0m:[93m11[0m - [91merror[0m[90m TS1005: 
[0m':' expected.

[7m4206[0m     const newSymbol = this.normalizeSymbol(newOpportunity.symbol);
[7m    [0m [91m          ~~~~~~~~~[0m
[96msrc/application/services/PerpKeeperScheduler.ts[0m:[93m4206[0m:[93m11[0m - [91merror[0m[90m TS2304: 
[0mCannot find name 'newSymbol'.

[7m4206[0m     const newSymbol = this.normalizeSymbol(newOpportunity.symbol);
[7m    [0m [91m          ~~~~~~~~~[0m
[96msrc/application/services/PerpKeeperScheduler.ts[0m:[93m4206[0m:[93m23[0m - [91merror[0m[90m TS2532: 
[0mObject is possibly 'undefined'.

[7m4206[0m     const newSymbol = this.normalizeSymbol(newOpportunity.symbol);
[7m    [0m [91m                      ~~~~[0m
[96msrc/application/services/PerpKeeperScheduler.ts[0m:[93m4206[0m:[93m44[0m - [91merror[0m[90m TS2304: 
[0mCannot find name 'newOpportunity'.

[7m4206[0m     const newSymbol = this.normalizeSymbol(newOpportunity.symbol);
[7m    [0m [91m                                           ~~~~~~~~~~~~~~[0m
[96msrc/application/services/PerpKeeperScheduler.ts[0m:[93m4206[0m:[93m66[0m - [91merror[0m[90m TS1005: 
[0m',' expected.

[7m4206[0m     const newSymbol = this.normalizeSymbol(newOpportunity.symbol);
[7m    [0m [91m                                                                 ~[0m
[96msrc/application/services/PerpKeeperScheduler.ts[0m:[93m4209[0m:[93m11[0m - [91merror[0m[90m TS1005: 
[0m':' expected.

[7m4209[0m     const threadId = this.executionLockService?.generateThreadId() || `rotation-${Date.now()}`;
[7m    [0m [91m          ~~~~~~~~[0m
[96msrc/application/services/PerpKeeperScheduler.ts[0m:[93m4209[0m:[93m11[0m - [91merror[0m[90m TS2588: 
[0mCannot assign to 'threadId' because it is a constant.

[7m4209[0m     const threadId = this.executionLockService?.generateThreadId() || `rotation-${Date.now()}`;
[7m    [0m [91m          ~~~~~~~~[0m
[96msrc/application/services/PerpKeeperScheduler.ts[0m:[93m4209[0m:[93m22[0m - [91merror[0m[90m TS2532: 
[0mObject is possibly 'undefined'.

[7m4209[0m     const threadId = this.executionLockService?.generateThreadId() || `rotation-${Date.now()}`;
[7m    [0m [91m                     ~~~~[0m
[96msrc/application/services/PerpKeeperScheduler.ts[0m:[93m4209[0m:[93m95[0m - [91merror[0m[90m TS1005: 
[0m',' expected.

[7m4209[0m     const threadId = this.executionLockService?.generateThreadId() || `rotation-${Date.now()}`;
[7m    [0m [91m                                                                                              ~[0m
[96msrc/application/services/PerpKeeperScheduler.ts[0m:[93m4211[0m:[93m13[0m - [91merror[0m[90m TS1005: 
[0m',' expected.

[7m4211[0m     if (this.executionLockService) {
[7m    [0m [91m            ~[0m
[96msrc/application/services/PerpKeeperScheduler.ts[0m:[93m4211[0m:[93m34[0m - [91merror[0m[90m TS1005: 
[0m',' expected.

[7m4211[0m     if (this.executionLockService) {
[7m    [0m [91m                                 ~[0m
[96msrc/application/services/PerpKeeperScheduler.ts[0m:[93m4211[0m:[93m36[0m - [91merror[0m[90m TS1136: 
[0mProperty assignment expected.

[7m4211[0m     if (this.executionLockService) {
[7m    [0m [91m                                   ~[0m
[96msrc/application/services/PerpKeeperScheduler.ts[0m:[93m4212[0m:[93m29[0m - [91merror[0m[90m TS2532: 
[0mObject is possibly 'undefined'.

[7m4212[0m       const currentLocked = this.executionLockService.tryAcquireSymbolLock(currentSymbol, threadId, 
'spreadRotationClose');
[7m    [0m [91m                            ~~~~[0m
[96msrc/application/services/PerpKeeperScheduler.ts[0m:[93m4212[0m:[93m76[0m - [91merror[0m[90m TS2304: 
[0mCannot find name 'currentSymbol'.

[7m4212[0m       const currentLocked = this.executionLockService.tryAcquireSymbolLock(currentSymbol, threadId, 
'spreadRotationClose');
[7m    [0m [91m                                                                           ~~~~~~~~~~~~~[0m
[96msrc/application/services/PerpKeeperScheduler.ts[0m:[93m4213[0m:[93m25[0m - [91merror[0m[90m TS2532: 
[0mObject is possibly 'undefined'.

[7m4213[0m       const newLocked = this.executionLockService.tryAcquireSymbolLock(newSymbol, threadId, 
'spreadRotationOpen');
[7m    [0m [91m                        ~~~~[0m
[96msrc/application/services/PerpKeeperScheduler.ts[0m:[93m4213[0m:[93m72[0m - [91merror[0m[90m TS2304: 
[0mCannot find name 'newSymbol'.

[7m4213[0m       const newLocked = this.executionLockService.tryAcquireSymbolLock(newSymbol, threadId, 
'spreadRotationOpen');
[7m    [0m [91m                                                                       ~~~~~~~~~[0m
[96msrc/application/services/PerpKeeperScheduler.ts[0m:[93m4216[0m:[93m9[0m - [91merror[0m[90m TS2532: 
[0mObject is possibly 'undefined'.

[7m4216[0m         this.logger.warn(`Could not acquire locks for spread rotation ${currentSymbol} ÔåÆ ${newSymbol}`);
[7m    [0m [91m        ~~~~[0m
[96msrc/application/services/PerpKeeperScheduler.ts[0m:[93m4216[0m:[93m73[0m - [91merror[0m[90m TS2304: 
[0mCannot find name 'currentSymbol'.

[7m4216[0m         this.logger.warn(`Could not acquire locks for spread rotation ${currentSymbol} ÔåÆ ${newSymbol}`);
[7m    [0m [91m                                                                        ~~~~~~~~~~~~~[0m
[96msrc/application/services/PerpKeeperScheduler.ts[0m:[93m4216[0m:[93m92[0m - [91merror[0m[90m TS2304: 
[0mCannot find name 'newSymbol'.

[7m4216[0m         this.logger.warn(`Could not acquire locks for spread rotation ${currentSymbol} ÔåÆ ${newSymbol}`);
[7m    [0m [91m                                                                                           
~~~~~~~~~[0m
[96msrc/application/services/PerpKeeperScheduler.ts[0m:[93m4218[0m:[93m28[0m - [91merror[0m[90m TS2532: 
[0mObject is possibly 'undefined'.

[7m4218[0m         if (currentLocked) this.executionLockService.releaseSymbolLock(currentSymbol, threadId);
[7m    [0m [91m                           ~~~~[0m
[96msrc/application/services/PerpKeeperScheduler.ts[0m:[93m4218[0m:[93m72[0m - [91merror[0m[90m TS2304: 
[0mCannot find name 'currentSymbol'.

[7m4218[0m         if (currentLocked) this.executionLockService.releaseSymbolLock(currentSymbol, threadId);
[7m    [0m [91m                                                                       ~~~~~~~~~~~~~[0m
[96msrc/application/services/PerpKeeperScheduler.ts[0m:[93m4219[0m:[93m24[0m - [91merror[0m[90m TS2532: 
[0mObject is possibly 'undefined'.

[7m4219[0m         if (newLocked) this.executionLockService.releaseSymbolLock(newSymbol, threadId);
[7m    [0m [91m                       ~~~~[0m
[96msrc/application/services/PerpKeeperScheduler.ts[0m:[93m4219[0m:[93m68[0m - [91merror[0m[90m TS2304: 
[0mCannot find name 'newSymbol'.

[7m4219[0m         if (newLocked) this.executionLockService.releaseSymbolLock(newSymbol, threadId);
[7m    [0m [91m                                                                   ~~~~~~~~~[0m
[96msrc/application/services/PerpKeeperScheduler.ts[0m:[93m4225[0m:[93m7[0m - [91merror[0m[90m TS2532: 
[0mObject is possibly 'undefined'.

[7m4225[0m       this.logger.log(
[7m    [0m [91m      ~~~~[0m
[96msrc/application/services/PerpKeeperScheduler.ts[0m:[93m4226[0m:[93m42[0m - [91merror[0m[90m TS2304: 
[0mCannot find name 'currentSymbol'.

[7m4226[0m         `­ƒöä Executing spread rotation: ${currentSymbol} ÔåÆ ${newSymbol}\n` +
[7m    [0m [91m                                         ~~~~~~~~~~~~~[0m
[96msrc/application/services/PerpKeeperScheduler.ts[0m:[93m4226[0m:[93m61[0m - [91merror[0m[90m TS2304: 
[0mCannot find name 'newSymbol'.

[7m4226[0m         `­ƒöä Executing spread rotation: ${currentSymbol} ÔåÆ ${newSymbol}\n` +
[7m    [0m [91m                                                            ~~~~~~~~~[0m
[96msrc/application/services/PerpKeeperScheduler.ts[0m:[93m4231[0m:[93m7[0m - [91merror[0m[90m TS2532: 
[0mObject is possibly 'undefined'.

[7m4231[0m       this.logger.log(`­ƒôñ Step 1: Closing current position ${currentSymbol}...`);
[7m    [0m [91m      ~~~~[0m
[96msrc/application/services/PerpKeeperScheduler.ts[0m:[93m4231[0m:[93m62[0m - [91merror[0m[90m TS2304: 
[0mCannot find name 'currentSymbol'.

[7m4231[0m       this.logger.log(`­ƒôñ Step 1: Closing current position ${currentSymbol}...`);
[7m    [0m [91m                                                             ~~~~~~~~~~~~~[0m
[96msrc/application/services/PerpKeeperScheduler.ts[0m:[93m4232[0m:[93m13[0m - [91merror[0m[90m TS2532: 
[0mObject is possibly 'undefined'.

[7m4232[0m       await this.orchestrator.executeHedgedPartialClose(
[7m    [0m [91m            ~~~~[0m
[96msrc/application/services/PerpKeeperScheduler.ts[0m:[93m4233[0m:[93m9[0m - [91merror[0m[90m TS2304: 
[0mCannot find name 'currentLongPos'.

[7m4233[0m         currentLongPos,
[7m    [0m [91m        ~~~~~~~~~~~~~~[0m
[96msrc/application/services/PerpKeeperScheduler.ts[0m:[93m4234[0m:[93m9[0m - [91merror[0m[90m TS2304: 
[0mCannot find name 'currentShortPos'.

[7m4234[0m         currentShortPos,
[7m    [0m [91m        ~~~~~~~~~~~~~~~[0m
[96msrc/application/services/PerpKeeperScheduler.ts[0m:[93m4236[0m:[93m31[0m - [91merror[0m[90m TS2304: 
[0mCannot find name 'newSymbol'.

[7m4236[0m         `Spread Rotation to ${newSymbol}`,
[7m    [0m [91m                              ~~~~~~~~~[0m
[96msrc/application/services/PerpKeeperScheduler.ts[0m:[93m4243[0m:[93m7[0m - [91merror[0m[90m TS2532: 
[0mObject is possibly 'undefined'.

[7m4243[0m       this.logger.log(`­ƒôÑ Step 2: Opening new position ${newSymbol}...`);
[7m    [0m [91m      ~~~~[0m
[96msrc/application/services/PerpKeeperScheduler.ts[0m:[93m4243[0m:[93m58[0m - [91merror[0m[90m TS2304: 
[0mCannot find name 'newSymbol'.

[7m4243[0m       this.logger.log(`­ƒôÑ Step 2: Opening new position ${newSymbol}...`);
[7m    [0m [91m                                                         ~~~~~~~~~[0m
[96msrc/application/services/PerpKeeperScheduler.ts[0m:[93m4246[0m:[93m28[0m - [91merror[0m[90m TS2532: 
[0mObject is possibly 'undefined'.

[7m4246[0m       const result = await this.orchestrator.executeArbitrageStrategy(
[7m    [0m [91m                           ~~~~[0m
[96msrc/application/services/PerpKeeperScheduler.ts[0m:[93m4247[0m:[93m10[0m - [91merror[0m[90m TS2304: 
[0mCannot find name 'newOpportunity'.

[7m4247[0m         [newOpportunity.symbol],
[7m    [0m [91m         ~~~~~~~~~~~~~~[0m
[96msrc/application/services/PerpKeeperScheduler.ts[0m:[93m4248[0m:[93m9[0m - [91merror[0m[90m TS2532: 
[0mObject is possibly 'undefined'.

[7m4248[0m         this.minSpread,
[7m    [0m [91m        ~~~~[0m
[96msrc/application/services/PerpKeeperScheduler.ts[0m:[93m4249[0m:[93m9[0m - [91merror[0m[90m TS2532: 
[0mObject is possibly 'undefined'.

[7m4249[0m         this.maxPositionSizeUsd,
[7m    [0m [91m        ~~~~[0m
[96msrc/application/services/PerpKeeperScheduler.ts[0m:[93m4253[0m:[93m9[0m - [91merror[0m[90m TS2532: 
[0mObject is possibly 'undefined'.

[7m4253[0m         this.logger.log(
[7m    [0m [91m        ~~~~[0m
[96msrc/application/services/PerpKeeperScheduler.ts[0m:[93m4254[0m:[93m42[0m - [91merror[0m[90m TS2304: 
[0mCannot find name 'currentSymbol'.

[7m4254[0m           `Ô£à Spread rotation complete: ${currentSymbol} ÔåÆ ${newSymbol}\n` +
[7m    [0m [91m                                         ~~~~~~~~~~~~~[0m
[96msrc/application/services/PerpKeeperScheduler.ts[0m:[93m4254[0m:[93m61[0m - [91merror[0m[90m TS2304: 
[0mCannot find name 'newSymbol'.

[7m4254[0m           `Ô£à Spread rotation complete: ${currentSymbol} ÔåÆ ${newSymbol}\n` +
[7m    [0m [91m                                                            ~~~~~~~~~[0m
[96msrc/application/services/PerpKeeperScheduler.ts[0m:[93m4258[0m:[93m9[0m - [91merror[0m[90m TS2532: 
[0mObject is possibly 'undefined'.

[7m4258[0m         this.logger.warn(
[7m    [0m [91m        ~~~~[0m
[96msrc/application/services/PerpKeeperScheduler.ts[0m:[93m4259[0m:[93m49[0m - [91merror[0m[90m TS2304: 
[0mCannot find name 'currentSymbol'.

[7m4259[0m           `ÔÜá´©Å Spread rotation partial: Closed ${currentSymbol} but failed to open ${newSymbol}\n` +
[7m    [0m [91m                                                ~~~~~~~~~~~~~[0m
[96msrc/application/services/PerpKeeperScheduler.ts[0m:[93m4259[0m:[93m85[0m - [91merror[0m[90m TS2304: 
[0mCannot find name 'newSymbol'.

[7m4259[0m           `ÔÜá´©Å Spread rotation partial: Closed ${currentSymbol} but failed to open ${newSymbol}\n` +
[7m    [0m [91m                                                                                    ~~~~~~~~~[0m
[96msrc/application/services/PerpKeeperScheduler.ts[0m:[93m4265[0m:[93m7[0m - [91merror[0m[90m TS2532: 
[0mObject is possibly 'undefined'.

[7m4265[0m       this.logger.error(`ÔØî Spread rotation failed: ${error.message}`);
[7m    [0m [91m      ~~~~[0m
[96msrc/application/services/PerpKeeperScheduler.ts[0m:[93m4268[0m:[93m11[0m - [91merror[0m[90m TS2532: 
[0mObject is possibly 'undefined'.

[7m4268[0m       if (this.executionLockService) {
[7m    [0m [91m          ~~~~[0m
[96msrc/application/services/PerpKeeperScheduler.ts[0m:[93m4269[0m:[93m9[0m - [91merror[0m[90m TS2532: 
[0mObject is possibly 'undefined'.

[7m4269[0m         this.executionLockService.releaseSymbolLock(currentSymbol, threadId);
[7m    [0m [91m        ~~~~[0m
[96msrc/application/services/PerpKeeperScheduler.ts[0m:[93m4269[0m:[93m53[0m - [91merror[0m[90m TS2304: 
[0mCannot find name 'currentSymbol'.

[7m4269[0m         this.executionLockService.releaseSymbolLock(currentSymbol, threadId);
[7m    [0m [91m                                                    ~~~~~~~~~~~~~[0m
[96msrc/application/services/PerpKeeperScheduler.ts[0m:[93m4270[0m:[93m9[0m - [91merror[0m[90m TS2532: 
[0mObject is possibly 'undefined'.

[7m4270[0m         this.executionLockService.releaseSymbolLock(newSymbol, threadId);
[7m    [0m [91m        ~~~~[0m
[96msrc/application/services/PerpKeeperScheduler.ts[0m:[93m4270[0m:[93m53[0m - [91merror[0m[90m TS2304: 
[0mCannot find name 'newSymbol'.

[7m4270[0m         this.executionLockService.releaseSymbolLock(newSymbol, threadId);
[7m    [0m [91m                                                    ~~~~~~~~~[0m
[96msrc/application/services/PerpKeeperScheduler.ts[0m:[93m4273[0m:[93m3[0m - [91merror[0m[90m TS1128: 
[0mDeclaration or statement expected.

[7m4273[0m   }
[7m    [0m [91m  ~[0m
[96msrc/application/services/PerpKeeperScheduler.ts[0m:[93m4288[0m:[93m8[0m - [91merror[0m[90m TS1146: 
[0mDeclaration expected.

[7m4288[0m   async checkLiquidationRisk(): Promise<void> {
[7m    [0m [91m       [0m
[96msrc/application/services/PerpKeeperScheduler.ts[0m:[93m4288[0m:[93m9[0m - [91merror[0m[90m TS2304: 
[0mCannot find name 'checkLiquidationRisk'.

[7m4288[0m   async checkLiquidationRisk(): Promise<void> {
[7m    [0m [91m        ~~~~~~~~~~~~~~~~~~~~[0m
[96msrc/application/services/PerpKeeperScheduler.ts[0m:[93m4288[0m:[93m31[0m - [91merror[0m[90m TS1005: 
[0m';' expected.

[7m4288[0m   async checkLiquidationRisk(): Promise<void> {
[7m    [0m [91m                              ~[0m
[96msrc/application/services/PerpKeeperScheduler.ts[0m:[93m4288[0m:[93m33[0m - [91merror[0m[90m TS2365: 
[0mOperator '>' cannot be applied to types 'boolean' and '{ if(: any, this: any): any; "": any; }'.

[7m4288[0m   async checkLiquidationRisk(): Promise<void> {
[7m    [0m [91m                                ~~~~~~~~~~~~~~~[0m
[7m4289[0m     if (!this.liquidationMonitor) {
[7m    [0m [91m~~~~~~~~~~~~~~~~~~~~~~~~~~~~~~~~~[0m
[96msrc/application/services/PerpKeeperScheduler.ts[0m:[93m4288[0m:[93m41[0m - [91merror[0m[90m TS2532: 
[0mObject is possibly 'undefined'.

[7m4288[0m   async checkLiquidationRisk(): Promise<void> {
[7m    [0m [91m                                        ~~~~[0m
[96msrc/application/services/PerpKeeperScheduler.ts[0m:[93m4288[0m:[93m45[0m - [91merror[0m[90m TS1109: 
[0mExpression expected.

[7m4288[0m   async checkLiquidationRisk(): Promise<void> {
[7m    [0m [91m                                            ~[0m
[96msrc/application/services/PerpKeeperScheduler.ts[0m:[93m4289[0m:[93m9[0m - [91merror[0m[90m TS1003: 
[0mIdentifier expected.

[7m4289[0m     if (!this.liquidationMonitor) {
[7m    [0m [91m        ~[0m
[96msrc/application/services/PerpKeeperScheduler.ts[0m:[93m4289[0m:[93m10[0m - [91merror[0m[90m TS2680: [0mA 
'this' parameter must be the first parameter.

[7m4289[0m     if (!this.liquidationMonitor) {
[7m    [0m [91m         ~~~~[0m
[96msrc/application/services/PerpKeeperScheduler.ts[0m:[93m4289[0m:[93m14[0m - [91merror[0m[90m TS1005: 
[0m',' expected.

[7m4289[0m     if (!this.liquidationMonitor) {
[7m    [0m [91m             ~[0m
[96msrc/application/services/PerpKeeperScheduler.ts[0m:[93m4289[0m:[93m33[0m - [91merror[0m[90m TS1005: 
[0m',' expected.

[7m4289[0m     if (!this.liquidationMonitor) {
[7m    [0m [91m                                ~[0m
[96msrc/application/services/PerpKeeperScheduler.ts[0m:[93m4289[0m:[93m35[0m - [91merror[0m[90m TS1136: 
[0mProperty assignment expected.

[7m4289[0m     if (!this.liquidationMonitor) {
[7m    [0m [91m                                  ~[0m
[96msrc/application/services/PerpKeeperScheduler.ts[0m:[93m4294[0m:[93m9[0m - [91merror[0m[90m TS2532: 
[0mObject is possibly 'undefined'.

[7m4294[0m     if (this.isRunning) {
[7m    [0m [91m        ~~~~[0m
[96msrc/application/services/PerpKeeperScheduler.ts[0m:[93m4300[0m:[93m11[0m - [91merror[0m[90m TS2532: 
[0mObject is possibly 'undefined'.

[7m4300[0m       if (this.marketStateService) {
[7m    [0m [91m          ~~~~[0m
[96msrc/application/services/PerpKeeperScheduler.ts[0m:[93m4301[0m:[93m15[0m - [91merror[0m[90m TS2532: 
[0mObject is possibly 'undefined'.

[7m4301[0m         await this.marketStateService.refreshAll();
[7m    [0m [91m              ~~~~[0m
[96msrc/application/services/PerpKeeperScheduler.ts[0m:[93m4304[0m:[93m28[0m - [91merror[0m[90m TS2532: 
[0mObject is possibly 'undefined'.

[7m4304[0m       const result = await this.liquidationMonitor.checkLiquidationRisk();
[7m    [0m [91m                           ~~~~[0m
[96msrc/application/services/PerpKeeperScheduler.ts[0m:[93m4308[0m:[93m9[0m - [91merror[0m[90m TS2532: 
[0mObject is possibly 'undefined'.

[7m4308[0m         this.logger.warn(
[7m    [0m [91m        ~~~~[0m
[96msrc/application/services/PerpKeeperScheduler.ts[0m:[93m4314[0m:[93m11[0m - [91merror[0m[90m TS2532: 
[0mObject is possibly 'undefined'.

[7m4314[0m       if (this.diagnosticsService && result.positionsChecked > 0) {
[7m    [0m [91m          ~~~~[0m
[96msrc/application/services/PerpKeeperScheduler.ts[0m:[93m4325[0m:[93m11[0m - [91merror[0m[90m TS2532: 
[0mObject is possibly 'undefined'.

[7m4325[0m           this.diagnosticsService.recordError({
[7m    [0m [91m          ~~~~[0m
[96msrc/application/services/PerpKeeperScheduler.ts[0m:[93m4344[0m:[93m9[0m - [91merror[0m[90m TS2532: 
[0mObject is possibly 'undefined'.

[7m4344[0m         this.logger.error(
[7m    [0m [91m        ~~~~[0m
[96msrc/application/services/PerpKeeperScheduler.ts[0m:[93m4348[0m:[93m11[0m - [91merror[0m[90m TS2532: 
[0mObject is possibly 'undefined'.

[7m4348[0m           this.logger.error(
[7m    [0m [91m          ~~~~[0m
[96msrc/application/services/PerpKeeperScheduler.ts[0m:[93m4356[0m:[93m9[0m - [91merror[0m[90m TS2532: 
[0mObject is possibly 'undefined'.

[7m4356[0m         this.scheduleOpportunitySearch('emergency-liquidation-exit');
[7m    [0m [91m        ~~~~[0m
[96msrc/application/services/PerpKeeperScheduler.ts[0m:[93m4359[0m:[93m7[0m - [91merror[0m[90m TS2532: 
[0mObject is possibly 'undefined'.

[7m4359[0m       this.logger.error(`Liquidation check failed: ${error.message}`);
[7m    [0m [91m      ~~~~[0m
[96msrc/application/services/PerpKeeperScheduler.ts[0m:[93m4361[0m:[93m3[0m - [91merror[0m[90m TS1128: 
[0mDeclaration or statement expected.

[7m4361[0m   }
[7m    [0m [91m  ~[0m
[96msrc/application/services/PerpKeeperScheduler.ts[0m:[93m4372[0m:[93m8[0m - [91merror[0m[90m TS1146: 
[0mDeclaration expected.

[7m4372[0m   async processKeeperWithdrawals(): Promise<void> {
[7m    [0m [91m       [0m
[96msrc/application/services/PerpKeeperScheduler.ts[0m:[93m4372[0m:[93m9[0m - [91merror[0m[90m TS2304: 
[0mCannot find name 'processKeeperWithdrawals'.

[7m4372[0m   async processKeeperWithdrawals(): Promise<void> {
[7m    [0m [91m        ~~~~~~~~~~~~~~~~~~~~~~~~[0m
[96msrc/application/services/PerpKeeperScheduler.ts[0m:[93m4372[0m:[93m35[0m - [91merror[0m[90m TS1005: 
[0m';' expected.

[7m4372[0m   async processKeeperWithdrawals(): Promise<void> {
[7m    [0m [91m                                  ~[0m
[96msrc/application/services/PerpKeeperScheduler.ts[0m:[93m4372[0m:[93m37[0m - [91merror[0m[90m TS2365: 
[0mOperator '>' cannot be applied to types 'boolean' and '{ if(: any, this: any): any; "": any; }'.

[7m4372[0m   async processKeeperWithdrawals(): Promise<void> {
[7m    [0m [91m                                    ~~~~~~~~~~~~~~~[0m
[7m4373[0m     if (!this.withdrawalFulfiller) {
[7m    [0m [91m~~~~~~~~~~~~~~~~~~~~~~~~~~~~~~~~~~[0m
[96msrc/application/services/PerpKeeperScheduler.ts[0m:[93m4372[0m:[93m45[0m - [91merror[0m[90m TS2532: 
[0mObject is possibly 'undefined'.

[7m4372[0m   async processKeeperWithdrawals(): Promise<void> {
[7m    [0m [91m                                            ~~~~[0m
[96msrc/application/services/PerpKeeperScheduler.ts[0m:[93m4372[0m:[93m49[0m - [91merror[0m[90m TS1109: 
[0mExpression expected.

[7m4372[0m   async processKeeperWithdrawals(): Promise<void> {
[7m    [0m [91m                                                ~[0m
[96msrc/application/services/PerpKeeperScheduler.ts[0m:[93m4373[0m:[93m9[0m - [91merror[0m[90m TS1003: 
[0mIdentifier expected.

[7m4373[0m     if (!this.withdrawalFulfiller) {
[7m    [0m [91m        ~[0m
[96msrc/application/services/PerpKeeperScheduler.ts[0m:[93m4373[0m:[93m10[0m - [91merror[0m[90m TS2680: [0mA 
'this' parameter must be the first parameter.

[7m4373[0m     if (!this.withdrawalFulfiller) {
[7m    [0m [91m         ~~~~[0m
[96msrc/application/services/PerpKeeperScheduler.ts[0m:[93m4373[0m:[93m14[0m - [91merror[0m[90m TS1005: 
[0m',' expected.

[7m4373[0m     if (!this.withdrawalFulfiller) {
[7m    [0m [91m             ~[0m
[96msrc/application/services/PerpKeeperScheduler.ts[0m:[93m4373[0m:[93m34[0m - [91merror[0m[90m TS1005: 
[0m',' expected.

[7m4373[0m     if (!this.withdrawalFulfiller) {
[7m    [0m [91m                                 ~[0m
[96msrc/application/services/PerpKeeperScheduler.ts[0m:[93m4373[0m:[93m36[0m - [91merror[0m[90m TS1136: 
[0mProperty assignment expected.

[7m4373[0m     if (!this.withdrawalFulfiller) {
[7m    [0m [91m                                   ~[0m
[96msrc/application/services/PerpKeeperScheduler.ts[0m:[93m4378[0m:[93m27[0m - [91merror[0m[90m TS2532: 
[0mObject is possibly 'undefined'.

[7m4378[0m       const pendingList = this.withdrawalFulfiller.getPendingWithdrawalsList();
[7m    [0m [91m                          ~~~~[0m
[96msrc/application/services/PerpKeeperScheduler.ts[0m:[93m4384[0m:[93m7[0m - [91merror[0m[90m TS2532: 
[0mObject is possibly 'undefined'.

[7m4384[0m       this.logger.log(
[7m    [0m [91m      ~~~~[0m
[96msrc/application/services/PerpKeeperScheduler.ts[0m:[93m4389[0m:[93m15[0m - [91merror[0m[90m TS2532: 
[0mObject is possibly 'undefined'.

[7m4389[0m         await this.withdrawalFulfiller.processPendingWithdrawals();
[7m    [0m [91m              ~~~~[0m
[96msrc/application/services/PerpKeeperScheduler.ts[0m:[93m4392[0m:[93m9[0m - [91merror[0m[90m TS2532: 
[0mObject is possibly 'undefined'.

[7m4392[0m         this.logger.log(
[7m    [0m [91m        ~~~~[0m
[96msrc/application/services/PerpKeeperScheduler.ts[0m:[93m4404[0m:[93m9[0m - [91merror[0m[90m TS2532: 
[0mObject is possibly 'undefined'.

[7m4404[0m         this.logger.warn(
[7m    [0m [91m        ~~~~[0m
[96msrc/application/services/PerpKeeperScheduler.ts[0m:[93m4409[0m:[93m7[0m - [91merror[0m[90m TS2532: 
[0mObject is possibly 'undefined'.

[7m4409[0m       this.logger.error(
[7m    [0m [91m      ~~~~[0m
[96msrc/application/services/PerpKeeperScheduler.ts[0m:[93m4413[0m:[93m3[0m - [91merror[0m[90m TS1128: 
[0mDeclaration or statement expected.

[7m4413[0m   }
[7m    [0m [91m  ~[0m
[96msrc/application/services/PerpKeeperScheduler.ts[0m:[93m4419[0m:[93m3[0m - [91merror[0m[90m TS1434: 
[0mUnexpected keyword or identifier.

[7m4419[0m   async checkAndReportNAV(): Promise<void> {
[7m    [0m [91m  ~~~~~[0m
[96msrc/application/services/PerpKeeperScheduler.ts[0m:[93m4419[0m:[93m3[0m - [91merror[0m[90m TS2304: 
[0mCannot find name 'async'.

[7m4419[0m   async checkAndReportNAV(): Promise<void> {
[7m    [0m [91m  ~~~~~[0m
[96msrc/application/services/PerpKeeperScheduler.ts[0m:[93m4419[0m:[93m9[0m - [91merror[0m[90m TS2304: 
[0mCannot find name 'checkAndReportNAV'.

[7m4419[0m   async checkAndReportNAV(): Promise<void> {
[7m    [0m [91m        ~~~~~~~~~~~~~~~~~[0m
[96msrc/application/services/PerpKeeperScheduler.ts[0m:[93m4419[0m:[93m28[0m - [91merror[0m[90m TS1005: 
[0m';' expected.

[7m4419[0m   async checkAndReportNAV(): Promise<void> {
[7m    [0m [91m                           ~[0m
[96msrc/application/services/PerpKeeperScheduler.ts[0m:[93m4419[0m:[93m30[0m - [91merror[0m[90m TS2365: 
[0mOperator '>' cannot be applied to types 'boolean' and '{ if(: any, this: any): any; "": any; }'.

[7m4419[0m   async checkAndReportNAV(): Promise<void> {
[7m    [0m [91m                             ~~~~~~~~~~~~~~~[0m
[7m4420[0m     if (!this.navReporter) {
[7m    [0m [91m~~~~~~~~~~~~~~~~~~~~~~~~~~[0m
[96msrc/application/services/PerpKeeperScheduler.ts[0m:[93m4419[0m:[93m38[0m - [91merror[0m[90m TS2532: 
[0mObject is possibly 'undefined'.

[7m4419[0m   async checkAndReportNAV(): Promise<void> {
[7m    [0m [91m                                     ~~~~[0m
[96msrc/application/services/PerpKeeperScheduler.ts[0m:[93m4419[0m:[93m42[0m - [91merror[0m[90m TS1109: 
[0mExpression expected.

[7m4419[0m   async checkAndReportNAV(): Promise<void> {
[7m    [0m [91m                                         ~[0m
[96msrc/application/services/PerpKeeperScheduler.ts[0m:[93m4420[0m:[93m9[0m - [91merror[0m[90m TS1003: 
[0mIdentifier expected.

[7m4420[0m     if (!this.navReporter) {
[7m    [0m [91m        ~[0m
[96msrc/application/services/PerpKeeperScheduler.ts[0m:[93m4420[0m:[93m10[0m - [91merror[0m[90m TS2680: [0mA 
'this' parameter must be the first parameter.

[7m4420[0m     if (!this.navReporter) {
[7m    [0m [91m         ~~~~[0m
[96msrc/application/services/PerpKeeperScheduler.ts[0m:[93m4420[0m:[93m14[0m - [91merror[0m[90m TS1005: 
[0m',' expected.

[7m4420[0m     if (!this.navReporter) {
[7m    [0m [91m             ~[0m
[96msrc/application/services/PerpKeeperScheduler.ts[0m:[93m4420[0m:[93m26[0m - [91merror[0m[90m TS1005: 
[0m',' expected.

[7m4420[0m     if (!this.navReporter) {
[7m    [0m [91m                         ~[0m
[96msrc/application/services/PerpKeeperScheduler.ts[0m:[93m4420[0m:[93m28[0m - [91merror[0m[90m TS1136: 
[0mProperty assignment expected.

[7m4420[0m     if (!this.navReporter) {
[7m    [0m [91m                           ~[0m
[96msrc/application/services/PerpKeeperScheduler.ts[0m:[93m4426[0m:[93m11[0m - [91merror[0m[90m TS2532: 
[0mObject is possibly 'undefined'.

[7m4426[0m       if (this.navReporter.isNAVStale()) {
[7m    [0m [91m          ~~~~[0m
[96msrc/application/services/PerpKeeperScheduler.ts[0m:[93m4427[0m:[93m9[0m - [91merror[0m[90m TS2532: 
[0mObject is possibly 'undefined'.

[7m4427[0m         this.logger.warn('NAV is stale, forcing report...');
[7m    [0m [91m        ~~~~[0m
[96msrc/application/services/PerpKeeperScheduler.ts[0m:[93m4428[0m:[93m15[0m - [91merror[0m[90m TS2532: 
[0mObject is possibly 'undefined'.

[7m4428[0m         await this.navReporter.forceReportNAV();
[7m    [0m [91m              ~~~~[0m
[96msrc/application/services/PerpKeeperScheduler.ts[0m:[93m4431[0m:[93m7[0m - [91merror[0m[90m TS2532: 
[0mObject is possibly 'undefined'.

[7m4431[0m       this.logger.error(`Error checking NAV: ${error.message}`);
[7m    [0m [91m      ~~~~[0m
[96msrc/application/services/PerpKeeperScheduler.ts[0m:[93m4433[0m:[93m3[0m - [91merror[0m[90m TS1128: 
[0mDeclaration or statement expected.

[7m4433[0m   }
[7m    [0m [91m  ~[0m
[96msrc/application/services/PerpKeeperScheduler.ts[0m:[93m4438[0m:[93m3[0m - [91merror[0m[90m TS1434: 
[0mUnexpected keyword or identifier.

[7m4438[0m   async getKeeperStrategyStatus(): Promise<{
[7m    [0m [91m  ~~~~~[0m
[96msrc/application/services/PerpKeeperScheduler.ts[0m:[93m4438[0m:[93m3[0m - [91merror[0m[90m TS2304: 
[0mCannot find name 'async'.

[7m4438[0m   async getKeeperStrategyStatus(): Promise<{
[7m    [0m [91m  ~~~~~[0m
[96msrc/application/services/PerpKeeperScheduler.ts[0m:[93m4438[0m:[93m9[0m - [91merror[0m[90m TS2304: 
[0mCannot find name 'getKeeperStrategyStatus'.

[7m4438[0m   async getKeeperStrategyStatus(): Promise<{
[7m    [0m [91m        ~~~~~~~~~~~~~~~~~~~~~~~[0m
[96msrc/application/services/PerpKeeperScheduler.ts[0m:[93m4438[0m:[93m34[0m - [91merror[0m[90m TS1005: 
[0m';' expected.

[7m4438[0m   async getKeeperStrategyStatus(): Promise<{
[7m    [0m [91m                                 ~[0m
[96msrc/application/services/PerpKeeperScheduler.ts[0m:[93m4438[0m:[93m36[0m - [91merror[0m[90m TS2365: 
[0mOperator '<' cannot be applied to types 'PromiseConstructor' and '{ pendingWithdrawals: any; pendingAmount: any; 
lastNAV: any; lastNAVTime: number; isNAVStale: any; emergencyMode: any; }'.

[7m4438[0m   async getKeeperStrategyStatus(): Promise<{
[7m    [0m [91m                                   ~~~~~~~~~[0m
[7m4439[0m     pendingWithdrawals: number;
[7m    [0m [91m~~~~~~~~~~~~~~~~~~~~~~~~~~~~~~~[0m
[7m ...[0m 
[7m4444[0m     emergencyMode: boolean;
[7m    [0m [91m~~~~~~~~~~~~~~~~~~~~~~~~~~~[0m
[7m4445[0m   }> {
[7m    [0m [91m~~~[0m
[96msrc/application/services/PerpKeeperScheduler.ts[0m:[93m4438[0m:[93m36[0m - [91merror[0m[90m TS2365: 
[0mOperator '>' cannot be applied to types 'boolean' and '{ return: { pendingWithdrawals: any; pendingAmount: string; 
lastNAV: string; lastNAVTime: any; isNAVStale: any; emergencyMode: any; }; }'.

[7m4438[0m   async getKeeperStrategyStatus(): Promise<{
[7m    [0m [91m                                   ~~~~~~~~~[0m
[7m4439[0m     pendingWithdrawals: number;
[7m    [0m [91m~~~~~~~~~~~~~~~~~~~~~~~~~~~~~~~[0m
[7m ...[0m 
[7m4458[0m     };
[7m    [0m [91m~~~~~~[0m
[7m4459[0m   }
[7m    [0m [91m~~~[0m
[96msrc/application/services/PerpKeeperScheduler.ts[0m:[93m4439[0m:[93m25[0m - [91merror[0m[90m TS2693: 
[0m'number' only refers to a type, but is being used as a value here.

[7m4439[0m     pendingWithdrawals: number;
[7m    [0m [91m                        ~~~~~~[0m
[96msrc/application/services/PerpKeeperScheduler.ts[0m:[93m4439[0m:[93m31[0m - [91merror[0m[90m TS1005: 
[0m',' expected.

[7m4439[0m     pendingWithdrawals: number;
[7m    [0m [91m                              ~[0m
[96msrc/application/services/PerpKeeperScheduler.ts[0m:[93m4440[0m:[93m20[0m - [91merror[0m[90m TS2693: 
[0m'string' only refers to a type, but is being used as a value here.

[7m4440[0m     pendingAmount: string;
[7m    [0m [91m                   ~~~~~~[0m
[96msrc/application/services/PerpKeeperScheduler.ts[0m:[93m4440[0m:[93m26[0m - [91merror[0m[90m TS1005: 
[0m',' expected.

[7m4440[0m     pendingAmount: string;
[7m    [0m [91m                         ~[0m
[96msrc/application/services/PerpKeeperScheduler.ts[0m:[93m4441[0m:[93m14[0m - [91merror[0m[90m TS2693: 
[0m'string' only refers to a type, but is being used as a value here.

[7m4441[0m     lastNAV: string;
[7m    [0m [91m             ~~~~~~[0m
[96msrc/application/services/PerpKeeperScheduler.ts[0m:[93m4441[0m:[93m20[0m - [91merror[0m[90m TS1005: 
[0m',' expected.

[7m4441[0m     lastNAV: string;
[7m    [0m [91m                   ~[0m
[96msrc/application/services/PerpKeeperScheduler.ts[0m:[93m4442[0m:[93m18[0m - [91merror[0m[90m TS2362: 
[0mThe left-hand side of an arithmetic operation must be of type 'any', 'number', 'bigint' or an enum type.

[7m4442[0m     lastNAVTime: Date | null;
[7m    [0m [91m                 ~~~~[0m
[96msrc/application/services/PerpKeeperScheduler.ts[0m:[93m4442[0m:[93m25[0m - [91merror[0m[90m TS18050: 
[0mThe value 'null' cannot be used here.

[7m4442[0m     lastNAVTime: Date | null;
[7m    [0m [91m                        ~~~~[0m
[96msrc/application/services/PerpKeeperScheduler.ts[0m:[93m4442[0m:[93m29[0m - [91merror[0m[90m TS1005: 
[0m',' expected.

[7m4442[0m     lastNAVTime: Date | null;
[7m    [0m [91m                            ~[0m
[96msrc/application/services/PerpKeeperScheduler.ts[0m:[93m4443[0m:[93m17[0m - [91merror[0m[90m TS2693: 
[0m'boolean' only refers to a type, but is being used as a value here.

[7m4443[0m     isNAVStale: boolean;
[7m    [0m [91m                ~~~~~~~[0m
[96msrc/application/services/PerpKeeperScheduler.ts[0m:[93m4443[0m:[93m24[0m - [91merror[0m[90m TS1005: 
[0m',' expected.

[7m4443[0m     isNAVStale: boolean;
[7m    [0m [91m                       ~[0m
[96msrc/application/services/PerpKeeperScheduler.ts[0m:[93m4444[0m:[93m20[0m - [91merror[0m[90m TS2693: 
[0m'boolean' only refers to a type, but is being used as a value here.

[7m4444[0m     emergencyMode: boolean;
[7m    [0m [91m                   ~~~~~~~[0m
[96msrc/application/services/PerpKeeperScheduler.ts[0m:[93m4444[0m:[93m27[0m - [91merror[0m[90m TS1005: 
[0m',' expected.

[7m4444[0m     emergencyMode: boolean;
[7m    [0m [91m                          ~[0m
[96msrc/application/services/PerpKeeperScheduler.ts[0m:[93m4446[0m:[93m12[0m - [91merror[0m[90m TS1005: 
[0m':' expected.

[7m4446[0m     return {
[7m    [0m [91m           ~[0m
[96msrc/application/services/PerpKeeperScheduler.ts[0m:[93m4448[0m:[93m9[0m - [91merror[0m[90m TS2532: 
[0mObject is possibly 'undefined'.

[7m4448[0m         this.withdrawalFulfiller?.getPendingWithdrawalsList().length || 0,
[7m    [0m [91m        ~~~~[0m
[96msrc/application/services/PerpKeeperScheduler.ts[0m:[93m4449[0m:[93m22[0m - [91merror[0m[90m TS2532: 
[0mObject is possibly 'undefined'.

[7m4449[0m       pendingAmount: this.withdrawalFulfiller
[7m    [0m [91m                     ~~~~[0m
[96msrc/application/services/PerpKeeperScheduler.ts[0m:[93m4450[0m:[93m23[0m - [91merror[0m[90m TS2532: 
[0mObject is possibly 'undefined'.

[7m4450[0m         ? formatUnits(this.withdrawalFulfiller.getTotalPendingAmount(), 6)
[7m    [0m [91m                      ~~~~[0m
[96msrc/application/services/PerpKeeperScheduler.ts[0m:[93m4452[0m:[93m16[0m - [91merror[0m[90m TS2532: 
[0mObject is possibly 'undefined'.

[7m4452[0m       lastNAV: this.navReporter
[7m    [0m [91m               ~~~~[0m
[96msrc/application/services/PerpKeeperScheduler.ts[0m:[93m4453[0m:[93m23[0m - [91merror[0m[90m TS2532: 
[0mObject is possibly 'undefined'.

[7m4453[0m         ? formatUnits(this.navReporter.getLastReportedNAV().nav, 6)
[7m    [0m [91m                      ~~~~[0m
[96msrc/application/services/PerpKeeperScheduler.ts[0m:[93m4455[0m:[93m20[0m - [91merror[0m[90m TS2532: 
[0mObject is possibly 'undefined'.

[7m4455[0m       lastNAVTime: this.navReporter?.getLastReportedNAV().timestamp || null,
[7m    [0m [91m                   ~~~~[0m
[96msrc/application/services/PerpKeeperScheduler.ts[0m:[93m4456[0m:[93m19[0m - [91merror[0m[90m TS2532: 
[0mObject is possibly 'undefined'.

[7m4456[0m       isNAVStale: this.navReporter?.isNAVStale() || false,
[7m    [0m [91m                  ~~~~[0m
[96msrc/application/services/PerpKeeperScheduler.ts[0m:[93m4457[0m:[93m22[0m - [91merror[0m[90m TS2532: 
[0mObject is possibly 'undefined'.

[7m4457[0m       emergencyMode: this.withdrawalFulfiller?.isEmergencyMode() || false,
[7m    [0m [91m                     ~~~~[0m
[96msrc/application/services/PerpKeeperScheduler.ts[0m:[93m4458[0m:[93m6[0m - [91merror[0m[90m TS1005: 
[0m',' expected.

[7m4458[0m     };
[7m    [0m [91m     ~[0m
[96msrc/application/services/PerpKeeperScheduler.ts[0m:[93m4464[0m:[93m3[0m - [91merror[0m[90m TS1128: 
[0mDeclaration or statement expected.

[7m4464[0m   private getRetryKey(
[7m    [0m [91m  ~~~~~~~[0m
[96msrc/application/services/PerpKeeperScheduler.ts[0m:[93m4464[0m:[93m11[0m - [91merror[0m[90m TS2304: 
[0mCannot find name 'getRetryKey'.

[7m4464[0m   private getRetryKey(
[7m    [0m [91m          ~~~~~~~~~~~[0m
[96msrc/application/services/PerpKeeperScheduler.ts[0m:[93m4465[0m:[93m5[0m - [91merror[0m[90m TS2304: 
[0mCannot find name 'symbol'.

[7m4465[0m     symbol: string,
[7m    [0m [91m    ~~~~~~[0m
[96msrc/application/services/PerpKeeperScheduler.ts[0m:[93m4465[0m:[93m11[0m - [91merror[0m[90m TS1005: 
[0m',' expected.

[7m4465[0m     symbol: string,
[7m    [0m [91m          ~[0m
[96msrc/application/services/PerpKeeperScheduler.ts[0m:[93m4465[0m:[93m13[0m - [91merror[0m[90m TS2693: 
[0m'string' only refers to a type, but is being used as a value here.

[7m4465[0m     symbol: string,
[7m    [0m [91m            ~~~~~~[0m
[96msrc/application/services/PerpKeeperScheduler.ts[0m:[93m4466[0m:[93m5[0m - [91merror[0m[90m TS2304: 
[0mCannot find name 'exchange1'.

[7m4466[0m     exchange1: ExchangeType,
[7m    [0m [91m    ~~~~~~~~~[0m
[96msrc/application/services/PerpKeeperScheduler.ts[0m:[93m4466[0m:[93m14[0m - [91merror[0m[90m TS1005: 
[0m',' expected.

[7m4466[0m     exchange1: ExchangeType,
[7m    [0m [91m             ~[0m
[96msrc/application/services/PerpKeeperScheduler.ts[0m:[93m4467[0m:[93m5[0m - [91merror[0m[90m TS2304: 
[0mCannot find name 'exchange2'.

[7m4467[0m     exchange2?: ExchangeType,
[7m    [0m [91m    ~~~~~~~~~[0m
[96msrc/application/services/PerpKeeperScheduler.ts[0m:[93m4467[0m:[93m15[0m - [91merror[0m[90m TS1109: 
[0mExpression expected.

[7m4467[0m     exchange2?: ExchangeType,
[7m    [0m [91m              ~[0m
[96msrc/application/services/PerpKeeperScheduler.ts[0m:[93m4468[0m:[93m4[0m - [91merror[0m[90m TS1005: 
[0m';' expected.

[7m4468[0m   ): string {
[7m    [0m [91m   ~[0m
[96msrc/application/services/PerpKeeperScheduler.ts[0m:[93m4468[0m:[93m6[0m - [91merror[0m[90m TS1434: 
[0mUnexpected keyword or identifier.

[7m4468[0m   ): string {
[7m    [0m [91m     ~~~~~~[0m
[96msrc/application/services/PerpKeeperScheduler.ts[0m:[93m4468[0m:[93m6[0m - [91merror[0m[90m TS2693: 
[0m'string' only refers to a type, but is being used as a value here.

[7m4468[0m   ): string {
[7m    [0m [91m     ~~~~~~[0m
[96msrc/application/services/PerpKeeperScheduler.ts[0m:[93m4469[0m:[93m9[0m - [91merror[0m[90m TS2304: 
[0mCannot find name 'exchange2'.

[7m4469[0m     if (exchange2) {
[7m    [0m [91m        ~~~~~~~~~[0m
[96msrc/application/services/PerpKeeperScheduler.ts[0m:[93m4471[0m:[93m26[0m - [91merror[0m[90m TS2304: 
[0mCannot find name 'exchange1'.

[7m4471[0m       const exchanges = [exchange1, exchange2].sort();
[7m    [0m [91m                         ~~~~~~~~~[0m
[96msrc/application/services/PerpKeeperScheduler.ts[0m:[93m4471[0m:[93m37[0m - [91merror[0m[90m TS2304: 
[0mCannot find name 'exchange2'.

[7m4471[0m       const exchanges = [exchange1, exchange2].sort();
[7m    [0m [91m                                    ~~~~~~~~~[0m
[96msrc/application/services/PerpKeeperScheduler.ts[0m:[93m4477[0m:[93m36[0m - [91merror[0m[90m TS2532: 
[0mObject is possibly 'undefined'.

[7m4477[0m     for (const [key, retryInfo] of this.singleLegRetries.entries()) {
[7m    [0m [91m                                   ~~~~[0m
[96msrc/application/services/PerpKeeperScheduler.ts[0m:[93m4479[0m:[93m27[0m - [91merror[0m[90m TS2304: 
[0mCannot find name 'symbol'.

[7m4479[0m         key.startsWith(`${symbol}-`) &&
[7m    [0m [91m                          ~~~~~~[0m
[96msrc/application/services/PerpKeeperScheduler.ts[0m:[93m4480[0m:[93m37[0m - [91merror[0m[90m TS2304: 
[0mCannot find name 'exchange1'.

[7m4480[0m         (retryInfo.longExchange === exchange1 ||
[7m    [0m [91m                                    ~~~~~~~~~[0m
[96msrc/application/services/PerpKeeperScheduler.ts[0m:[93m4481[0m:[93m39[0m - [91merror[0m[90m TS2304: 
[0mCannot find name 'exchange1'.

[7m4481[0m           retryInfo.shortExchange === exchange1)
[7m    [0m [91m                                      ~~~~~~~~~[0m
[96msrc/application/services/PerpKeeperScheduler.ts[0m:[93m4495[0m:[93m3[0m - [91merror[0m[90m TS1128: 
[0mDeclaration or statement expected.

[7m4495[0m   private async isOpportunityFiltered(retryKey: string): Promise<boolean> {
[7m    [0m [91m  ~~~~~~~[0m
[96msrc/application/services/PerpKeeperScheduler.ts[0m:[93m4495[0m:[93m11[0m - [91merror[0m[90m TS1434: 
[0mUnexpected keyword or identifier.

[7m4495[0m   private async isOpportunityFiltered(retryKey: string): Promise<boolean> {
[7m    [0m [91m          ~~~~~[0m
[96msrc/application/services/PerpKeeperScheduler.ts[0m:[93m4495[0m:[93m11[0m - [91merror[0m[90m TS2304: 
[0mCannot find name 'async'.

[7m4495[0m   private async isOpportunityFiltered(retryKey: string): Promise<boolean> {
[7m    [0m [91m          ~~~~~[0m
[96msrc/application/services/PerpKeeperScheduler.ts[0m:[93m4495[0m:[93m17[0m - [91merror[0m[90m TS2304: 
[0mCannot find name 'isOpportunityFiltered'.

[7m4495[0m   private async isOpportunityFiltered(retryKey: string): Promise<boolean> {
[7m    [0m [91m                ~~~~~~~~~~~~~~~~~~~~~[0m
[96msrc/application/services/PerpKeeperScheduler.ts[0m:[93m4495[0m:[93m39[0m - [91merror[0m[90m TS2448: 
[0mBlock-scoped variable 'retryKey' used before its declaration.

[7m4495[0m   private async isOpportunityFiltered(retryKey: string): Promise<boolean> {
[7m    [0m [91m                                      ~~~~~~~~[0m

  [96msrc/application/services/PerpKeeperScheduler.ts[0m:[93m4670[0m:[93m13[0m
    [7m4670[0m       const retryKey = this.getRetryKey(
    [7m    [0m [96m            ~~~~~~~~[0m
    'retryKey' is declared here.
[96msrc/application/services/PerpKeeperScheduler.ts[0m:[93m4495[0m:[93m47[0m - [91merror[0m[90m TS1005: 
[0m',' expected.

[7m4495[0m   private async isOpportunityFiltered(retryKey: string): Promise<boolean> {
[7m    [0m [91m                                              ~[0m
[96msrc/application/services/PerpKeeperScheduler.ts[0m:[93m4495[0m:[93m49[0m - [91merror[0m[90m TS2693: 
[0m'string' only refers to a type, but is being used as a value here.

[7m4495[0m   private async isOpportunityFiltered(retryKey: string): Promise<boolean> {
[7m    [0m [91m                                                ~~~~~~[0m
[96msrc/application/services/PerpKeeperScheduler.ts[0m:[93m4495[0m:[93m56[0m - [91merror[0m[90m TS1005: 
[0m';' expected.

[7m4495[0m   private async isOpportunityFiltered(retryKey: string): Promise<boolean> {
[7m    [0m [91m                                                       ~[0m
[96msrc/application/services/PerpKeeperScheduler.ts[0m:[93m4495[0m:[93m58[0m - [91merror[0m[90m TS2365: 
[0mOperator '>' cannot be applied to types 'boolean' and '{ return: any; }'.

[7m4495[0m   private async isOpportunityFiltered(retryKey: string): Promise<boolean> {
[7m    [0m [91m                                                         ~~~~~~~~~~~~~~~~~~[0m
[7m4496[0m     return this.retryStateMutex.runExclusive(async () => {
[7m    [0m [91m~~~~~~~~~~~~~~~~~~~~~~~~~~~~~~~~~~~~~~~~~~~~~~~~~~~~~~~~~~[0m
[7m ...[0m 
[7m4498[0m     }, 'isOpportunityFiltered');
[7m    [0m [91m~~~~~~~~~~~~~~~~~~~~~~~~~~~~~~~~[0m
[7m4499[0m   }
[7m    [0m [91m~~~[0m
[96msrc/application/services/PerpKeeperScheduler.ts[0m:[93m4495[0m:[93m66[0m - [91merror[0m[90m TS2693: 
[0m'boolean' only refers to a type, but is being used as a value here.

[7m4495[0m   private async isOpportunityFiltered(retryKey: string): Promise<boolean> {
[7m    [0m [91m                                                                 ~~~~~~~[0m
[96msrc/application/services/PerpKeeperScheduler.ts[0m:[93m4496[0m:[93m12[0m - [91merror[0m[90m TS1005: 
[0m':' expected.

[7m4496[0m     return this.retryStateMutex.runExclusive(async () => {
[7m    [0m [91m           ~~~~[0m
[96msrc/application/services/PerpKeeperScheduler.ts[0m:[93m4496[0m:[93m12[0m - [91merror[0m[90m TS2532: 
[0mObject is possibly 'undefined'.

[7m4496[0m     return this.retryStateMutex.runExclusive(async () => {
[7m    [0m [91m           ~~~~[0m
[96msrc/application/services/PerpKeeperScheduler.ts[0m:[93m4497[0m:[93m14[0m - [91merror[0m[90m TS2532: 
[0mObject is possibly 'undefined'.

[7m4497[0m       return this.filteredOpportunities.has(retryKey);
[7m    [0m [91m             ~~~~[0m
[96msrc/application/services/PerpKeeperScheduler.ts[0m:[93m4498[0m:[93m32[0m - [91merror[0m[90m TS1005: 
[0m',' expected.

[7m4498[0m     }, 'isOpportunityFiltered');
[7m    [0m [91m                               ~[0m
[96msrc/application/services/PerpKeeperScheduler.ts[0m:[93m4504[0m:[93m3[0m - [91merror[0m[90m TS1128: 
[0mDeclaration or statement expected.

[7m4504[0m   private async getRetryInfo(
[7m    [0m [91m  ~~~~~~~[0m
[96msrc/application/services/PerpKeeperScheduler.ts[0m:[93m4504[0m:[93m11[0m - [91merror[0m[90m TS1434: 
[0mUnexpected keyword or identifier.

[7m4504[0m   private async getRetryInfo(
[7m    [0m [91m          ~~~~~[0m
[96msrc/application/services/PerpKeeperScheduler.ts[0m:[93m4504[0m:[93m11[0m - [91merror[0m[90m TS2304: 
[0mCannot find name 'async'.

[7m4504[0m   private async getRetryInfo(
[7m    [0m [91m          ~~~~~[0m
[96msrc/application/services/PerpKeeperScheduler.ts[0m:[93m4504[0m:[93m17[0m - [91merror[0m[90m TS2304: 
[0mCannot find name 'getRetryInfo'.

[7m4504[0m   private async getRetryInfo(
[7m    [0m [91m                ~~~~~~~~~~~~[0m
[96msrc/application/services/PerpKeeperScheduler.ts[0m:[93m4505[0m:[93m5[0m - [91merror[0m[90m TS2448: 
[0mBlock-scoped variable 'retryKey' used before its declaration.

[7m4505[0m     retryKey: string,
[7m    [0m [91m    ~~~~~~~~[0m

  [96msrc/application/services/PerpKeeperScheduler.ts[0m:[93m4670[0m:[93m13[0m
    [7m4670[0m       const retryKey = this.getRetryKey(
    [7m    [0m [96m            ~~~~~~~~[0m
    'retryKey' is declared here.
[96msrc/application/services/PerpKeeperScheduler.ts[0m:[93m4505[0m:[93m13[0m - [91merror[0m[90m TS1005: 
[0m',' expected.

[7m4505[0m     retryKey: string,
[7m    [0m [91m            ~[0m
[96msrc/application/services/PerpKeeperScheduler.ts[0m:[93m4505[0m:[93m15[0m - [91merror[0m[90m TS2693: 
[0m'string' only refers to a type, but is being used as a value here.

[7m4505[0m     retryKey: string,
[7m    [0m [91m              ~~~~~~[0m
[96msrc/application/services/PerpKeeperScheduler.ts[0m:[93m4506[0m:[93m5[0m - [91merror[0m[90m TS2304: 
[0mCannot find name 'longExchange'.

[7m4506[0m     longExchange: ExchangeType,
[7m    [0m [91m    ~~~~~~~~~~~~[0m
[96msrc/application/services/PerpKeeperScheduler.ts[0m:[93m4506[0m:[93m17[0m - [91merror[0m[90m TS1005: 
[0m',' expected.

[7m4506[0m     longExchange: ExchangeType,
[7m    [0m [91m                ~[0m
[96msrc/application/services/PerpKeeperScheduler.ts[0m:[93m4507[0m:[93m5[0m - [91merror[0m[90m TS2304: 
[0mCannot find name 'shortExchange'.

[7m4507[0m     shortExchange: ExchangeType,
[7m    [0m [91m    ~~~~~~~~~~~~~[0m
[96msrc/application/services/PerpKeeperScheduler.ts[0m:[93m4507[0m:[93m18[0m - [91merror[0m[90m TS1005: 
[0m',' expected.

[7m4507[0m     shortExchange: ExchangeType,
[7m    [0m [91m                 ~[0m
[96msrc/application/services/PerpKeeperScheduler.ts[0m:[93m4508[0m:[93m4[0m - [91merror[0m[90m TS1005: 
[0m';' expected.

[7m4508[0m   ): Promise<{
[7m    [0m [91m   ~[0m
[96msrc/application/services/PerpKeeperScheduler.ts[0m:[93m4508[0m:[93m6[0m - [91merror[0m[90m TS2365: 
[0mOperator '<' cannot be applied to types 'PromiseConstructor' and '{ retryCount: any; longExchange: typeof 
ExchangeType; shortExchange: typeof ExchangeType; lastRetryTime: DateConstructor; }'.

[7m4508[0m   ): Promise<{
[7m    [0m [91m     ~~~~~~~~~[0m
[7m4509[0m     retryCount: number;
[7m    [0m [91m~~~~~~~~~~~~~~~~~~~~~~~[0m
[7m ...[0m 
[7m4512[0m     lastRetryTime: Date;
[7m    [0m [91m~~~~~~~~~~~~~~~~~~~~~~~~[0m
[7m4513[0m   }> {
[7m    [0m [91m~~~[0m
[96msrc/application/services/PerpKeeperScheduler.ts[0m:[93m4508[0m:[93m6[0m - [91merror[0m[90m TS2365: 
[0mOperator '>' cannot be applied to types 'boolean' and '{ return: any; }'.

[7m4508[0m   ): Promise<{
[7m    [0m [91m     ~~~~~~~~~[0m
[7m4509[0m     retryCount: number;
[7m    [0m [91m~~~~~~~~~~~~~~~~~~~~~~~[0m
[7m ...[0m 
[7m4526[0m     }, 'getRetryInfo');
[7m    [0m [91m~~~~~~~~~~~~~~~~~~~~~~~[0m
[7m4527[0m   }
[7m    [0m [91m~~~[0m
[96msrc/application/services/PerpKeeperScheduler.ts[0m:[93m4509[0m:[93m17[0m - [91merror[0m[90m TS2693: 
[0m'number' only refers to a type, but is being used as a value here.

[7m4509[0m     retryCount: number;
[7m    [0m [91m                ~~~~~~[0m
[96msrc/application/services/PerpKeeperScheduler.ts[0m:[93m4509[0m:[93m23[0m - [91merror[0m[90m TS1005: 
[0m',' expected.

[7m4509[0m     retryCount: number;
[7m    [0m [91m                      ~[0m
[96msrc/application/services/PerpKeeperScheduler.ts[0m:[93m4510[0m:[93m31[0m - [91merror[0m[90m TS1005: 
[0m',' expected.

[7m4510[0m     longExchange: ExchangeType;
[7m    [0m [91m                              ~[0m
[96msrc/application/services/PerpKeeperScheduler.ts[0m:[93m4511[0m:[93m32[0m - [91merror[0m[90m TS1005: 
[0m',' expected.

[7m4511[0m     shortExchange: ExchangeType;
[7m    [0m [91m                               ~[0m
[96msrc/application/services/PerpKeeperScheduler.ts[0m:[93m4512[0m:[93m24[0m - [91merror[0m[90m TS1005: 
[0m',' expected.

[7m4512[0m     lastRetryTime: Date;
[7m    [0m [91m                       ~[0m
[96msrc/application/services/PerpKeeperScheduler.ts[0m:[93m4514[0m:[93m12[0m - [91merror[0m[90m TS1005: 
[0m':' expected.

[7m4514[0m     return this.retryStateMutex.runExclusive(async () => {
[7m    [0m [91m           ~~~~[0m
[96msrc/application/services/PerpKeeperScheduler.ts[0m:[93m4514[0m:[93m12[0m - [91merror[0m[90m TS2532: 
[0mObject is possibly 'undefined'.

[7m4514[0m     return this.retryStateMutex.runExclusive(async () => {
[7m    [0m [91m           ~~~~[0m
[96msrc/application/services/PerpKeeperScheduler.ts[0m:[93m4515[0m:[93m23[0m - [91merror[0m[90m TS2532: 
[0mObject is possibly 'undefined'.

[7m4515[0m       let retryInfo = this.singleLegRetries.get(retryKey);
[7m    [0m [91m                      ~~~~[0m
[96msrc/application/services/PerpKeeperScheduler.ts[0m:[93m4519[0m:[93m11[0m - [91merror[0m[90m TS18004: 
[0mNo value exists in scope for the shorthand property 'longExchange'. Either declare one or provide an initializer.

[7m4519[0m           longExchange,
[7m    [0m [91m          ~~~~~~~~~~~~[0m
[96msrc/application/services/PerpKeeperScheduler.ts[0m:[93m4520[0m:[93m11[0m - [91merror[0m[90m TS18004: 
[0mNo value exists in scope for the shorthand property 'shortExchange'. Either declare one or provide an initializer.

[7m4520[0m           shortExchange,
[7m    [0m [91m          ~~~~~~~~~~~~~[0m
[96msrc/application/services/PerpKeeperScheduler.ts[0m:[93m4523[0m:[93m9[0m - [91merror[0m[90m TS2532: 
[0mObject is possibly 'undefined'.

[7m4523[0m         this.singleLegRetries.set(retryKey, retryInfo);
[7m    [0m [91m        ~~~~[0m
[96msrc/application/services/PerpKeeperScheduler.ts[0m:[93m4526[0m:[93m23[0m - [91merror[0m[90m TS1005: 
[0m',' expected.

[7m4526[0m     }, 'getRetryInfo');
[7m    [0m [91m                      ~[0m
[96msrc/application/services/PerpKeeperScheduler.ts[0m:[93m4533[0m:[93m3[0m - [91merror[0m[90m TS1128: 
[0mDeclaration or statement expected.

[7m4533[0m   private async incrementRetryAndCheckFilter(
[7m    [0m [91m  ~~~~~~~[0m
[96msrc/application/services/PerpKeeperScheduler.ts[0m:[93m4533[0m:[93m11[0m - [91merror[0m[90m TS1434: 
[0mUnexpected keyword or identifier.

[7m4533[0m   private async incrementRetryAndCheckFilter(
[7m    [0m [91m          ~~~~~[0m
[96msrc/application/services/PerpKeeperScheduler.ts[0m:[93m4533[0m:[93m11[0m - [91merror[0m[90m TS2304: 
[0mCannot find name 'async'.

[7m4533[0m   private async incrementRetryAndCheckFilter(
[7m    [0m [91m          ~~~~~[0m
[96msrc/application/services/PerpKeeperScheduler.ts[0m:[93m4533[0m:[93m17[0m - [91merror[0m[90m TS2304: 
[0mCannot find name 'incrementRetryAndCheckFilter'.

[7m4533[0m   private async incrementRetryAndCheckFilter(
[7m    [0m [91m                ~~~~~~~~~~~~~~~~~~~~~~~~~~~~[0m
[96msrc/application/services/PerpKeeperScheduler.ts[0m:[93m4534[0m:[93m5[0m - [91merror[0m[90m TS2448: 
[0mBlock-scoped variable 'retryKey' used before its declaration.

[7m4534[0m     retryKey: string,
[7m    [0m [91m    ~~~~~~~~[0m

  [96msrc/application/services/PerpKeeperScheduler.ts[0m:[93m4670[0m:[93m13[0m
    [7m4670[0m       const retryKey = this.getRetryKey(
    [7m    [0m [96m            ~~~~~~~~[0m
    'retryKey' is declared here.
[96msrc/application/services/PerpKeeperScheduler.ts[0m:[93m4534[0m:[93m13[0m - [91merror[0m[90m TS1005: 
[0m',' expected.

[7m4534[0m     retryKey: string,
[7m    [0m [91m            ~[0m
[96msrc/application/services/PerpKeeperScheduler.ts[0m:[93m4534[0m:[93m15[0m - [91merror[0m[90m TS2693: 
[0m'string' only refers to a type, but is being used as a value here.

[7m4534[0m     retryKey: string,
[7m    [0m [91m              ~~~~~~[0m
[96msrc/application/services/PerpKeeperScheduler.ts[0m:[93m4535[0m:[93m4[0m - [91merror[0m[90m TS1005: 
[0m';' expected.

[7m4535[0m   ): Promise<boolean> {
[7m    [0m [91m   ~[0m
[96msrc/application/services/PerpKeeperScheduler.ts[0m:[93m4535[0m:[93m6[0m - [91merror[0m[90m TS2365: 
[0mOperator '>' cannot be applied to types 'boolean' and '{ return: any; }'.

[7m4535[0m   ): Promise<boolean> {
[7m    [0m [91m     ~~~~~~~~~~~~~~~~~~[0m
[7m4536[0m     return this.retryStateMutex.runExclusive(async () => {
[7m    [0m [91m~~~~~~~~~~~~~~~~~~~~~~~~~~~~~~~~~~~~~~~~~~~~~~~~~~~~~~~~~~[0m
[7m ...[0m 
[7m4548[0m     }, 'incrementRetryAndCheckFilter');
[7m    [0m [91m~~~~~~~~~~~~~~~~~~~~~~~~~~~~~~~~~~~~~~~[0m
[7m4549[0m   }
[7m    [0m [91m~~~[0m
[96msrc/application/services/PerpKeeperScheduler.ts[0m:[93m4535[0m:[93m14[0m - [91merror[0m[90m TS2693: 
[0m'boolean' only refers to a type, but is being used as a value here.

[7m4535[0m   ): Promise<boolean> {
[7m    [0m [91m             ~~~~~~~[0m
[96msrc/application/services/PerpKeeperScheduler.ts[0m:[93m4536[0m:[93m12[0m - [91merror[0m[90m TS1005: 
[0m':' expected.

[7m4536[0m     return this.retryStateMutex.runExclusive(async () => {
[7m    [0m [91m           ~~~~[0m
[96msrc/application/services/PerpKeeperScheduler.ts[0m:[93m4536[0m:[93m12[0m - [91merror[0m[90m TS2532: 
[0mObject is possibly 'undefined'.

[7m4536[0m     return this.retryStateMutex.runExclusive(async () => {
[7m    [0m [91m           ~~~~[0m
[96msrc/application/services/PerpKeeperScheduler.ts[0m:[93m4537[0m:[93m25[0m - [91merror[0m[90m TS2532: 
[0mObject is possibly 'undefined'.

[7m4537[0m       const retryInfo = this.singleLegRetries.get(retryKey);
[7m    [0m [91m                        ~~~~[0m
[96msrc/application/services/PerpKeeperScheduler.ts[0m:[93m4544[0m:[93m9[0m - [91merror[0m[90m TS2532: 
[0mObject is possibly 'undefined'.

[7m4544[0m         this.filteredOpportunities.add(retryKey);
[7m    [0m [91m        ~~~~[0m
[96msrc/application/services/PerpKeeperScheduler.ts[0m:[93m4548[0m:[93m39[0m - [91merror[0m[90m TS1005: 
[0m',' expected.

[7m4548[0m     }, 'incrementRetryAndCheckFilter');
[7m    [0m [91m                                      ~[0m
[96msrc/application/services/PerpKeeperScheduler.ts[0m:[93m4554[0m:[93m3[0m - [91merror[0m[90m TS1128: 
[0mDeclaration or statement expected.

[7m4554[0m   private async clearRetryOnSuccess(retryKey: string): Promise<void> {
[7m    [0m [91m  ~~~~~~~[0m
[96msrc/application/services/PerpKeeperScheduler.ts[0m:[93m4554[0m:[93m11[0m - [91merror[0m[90m TS1434: 
[0mUnexpected keyword or identifier.

[7m4554[0m   private async clearRetryOnSuccess(retryKey: string): Promise<void> {
[7m    [0m [91m          ~~~~~[0m
[96msrc/application/services/PerpKeeperScheduler.ts[0m:[93m4554[0m:[93m11[0m - [91merror[0m[90m TS2304: 
[0mCannot find name 'async'.

[7m4554[0m   private async clearRetryOnSuccess(retryKey: string): Promise<void> {
[7m    [0m [91m          ~~~~~[0m
[96msrc/application/services/PerpKeeperScheduler.ts[0m:[93m4554[0m:[93m17[0m - [91merror[0m[90m TS2304: 
[0mCannot find name 'clearRetryOnSuccess'.

[7m4554[0m   private async clearRetryOnSuccess(retryKey: string): Promise<void> {
[7m    [0m [91m                ~~~~~~~~~~~~~~~~~~~[0m
[96msrc/application/services/PerpKeeperScheduler.ts[0m:[93m4554[0m:[93m37[0m - [91merror[0m[90m TS2448: 
[0mBlock-scoped variable 'retryKey' used before its declaration.

[7m4554[0m   private async clearRetryOnSuccess(retryKey: string): Promise<void> {
[7m    [0m [91m                                    ~~~~~~~~[0m

  [96msrc/application/services/PerpKeeperScheduler.ts[0m:[93m4670[0m:[93m13[0m
    [7m4670[0m       const retryKey = this.getRetryKey(
    [7m    [0m [96m            ~~~~~~~~[0m
    'retryKey' is declared here.
[96msrc/application/services/PerpKeeperScheduler.ts[0m:[93m4554[0m:[93m45[0m - [91merror[0m[90m TS1005: 
[0m',' expected.

[7m4554[0m   private async clearRetryOnSuccess(retryKey: string): Promise<void> {
[7m    [0m [91m                                            ~[0m
[96msrc/application/services/PerpKeeperScheduler.ts[0m:[93m4554[0m:[93m47[0m - [91merror[0m[90m TS2693: 
[0m'string' only refers to a type, but is being used as a value here.

[7m4554[0m   private async clearRetryOnSuccess(retryKey: string): Promise<void> {
[7m    [0m [91m                                              ~~~~~~[0m
[96msrc/application/services/PerpKeeperScheduler.ts[0m:[93m4554[0m:[93m54[0m - [91merror[0m[90m TS1005: 
[0m';' expected.

[7m4554[0m   private async clearRetryOnSuccess(retryKey: string): Promise<void> {
[7m    [0m [91m                                                     ~[0m
[96msrc/application/services/PerpKeeperScheduler.ts[0m:[93m4554[0m:[93m56[0m - [91merror[0m[90m TS2365: 
[0mOperator '>' cannot be applied to types 'boolean' and '{ return: any; }'.

[7m4554[0m   private async clearRetryOnSuccess(retryKey: string): Promise<void> {
[7m    [0m [91m                                                       ~~~~~~~~~~~~~~~[0m
[7m4555[0m     return this.retryStateMutex.runExclusive(async () => {
[7m    [0m [91m~~~~~~~~~~~~~~~~~~~~~~~~~~~~~~~~~~~~~~~~~~~~~~~~~~~~~~~~~~[0m
[7m ...[0m 
[7m4557[0m     }, 'clearRetryOnSuccess');
[7m    [0m [91m~~~~~~~~~~~~~~~~~~~~~~~~~~~~~~[0m
[7m4558[0m   }
[7m    [0m [91m~~~[0m
[96msrc/application/services/PerpKeeperScheduler.ts[0m:[93m4554[0m:[93m64[0m - [91merror[0m[90m TS2532: 
[0mObject is possibly 'undefined'.

[7m4554[0m   private async clearRetryOnSuccess(retryKey: string): Promise<void> {
[7m    [0m [91m                                                               ~~~~[0m
[96msrc/application/services/PerpKeeperScheduler.ts[0m:[93m4554[0m:[93m68[0m - [91merror[0m[90m TS1109: 
[0mExpression expected.

[7m4554[0m   private async clearRetryOnSuccess(retryKey: string): Promise<void> {
[7m    [0m [91m                                                                   ~[0m
[96msrc/application/services/PerpKeeperScheduler.ts[0m:[93m4555[0m:[93m12[0m - [91merror[0m[90m TS1005: 
[0m':' expected.

[7m4555[0m     return this.retryStateMutex.runExclusive(async () => {
[7m    [0m [91m           ~~~~[0m
[96msrc/application/services/PerpKeeperScheduler.ts[0m:[93m4555[0m:[93m12[0m - [91merror[0m[90m TS2532: 
[0mObject is possibly 'undefined'.

[7m4555[0m     return this.retryStateMutex.runExclusive(async () => {
[7m    [0m [91m           ~~~~[0m
[96msrc/application/services/PerpKeeperScheduler.ts[0m:[93m4556[0m:[93m7[0m - [91merror[0m[90m TS2532: 
[0mObject is possibly 'undefined'.

[7m4556[0m       this.singleLegRetries.delete(retryKey);
[7m    [0m [91m      ~~~~[0m
[96msrc/application/services/PerpKeeperScheduler.ts[0m:[93m4557[0m:[93m30[0m - [91merror[0m[90m TS1005: 
[0m',' expected.

[7m4557[0m     }, 'clearRetryOnSuccess');
[7m    [0m [91m                             ~[0m
[96msrc/application/services/PerpKeeperScheduler.ts[0m:[93m4563[0m:[93m3[0m - [91merror[0m[90m TS1128: 
[0mDeclaration or statement expected.

[7m4563[0m   private async addToFiltered(retryKey: string): Promise<void> {
[7m    [0m [91m  ~~~~~~~[0m
[96msrc/application/services/PerpKeeperScheduler.ts[0m:[93m4563[0m:[93m11[0m - [91merror[0m[90m TS1434: 
[0mUnexpected keyword or identifier.

[7m4563[0m   private async addToFiltered(retryKey: string): Promise<void> {
[7m    [0m [91m          ~~~~~[0m
[96msrc/application/services/PerpKeeperScheduler.ts[0m:[93m4563[0m:[93m11[0m - [91merror[0m[90m TS2304: 
[0mCannot find name 'async'.

[7m4563[0m   private async addToFiltered(retryKey: string): Promise<void> {
[7m    [0m [91m          ~~~~~[0m
[96msrc/application/services/PerpKeeperScheduler.ts[0m:[93m4563[0m:[93m17[0m - [91merror[0m[90m TS2304: 
[0mCannot find name 'addToFiltered'.

[7m4563[0m   private async addToFiltered(retryKey: string): Promise<void> {
[7m    [0m [91m                ~~~~~~~~~~~~~[0m
[96msrc/application/services/PerpKeeperScheduler.ts[0m:[93m4563[0m:[93m31[0m - [91merror[0m[90m TS2448: 
[0mBlock-scoped variable 'retryKey' used before its declaration.

[7m4563[0m   private async addToFiltered(retryKey: string): Promise<void> {
[7m    [0m [91m                              ~~~~~~~~[0m

  [96msrc/application/services/PerpKeeperScheduler.ts[0m:[93m4670[0m:[93m13[0m
    [7m4670[0m       const retryKey = this.getRetryKey(
    [7m    [0m [96m            ~~~~~~~~[0m
    'retryKey' is declared here.
[96msrc/application/services/PerpKeeperScheduler.ts[0m:[93m4563[0m:[93m39[0m - [91merror[0m[90m TS1005: 
[0m',' expected.

[7m4563[0m   private async addToFiltered(retryKey: string): Promise<void> {
[7m    [0m [91m                                      ~[0m
[96msrc/application/services/PerpKeeperScheduler.ts[0m:[93m4563[0m:[93m41[0m - [91merror[0m[90m TS2693: 
[0m'string' only refers to a type, but is being used as a value here.

[7m4563[0m   private async addToFiltered(retryKey: string): Promise<void> {
[7m    [0m [91m                                        ~~~~~~[0m
[96msrc/application/services/PerpKeeperScheduler.ts[0m:[93m4563[0m:[93m48[0m - [91merror[0m[90m TS1005: 
[0m';' expected.

[7m4563[0m   private async addToFiltered(retryKey: string): Promise<void> {
[7m    [0m [91m                                               ~[0m
[96msrc/application/services/PerpKeeperScheduler.ts[0m:[93m4563[0m:[93m50[0m - [91merror[0m[90m TS2365: 
[0mOperator '>' cannot be applied to types 'boolean' and '{ return: any; }'.

[7m4563[0m   private async addToFiltered(retryKey: string): Promise<void> {
[7m    [0m [91m                                                 ~~~~~~~~~~~~~~~[0m
[7m4564[0m     return this.retryStateMutex.runExclusive(async () => {
[7m    [0m [91m~~~~~~~~~~~~~~~~~~~~~~~~~~~~~~~~~~~~~~~~~~~~~~~~~~~~~~~~~~[0m
[7m ...[0m 
[7m4566[0m     }, 'addToFiltered');
[7m    [0m [91m~~~~~~~~~~~~~~~~~~~~~~~~[0m
[7m4567[0m   }
[7m    [0m [91m~~~[0m
[96msrc/application/services/PerpKeeperScheduler.ts[0m:[93m4563[0m:[93m58[0m - [91merror[0m[90m TS2532: 
[0mObject is possibly 'undefined'.

[7m4563[0m   private async addToFiltered(retryKey: string): Promise<void> {
[7m    [0m [91m                                                         ~~~~[0m
[96msrc/application/services/PerpKeeperScheduler.ts[0m:[93m4563[0m:[93m62[0m - [91merror[0m[90m TS1109: 
[0mExpression expected.

[7m4563[0m   private async addToFiltered(retryKey: string): Promise<void> {
[7m    [0m [91m                                                             ~[0m
[96msrc/application/services/PerpKeeperScheduler.ts[0m:[93m4564[0m:[93m12[0m - [91merror[0m[90m TS1005: 
[0m':' expected.

[7m4564[0m     return this.retryStateMutex.runExclusive(async () => {
[7m    [0m [91m           ~~~~[0m
[96msrc/application/services/PerpKeeperScheduler.ts[0m:[93m4564[0m:[93m12[0m - [91merror[0m[90m TS2532: 
[0mObject is possibly 'undefined'.

[7m4564[0m     return this.retryStateMutex.runExclusive(async () => {
[7m    [0m [91m           ~~~~[0m
[96msrc/application/services/PerpKeeperScheduler.ts[0m:[93m4565[0m:[93m7[0m - [91merror[0m[90m TS2532: 
[0mObject is possibly 'undefined'.

[7m4565[0m       this.filteredOpportunities.add(retryKey);
[7m    [0m [91m      ~~~~[0m
[96msrc/application/services/PerpKeeperScheduler.ts[0m:[93m4566[0m:[93m24[0m - [91merror[0m[90m TS1005: 
[0m',' expected.

[7m4566[0m     }, 'addToFiltered');
[7m    [0m [91m                       ~[0m
[96msrc/application/services/PerpKeeperScheduler.ts[0m:[93m4581[0m:[93m3[0m - [91merror[0m[90m TS1128: 
[0mDeclaration or statement expected.

[7m4581[0m   private async tryOpenMissingSide(position: PerpPosition): Promise<boolean> {
[7m    [0m [91m  ~~~~~~~[0m
[96msrc/application/services/PerpKeeperScheduler.ts[0m:[93m4581[0m:[93m11[0m - [91merror[0m[90m TS1434: 
[0mUnexpected keyword or identifier.

[7m4581[0m   private async tryOpenMissingSide(position: PerpPosition): Promise<boolean> {
[7m    [0m [91m          ~~~~~[0m
[96msrc/application/services/PerpKeeperScheduler.ts[0m:[93m4581[0m:[93m11[0m - [91merror[0m[90m TS2304: 
[0mCannot find name 'async'.

[7m4581[0m   private async tryOpenMissingSide(position: PerpPosition): Promise<boolean> {
[7m    [0m [91m          ~~~~~[0m
[96msrc/application/services/PerpKeeperScheduler.ts[0m:[93m4581[0m:[93m17[0m - [91merror[0m[90m TS2304: 
[0mCannot find name 'tryOpenMissingSide'.

[7m4581[0m   private async tryOpenMissingSide(position: PerpPosition): Promise<boolean> {
[7m    [0m [91m                ~~~~~~~~~~~~~~~~~~[0m
[96msrc/application/services/PerpKeeperScheduler.ts[0m:[93m4581[0m:[93m36[0m - [91merror[0m[90m TS2304: 
[0mCannot find name 'position'.

[7m4581[0m   private async tryOpenMissingSide(position: PerpPosition): Promise<boolean> {
[7m    [0m [91m                                   ~~~~~~~~[0m
[96msrc/application/services/PerpKeeperScheduler.ts[0m:[93m4581[0m:[93m44[0m - [91merror[0m[90m TS1005: 
[0m',' expected.

[7m4581[0m   private async tryOpenMissingSide(position: PerpPosition): Promise<boolean> {
[7m    [0m [91m                                           ~[0m
[96msrc/application/services/PerpKeeperScheduler.ts[0m:[93m4581[0m:[93m59[0m - [91merror[0m[90m TS1005: 
[0m';' expected.

[7m4581[0m   private async tryOpenMissingSide(position: PerpPosition): Promise<boolean> {
[7m    [0m [91m                                                          ~[0m
[96msrc/application/services/PerpKeeperScheduler.ts[0m:[93m4581[0m:[93m61[0m - [91merror[0m[90m TS2365: 
[0mOperator '>' cannot be applied to types 'boolean' and '{ try: { let: any; expectedLongExchange: number; 
expectedShortExchange: number; for(: any, [, retryInfo]: [any, any], of: any, this: any): any; "": any; }; }'.

[7m4581[0m   private async tryOpenMissingSide(position: PerpPosition): Promise<boolean> {
[7m    [0m [91m                                                            ~~~~~~~~~~~~~~~~~~[0m
[7m4582[0m     try {
[7m    [0m [91m~~~~~~~~~[0m
[7m ...[0m 
[7m4588[0m       // Look for existing retry info that tells us the original exchange assignments
[7m    [0m [91m~~~~~~~~~~~~~~~~~~~~~~~~~~~~~~~~~~~~~~~~~~~~~~~~~~~~~~~~~~~~~~~~~~~~~~~~~~~~~~~~~~~~~[0m
[7m4589[0m       for (const [, retryInfo] of this.singleLegRetries.entries()) {
[7m    [0m [91m~~~~~~~~~~~~~~~~~~~~~~~~~~~~~~~~~~~~~~~~~~~~~~~~~~~~~~~~~~~~~~~~~~[0m
[96msrc/application/services/PerpKeeperScheduler.ts[0m:[93m4581[0m:[93m69[0m - [91merror[0m[90m TS2693: 
[0m'boolean' only refers to a type, but is being used as a value here.

[7m4581[0m   private async tryOpenMissingSide(position: PerpPosition): Promise<boolean> {
[7m    [0m [91m                                                                    ~~~~~~~[0m
[96msrc/application/services/PerpKeeperScheduler.ts[0m:[93m4582[0m:[93m9[0m - [91merror[0m[90m TS1005: 
[0m':' expected.

[7m4582[0m     try {
[7m    [0m [91m        ~[0m
[96msrc/application/services/PerpKeeperScheduler.ts[0m:[93m4585[0m:[93m7[0m - [91merror[0m[90m TS18004: 
[0mNo value exists in scope for the shorthand property 'let'. Either declare one or provide an initializer.

[7m4585[0m       let expectedLongExchange: ExchangeType | undefined;
[7m    [0m [91m      ~~~[0m
[96msrc/application/services/PerpKeeperScheduler.ts[0m:[93m4585[0m:[93m11[0m - [91merror[0m[90m TS1005: 
[0m',' expected.

[7m4585[0m       let expectedLongExchange: ExchangeType | undefined;
[7m    [0m [91m          ~~~~~~~~~~~~~~~~~~~~[0m
[96msrc/application/services/PerpKeeperScheduler.ts[0m:[93m4585[0m:[93m33[0m - [91merror[0m[90m TS2362: 
[0mThe left-hand side of an arithmetic operation must be of type 'any', 'number', 'bigint' or an enum type.

[7m4585[0m       let expectedLongExchange: ExchangeType | undefined;
[7m    [0m [91m                                ~~~~~~~~~~~~[0m
[96msrc/application/services/PerpKeeperScheduler.ts[0m:[93m4585[0m:[93m48[0m - [91merror[0m[90m TS18050: 
[0mThe value 'undefined' cannot be used here.

[7m4585[0m       let expectedLongExchange: ExchangeType | undefined;
[7m    [0m [91m                                               ~~~~~~~~~[0m
[96msrc/application/services/PerpKeeperScheduler.ts[0m:[93m4585[0m:[93m57[0m - [91merror[0m[90m TS1005: 
[0m',' expected.

[7m4585[0m       let expectedLongExchange: ExchangeType | undefined;
[7m    [0m [91m                                                        ~[0m
[96msrc/application/services/PerpKeeperScheduler.ts[0m:[93m4586[0m:[93m7[0m - [91merror[0m[90m TS18004: 
[0mNo value exists in scope for the shorthand property 'let'. Either declare one or provide an initializer.

[7m4586[0m       let expectedShortExchange: ExchangeType | undefined;
[7m    [0m [91m      ~~~[0m
[96msrc/application/services/PerpKeeperScheduler.ts[0m:[93m4586[0m:[93m11[0m - [91merror[0m[90m TS1005: 
[0m',' expected.

[7m4586[0m       let expectedShortExchange: ExchangeType | undefined;
[7m    [0m [91m          ~~~~~~~~~~~~~~~~~~~~~[0m
[96msrc/application/services/PerpKeeperScheduler.ts[0m:[93m4586[0m:[93m34[0m - [91merror[0m[90m TS2362: 
[0mThe left-hand side of an arithmetic operation must be of type 'any', 'number', 'bigint' or an enum type.

[7m4586[0m       let expectedShortExchange: ExchangeType | undefined;
[7m    [0m [91m                                 ~~~~~~~~~~~~[0m
[96msrc/application/services/PerpKeeperScheduler.ts[0m:[93m4586[0m:[93m49[0m - [91merror[0m[90m TS18050: 
[0mThe value 'undefined' cannot be used here.

[7m4586[0m       let expectedShortExchange: ExchangeType | undefined;
[7m    [0m [91m                                                ~~~~~~~~~[0m
[96msrc/application/services/PerpKeeperScheduler.ts[0m:[93m4586[0m:[93m58[0m - [91merror[0m[90m TS1005: 
[0m',' expected.

[7m4586[0m       let expectedShortExchange: ExchangeType | undefined;
[7m    [0m [91m                                                         ~[0m
[96msrc/application/services/PerpKeeperScheduler.ts[0m:[93m4589[0m:[93m12[0m - [91merror[0m[90m TS1359: 
[0mIdentifier expected. 'const' is a reserved word that cannot be used here.

[7m4589[0m       for (const [, retryInfo] of this.singleLegRetries.entries()) {
[7m    [0m [91m           ~~~~~[0m
[96msrc/application/services/PerpKeeperScheduler.ts[0m:[93m4589[0m:[93m18[0m - [91merror[0m[90m TS1005: 
[0m',' expected.

[7m4589[0m       for (const [, retryInfo] of this.singleLegRetries.entries()) {
[7m    [0m [91m                 ~[0m
[96msrc/application/services/PerpKeeperScheduler.ts[0m:[93m4589[0m:[93m32[0m - [91merror[0m[90m TS1005: 
[0m',' expected.

[7m4589[0m       for (const [, retryInfo] of this.singleLegRetries.entries()) {
[7m    [0m [91m                               ~~[0m
[96msrc/application/services/PerpKeeperScheduler.ts[0m:[93m4589[0m:[93m35[0m - [91merror[0m[90m TS1005: 
[0m',' expected.

[7m4589[0m       for (const [, retryInfo] of this.singleLegRetries.entries()) {
[7m    [0m [91m                                  ~~~~[0m
[96msrc/application/services/PerpKeeperScheduler.ts[0m:[93m4589[0m:[93m35[0m - [91merror[0m[90m TS2680: [0mA 
'this' parameter must be the first parameter.

[7m4589[0m       for (const [, retryInfo] of this.singleLegRetries.entries()) {
[7m    [0m [91m                                  ~~~~[0m
[96msrc/application/services/PerpKeeperScheduler.ts[0m:[93m4589[0m:[93m39[0m - [91merror[0m[90m TS1005: 
[0m',' expected.

[7m4589[0m       for (const [, retryInfo] of this.singleLegRetries.entries()) {
[7m    [0m [91m                                      ~[0m
[96msrc/application/services/PerpKeeperScheduler.ts[0m:[93m4589[0m:[93m66[0m - [91merror[0m[90m TS1005: 
[0m',' expected.

[7m4589[0m       for (const [, retryInfo] of this.singleLegRetries.entries()) {
[7m    [0m [91m                                                                 ~[0m
[96msrc/application/services/PerpKeeperScheduler.ts[0m:[93m4589[0m:[93m68[0m - [91merror[0m[90m TS1136: 
[0mProperty assignment expected.

[7m4589[0m       for (const [, retryInfo] of this.singleLegRetries.entries()) {
[7m    [0m [91m                                                                   ~[0m
[96msrc/application/services/PerpKeeperScheduler.ts[0m:[93m4591[0m:[93m11[0m - [91merror[0m[90m TS2448: 
[0mBlock-scoped variable 'retryInfo' used before its declaration.

[7m4591[0m           retryInfo.longExchange === position.exchangeType ||
[7m    [0m [91m          ~~~~~~~~~[0m

  [96msrc/application/services/PerpKeeperScheduler.ts[0m:[93m4789[0m:[93m13[0m
    [7m4789[0m       const retryInfo = await this.getRetryInfo(
    [7m    [0m [96m            ~~~~~~~~~[0m
    'retryInfo' is declared here.
[96msrc/application/services/PerpKeeperScheduler.ts[0m:[93m4591[0m:[93m38[0m - [91merror[0m[90m TS2304: 
[0mCannot find name 'position'.

[7m4591[0m           retryInfo.longExchange === position.exchangeType ||
[7m    [0m [91m                                     ~~~~~~~~[0m
[96msrc/application/services/PerpKeeperScheduler.ts[0m:[93m4592[0m:[93m11[0m - [91merror[0m[90m TS2448: 
[0mBlock-scoped variable 'retryInfo' used before its declaration.

[7m4592[0m           retryInfo.shortExchange === position.exchangeType
[7m    [0m [91m          ~~~~~~~~~[0m

  [96msrc/application/services/PerpKeeperScheduler.ts[0m:[93m4789[0m:[93m13[0m
    [7m4789[0m       const retryInfo = await this.getRetryInfo(
    [7m    [0m [96m            ~~~~~~~~~[0m
    'retryInfo' is declared here.
[96msrc/application/services/PerpKeeperScheduler.ts[0m:[93m4592[0m:[93m39[0m - [91merror[0m[90m TS2304: 
[0mCannot find name 'position'.

[7m4592[0m           retryInfo.shortExchange === position.exchangeType
[7m    [0m [91m                                      ~~~~~~~~[0m
[96msrc/application/services/PerpKeeperScheduler.ts[0m:[93m4595[0m:[93m11[0m - [91merror[0m[90m TS2304: 
[0mCannot find name 'expectedLongExchange'.

[7m4595[0m           expectedLongExchange = retryInfo.longExchange;
[7m    [0m [91m          ~~~~~~~~~~~~~~~~~~~~[0m
[96msrc/application/services/PerpKeeperScheduler.ts[0m:[93m4595[0m:[93m34[0m - [91merror[0m[90m TS2448: 
[0mBlock-scoped variable 'retryInfo' used before its declaration.

[7m4595[0m           expectedLongExchange = retryInfo.longExchange;
[7m    [0m [91m                                 ~~~~~~~~~[0m

  [96msrc/application/services/PerpKeeperScheduler.ts[0m:[93m4789[0m:[93m13[0m
    [7m4789[0m       const retryInfo = await this.getRetryInfo(
    [7m    [0m [96m            ~~~~~~~~~[0m
    'retryInfo' is declared here.
[96msrc/application/services/PerpKeeperScheduler.ts[0m:[93m4596[0m:[93m11[0m - [91merror[0m[90m TS2304: 
[0mCannot find name 'expectedShortExchange'.

[7m4596[0m           expectedShortExchange = retryInfo.shortExchange;
[7m    [0m [91m          ~~~~~~~~~~~~~~~~~~~~~[0m
[96msrc/application/services/PerpKeeperScheduler.ts[0m:[93m4596[0m:[93m35[0m - [91merror[0m[90m TS2448: 
[0mBlock-scoped variable 'retryInfo' used before its declaration.

[7m4596[0m           expectedShortExchange = retryInfo.shortExchange;
[7m    [0m [91m                                  ~~~~~~~~~[0m

  [96msrc/application/services/PerpKeeperScheduler.ts[0m:[93m4789[0m:[93m13[0m
    [7m4789[0m       const retryInfo = await this.getRetryInfo(
    [7m    [0m [96m            ~~~~~~~~~[0m
    'retryInfo' is declared here.
[96msrc/application/services/PerpKeeperScheduler.ts[0m:[93m4597[0m:[93m11[0m - [91merror[0m[90m TS2532: 
[0mObject is possibly 'undefined'.

[7m4597[0m           this.logger.debug(
[7m    [0m [91m          ~~~~[0m
[96msrc/application/services/PerpKeeperScheduler.ts[0m:[93m4598[0m:[93m47[0m - [91merror[0m[90m TS2304: 
[0mCannot find name 'position'.

[7m4598[0m             `­ƒôï Using stored retry info for ${position.symbol}: ` +
[7m    [0m [91m                                              ~~~~~~~~[0m
[96msrc/application/services/PerpKeeperScheduler.ts[0m:[93m4599[0m:[93m24[0m - [91merror[0m[90m TS2304: 
[0mCannot find name 'expectedLongExchange'.

[7m4599[0m             `LONG on ${expectedLongExchange}, SHORT on ${expectedShortExchange}`
[7m    [0m [91m                       ~~~~~~~~~~~~~~~~~~~~[0m
[96msrc/application/services/PerpKeeperScheduler.ts[0m:[93m4599[0m:[93m58[0m - [91merror[0m[90m TS2304: 
[0mCannot find name 'expectedShortExchange'.

[7m4599[0m             `LONG on ${expectedLongExchange}, SHORT on ${expectedShortExchange}`
[7m    [0m [91m                                                         ~~~~~~~~~~~~~~~~~~~~~[0m
[96msrc/application/services/PerpKeeperScheduler.ts[0m:[93m4607[0m:[93m12[0m - [91merror[0m[90m TS2304: 
[0mCannot find name 'expectedLongExchange'.

[7m4607[0m       if (!expectedLongExchange || !expectedShortExchange) {
[7m    [0m [91m           ~~~~~~~~~~~~~~~~~~~~[0m
[96msrc/application/services/PerpKeeperScheduler.ts[0m:[93m4607[0m:[93m37[0m - [91merror[0m[90m TS2304: 
[0mCannot find name 'expectedShortExchange'.

[7m4607[0m       if (!expectedLongExchange || !expectedShortExchange) {
[7m    [0m [91m                                    ~~~~~~~~~~~~~~~~~~~~~[0m
[96msrc/application/services/PerpKeeperScheduler.ts[0m:[93m4609[0m:[93m34[0m - [91merror[0m[90m TS2532: 
[0mObject is possibly 'undefined'.

[7m4609[0m         const comparison = await this.orchestrator.compareFundingRates(
[7m    [0m [91m                                 ~~~~[0m
[96msrc/application/services/PerpKeeperScheduler.ts[0m:[93m4610[0m:[93m11[0m - [91merror[0m[90m TS2304: 
[0mCannot find name 'position'.

[7m4610[0m           position.symbol,
[7m    [0m [91m          ~~~~~~~~[0m
[96msrc/application/services/PerpKeeperScheduler.ts[0m:[93m4620[0m:[93m69[0m - [91merror[0m[90m TS2304: 
[0mCannot find name 'position'.

[7m4620[0m         const otherExchanges = availableExchanges.filter(e => e !== position.exchangeType);
[7m    [0m [91m                                                                    ~~~~~~~~[0m
[96msrc/application/services/PerpKeeperScheduler.ts[0m:[93m4622[0m:[93m11[0m - [91merror[0m[90m TS2532: 
[0mObject is possibly 'undefined'.

[7m4622[0m           this.logger.warn(
[7m    [0m [91m          ~~~~[0m
[96msrc/application/services/PerpKeeperScheduler.ts[0m:[93m4623[0m:[93m49[0m - [91merror[0m[90m TS2304: 
[0mCannot find name 'position'.

[7m4623[0m             `No other exchanges available for ${position.symbol} to open missing side`
[7m    [0m [91m                                                ~~~~~~~~[0m
[96msrc/application/services/PerpKeeperScheduler.ts[0m:[93m4634[0m:[93m13[0m - [91merror[0m[90m TS2304: 
[0mCannot find name 'position'.

[7m4634[0m         if (position.side === OrderSide.LONG) {
[7m    [0m [91m            ~~~~~~~~[0m
[96msrc/application/services/PerpKeeperScheduler.ts[0m:[93m4636[0m:[93m11[0m - [91merror[0m[90m TS2304: 
[0mCannot find name 'expectedLongExchange'.

[7m4636[0m           expectedLongExchange = position.exchangeType;
[7m    [0m [91m          ~~~~~~~~~~~~~~~~~~~~[0m
[96msrc/application/services/PerpKeeperScheduler.ts[0m:[93m4636[0m:[93m34[0m - [91merror[0m[90m TS2304: 
[0mCannot find name 'position'.

[7m4636[0m           expectedLongExchange = position.exchangeType;
[7m    [0m [91m                                 ~~~~~~~~[0m
[96msrc/application/services/PerpKeeperScheduler.ts[0m:[93m4637[0m:[93m11[0m - [91merror[0m[90m TS2304: 
[0mCannot find name 'expectedShortExchange'.

[7m4637[0m           expectedShortExchange = missingExchangeCandidate;
[7m    [0m [91m          ~~~~~~~~~~~~~~~~~~~~~[0m
[96msrc/application/services/PerpKeeperScheduler.ts[0m:[93m4640[0m:[93m11[0m - [91merror[0m[90m TS2304: 
[0mCannot find name 'expectedShortExchange'.

[7m4640[0m           expectedShortExchange = position.exchangeType;
[7m    [0m [91m          ~~~~~~~~~~~~~~~~~~~~~[0m
[96msrc/application/services/PerpKeeperScheduler.ts[0m:[93m4640[0m:[93m35[0m - [91merror[0m[90m TS2304: 
[0mCannot find name 'position'.

[7m4640[0m           expectedShortExchange = position.exchangeType;
[7m    [0m [91m                                  ~~~~~~~~[0m
[96msrc/application/services/PerpKeeperScheduler.ts[0m:[93m4641[0m:[93m11[0m - [91merror[0m[90m TS2304: 
[0mCannot find name 'expectedLongExchange'.

[7m4641[0m           expectedLongExchange = missingExchangeCandidate;
[7m    [0m [91m          ~~~~~~~~~~~~~~~~~~~~[0m
[96msrc/application/services/PerpKeeperScheduler.ts[0m:[93m4644[0m:[93m9[0m - [91merror[0m[90m TS2532: 
[0mObject is possibly 'undefined'.

[7m4644[0m         this.logger.log(
[7m    [0m [91m        ~~~~[0m
[96msrc/application/services/PerpKeeperScheduler.ts[0m:[93m4645[0m:[93m42[0m - [91merror[0m[90m TS2304: 
[0mCannot find name 'position'.

[7m4645[0m           `­ƒôï Determined exchanges for ${position.symbol}: ` +
[7m    [0m [91m                                         ~~~~~~~~[0m
[96msrc/application/services/PerpKeeperScheduler.ts[0m:[93m4646[0m:[93m22[0m - [91merror[0m[90m TS2304: 
[0mCannot find name 'expectedLongExchange'.

[7m4646[0m           `LONG on ${expectedLongExchange}, SHORT on ${expectedShortExchange} ` +
[7m    [0m [91m                     ~~~~~~~~~~~~~~~~~~~~[0m
[96msrc/application/services/PerpKeeperScheduler.ts[0m:[93m4646[0m:[93m56[0m - [91merror[0m[90m TS2304: 
[0mCannot find name 'expectedShortExchange'.

[7m4646[0m           `LONG on ${expectedLongExchange}, SHORT on ${expectedShortExchange} ` +
[7m    [0m [91m                                                       ~~~~~~~~~~~~~~~~~~~~~[0m
[96msrc/application/services/PerpKeeperScheduler.ts[0m:[93m4647[0m:[93m34[0m - [91merror[0m[90m TS2304: 
[0mCannot find name 'position'.

[7m4647[0m           `(existing position: ${position.side} on ${position.exchangeType})`
[7m    [0m [91m                                 ~~~~~~~~[0m
[96msrc/application/services/PerpKeeperScheduler.ts[0m:[93m4647[0m:[93m54[0m - [91merror[0m[90m TS2304: 
[0mCannot find name 'position'.

[7m4647[0m           `(existing position: ${position.side} on ${position.exchangeType})`
[7m    [0m [91m                                                     ~~~~~~~~[0m
[96msrc/application/services/PerpKeeperScheduler.ts[0m:[93m4654[0m:[93m9[0m - [91merror[0m[90m TS2304: 
[0mCannot find name 'position'.

[7m4654[0m         position.side === OrderSide.LONG
[7m    [0m [91m        ~~~~~~~~[0m
[96msrc/application/services/PerpKeeperScheduler.ts[0m:[93m4655[0m:[93m13[0m - [91merror[0m[90m TS2304: 
[0mCannot find name 'expectedShortExchange'.

[7m4655[0m           ? expectedShortExchange
[7m    [0m [91m            ~~~~~~~~~~~~~~~~~~~~~[0m
[96msrc/application/services/PerpKeeperScheduler.ts[0m:[93m4656[0m:[93m13[0m - [91merror[0m[90m TS2304: 
[0mCannot find name 'expectedLongExchange'.

[7m4656[0m           : expectedLongExchange;
[7m    [0m [91m            ~~~~~~~~~~~~~~~~~~~~[0m
[96msrc/application/services/PerpKeeperScheduler.ts[0m:[93m4658[0m:[93m9[0m - [91merror[0m[90m TS2304: 
[0mCannot find name 'position'.

[7m4658[0m         position.side === OrderSide.LONG ? OrderSide.SHORT : OrderSide.LONG;
[7m    [0m [91m        ~~~~~~~~[0m
[96msrc/application/services/PerpKeeperScheduler.ts[0m:[93m4661[0m:[93m31[0m - [91merror[0m[90m TS2304: 
[0mCannot find name 'position'.

[7m4661[0m       if (missingExchange === position.exchangeType) {
[7m    [0m [91m                              ~~~~~~~~[0m
[96msrc/application/services/PerpKeeperScheduler.ts[0m:[93m4662[0m:[93m9[0m - [91merror[0m[90m TS2532: 
[0mObject is possibly 'undefined'.

[7m4662[0m         this.logger.error(
[7m    [0m [91m        ~~~~[0m
[96msrc/application/services/PerpKeeperScheduler.ts[0m:[93m4664[0m:[93m26[0m - [91merror[0m[90m TS2304: 
[0mCannot find name 'position'.

[7m4664[0m           `as existing ${position.side} position. This would NOT be delta-neutral arbitrage!`
[7m    [0m [91m                         ~~~~~~~~[0m
[96msrc/application/services/PerpKeeperScheduler.ts[0m:[93m4670[0m:[93m24[0m - [91merror[0m[90m TS2532: 
[0mObject is possibly 'undefined'.

[7m4670[0m       const retryKey = this.getRetryKey(
[7m    [0m [91m                       ~~~~[0m
[96msrc/application/services/PerpKeeperScheduler.ts[0m:[93m4671[0m:[93m9[0m - [91merror[0m[90m TS2304: 
[0mCannot find name 'position'.

[7m4671[0m         position.symbol,
[7m    [0m [91m        ~~~~~~~~[0m
[96msrc/application/services/PerpKeeperScheduler.ts[0m:[93m4672[0m:[93m9[0m - [91merror[0m[90m TS2304: 
[0mCannot find name 'expectedLongExchange'.

[7m4672[0m         expectedLongExchange,
[7m    [0m [91m        ~~~~~~~~~~~~~~~~~~~~[0m
[96msrc/application/services/PerpKeeperScheduler.ts[0m:[93m4673[0m:[93m9[0m - [91merror[0m[90m TS2304: 
[0mCannot find name 'expectedShortExchange'.

[7m4673[0m         expectedShortExchange,
[7m    [0m [91m        ~~~~~~~~~~~~~~~~~~~~~[0m
[96msrc/application/services/PerpKeeperScheduler.ts[0m:[93m4677[0m:[93m17[0m - [91merror[0m[90m TS2532: 
[0mObject is possibly 'undefined'.

[7m4677[0m       if (await this.isOpportunityFiltered(retryKey)) {
[7m    [0m [91m                ~~~~[0m
[96msrc/application/services/PerpKeeperScheduler.ts[0m:[93m4681[0m:[93m23[0m - [91merror[0m[90m TS2532: 
[0mObject is possibly 'undefined'.

[7m4681[0m       const adapter = this.keeperService.getExchangeAdapter(missingExchange);
[7m    [0m [91m                      ~~~~[0m
[96msrc/application/services/PerpKeeperScheduler.ts[0m:[93m4690[0m:[93m7[0m - [91merror[0m[90m TS2532: 
[0mObject is possibly 'undefined'.

[7m4690[0m       this.logger.log(
[7m    [0m [91m      ~~~~[0m
[96msrc/application/services/PerpKeeperScheduler.ts[0m:[93m4691[0m:[93m78[0m - [91merror[0m[90m TS2304: 
[0mCannot find name 'position'.

[7m4691[0m         `ƒöì Checking for existing pending orders on ${missingExchange} for ${position.symbol} 
${missingSide}...`,
[7m    [0m [91m                                                                             ~~~~~~~~[0m
[96msrc/application/services/PerpKeeperScheduler.ts[0m:[93m4697[0m:[93m11[0m - [91merror[0m[90m TS2532: 
[0mObject is possibly 'undefined'.

[7m4697[0m           this.logger.debug(
[7m    [0m [91m          ~~~~[0m
[96msrc/application/services/PerpKeeperScheduler.ts[0m:[93m4706[0m:[93m46[0m - [91merror[0m[90m TS2304: 
[0mCannot find name 'position'.

[7m4706[0m             const normalizedPositionSymbol = position.symbol
[7m    [0m [91m                                             ~~~~~~~~[0m
[96msrc/application/services/PerpKeeperScheduler.ts[0m:[93m4755[0m:[93m15[0m - [91merror[0m[90m TS2532: 
[0mObject is possibly 'undefined'.

[7m4755[0m               this.logger.debug(
[7m    [0m [91m              ~~~~[0m
[96msrc/application/services/PerpKeeperScheduler.ts[0m:[93m4756[0m:[93m103[0m - [91merror[0m[90m TS2304: 
[0mCannot find name 'position'.

[7m4756[0m                 `ÔÅ│ Waiting for ${pendingOrdersForSymbol.length} pending ${missingSide} order(s) for 
${position.symbol} ` +
[7m    [0m [91m                                                                                                     
 ~~~~~~~~[0m
[96msrc/application/services/PerpKeeperScheduler.ts[0m:[93m4762[0m:[93m15[0m - [91merror[0m[90m TS2532: 
[0mObject is possibly 'undefined'.

[7m4762[0m               this.logger.warn(
[7m    [0m [91m              ~~~~[0m
[96msrc/application/services/PerpKeeperScheduler.ts[0m:[93m4763[0m:[93m95[0m - [91merror[0m[90m TS2304: 
[0mCannot find name 'position'.

[7m4763[0m                 `ƒùæ´©Å Cancelling ${pendingOrdersForSymbol.length} stale pending order(s) for 
${position.symbol} ` +
[7m    [0m [91m                                                                                              
~~~~~~~~[0m
[96msrc/application/services/PerpKeeperScheduler.ts[0m:[93m4768[0m:[93m60[0m - [91merror[0m[90m TS2304: 
[0mCannot find name 'position'.

[7m4768[0m                   await adapter.cancelOrder(order.orderId, position.symbol);
[7m    [0m [91m                                                           ~~~~~~~~[0m
[96msrc/application/services/PerpKeeperScheduler.ts[0m:[93m4770[0m:[93m19[0m - [91merror[0m[90m TS2532: 
[0mObject is possibly 'undefined'.

[7m4770[0m                   this.logger.debug(
[7m    [0m [91m                  ~~~~[0m
[96msrc/application/services/PerpKeeperScheduler.ts[0m:[93m4780[0m:[93m11[0m - [91merror[0m[90m TS2532: 
[0mObject is possibly 'undefined'.

[7m4780[0m           this.logger.debug(
[7m    [0m [91m          ~~~~[0m
[96msrc/application/services/PerpKeeperScheduler.ts[0m:[93m4789[0m:[93m31[0m - [91merror[0m[90m TS2532: 
[0mObject is possibly 'undefined'.

[7m4789[0m       const retryInfo = await this.getRetryInfo(
[7m    [0m [91m                              ~~~~[0m
[96msrc/application/services/PerpKeeperScheduler.ts[0m:[93m4791[0m:[93m9[0m - [91merror[0m[90m TS2304: 
[0mCannot find name 'expectedLongExchange'.

[7m4791[0m         expectedLongExchange,
[7m    [0m [91m        ~~~~~~~~~~~~~~~~~~~~[0m
[96msrc/application/services/PerpKeeperScheduler.ts[0m:[93m4792[0m:[93m9[0m - [91merror[0m[90m TS2304: 
[0mCannot find name 'expectedShortExchange'.

[7m4792[0m         expectedShortExchange,
[7m    [0m [91m        ~~~~~~~~~~~~~~~~~~~~~[0m
[96msrc/application/services/PerpKeeperScheduler.ts[0m:[93m4797[0m:[93m15[0m - [91merror[0m[90m TS2532: 
[0mObject is possibly 'undefined'.

[7m4797[0m         await this.addToFiltered(retryKey);
[7m    [0m [91m              ~~~~[0m
[96msrc/application/services/PerpKeeperScheduler.ts[0m:[93m4802[0m:[93m7[0m - [91merror[0m[90m TS2532: 
[0mObject is possibly 'undefined'.

[7m4802[0m       this.logger.log(
[7m    [0m [91m      ~~~~[0m
[96msrc/application/services/PerpKeeperScheduler.ts[0m:[93m4803[0m:[93m92[0m - [91merror[0m[90m TS2304: 
[0mCannot find name 'position'.

[7m4803[0m         `ƒöä Retry ${retryInfo.retryCount + 1}/5: Opening missing ${missingSide} side for 
${position.symbol} on ${missingExchange} (Maker order @ Mark Price)`,
[7m    [0m [91m                                                                                           
~~~~~~~~[0m
[96msrc/application/services/PerpKeeperScheduler.ts[0m:[93m4809[0m:[93m48[0m - [91merror[0m[90m TS2304: 
[0mCannot find name 'position'.

[7m4809[0m         markPrice = await adapter.getMarkPrice(position.symbol);
[7m    [0m [91m                                               ~~~~~~~~[0m
[96msrc/application/services/PerpKeeperScheduler.ts[0m:[93m4811[0m:[93m9[0m - [91merror[0m[90m TS2532: 
[0mObject is possibly 'undefined'.

[7m4811[0m         this.logger.warn(
[7m    [0m [91m        ~~~~[0m
[96msrc/application/services/PerpKeeperScheduler.ts[0m:[93m4812[0m:[93m43[0m - [91merror[0m[90m TS2304: 
[0mCannot find name 'position'.

[7m4812[0m           `Could not get mark price for ${position.symbol} retry, using fallback: ${priceError.message}`,
[7m    [0m [91m                                          ~~~~~~~~[0m
[96msrc/application/services/PerpKeeperScheduler.ts[0m:[93m4818[0m:[93m9[0m - [91merror[0m[90m TS2304: 
[0mCannot find name 'position'.

[7m4818[0m         position.symbol,
[7m    [0m [91m        ~~~~~~~~[0m
[96msrc/application/services/PerpKeeperScheduler.ts[0m:[93m4821[0m:[93m9[0m - [91merror[0m[90m TS2304: 
[0mCannot find name 'position'.

[7m4821[0m         position.size,
[7m    [0m [91m        ~~~~~~~~[0m
[96msrc/application/services/PerpKeeperScheduler.ts[0m:[93m4838[0m:[93m26[0m - [91merror[0m[90m TS2532: 
[0mObject is possibly 'undefined'.

[7m4838[0m         const threadId = this.executionLockService?.generateThreadId() || `single-leg-${Date.now()}`;
[7m    [0m [91m                         ~~~~[0m
[96msrc/application/services/PerpKeeperScheduler.ts[0m:[93m4841[0m:[93m13[0m - [91merror[0m[90m TS2532: 
[0mObject is possibly 'undefined'.

[7m4841[0m         if (this.executionLockService) {
[7m    [0m [91m            ~~~~[0m
[96msrc/application/services/PerpKeeperScheduler.ts[0m:[93m4842[0m:[93m11[0m - [91merror[0m[90m TS2532: 
[0mObject is possibly 'undefined'.

[7m4842[0m           this.executionLockService.registerOrderPlacing(
[7m    [0m [91m          ~~~~[0m
[96msrc/application/services/PerpKeeperScheduler.ts[0m:[93m4844[0m:[93m13[0m - [91merror[0m[90m TS2304: 
[0mCannot find name 'position'.

[7m4844[0m             position.symbol,
[7m    [0m [91m            ~~~~~~~~[0m
[96msrc/application/services/PerpKeeperScheduler.ts[0m:[93m4848[0m:[93m13[0m - [91merror[0m[90m TS2304: 
[0mCannot find name 'position'.

[7m4848[0m             position.size,
[7m    [0m [91m            ~~~~~~~~[0m
[96msrc/application/services/PerpKeeperScheduler.ts[0m:[93m4851[0m:[93m11[0m - [91merror[0m[90m TS2532: 
[0mObject is possibly 'undefined'.

[7m4851[0m           this.executionLockService.updateOrderStatus(
[7m    [0m [91m          ~~~~[0m
[96msrc/application/services/PerpKeeperScheduler.ts[0m:[93m4853[0m:[93m13[0m - [91merror[0m[90m TS2304: 
[0mCannot find name 'position'.

[7m4853[0m             position.symbol,
[7m    [0m [91m            ~~~~~~~~[0m
[96msrc/application/services/PerpKeeperScheduler.ts[0m:[93m4862[0m:[93m9[0m - [91merror[0m[90m TS2532: 
[0mObject is possibly 'undefined'.

[7m4862[0m         this.logger.log(
[7m    [0m [91m        ~~~~[0m
[96msrc/application/services/PerpKeeperScheduler.ts[0m:[93m4871[0m:[93m32[0m - [91merror[0m[90m TS2532: 
[0mObject is possibly 'undefined'.

[7m4871[0m         const MAX_BACKOFF_MS = this.strategyConfig.maxBackoffDelayOpening || 30000;
[7m    [0m [91m                               ~~~~[0m
[96msrc/application/services/PerpKeeperScheduler.ts[0m:[93m4880[0m:[93m13[0m - [91merror[0m[90m TS2532: 
[0mObject is possibly 'undefined'.

[7m4880[0m             this.logger.debug(
[7m    [0m [91m            ~~~~[0m
[96msrc/application/services/PerpKeeperScheduler.ts[0m:[93m4890[0m:[93m15[0m - [91merror[0m[90m TS2532: 
[0mObject is possibly 'undefined'.

[7m4890[0m               this.normalizeSymbol(p.symbol) === this.normalizeSymbol(position.symbol) &&
[7m    [0m [91m              ~~~~[0m
[96msrc/application/services/PerpKeeperScheduler.ts[0m:[93m4890[0m:[93m50[0m - [91merror[0m[90m TS2532: 
[0mObject is possibly 'undefined'.

[7m4890[0m               this.normalizeSymbol(p.symbol) === this.normalizeSymbol(position.symbol) &&
[7m    [0m [91m                                                 ~~~~[0m
[96msrc/application/services/PerpKeeperScheduler.ts[0m:[93m4890[0m:[93m71[0m - [91merror[0m[90m TS2304: 
[0mCannot find name 'position'.

[7m4890[0m               this.normalizeSymbol(p.symbol) === this.normalizeSymbol(position.symbol) &&
[7m    [0m [91m                                                                      ~~~~~~~~[0m
[96msrc/application/services/PerpKeeperScheduler.ts[0m:[93m4898[0m:[93m13[0m - [91merror[0m[90m TS2532: 
[0mObject is possibly 'undefined'.

[7m4898[0m             this.logger.log(
[7m    [0m [91m            ~~~~[0m
[96msrc/application/services/PerpKeeperScheduler.ts[0m:[93m4899[0m:[93m59[0m - [91merror[0m[90m TS2304: 
[0mCannot find name 'position'.

[7m4899[0m               `Ô£à Opened missing ${missingSide} side for ${position.symbol} on ${missingExchange} ` +
[7m    [0m [91m                                                          ~~~~~~~~[0m
[96msrc/application/services/PerpKeeperScheduler.ts[0m:[93m4903[0m:[93m17[0m - [91merror[0m[90m TS2532: 
[0mObject is possibly 'undefined'.

[7m4903[0m             if (this.executionLockService) {
[7m    [0m [91m                ~~~~[0m
[96msrc/application/services/PerpKeeperScheduler.ts[0m:[93m4904[0m:[93m15[0m - [91merror[0m[90m TS2532: 
[0mObject is possibly 'undefined'.

[7m4904[0m               this.executionLockService.updateOrderStatus(
[7m    [0m [91m              ~~~~[0m
[96msrc/application/services/PerpKeeperScheduler.ts[0m:[93m4906[0m:[93m17[0m - [91merror[0m[90m TS2304: 
[0mCannot find name 'position'.

[7m4906[0m                 position.symbol,
[7m    [0m [91m                ~~~~~~~~[0m
[96msrc/application/services/PerpKeeperScheduler.ts[0m:[93m4913[0m:[93m19[0m - [91merror[0m[90m TS2532: 
[0mObject is possibly 'undefined'.

[7m4913[0m             await this.clearRetryOnSuccess(retryKey);
[7m    [0m [91m                  ~~~~[0m
[96msrc/application/services/PerpKeeperScheduler.ts[0m:[93m4919[0m:[93m83[0m - [91merror[0m[90m TS2304: 
[0mCannot find name 'position'.

[7m4919[0m             const orderStatus = await adapter.getOrderStatus(orderResult.orderId, position.symbol);
[7m    [0m [91m                                                                                  ~~~~~~~~[0m
[96msrc/application/services/PerpKeeperScheduler.ts[0m:[93m4921[0m:[93m15[0m - [91merror[0m[90m TS2532: 
[0mObject is possibly 'undefined'.

[7m4921[0m               this.logger.log(
[7m    [0m [91m              ~~~~[0m
[96msrc/application/services/PerpKeeperScheduler.ts[0m:[93m4922[0m:[93m99[0m - [91merror[0m[90m TS2304: 
[0mCannot find name 'position'.

[7m4922[0m                 `Ô£à Order ${orderResult.orderId} filled - missing ${missingSide} side opened for 
${position.symbol}`,
[7m    [0m [91m                                                                                                  
~~~~~~~~[0m
[96msrc/application/services/PerpKeeperScheduler.ts[0m:[93m4924[0m:[93m19[0m - [91merror[0m[90m TS2532: 
[0mObject is possibly 'undefined'.

[7m4924[0m               if (this.executionLockService) {
[7m    [0m [91m                  ~~~~[0m
[96msrc/application/services/PerpKeeperScheduler.ts[0m:[93m4925[0m:[93m17[0m - [91merror[0m[90m TS2532: 
[0mObject is possibly 'undefined'.

[7m4925[0m                 this.executionLockService.updateOrderStatus(
[7m    [0m [91m                ~~~~[0m
[96msrc/application/services/PerpKeeperScheduler.ts[0m:[93m4927[0m:[93m19[0m - [91merror[0m[90m TS2304: 
[0mCannot find name 'position'.

[7m4927[0m                   position.symbol,
[7m    [0m [91m                  ~~~~~~~~[0m
[96msrc/application/services/PerpKeeperScheduler.ts[0m:[93m4933[0m:[93m21[0m - [91merror[0m[90m TS2532: 
[0mObject is possibly 'undefined'.

[7m4933[0m               await this.clearRetryOnSuccess(retryKey);
[7m    [0m [91m                    ~~~~[0m
[96msrc/application/services/PerpKeeperScheduler.ts[0m:[93m4937[0m:[93m15[0m - [91merror[0m[90m TS2532: 
[0mObject is possibly 'undefined'.

[7m4937[0m               this.logger.warn(
[7m    [0m [91m              ~~~~[0m
[96msrc/application/services/PerpKeeperScheduler.ts[0m:[93m4940[0m:[93m19[0m - [91merror[0m[90m TS2532: 
[0mObject is possibly 'undefined'.

[7m4940[0m               if (this.executionLockService) {
[7m    [0m [91m                  ~~~~[0m
[96msrc/application/services/PerpKeeperScheduler.ts[0m:[93m4941[0m:[93m17[0m - [91merror[0m[90m TS2532: 
[0mObject is possibly 'undefined'.

[7m4941[0m                 this.executionLockService.updateOrderStatus(
[7m    [0m [91m                ~~~~[0m
[96msrc/application/services/PerpKeeperScheduler.ts[0m:[93m4943[0m:[93m19[0m - [91merror[0m[90m TS2304: 
[0mCannot find name 'position'.

[7m4943[0m                   position.symbol,
[7m    [0m [91m                  ~~~~~~~~[0m
[96msrc/application/services/PerpKeeperScheduler.ts[0m:[93m4952[0m:[93m13[0m - [91merror[0m[90m TS2532: 
[0mObject is possibly 'undefined'.

[7m4952[0m             this.logger.debug(`Could not check order status: ${statusError.message}`);
[7m    [0m [91m            ~~~~[0m
[96msrc/application/services/PerpKeeperScheduler.ts[0m:[93m4956[0m:[93m11[0m - [91merror[0m[90m TS2532: 
[0mObject is possibly 'undefined'.

[7m4956[0m           this.logger.debug(
[7m    [0m [91m          ~~~~[0m
[96msrc/application/services/PerpKeeperScheduler.ts[0m:[93m4965[0m:[93m11[0m - [91merror[0m[90m TS2532: 
[0mObject is possibly 'undefined'.

[7m4965[0m           this.logger.warn(
[7m    [0m [91m          ~~~~[0m
[96msrc/application/services/PerpKeeperScheduler.ts[0m:[93m4970[0m:[93m60[0m - [91merror[0m[90m TS2304: 
[0mCannot find name 'position'.

[7m4970[0m             await adapter.cancelOrder(orderResult.orderId, position.symbol);
[7m    [0m [91m                                                           ~~~~~~~~[0m
[96msrc/application/services/PerpKeeperScheduler.ts[0m:[93m4971[0m:[93m13[0m - [91merror[0m[90m TS2532: 
[0mObject is possibly 'undefined'.

[7m4971[0m             this.logger.log(`­ƒùæ´©Å Cancelled unfilled order ${orderResult.orderId}`);
[7m    [0m [91m            ~~~~[0m
[96msrc/application/services/PerpKeeperScheduler.ts[0m:[93m4973[0m:[93m13[0m - [91merror[0m[90m TS2532: 
[0mObject is possibly 'undefined'.

[7m4973[0m             this.logger.warn(`Could not cancel order ${orderResult.orderId}: ${cancelError.message}`);
[7m    [0m [91m            ~~~~[0m
[96msrc/application/services/PerpKeeperScheduler.ts[0m:[93m4977[0m:[93m15[0m - [91merror[0m[90m TS2532: 
[0mObject is possibly 'undefined'.

[7m4977[0m           if (this.executionLockService) {
[7m    [0m [91m              ~~~~[0m
[96msrc/application/services/PerpKeeperScheduler.ts[0m:[93m4978[0m:[93m13[0m - [91merror[0m[90m TS2532: 
[0mObject is possibly 'undefined'.

[7m4978[0m             this.executionLockService.updateOrderStatus(
[7m    [0m [91m            ~~~~[0m
[96msrc/application/services/PerpKeeperScheduler.ts[0m:[93m4980[0m:[93m15[0m - [91merror[0m[90m TS2304: 
[0mCannot find name 'position'.

[7m4980[0m               position.symbol,
[7m    [0m [91m              ~~~~~~~~[0m
[96msrc/application/services/PerpKeeperScheduler.ts[0m:[93m4994[0m:[93m15[0m - [91merror[0m[90m TS2532: 
[0mObject is possibly 'undefined'.

[7m4994[0m               this.normalizeSymbol(p.symbol) === this.normalizeSymbol(position.symbol) &&
[7m    [0m [91m              ~~~~[0m
[96msrc/application/services/PerpKeeperScheduler.ts[0m:[93m4994[0m:[93m50[0m - [91merror[0m[90m TS2532: 
[0mObject is possibly 'undefined'.

[7m4994[0m               this.normalizeSymbol(p.symbol) === this.normalizeSymbol(position.symbol) &&
[7m    [0m [91m                                                 ~~~~[0m
[96msrc/application/services/PerpKeeperScheduler.ts[0m:[93m4994[0m:[93m71[0m - [91merror[0m[90m TS2304: 
[0mCannot find name 'position'.

[7m4994[0m               this.normalizeSymbol(p.symbol) === this.normalizeSymbol(position.symbol) &&
[7m    [0m [91m                                                                      ~~~~~~~~[0m
[96msrc/application/services/PerpKeeperScheduler.ts[0m:[93m5001[0m:[93m13[0m - [91merror[0m[90m TS2532: 
[0mObject is possibly 'undefined'.

[7m5001[0m             this.logger.log(
[7m    [0m [91m            ~~~~[0m
[96msrc/application/services/PerpKeeperScheduler.ts[0m:[93m5002[0m:[93m87[0m - [91merror[0m[90m TS2304: 
[0mCannot find name 'position'.

[7m5002[0m               `Ô£à Position opened just before cancellation - ${missingSide} side for ${position.symbol} 
is now open`,
[7m    [0m [91m                                                                                      ~~~~~~~~[0m
[96msrc/application/services/PerpKeeperScheduler.ts[0m:[93m5004[0m:[93m17[0m - [91merror[0m[90m TS2532: 
[0mObject is possibly 'undefined'.

[7m5004[0m             if (this.executionLockService) {
[7m    [0m [91m                ~~~~[0m
[96msrc/application/services/PerpKeeperScheduler.ts[0m:[93m5005[0m:[93m15[0m - [91merror[0m[90m TS2532: 
[0mObject is possibly 'undefined'.

[7m5005[0m               this.executionLockService.updateOrderStatus(
[7m    [0m [91m              ~~~~[0m
[96msrc/application/services/PerpKeeperScheduler.ts[0m:[93m5007[0m:[93m17[0m - [91merror[0m[90m TS2304: 
[0mCannot find name 'position'.

[7m5007[0m                 position.symbol,
[7m    [0m [91m                ~~~~~~~~[0m
[96msrc/application/services/PerpKeeperScheduler.ts[0m:[93m5013[0m:[93m19[0m - [91merror[0m[90m TS2532: 
[0mObject is possibly 'undefined'.

[7m5013[0m             await this.clearRetryOnSuccess(retryKey);
[7m    [0m [91m                  ~~~~[0m
[96msrc/application/services/PerpKeeperScheduler.ts[0m:[93m5020[0m:[93m34[0m - [91merror[0m[90m TS2532: 
[0mObject is possibly 'undefined'.

[7m5020[0m       const shouldFilter = await this.incrementRetryAndCheckFilter(retryKey);
[7m    [0m [91m                                 ~~~~[0m
[96msrc/application/services/PerpKeeperScheduler.ts[0m:[93m5026[0m:[93m5[0m - [91merror[0m[90m TS1128: 
[0mDeclaration or statement expected.

[7m5026[0m     } catch (error: any) {
[7m    [0m [91m    ~[0m
[96msrc/application/services/PerpKeeperScheduler.ts[0m:[93m5026[0m:[93m7[0m - [91merror[0m[90m TS1005: 
[0m'try' expected.

[7m5026[0m     } catch (error: any) {
[7m    [0m [91m      ~~~~~[0m
[96msrc/application/services/PerpKeeperScheduler.ts[0m:[93m5030[0m:[93m3[0m - [91merror[0m[90m TS1128: 
[0mDeclaration or statement expected.

[7m5030[0m   }
[7m    [0m [91m  ~[0m
[96msrc/application/services/PerpKeeperScheduler.ts[0m:[93m5036[0m:[93m3[0m - [91merror[0m[90m TS1128: 
[0mDeclaration or statement expected.

[7m5036[0m   private async closeSingleLegPosition(position: PerpPosition): Promise<void> {
[7m    [0m [91m  ~~~~~~~[0m
[96msrc/application/services/PerpKeeperScheduler.ts[0m:[93m5036[0m:[93m11[0m - [91merror[0m[90m TS1434: 
[0mUnexpected keyword or identifier.

[7m5036[0m   private async closeSingleLegPosition(position: PerpPosition): Promise<void> {
[7m    [0m [91m          ~~~~~[0m
[96msrc/application/services/PerpKeeperScheduler.ts[0m:[93m5036[0m:[93m11[0m - [91merror[0m[90m TS2304: 
[0mCannot find name 'async'.

[7m5036[0m   private async closeSingleLegPosition(position: PerpPosition): Promise<void> {
[7m    [0m [91m          ~~~~~[0m
[96msrc/application/services/PerpKeeperScheduler.ts[0m:[93m5036[0m:[93m17[0m - [91merror[0m[90m TS2304: 
[0mCannot find name 'closeSingleLegPosition'.

[7m5036[0m   private async closeSingleLegPosition(position: PerpPosition): Promise<void> {
[7m    [0m [91m                ~~~~~~~~~~~~~~~~~~~~~~[0m
[96msrc/application/services/PerpKeeperScheduler.ts[0m:[93m5036[0m:[93m40[0m - [91merror[0m[90m TS2304: 
[0mCannot find name 'position'.

[7m5036[0m   private async closeSingleLegPosition(position: PerpPosition): Promise<void> {
[7m    [0m [91m                                       ~~~~~~~~[0m
[96msrc/application/services/PerpKeeperScheduler.ts[0m:[93m5036[0m:[93m48[0m - [91merror[0m[90m TS1005: 
[0m',' expected.

[7m5036[0m   private async closeSingleLegPosition(position: PerpPosition): Promise<void> {
[7m    [0m [91m                                               ~[0m
[96msrc/application/services/PerpKeeperScheduler.ts[0m:[93m5036[0m:[93m63[0m - [91merror[0m[90m TS1005: 
[0m';' expected.

[7m5036[0m   private async closeSingleLegPosition(position: PerpPosition): Promise<void> {
[7m    [0m [91m                                                              ~[0m
[96msrc/application/services/PerpKeeperScheduler.ts[0m:[93m5036[0m:[93m65[0m - [91merror[0m[90m TS2365: 
[0mOperator '>' cannot be applied to types 'boolean' and '{ try: { const: any; if(: any, adapter: any): void; if(: 
any, positionStillExists: any): void; if(: any, closeResponse: any): any; for(: any, otherExchange: any, of: any, 
otherExchanges: any): void; ... 7 more ...; "": any; }; }'.

[7m5036[0m   private async closeSingleLegPosition(position: PerpPosition): Promise<void> {
[7m    [0m [91m                                                                ~~~~~~~~~~~~~~~[0m
[7m5037[0m     try {
[7m    [0m [91m~~~~~~~~~[0m
[7m ...[0m 
[7m5149[0m           // Wait and check if order filled
[7m    [0m [91m~~~~~~~~~~~~~~~~~~~~~~~~~~~~~~~~~~~~~~~~~~~[0m
[7m5150[0m           if (!closeResponse.isFilled() && closeResponse.orderId) {
[7m    [0m [91m~~~~~~~~~~~~~~~~~~~~~~~~~~~~~~~~~~~~~~~~~~~~~~~~~~~~~~~~~~~~~~~~~[0m
[96msrc/application/services/PerpKeeperScheduler.ts[0m:[93m5036[0m:[93m73[0m - [91merror[0m[90m TS2532: 
[0mObject is possibly 'undefined'.

[7m5036[0m   private async closeSingleLegPosition(position: PerpPosition): Promise<void> {
[7m    [0m [91m                                                                        ~~~~[0m
[96msrc/application/services/PerpKeeperScheduler.ts[0m:[93m5036[0m:[93m77[0m - [91merror[0m[90m TS1109: 
[0mExpression expected.

[7m5036[0m   private async closeSingleLegPosition(position: PerpPosition): Promise<void> {
[7m    [0m [91m                                                                            ~[0m
[96msrc/application/services/PerpKeeperScheduler.ts[0m:[93m5037[0m:[93m9[0m - [91merror[0m[90m TS1005: 
[0m':' expected.

[7m5037[0m     try {
[7m    [0m [91m        ~[0m
[96msrc/application/services/PerpKeeperScheduler.ts[0m:[93m5038[0m:[93m13[0m - [91merror[0m[90m TS1005: 
[0m':' expected.

[7m5038[0m       const adapter = this.keeperService.getExchangeAdapter(
[7m    [0m [91m            ~~~~~~~[0m
[96msrc/application/services/PerpKeeperScheduler.ts[0m:[93m5038[0m:[93m13[0m - [91merror[0m[90m TS2588: 
[0mCannot assign to 'adapter' because it is a constant.

[7m5038[0m       const adapter = this.keeperService.getExchangeAdapter(
[7m    [0m [91m            ~~~~~~~[0m
[96msrc/application/services/PerpKeeperScheduler.ts[0m:[93m5038[0m:[93m23[0m - [91merror[0m[90m TS2532: 
[0mObject is possibly 'undefined'.

[7m5038[0m       const adapter = this.keeperService.getExchangeAdapter(
[7m    [0m [91m                      ~~~~[0m
[96msrc/application/services/PerpKeeperScheduler.ts[0m:[93m5039[0m:[93m9[0m - [91merror[0m[90m TS2304: 
[0mCannot find name 'position'.

[7m5039[0m         position.exchangeType,
[7m    [0m [91m        ~~~~~~~~[0m
[96msrc/application/services/PerpKeeperScheduler.ts[0m:[93m5040[0m:[93m8[0m - [91merror[0m[90m TS1005: 
[0m',' expected.

[7m5040[0m       );
[7m    [0m [91m       ~[0m
[96msrc/application/services/PerpKeeperScheduler.ts[0m:[93m5041[0m:[93m11[0m - [91merror[0m[90m TS1003: 
[0mIdentifier expected.

[7m5041[0m       if (!adapter) {
[7m    [0m [91m          ~[0m
[96msrc/application/services/PerpKeeperScheduler.ts[0m:[93m5042[0m:[93m50[0m - [91merror[0m[90m TS2304: 
[0mCannot find name 'position'.

[7m5042[0m         this.logger.warn(`No adapter found for ${position.exchangeType}`);
[7m    [0m [91m                                                 ~~~~~~~~[0m
[96msrc/application/services/PerpKeeperScheduler.ts[0m:[93m5051[0m:[93m7[0m - [91merror[0m[90m TS1005: 
[0m',' expected.

[7m5051[0m       const allAdapters = this.keeperService.getExchangeAdapters();
[7m    [0m [91m      ~~~~~[0m
[96msrc/application/services/PerpKeeperScheduler.ts[0m:[93m5051[0m:[93m13[0m - [91merror[0m[90m TS1005: 
[0m':' expected.

[7m5051[0m       const allAdapters = this.keeperService.getExchangeAdapters();
[7m    [0m [91m            ~~~~~~~~~~~[0m
[96msrc/application/services/PerpKeeperScheduler.ts[0m:[93m5051[0m:[93m13[0m - [91merror[0m[90m TS2304: 
[0mCannot find name 'allAdapters'.

[7m5051[0m       const allAdapters = this.keeperService.getExchangeAdapters();
[7m    [0m [91m            ~~~~~~~~~~~[0m
[96msrc/application/services/PerpKeeperScheduler.ts[0m:[93m5051[0m:[93m27[0m - [91merror[0m[90m TS2532: 
[0mObject is possibly 'undefined'.

[7m5051[0m       const allAdapters = this.keeperService.getExchangeAdapters();
[7m    [0m [91m                          ~~~~[0m
[96msrc/application/services/PerpKeeperScheduler.ts[0m:[93m5051[0m:[93m67[0m - [91merror[0m[90m TS1005: 
[0m',' expected.

[7m5051[0m       const allAdapters = this.keeperService.getExchangeAdapters();
[7m    [0m [91m                                                                  ~[0m
[96msrc/application/services/PerpKeeperScheduler.ts[0m:[93m5052[0m:[93m13[0m - [91merror[0m[90m TS1005: 
[0m':' expected.

[7m5052[0m       const otherExchanges = Array.from(allAdapters.keys())
[7m    [0m [91m            ~~~~~~~~~~~~~~[0m
[96msrc/application/services/PerpKeeperScheduler.ts[0m:[93m5052[0m:[93m13[0m - [91merror[0m[90m TS2304: 
[0mCannot find name 'otherExchanges'.

[7m5052[0m       const otherExchanges = Array.from(allAdapters.keys())
[7m    [0m [91m            ~~~~~~~~~~~~~~[0m
[96msrc/application/services/PerpKeeperScheduler.ts[0m:[93m5052[0m:[93m41[0m - [91merror[0m[90m TS2304: 
[0mCannot find name 'allAdapters'.

[7m5052[0m       const otherExchanges = Array.from(allAdapters.keys())
[7m    [0m [91m                                        ~~~~~~~~~~~[0m
[96msrc/application/services/PerpKeeperScheduler.ts[0m:[93m5053[0m:[93m28[0m - [91merror[0m[90m TS2304: 
[0mCannot find name 'position'.

[7m5053[0m         .filter(e => e !== position.exchangeType);
[7m    [0m [91m                           ~~~~~~~~[0m
[96msrc/application/services/PerpKeeperScheduler.ts[0m:[93m5053[0m:[93m50[0m - [91merror[0m[90m TS1005: 
[0m',' expected.

[7m5053[0m         .filter(e => e !== position.exchangeType);
[7m    [0m [91m                                                 ~[0m
[96msrc/application/services/PerpKeeperScheduler.ts[0m:[93m5055[0m:[93m12[0m - [91merror[0m[90m TS1359: 
[0mIdentifier expected. 'const' is a reserved word that cannot be used here.

[7m5055[0m       for (const otherExchange of otherExchanges) {
[7m    [0m [91m           ~~~~~[0m
[96msrc/application/services/PerpKeeperScheduler.ts[0m:[93m5055[0m:[93m18[0m - [91merror[0m[90m TS1005: 
[0m',' expected.

[7m5055[0m       for (const otherExchange of otherExchanges) {
[7m    [0m [91m                 ~~~~~~~~~~~~~[0m
[96msrc/application/services/PerpKeeperScheduler.ts[0m:[93m5055[0m:[93m32[0m - [91merror[0m[90m TS1005: 
[0m',' expected.

[7m5055[0m       for (const otherExchange of otherExchanges) {
[7m    [0m [91m                               ~~[0m
[96msrc/application/services/PerpKeeperScheduler.ts[0m:[93m5055[0m:[93m35[0m - [91merror[0m[90m TS1005: 
[0m',' expected.

[7m5055[0m       for (const otherExchange of otherExchanges) {
[7m    [0m [91m                                  ~~~~~~~~~~~~~~[0m
[96msrc/application/services/PerpKeeperScheduler.ts[0m:[93m5056[0m:[93m30[0m - [91merror[0m[90m TS2304: 
[0mCannot find name 'allAdapters'.

[7m5056[0m         const otherAdapter = allAdapters.get(otherExchange);
[7m    [0m [91m                             ~~~~~~~~~~~[0m
[96msrc/application/services/PerpKeeperScheduler.ts[0m:[93m5067[0m:[93m73[0m - [91merror[0m[90m TS2304: 
[0mCannot find name 'position'.

[7m5067[0m             this.normalizeSymbol(order.symbol) === this.normalizeSymbol(position.symbol)
[7m    [0m [91m                                                                        ~~~~~~~~[0m
[96msrc/application/services/PerpKeeperScheduler.ts[0m:[93m5073[0m:[93m47[0m - [91merror[0m[90m TS2304: 
[0mCannot find name 'position'.

[7m5073[0m               `before closing single-leg on ${position.exchangeType}`,
[7m    [0m [91m                                              ~~~~~~~~[0m
[96msrc/application/services/PerpKeeperScheduler.ts[0m:[93m5088[0m:[93m7[0m - [91merror[0m[90m TS1005: 
[0m',' expected.

[7m5088[0m       await new Promise((resolve) => setTimeout(resolve, 1000));
[7m    [0m [91m      ~~~~~[0m
[96msrc/application/services/PerpKeeperScheduler.ts[0m:[93m5088[0m:[93m7[0m - [91merror[0m[90m TS18004: 
[0mNo value exists in scope for the shorthand property 'await'. Either declare one or provide an initializer.

[7m5088[0m       await new Promise((resolve) => setTimeout(resolve, 1000));
[7m    [0m [91m      ~~~~~[0m
[96msrc/application/services/PerpKeeperScheduler.ts[0m:[93m5088[0m:[93m13[0m - [91merror[0m[90m TS1005: 
[0m',' expected.

[7m5088[0m       await new Promise((resolve) => setTimeout(resolve, 1000));
[7m    [0m [91m            ~~~[0m
[96msrc/application/services/PerpKeeperScheduler.ts[0m:[93m5088[0m:[93m17[0m - [91merror[0m[90m TS1005: 
[0m':' expected.

[7m5088[0m       await new Promise((resolve) => setTimeout(resolve, 1000));
[7m    [0m [91m                ~~~~~~~[0m
[96msrc/application/services/PerpKeeperScheduler.ts[0m:[93m5088[0m:[93m17[0m - [91merror[0m[90m TS2348: 
[0mValue of type 'PromiseConstructor' is not callable. Did you mean to include 'new'?

[7m5088[0m       await new Promise((resolve) => setTimeout(resolve, 1000));
[7m    [0m [91m                ~~~~~~~~~~~~~~~~~~~~~~~~~~~~~~~~~~~~~~~~~~~~~~~[0m
[96msrc/application/services/PerpKeeperScheduler.ts[0m:[93m5088[0m:[93m64[0m - [91merror[0m[90m TS1005: 
[0m',' expected.

[7m5088[0m       await new Promise((resolve) => setTimeout(resolve, 1000));
[7m    [0m [91m                                                               ~[0m
[96msrc/application/services/PerpKeeperScheduler.ts[0m:[93m5092[0m:[93m13[0m - [91merror[0m[90m TS1005: 
[0m':' expected.

[7m5092[0m       const currentPositions = await adapter.getPositions();
[7m    [0m [91m            ~~~~~~~~~~~~~~~~[0m
[96msrc/application/services/PerpKeeperScheduler.ts[0m:[93m5092[0m:[93m13[0m - [91merror[0m[90m TS2304: 
[0mCannot find name 'currentPositions'.

[7m5092[0m       const currentPositions = await adapter.getPositions();
[7m    [0m [91m            ~~~~~~~~~~~~~~~~[0m
[96msrc/application/services/PerpKeeperScheduler.ts[0m:[93m5092[0m:[93m60[0m - [91merror[0m[90m TS1005: 
[0m',' expected.

[7m5092[0m       const currentPositions = await adapter.getPositions();
[7m    [0m [91m                                                           ~[0m
[96msrc/application/services/PerpKeeperScheduler.ts[0m:[93m5093[0m:[93m13[0m - [91merror[0m[90m TS1005: 
[0m':' expected.

[7m5093[0m       const normalizeSymbol = (s: string) =>
[7m    [0m [91m            ~~~~~~~~~~~~~~~[0m
[96msrc/application/services/PerpKeeperScheduler.ts[0m:[93m5093[0m:[93m13[0m - [91merror[0m[90m TS2304: 
[0mCannot find name 'normalizeSymbol'.

[7m5093[0m       const normalizeSymbol = (s: string) =>
[7m    [0m [91m            ~~~~~~~~~~~~~~~[0m
[96msrc/application/services/PerpKeeperScheduler.ts[0m:[93m5099[0m:[93m25[0m - [91merror[0m[90m TS1005: 
[0m',' expected.

[7m5099[0m           .toUpperCase();
[7m    [0m [91m                        ~[0m
[96msrc/application/services/PerpKeeperScheduler.ts[0m:[93m5100[0m:[93m13[0m - [91merror[0m[90m TS1005: 
[0m':' expected.

[7m5100[0m       const normalizedSymbol = normalizeSymbol(position.symbol);
[7m    [0m [91m            ~~~~~~~~~~~~~~~~[0m
[96msrc/application/services/PerpKeeperScheduler.ts[0m:[93m5100[0m:[93m13[0m - [91merror[0m[90m TS2304: 
[0mCannot find name 'normalizedSymbol'.

[7m5100[0m       const normalizedSymbol = normalizeSymbol(position.symbol);
[7m    [0m [91m            ~~~~~~~~~~~~~~~~[0m
[96msrc/application/services/PerpKeeperScheduler.ts[0m:[93m5100[0m:[93m32[0m - [91merror[0m[90m TS2304: 
[0mCannot find name 'normalizeSymbol'.

[7m5100[0m       const normalizedSymbol = normalizeSymbol(position.symbol);
[7m    [0m [91m                               ~~~~~~~~~~~~~~~[0m
[96msrc/application/services/PerpKeeperScheduler.ts[0m:[93m5100[0m:[93m48[0m - [91merror[0m[90m TS2304: 
[0mCannot find name 'position'.

[7m5100[0m       const normalizedSymbol = normalizeSymbol(position.symbol);
[7m    [0m [91m                                               ~~~~~~~~[0m
[96msrc/application/services/PerpKeeperScheduler.ts[0m:[93m5100[0m:[93m64[0m - [91merror[0m[90m TS1005: 
[0m',' expected.

[7m5100[0m       const normalizedSymbol = normalizeSymbol(position.symbol);
[7m    [0m [91m                                                               ~[0m
[96msrc/application/services/PerpKeeperScheduler.ts[0m:[93m5102[0m:[93m13[0m - [91merror[0m[90m TS1005: 
[0m':' expected.

[7m5102[0m       const positionStillExists = currentPositions.some((p) => {
[7m    [0m [91m            ~~~~~~~~~~~~~~~~~~~[0m
[96msrc/application/services/PerpKeeperScheduler.ts[0m:[93m5102[0m:[93m13[0m - [91merror[0m[90m TS2304: 
[0mCannot find name 'positionStillExists'.

[7m5102[0m       const positionStillExists = currentPositions.some((p) => {
[7m    [0m [91m            ~~~~~~~~~~~~~~~~~~~[0m
[96msrc/application/services/PerpKeeperScheduler.ts[0m:[93m5102[0m:[93m35[0m - [91merror[0m[90m TS2304: 
[0mCannot find name 'currentPositions'.

[7m5102[0m       const positionStillExists = currentPositions.some((p) => {
[7m    [0m [91m                                  ~~~~~~~~~~~~~~~~[0m
[96msrc/application/services/PerpKeeperScheduler.ts[0m:[93m5103[0m:[93m37[0m - [91merror[0m[90m TS2304: 
[0mCannot find name 'normalizeSymbol'.

[7m5103[0m         const normalizedPosSymbol = normalizeSymbol(p.symbol);
[7m    [0m [91m                                    ~~~~~~~~~~~~~~~[0m
[96msrc/application/services/PerpKeeperScheduler.ts[0m:[93m5105[0m:[93m35[0m - [91merror[0m[90m TS2304: 
[0mCannot find name 'normalizedSymbol'.

[7m5105[0m           normalizedPosSymbol === normalizedSymbol &&
[7m    [0m [91m                                  ~~~~~~~~~~~~~~~~[0m
[96msrc/application/services/PerpKeeperScheduler.ts[0m:[93m5106[0m:[93m22[0m - [91merror[0m[90m TS2304: 
[0mCannot find name 'position'.

[7m5106[0m           p.side === position.side &&
[7m    [0m [91m                     ~~~~~~~~[0m
[96msrc/application/services/PerpKeeperScheduler.ts[0m:[93m5109[0m:[93m9[0m - [91merror[0m[90m TS1005: 
[0m',' expected.

[7m5109[0m       });
[7m    [0m [91m        ~[0m
[96msrc/application/services/PerpKeeperScheduler.ts[0m:[93m5111[0m:[93m11[0m - [91merror[0m[90m TS1003: 
[0mIdentifier expected.

[7m5111[0m       if (!positionStillExists) {
[7m    [0m [91m          ~[0m
[96msrc/application/services/PerpKeeperScheduler.ts[0m:[93m5113[0m:[93m25[0m - [91merror[0m[90m TS2304: 
[0mCannot find name 'position'.

[7m5113[0m           `Ô£à Position ${position.symbol} (${position.side}) on ${position.exchangeType} ` +
[7m    [0m [91m                        ~~~~~~~~[0m
[96msrc/application/services/PerpKeeperScheduler.ts[0m:[93m5113[0m:[93m45[0m - [91merror[0m[90m TS2304: 
[0mCannot find name 'position'.

[7m5113[0m           `Ô£à Position ${position.symbol} (${position.side}) on ${position.exchangeType} ` +
[7m    [0m [91m                                            ~~~~~~~~[0m
[96msrc/application/services/PerpKeeperScheduler.ts[0m:[93m5113[0m:[93m66[0m - [91merror[0m[90m TS2304: 
[0mCannot find name 'position'.

[7m5113[0m           `Ô£à Position ${position.symbol} (${position.side}) on ${position.exchangeType} ` +
[7m    [0m [91m                                                                 ~~~~~~~~[0m
[96msrc/application/services/PerpKeeperScheduler.ts[0m:[93m5119[0m:[93m7[0m - [91merror[0m[90m TS1005: 
[0m',' expected.

[7m5119[0m       const closeSide =
[7m    [0m [91m      ~~~~~[0m
[96msrc/application/services/PerpKeeperScheduler.ts[0m:[93m5119[0m:[93m13[0m - [91merror[0m[90m TS1005: 
[0m':' expected.

[7m5119[0m       const closeSide =
[7m    [0m [91m            ~~~~~~~~~[0m
[96msrc/application/services/PerpKeeperScheduler.ts[0m:[93m5119[0m:[93m13[0m - [91merror[0m[90m TS2304: 
[0mCannot find name 'closeSide'.

[7m5119[0m       const closeSide =
[7m    [0m [91m            ~~~~~~~~~[0m
[96msrc/application/services/PerpKeeperScheduler.ts[0m:[93m5120[0m:[93m9[0m - [91merror[0m[90m TS2304: 
[0mCannot find name 'position'.

[7m5120[0m         position.side === OrderSide.LONG ? OrderSide.SHORT : OrderSide.LONG;
[7m    [0m [91m        ~~~~~~~~[0m
[96msrc/application/services/PerpKeeperScheduler.ts[0m:[93m5120[0m:[93m76[0m - [91merror[0m[90m TS1005: 
[0m',' expected.

[7m5120[0m         position.side === OrderSide.LONG ? OrderSide.SHORT : OrderSide.LONG;
[7m    [0m [91m                                                                           ~[0m
[96msrc/application/services/PerpKeeperScheduler.ts[0m:[93m5122[0m:[93m11[0m - [91merror[0m[90m TS1005: 
[0m':' expected.

[7m5122[0m       this.logger.error(
[7m    [0m [91m          ~[0m
[96msrc/application/services/PerpKeeperScheduler.ts[0m:[93m5123[0m:[93m43[0m - [91merror[0m[90m TS2304: 
[0mCannot find name 'position'.

[7m5123[0m         `ƒÜ¿ Closing single-leg position ${position.symbol} (${position.side}) on 
${position.exchangeType} (Maker order @ Mark Price)...`,
[7m    [0m [91m                                          ~~~~~~~~[0m
[96msrc/application/services/PerpKeeperScheduler.ts[0m:[93m5123[0m:[93m63[0m - [91merror[0m[90m TS2304: 
[0mCannot find name 'position'.

[7m5123[0m         `ƒÜ¿ Closing single-leg position ${position.symbol} (${position.side}) on 
${position.exchangeType} (Maker order @ Mark Price)...`,
[7m    [0m [91m                                                              ~~~~~~~~[0m
[96msrc/application/services/PerpKeeperScheduler.ts[0m:[93m5123[0m:[93m84[0m - [91merror[0m[90m TS2304: 
[0mCannot find name 'position'.

[7m5123[0m         `ƒÜ¿ Closing single-leg position ${position.symbol} (${position.side}) on 
${position.exchangeType} (Maker order @ Mark Price)...`,
[7m    [0m [91m                                                                                   ~~~~~~~~[0m
[96msrc/application/services/PerpKeeperScheduler.ts[0m:[93m5124[0m:[93m8[0m - [91merror[0m[90m TS1005: 
[0m',' expected.

[7m5124[0m       );
[7m    [0m [91m       ~[0m
[96msrc/application/services/PerpKeeperScheduler.ts[0m:[93m5127[0m:[93m7[0m - [91merror[0m[90m TS18004: 
[0mNo value exists in scope for the shorthand property 'let'. Either declare one or provide an initializer.

[7m5127[0m       let markPrice: number | undefined;
[7m    [0m [91m      ~~~[0m
[96msrc/application/services/PerpKeeperScheduler.ts[0m:[93m5127[0m:[93m11[0m - [91merror[0m[90m TS1005: 
[0m',' expected.

[7m5127[0m       let markPrice: number | undefined;
[7m    [0m [91m          ~~~~~~~~~[0m
[96msrc/application/services/PerpKeeperScheduler.ts[0m:[93m5127[0m:[93m22[0m - [91merror[0m[90m TS2693: 
[0m'number' only refers to a type, but is being used as a value here.

[7m5127[0m       let markPrice: number | undefined;
[7m    [0m [91m                     ~~~~~~[0m
[96msrc/application/services/PerpKeeperScheduler.ts[0m:[93m5127[0m:[93m31[0m - [91merror[0m[90m TS18050: 
[0mThe value 'undefined' cannot be used here.

[7m5127[0m       let markPrice: number | undefined;
[7m    [0m [91m                              ~~~~~~~~~[0m
[96msrc/application/services/PerpKeeperScheduler.ts[0m:[93m5127[0m:[93m40[0m - [91merror[0m[90m TS1005: 
[0m',' expected.

[7m5127[0m       let markPrice: number | undefined;
[7m    [0m [91m                                       ~[0m
[96msrc/application/services/PerpKeeperScheduler.ts[0m:[93m5128[0m:[93m11[0m - [91merror[0m[90m TS1005: 
[0m':' expected.

[7m5128[0m       try {
[7m    [0m [91m          ~[0m
[96msrc/application/services/PerpKeeperScheduler.ts[0m:[93m5129[0m:[93m48[0m - [91merror[0m[90m TS2304: 
[0mCannot find name 'position'.

[7m5129[0m         markPrice = await adapter.getMarkPrice(position.symbol);
[7m    [0m [91m                                               ~~~~~~~~[0m
[96msrc/application/services/PerpKeeperScheduler.ts[0m:[93m5129[0m:[93m64[0m - [91merror[0m[90m TS1005: 
[0m',' expected.

[7m5129[0m         markPrice = await adapter.getMarkPrice(position.symbol);
[7m    [0m [91m                                                               ~[0m
[96msrc/application/services/PerpKeeperScheduler.ts[0m:[93m5130[0m:[93m15[0m - [91merror[0m[90m TS1005: 
[0m',' expected.

[7m5130[0m             } catch (priceError: any) {
[7m    [0m [91m              ~~~~~[0m
[96msrc/application/services/PerpKeeperScheduler.ts[0m:[93m5132[0m:[93m43[0m - [91merror[0m[90m TS2304: 
[0mCannot find name 'position'.

[7m5132[0m           `Could not get mark price for ${position.symbol} closure, using entry price: 
${priceError.message}`,
[7m    [0m [91m                                          ~~~~~~~~[0m
[96msrc/application/services/PerpKeeperScheduler.ts[0m:[93m5134[0m:[93m21[0m - [91merror[0m[90m TS2304: 
[0mCannot find name 'position'.

[7m5134[0m         markPrice = position.entryPrice;
[7m    [0m [91m                    ~~~~~~~~[0m
[96msrc/application/services/PerpKeeperScheduler.ts[0m:[93m5137[0m:[93m11[0m - [91merror[0m[90m TS1005: 
[0m',' expected.

[7m5137[0m           const closeOrder = new PerpOrderRequest(
[7m    [0m [91m          ~~~~~[0m
[96msrc/application/services/PerpKeeperScheduler.ts[0m:[93m5137[0m:[93m17[0m - [91merror[0m[90m TS1005: 
[0m':' expected.

[7m5137[0m           const closeOrder = new PerpOrderRequest(
[7m    [0m [91m                ~~~~~~~~~~[0m
[96msrc/application/services/PerpKeeperScheduler.ts[0m:[93m5137[0m:[93m17[0m - [91merror[0m[90m TS2304: 
[0mCannot find name 'closeOrder'.

[7m5137[0m           const closeOrder = new PerpOrderRequest(
[7m    [0m [91m                ~~~~~~~~~~[0m
[96msrc/application/services/PerpKeeperScheduler.ts[0m:[93m5138[0m:[93m13[0m - [91merror[0m[90m TS2304: 
[0mCannot find name 'position'.

[7m5138[0m             position.symbol,
[7m    [0m [91m            ~~~~~~~~[0m
[96msrc/application/services/PerpKeeperScheduler.ts[0m:[93m5139[0m:[93m13[0m - [91merror[0m[90m TS2304: 
[0mCannot find name 'closeSide'.

[7m5139[0m             closeSide,
[7m    [0m [91m            ~~~~~~~~~[0m
[96msrc/application/services/PerpKeeperScheduler.ts[0m:[93m5141[0m:[93m13[0m - [91merror[0m[90m TS2304: 
[0mCannot find name 'position'.

[7m5141[0m             position.size,
[7m    [0m [91m            ~~~~~~~~[0m
[96msrc/application/services/PerpKeeperScheduler.ts[0m:[93m5145[0m:[93m12[0m - [91merror[0m[90m TS1005: 
[0m',' expected.

[7m5145[0m           );
[7m    [0m [91m           ~[0m
[96msrc/application/services/PerpKeeperScheduler.ts[0m:[93m5147[0m:[93m17[0m - [91merror[0m[90m TS1005: 
[0m':' expected.

[7m5147[0m           const closeResponse = await adapter.placeOrder(closeOrder);
[7m    [0m [91m                ~~~~~~~~~~~~~[0m
[96msrc/application/services/PerpKeeperScheduler.ts[0m:[93m5147[0m:[93m17[0m - [91merror[0m[90m TS2304: 
[0mCannot find name 'closeResponse'.

[7m5147[0m           const closeResponse = await adapter.placeOrder(closeOrder);
[7m    [0m [91m                ~~~~~~~~~~~~~[0m
[96msrc/application/services/PerpKeeperScheduler.ts[0m:[93m5147[0m:[93m58[0m - [91merror[0m[90m TS2304: 
[0mCannot find name 'closeOrder'.

[7m5147[0m           const closeResponse = await adapter.placeOrder(closeOrder);
[7m    [0m [91m                                                         ~~~~~~~~~~[0m
[96msrc/application/services/PerpKeeperScheduler.ts[0m:[93m5147[0m:[93m69[0m - [91merror[0m[90m TS1005: 
[0m',' expected.

[7m5147[0m           const closeResponse = await adapter.placeOrder(closeOrder);
[7m    [0m [91m                                                                    ~[0m
[96msrc/application/services/PerpKeeperScheduler.ts[0m:[93m5150[0m:[93m15[0m - [91merror[0m[90m TS1003: 
[0mIdentifier expected.

[7m5150[0m           if (!closeResponse.isFilled() && closeResponse.orderId) {
[7m    [0m [91m              ~[0m
[96msrc/application/services/PerpKeeperScheduler.ts[0m:[93m5150[0m:[93m29[0m - [91merror[0m[90m TS1005: 
[0m',' expected.

[7m5150[0m           if (!closeResponse.isFilled() && closeResponse.orderId) {
[7m    [0m [91m                            ~[0m
[96msrc/application/services/PerpKeeperScheduler.ts[0m:[93m5150[0m:[93m44[0m - [91merror[0m[90m TS2304: 
[0mCannot find name 'closeResponse'.

[7m5150[0m           if (!closeResponse.isFilled() && closeResponse.orderId) {
[7m    [0m [91m                                           ~~~~~~~~~~~~~[0m
[96msrc/application/services/PerpKeeperScheduler.ts[0m:[93m5150[0m:[93m65[0m - [91merror[0m[90m TS1005: 
[0m',' expected.

[7m5150[0m           if (!closeResponse.isFilled() && closeResponse.orderId) {
[7m    [0m [91m                                                                ~[0m
[96msrc/application/services/PerpKeeperScheduler.ts[0m:[93m5150[0m:[93m67[0m - [91merror[0m[90m TS1136: 
[0mProperty assignment expected.

[7m5150[0m           if (!closeResponse.isFilled() && closeResponse.orderId) {
[7m    [0m [91m                                                                  ~[0m
[96msrc/application/services/PerpKeeperScheduler.ts[0m:[93m5159[0m:[93m19[0m - [91merror[0m[90m TS2304: 
[0mCannot find name 'closeResponse'.

[7m5159[0m                   closeResponse.orderId,
[7m    [0m [91m                  ~~~~~~~~~~~~~[0m
[96msrc/application/services/PerpKeeperScheduler.ts[0m:[93m5160[0m:[93m19[0m - [91merror[0m[90m TS2304: 
[0mCannot find name 'position'.

[7m5160[0m                   position.symbol,
[7m    [0m [91m                  ~~~~~~~~[0m
[96msrc/application/services/PerpKeeperScheduler.ts[0m:[93m5191[0m:[93m11[0m - [91merror[0m[90m TS2304: 
[0mCannot find name 'normalizeSymbol'.

[7m5191[0m           normalizeSymbol(p.symbol) === normalizedSymbol &&
[7m    [0m [91m          ~~~~~~~~~~~~~~~[0m
[96msrc/application/services/PerpKeeperScheduler.ts[0m:[93m5191[0m:[93m41[0m - [91merror[0m[90m TS2304: 
[0mCannot find name 'normalizedSymbol'.

[7m5191[0m           normalizeSymbol(p.symbol) === normalizedSymbol &&
[7m    [0m [91m                                        ~~~~~~~~~~~~~~~~[0m
[96msrc/application/services/PerpKeeperScheduler.ts[0m:[93m5192[0m:[93m34[0m - [91merror[0m[90m TS2304: 
[0mCannot find name 'position'.

[7m5192[0m               p.exchangeType === position.exchangeType &&
[7m    [0m [91m                                 ~~~~~~~~[0m
[96msrc/application/services/PerpKeeperScheduler.ts[0m:[93m5197[0m:[93m13[0m - [91merror[0m[90m TS2532: 
[0mObject is possibly 'undefined'.

[7m5197[0m             this.logger.log(
[7m    [0m [91m            ~~~~[0m
[96msrc/application/services/PerpKeeperScheduler.ts[0m:[93m5198[0m:[93m60[0m - [91merror[0m[90m TS2304: 
[0mCannot find name 'position'.

[7m5198[0m           `Ô£à Successfully closed single-leg position for ${position.symbol}`,
[7m    [0m [91m                                                           ~~~~~~~~[0m
[96msrc/application/services/PerpKeeperScheduler.ts[0m:[93m5201[0m:[93m9[0m - [91merror[0m[90m TS2532: 
[0mObject is possibly 'undefined'.

[7m5201[0m         this.logger.warn(
[7m    [0m [91m        ~~~~[0m
[96msrc/application/services/PerpKeeperScheduler.ts[0m:[93m5202[0m:[93m30[0m - [91merror[0m[90m TS2304: 
[0mCannot find name 'position'.

[7m5202[0m           `ÔÜá´©Å Position for ${position.symbol} still exists after limit order attempt. ` +
[7m    [0m [91m                             ~~~~~~~~[0m
[96msrc/application/services/PerpKeeperScheduler.ts[0m:[93m5206[0m:[93m5[0m - [91merror[0m[90m TS1128: 
[0mDeclaration or statement expected.

[7m5206[0m     } catch (error: any) {
[7m    [0m [91m    ~[0m
[96msrc/application/services/PerpKeeperScheduler.ts[0m:[93m5206[0m:[93m7[0m - [91merror[0m[90m TS1005: 
[0m'try' expected.

[7m5206[0m     } catch (error: any) {
[7m    [0m [91m      ~~~~~[0m
[96msrc/application/services/PerpKeeperScheduler.ts[0m:[93m5207[0m:[93m7[0m - [91merror[0m[90m TS2532: 
[0mObject is possibly 'undefined'.

[7m5207[0m       this.logger.error(
[7m    [0m [91m      ~~~~[0m
[96msrc/application/services/PerpKeeperScheduler.ts[0m:[93m5208[0m:[93m48[0m - [91merror[0m[90m TS2304: 
[0mCannot find name 'position'.

[7m5208[0m         `ÔØî Error closing single-leg position ${position.symbol} on ${position.exchangeType}: 
${error.message}`,
[7m    [0m [91m                                               ~~~~~~~~[0m
[96msrc/application/services/PerpKeeperScheduler.ts[0m:[93m5208[0m:[93m70[0m - [91merror[0m[90m TS2304: 
[0mCannot find name 'position'.

[7m5208[0m         `ÔØî Error closing single-leg position ${position.symbol} on ${position.exchangeType}: 
${error.message}`,
[7m    [0m [91m                                                                     ~~~~~~~~[0m
[96msrc/application/services/PerpKeeperScheduler.ts[0m:[93m5211[0m:[93m3[0m - [91merror[0m[90m TS1128: 
[0mDeclaration or statement expected.

[7m5211[0m   }
[7m    [0m [91m  ~[0m
[96msrc/application/services/PerpKeeperScheduler.ts[0m:[93m5216[0m:[93m3[0m - [91merror[0m[90m TS1128: 
[0mDeclaration or statement expected.

[7m5216[0m   private async closePositionWithRetry(position: PerpPosition): Promise<void> {
[7m    [0m [91m  ~~~~~~~[0m
[96msrc/application/services/PerpKeeperScheduler.ts[0m:[93m5216[0m:[93m11[0m - [91merror[0m[90m TS1434: 
[0mUnexpected keyword or identifier.

[7m5216[0m   private async closePositionWithRetry(position: PerpPosition): Promise<void> {
[7m    [0m [91m          ~~~~~[0m
[96msrc/application/services/PerpKeeperScheduler.ts[0m:[93m5216[0m:[93m11[0m - [91merror[0m[90m TS2304: 
[0mCannot find name 'async'.

[7m5216[0m   private async closePositionWithRetry(position: PerpPosition): Promise<void> {
[7m    [0m [91m          ~~~~~[0m
[96msrc/application/services/PerpKeeperScheduler.ts[0m:[93m5216[0m:[93m17[0m - [91merror[0m[90m TS2304: 
[0mCannot find name 'closePositionWithRetry'.

[7m5216[0m   private async closePositionWithRetry(position: PerpPosition): Promise<void> {
[7m    [0m [91m                ~~~~~~~~~~~~~~~~~~~~~~[0m
[96msrc/application/services/PerpKeeperScheduler.ts[0m:[93m5216[0m:[93m40[0m - [91merror[0m[90m TS2304: 
[0mCannot find name 'position'.

[7m5216[0m   private async closePositionWithRetry(position: PerpPosition): Promise<void> {
[7m    [0m [91m                                       ~~~~~~~~[0m
[96msrc/application/services/PerpKeeperScheduler.ts[0m:[93m5216[0m:[93m48[0m - [91merror[0m[90m TS1005: 
[0m',' expected.

[7m5216[0m   private async closePositionWithRetry(position: PerpPosition): Promise<void> {
[7m    [0m [91m                                               ~[0m
[96msrc/application/services/PerpKeeperScheduler.ts[0m:[93m5216[0m:[93m63[0m - [91merror[0m[90m TS1005: 
[0m';' expected.

[7m5216[0m   private async closePositionWithRetry(position: PerpPosition): Promise<void> {
[7m    [0m [91m                                                              ~[0m
[96msrc/application/services/PerpKeeperScheduler.ts[0m:[93m5216[0m:[93m65[0m - [91merror[0m[90m TS2365: 
[0mOperator '>' cannot be applied to types 'boolean' and '{ try: { const: any; if(: any, adapter: any): void; 
if(closeResponse: any): any; let: any; markPrice: number; try: { markPrice: any; }; catch(priceError: any): void; "": 
any; }; }'.

[7m5216[0m   private async closePositionWithRetry(position: PerpPosition): Promise<void> {
[7m    [0m [91m                                                                ~~~~~~~~~~~~~~~[0m
[7m5217[0m     try {
[7m    [0m [91m~~~~~~~~~[0m
[7m ...[0m 
[7m5249[0m       // Record closing costs (fees only for limit orders)
[7m    [0m [91m~~~~~~~~~~~~~~~~~~~~~~~~~~~~~~~~~~~~~~~~~~~~~~~~~~~~~~~~~~[0m
[7m5250[0m       if (closeResponse.isSuccess()) {
[7m    [0m [91m~~~~~~~~~~~~~~~~~~~~~~~~~~~~~~~~~~~~[0m
[96msrc/application/services/PerpKeeperScheduler.ts[0m:[93m5216[0m:[93m73[0m - [91merror[0m[90m TS2532: 
[0mObject is possibly 'undefined'.

[7m5216[0m   private async closePositionWithRetry(position: PerpPosition): Promise<void> {
[7m    [0m [91m                                                                        ~~~~[0m
[96msrc/application/services/PerpKeeperScheduler.ts[0m:[93m5216[0m:[93m77[0m - [91merror[0m[90m TS1109: 
[0mExpression expected.

[7m5216[0m   private async closePositionWithRetry(position: PerpPosition): Promise<void> {
[7m    [0m [91m                                                                            ~[0m
[96msrc/application/services/PerpKeeperScheduler.ts[0m:[93m5217[0m:[93m9[0m - [91merror[0m[90m TS1005: 
[0m':' expected.

[7m5217[0m     try {
[7m    [0m [91m        ~[0m
[96msrc/application/services/PerpKeeperScheduler.ts[0m:[93m5218[0m:[93m13[0m - [91merror[0m[90m TS1005: 
[0m':' expected.

[7m5218[0m       const adapter = this.keeperService.getExchangeAdapter(
[7m    [0m [91m            ~~~~~~~[0m
[96msrc/application/services/PerpKeeperScheduler.ts[0m:[93m5218[0m:[93m13[0m - [91merror[0m[90m TS2588: 
[0mCannot assign to 'adapter' because it is a constant.

[7m5218[0m       const adapter = this.keeperService.getExchangeAdapter(
[7m    [0m [91m            ~~~~~~~[0m
[96msrc/application/services/PerpKeeperScheduler.ts[0m:[93m5218[0m:[93m23[0m - [91merror[0m[90m TS2532: 
[0mObject is possibly 'undefined'.

[7m5218[0m       const adapter = this.keeperService.getExchangeAdapter(
[7m    [0m [91m                      ~~~~[0m
[96msrc/application/services/PerpKeeperScheduler.ts[0m:[93m5219[0m:[93m9[0m - [91merror[0m[90m TS2304: 
[0mCannot find name 'position'.

[7m5219[0m         position.exchangeType,
[7m    [0m [91m        ~~~~~~~~[0m
[96msrc/application/services/PerpKeeperScheduler.ts[0m:[93m5220[0m:[93m8[0m - [91merror[0m[90m TS1005: 
[0m',' expected.

[7m5220[0m       );
[7m    [0m [91m       ~[0m
[96msrc/application/services/PerpKeeperScheduler.ts[0m:[93m5221[0m:[93m11[0m - [91merror[0m[90m TS1003: 
[0mIdentifier expected.

[7m5221[0m       if (!adapter) {
[7m    [0m [91m          ~[0m
[96msrc/application/services/PerpKeeperScheduler.ts[0m:[93m5222[0m:[93m50[0m - [91merror[0m[90m TS2304: 
[0mCannot find name 'position'.

[7m5222[0m         this.logger.warn(`No adapter found for ${position.exchangeType}`);
[7m    [0m [91m                                                 ~~~~~~~~[0m
[96msrc/application/services/PerpKeeperScheduler.ts[0m:[93m5227[0m:[93m7[0m - [91merror[0m[90m TS1005: 
[0m',' expected.

[7m5227[0m       let markPrice: number | undefined;
[7m    [0m [91m      ~~~[0m
[96msrc/application/services/PerpKeeperScheduler.ts[0m:[93m5227[0m:[93m7[0m - [91merror[0m[90m TS18004: 
[0mNo value exists in scope for the shorthand property 'let'. Either declare one or provide an initializer.

[7m5227[0m       let markPrice: number | undefined;
[7m    [0m [91m      ~~~[0m
[96msrc/application/services/PerpKeeperScheduler.ts[0m:[93m5227[0m:[93m11[0m - [91merror[0m[90m TS1005: 
[0m',' expected.

[7m5227[0m       let markPrice: number | undefined;
[7m    [0m [91m          ~~~~~~~~~[0m
[96msrc/application/services/PerpKeeperScheduler.ts[0m:[93m5227[0m:[93m22[0m - [91merror[0m[90m TS2693: 
[0m'number' only refers to a type, but is being used as a value here.

[7m5227[0m       let markPrice: number | undefined;
[7m    [0m [91m                     ~~~~~~[0m
[96msrc/application/services/PerpKeeperScheduler.ts[0m:[93m5227[0m:[93m31[0m - [91merror[0m[90m TS18050: 
[0mThe value 'undefined' cannot be used here.

[7m5227[0m       let markPrice: number | undefined;
[7m    [0m [91m                              ~~~~~~~~~[0m
[96msrc/application/services/PerpKeeperScheduler.ts[0m:[93m5227[0m:[93m40[0m - [91merror[0m[90m TS1005: 
[0m',' expected.

[7m5227[0m       let markPrice: number | undefined;
[7m    [0m [91m                                       ~[0m
[96msrc/application/services/PerpKeeperScheduler.ts[0m:[93m5228[0m:[93m11[0m - [91merror[0m[90m TS1005: 
[0m':' expected.

[7m5228[0m       try {
[7m    [0m [91m          ~[0m
[96msrc/application/services/PerpKeeperScheduler.ts[0m:[93m5229[0m:[93m48[0m - [91merror[0m[90m TS2304: 
[0mCannot find name 'position'.

[7m5229[0m         markPrice = await adapter.getMarkPrice(position.symbol);
[7m    [0m [91m                                               ~~~~~~~~[0m
[96msrc/application/services/PerpKeeperScheduler.ts[0m:[93m5229[0m:[93m64[0m - [91merror[0m[90m TS1005: 
[0m',' expected.

[7m5229[0m         markPrice = await adapter.getMarkPrice(position.symbol);
[7m    [0m [91m                                                               ~[0m
[96msrc/application/services/PerpKeeperScheduler.ts[0m:[93m5230[0m:[93m9[0m - [91merror[0m[90m TS1005: 
[0m',' expected.

[7m5230[0m       } catch (priceError: any) {
[7m    [0m [91m        ~~~~~[0m
[96msrc/application/services/PerpKeeperScheduler.ts[0m:[93m5232[0m:[93m43[0m - [91merror[0m[90m TS2304: 
[0mCannot find name 'position'.

[7m5232[0m           `Could not get mark price for ${position.symbol} closure, using fallback: 
${priceError.message}`,
[7m    [0m [91m                                          ~~~~~~~~[0m
[96msrc/application/services/PerpKeeperScheduler.ts[0m:[93m5234[0m:[93m21[0m - [91merror[0m[90m TS2304: 
[0mCannot find name 'position'.

[7m5234[0m         markPrice = position.markPrice;
[7m    [0m [91m                    ~~~~~~~~[0m
[96msrc/application/services/PerpKeeperScheduler.ts[0m:[93m5237[0m:[93m7[0m - [91merror[0m[90m TS1005: 
[0m',' expected.

[7m5237[0m       const closeOrder = new PerpOrderRequest(
[7m    [0m [91m      ~~~~~[0m
[96msrc/application/services/PerpKeeperScheduler.ts[0m:[93m5237[0m:[93m13[0m - [91merror[0m[90m TS1005: 
[0m':' expected.

[7m5237[0m       const closeOrder = new PerpOrderRequest(
[7m    [0m [91m            ~~~~~~~~~~[0m
[96msrc/application/services/PerpKeeperScheduler.ts[0m:[93m5237[0m:[93m13[0m - [91merror[0m[90m TS2304: 
[0mCannot find name 'closeOrder'.

[7m5237[0m       const closeOrder = new PerpOrderRequest(
[7m    [0m [91m            ~~~~~~~~~~[0m
[96msrc/application/services/PerpKeeperScheduler.ts[0m:[93m5238[0m:[93m9[0m - [91merror[0m[90m TS2304: 
[0mCannot find name 'position'.

[7m5238[0m         position.symbol,
[7m    [0m [91m        ~~~~~~~~[0m
[96msrc/application/services/PerpKeeperScheduler.ts[0m:[93m5239[0m:[93m9[0m - [91merror[0m[90m TS2304: 
[0mCannot find name 'position'.

[7m5239[0m         position.side === OrderSide.LONG ? OrderSide.SHORT : OrderSide.LONG,
[7m    [0m [91m        ~~~~~~~~[0m
[96msrc/application/services/PerpKeeperScheduler.ts[0m:[93m5241[0m:[93m9[0m - [91merror[0m[90m TS2304: 
[0mCannot find name 'position'.

[7m5241[0m         position.size,
[7m    [0m [91m        ~~~~~~~~[0m
[96msrc/application/services/PerpKeeperScheduler.ts[0m:[93m5245[0m:[93m8[0m - [91merror[0m[90m TS1005: 
[0m',' expected.

[7m5245[0m       );
[7m    [0m [91m       ~[0m
[96msrc/application/services/PerpKeeperScheduler.ts[0m:[93m5247[0m:[93m13[0m - [91merror[0m[90m TS1005: 
[0m':' expected.

[7m5247[0m       const closeResponse = await adapter.placeOrder(closeOrder);
[7m    [0m [91m            ~~~~~~~~~~~~~[0m
[96msrc/application/services/PerpKeeperScheduler.ts[0m:[93m5247[0m:[93m13[0m - [91merror[0m[90m TS2304: 
[0mCannot find name 'closeResponse'.

[7m5247[0m       const closeResponse = await adapter.placeOrder(closeOrder);
[7m    [0m [91m            ~~~~~~~~~~~~~[0m
[96msrc/application/services/PerpKeeperScheduler.ts[0m:[93m5247[0m:[93m54[0m - [91merror[0m[90m TS2304: 
[0mCannot find name 'closeOrder'.

[7m5247[0m       const closeResponse = await adapter.placeOrder(closeOrder);
[7m    [0m [91m                                                     ~~~~~~~~~~[0m
[96msrc/application/services/PerpKeeperScheduler.ts[0m:[93m5247[0m:[93m65[0m - [91merror[0m[90m TS1005: 
[0m',' expected.

[7m5247[0m       const closeResponse = await adapter.placeOrder(closeOrder);
[7m    [0m [91m                                                                ~[0m
[96msrc/application/services/PerpKeeperScheduler.ts[0m:[93m5250[0m:[93m24[0m - [91merror[0m[90m TS1005: 
[0m',' expected.

[7m5250[0m       if (closeResponse.isSuccess()) {
[7m    [0m [91m                       ~[0m
[96msrc/application/services/PerpKeeperScheduler.ts[0m:[93m5250[0m:[93m36[0m - [91merror[0m[90m TS1005: 
[0m',' expected.

[7m5250[0m       if (closeResponse.isSuccess()) {
[7m    [0m [91m                                   ~[0m
[96msrc/application/services/PerpKeeperScheduler.ts[0m:[93m5250[0m:[93m38[0m - [91merror[0m[90m TS1136: 
[0mProperty assignment expected.

[7m5250[0m       if (closeResponse.isSuccess()) {
[7m    [0m [91m                                     ~[0m
[96msrc/application/services/PerpKeeperScheduler.ts[0m:[93m5251[0m:[93m31[0m - [91merror[0m[90m TS2304: 
[0mCannot find name 'position'.

[7m5251[0m         const positionValue = position.size * (markPrice || position.markPrice || 0);
[7m    [0m [91m                              ~~~~~~~~[0m
[96msrc/application/services/PerpKeeperScheduler.ts[0m:[93m5251[0m:[93m61[0m - [91merror[0m[90m TS2304: 
[0mCannot find name 'position'.

[7m5251[0m         const positionValue = position.size * (markPrice || position.markPrice || 0);
[7m    [0m [91m                                                            ~~~~~~~~[0m
[96msrc/application/services/PerpKeeperScheduler.ts[0m:[93m5253[0m:[93m30[0m - [91merror[0m[90m TS2304: 
[0mCannot find name 'position'.

[7m5253[0m         const exchangeType = position.exchangeType;
[7m    [0m [91m                             ~~~~~~~~[0m
[96msrc/application/services/PerpKeeperScheduler.ts[0m:[93m5254[0m:[93m30[0m - [91merror[0m[90m TS2532: 
[0mObject is possibly 'undefined'.

[7m5254[0m         const makerFeeRate = this.strategyConfig.exchangeFeeRates.get(exchangeType) || 0.0001;
[7m    [0m [91m                             ~~~~[0m
[96msrc/application/services/PerpKeeperScheduler.ts[0m:[93m5258[0m:[93m9[0m - [91merror[0m[90m TS2532: 
[0mObject is possibly 'undefined'.

[7m5258[0m         this.performanceLogger.recordTradingCosts(estimatedFees);
[7m    [0m [91m        ~~~~[0m
[96msrc/application/services/PerpKeeperScheduler.ts[0m:[93m5259[0m:[93m9[0m - [91merror[0m[90m TS2532: 
[0mObject is possibly 'undefined'.

[7m5259[0m         this.logger.debug(
[7m    [0m [91m        ~~~~[0m
[96msrc/application/services/PerpKeeperScheduler.ts[0m:[93m5260[0m:[93m53[0m - [91merror[0m[90m TS2304: 
[0mCannot find name 'position'.

[7m5260[0m           `Recorded closing costs for maker order ${position.symbol} on ${exchangeType}: ` +
[7m    [0m [91m                                                    ~~~~~~~~[0m
[96msrc/application/services/PerpKeeperScheduler.ts[0m:[93m5266[0m:[93m12[0m - [91merror[0m[90m TS2304: 
[0mCannot find name 'closeResponse'.

[7m5266[0m       if (!closeResponse.isFilled() && closeResponse.orderId) {
[7m    [0m [91m           ~~~~~~~~~~~~~[0m
[96msrc/application/services/PerpKeeperScheduler.ts[0m:[93m5266[0m:[93m40[0m - [91merror[0m[90m TS2304: 
[0mCannot find name 'closeResponse'.

[7m5266[0m       if (!closeResponse.isFilled() && closeResponse.orderId) {
[7m    [0m [91m                                       ~~~~~~~~~~~~~[0m
Found 1596 error(s).

[96msrc/application/services/PerpKeeperScheduler.ts[0m:[93m5277[0m:[93m15[0m - [91merror[0m[90m TS2304: 
[0mCannot find name 'closeResponse'.

[7m5277[0m               closeResponse.orderId,
[7m    [0m [91m              ~~~~~~~~~~~~~[0m
[96msrc/application/services/PerpKeeperScheduler.ts[0m:[93m5278[0m:[93m15[0m - [91merror[0m[90m TS2304: 
[0mCannot find name 'position'.

[7m5278[0m               position.symbol,
[7m    [0m [91m              ~~~~~~~~[0m
[96msrc/application/services/PerpKeeperScheduler.ts[0m:[93m5296[0m:[93m5[0m - [91merror[0m[90m TS1128: 
[0mDeclaration or statement expected.

[7m5296[0m     } catch (error: any) {
[7m    [0m [91m    ~[0m
[96msrc/application/services/PerpKeeperScheduler.ts[0m:[93m5296[0m:[93m7[0m - [91merror[0m[90m TS1005: 
[0m'try' expected.

[7m5296[0m     } catch (error: any) {
[7m    [0m [91m      ~~~~~[0m
[96msrc/application/services/PerpKeeperScheduler.ts[0m:[93m5297[0m:[93m7[0m - [91merror[0m[90m TS2532: 
[0mObject is possibly 'undefined'.

[7m5297[0m       this.logger.error(
[7m    [0m [91m      ~~~~[0m
[96msrc/application/services/PerpKeeperScheduler.ts[0m:[93m5298[0m:[93m35[0m - [91merror[0m[90m TS2304: 
[0mCannot find name 'position'.

[7m5298[0m         `Error closing position ${position.symbol} on ${position.exchangeType}: ${error.message}`,
[7m    [0m [91m                                  ~~~~~~~~[0m
[96msrc/application/services/PerpKeeperScheduler.ts[0m:[93m5298[0m:[93m57[0m - [91merror[0m[90m TS2304: 
[0mCannot find name 'position'.

[7m5298[0m         `Error closing position ${position.symbol} on ${position.exchangeType}: ${error.message}`,
[7m    [0m [91m                                                        ~~~~~~~~[0m
[96msrc/application/services/PerpKeeperScheduler.ts[0m:[93m5301[0m:[93m3[0m - [91merror[0m[90m TS1128: 
[0mDeclaration or statement expected.

[7m5301[0m   }
[7m    [0m [91m  ~[0m
[96msrc/application/services/PerpKeeperScheduler.ts[0m:[93m5302[0m:[93m1[0m - [91merror[0m[90m TS1128: 
[0mDeclaration or statement expected.

[7m5302[0m }
[7m    [0m [91m~[0m

